Initialized native services in: /Users/hasanraza/.gradle/native
Initialized jansi services in: /Users/hasanraza/.gradle/native
The client will now receive all logging from the daemon (pid: 4962). The daemon log file: /Users/hasanraza/.gradle/daemon/9.3.1/daemon-4962.out.log
Starting 83rd build in daemon [uptime: 9 hrs 19 mins 39.02 secs, performance: 97%, GC rate: 0.00/s, heap usage: 1% of 8 GiB]
Using 8 worker leases.
Operational build model parameters: {requiresToolingModels=false, parallelProjectExecution=true, configureOnDemand=false, configurationCache=true, configurationCacheParallelStore=false, configurationCacheParallelLoad=true, isolatedProjects=false, parallelProjectConfiguration=false, intermediateModelCache=false, parallelToolingApiActions=true, invalidateCoupledProjects=false, modelAsProjectDependency=false, resilientModelBuilding=false}
Encryption key source: default Gradle keystore (pkcs12)
Now considering [/Users/hasanraza/Desktop/kotatsu/Nyora/nyora-android] as hierarchies to watch
Reusing configuration cache.
Now considering [/Users/hasanraza/Desktop/kotatsu/Nyora/nyora-android] as hierarchies to watch
Watching the file system is configured to be enabled if available
File system watching is active
Using local directory build cache for the root build (location = /Users/hasanraza/.gradle/caches/build-cache-1, remove unused entries = after 7 days).
Tasks to be executed: [task ':app:preBuild', task ':app:preDebugBuild', task ':app:mergeDebugNativeDebugMetadata', task ':translator:checkKotlinGradlePluginConfigurationErrors', task ':translator:compileKotlin', task ':translator:compileJava', task ':translator:processResources', task ':translator:classes', task ':translator:jar', task ':app:checkKotlinGradlePluginConfigurationErrors', task ':app:dataBindingMergeDependencyArtifactsDebug', task ':app:generateDebugResValues', task ':app:generateDebugResources', task ':app:mergeDebugResources', task ':app:packageDebugResources', task ':app:processDebugNavigationResources', task ':app:parseDebugLocalResources', task ':app:dataBindingGenBaseClassesDebug', task ':app:generateDebugBuildConfig', task ':app:checkDebugAarMetadata', task ':app:mapDebugSourceSetPaths', task ':app:compileDebugNavigationResources', task ':app:createDebugCompatibleScreenManifests', task ':app:extractDeepLinksDebug', task ':app:processDebugMainManifest', task ':app:processDebugManifest', task ':app:processDebugManifestForPackage', task ':app:processDebugResources', task ':app:kspDebugKotlin', task ':app:compileDebugKotlin', task ':app:javaPreCompileDebug', task ':app:compileDebugJavaWithJavac', task ':app:copyRoomSchemas', task ':app:generateDebugAssets', task ':app:mergeDebugAssets', task ':app:injectSentryDebugMetaPropertiesIntoAssetsDebug', task ':app:compressDebugAssets', task ':app:l8DexDesugarLibDebug', task ':app:desugarDebugFileDependencies', task ':app:hiltAggregateDepsDebug', task ':app:hiltJavaCompileDebug', task ':app:transformDebugClassesWithAsm', task ':app:dexBuilderDebug', task ':app:mergeDebugGlobalSynthetics', task ':app:processDebugJavaRes', task ':app:mergeDebugJavaResource', task ':app:checkDebugDuplicateClasses', task ':app:mergeExtDexDebug', task ':app:mergeLibDexDebug', task ':app:mergeProjectDexDebug', task ':app:mergeDebugJniLibFolders', task ':app:mergeDebugNativeLibs', task ':app:stripDebugDebugSymbols', task ':app:validateSigningDebug', task ':app:writeDebugAppMetadata', task ':app:writeDebugSigningConfigVersions', task ':app:packageDebug', task ':app:createDebugApkListingFileRedirect', task ':app:assembleDebug']
Tasks that were excluded: []
Resolve mutations for :app:preBuild (Thread[#4563,Execution worker,5,main]) started.
Resolve mutations for :translator:checkKotlinGradlePluginConfigurationErrors (Thread[#4564,Execution worker Thread 2,5,main]) started.
Resolve mutations for :translator:processResources (Thread[#4565,Execution worker Thread 3,5,main]) started.
:translator:checkKotlinGradlePluginConfigurationErrors (Thread[#4564,Execution worker Thread 2,5,main]) started.
:app:preBuild (Thread[#4563,Execution worker,5,main]) started.
work action Unknown value (Thread[#4566,Execution worker Thread 4,5,main]) started.
:translator:processResources (Thread[#4565,Execution worker Thread 3,5,main]) started.
Resolve mutations for :app:checkKotlinGradlePluginConfigurationErrors (Thread[#4566,Execution worker Thread 4,5,main]) started.
Resolve mutations for :app:generateDebugAssets (Thread[#4567,Execution worker Thread 5,5,main]) started.
:app:checkKotlinGradlePluginConfigurationErrors (Thread[#4566,Execution worker Thread 4,5,main]) started.
:app:generateDebugAssets (Thread[#4567,Execution worker Thread 5,5,main]) started.
work action Unknown value (Thread[#4569,Execution worker Thread 6,5,main]) started.
work action Unknown value (Thread[#4562,included builds,5,main]) started.
work action Unknown value (Thread[#4569,Execution worker Thread 6,5,main]) started.
work action Unknown value (Thread[#4570,Execution worker Thread 7,5,main]) started.
work action Unknown value (Thread[#4570,Execution worker Thread 7,5,main]) started.
work action Unknown value (Thread[#4570,Execution worker Thread 7,5,main]) started.
work action Unknown value (Thread[#4570,Execution worker Thread 7,5,main]) started.
work action Unknown value (Thread[#4569,Execution worker Thread 6,5,main]) started.

> Task :translator:checkKotlinGradlePluginConfigurationErrors SKIPPED
Skipping task ':translator:checkKotlinGradlePluginConfigurationErrors' as task onlyIf 'errorDiagnostics are present' is false.
Resolve mutations for :translator:compileKotlin (Thread[#4564,Execution worker Thread 2,5,main]) started.
:translator:compileKotlin (Thread[#4564,Execution worker Thread 2,5,main]) started.

> Task :app:generateDebugAssets UP-TO-DATE
Skipping task ':app:generateDebugAssets' as it has no actions.
Build b75dc078-795d-418a-94d6-8b57c8e27b42 is started

> Task :app:checkKotlinGradlePluginConfigurationErrors SKIPPED
Skipping task ':app:checkKotlinGradlePluginConfigurationErrors' as task onlyIf 'errorDiagnostics are present' is false.

> Task :app:preBuild UP-TO-DATE
Skipping task ':app:preBuild' as it has no actions.
Resolve mutations for :app:preDebugBuild (Thread[#4563,Execution worker,5,main]) started.
:app:preDebugBuild (Thread[#4563,Execution worker,5,main]) started.

> Task :app:preDebugBuild UP-TO-DATE
Skipping task ':app:preDebugBuild' as it has no actions.

> Task :translator:processResources NO-SOURCE
Skipping task ':translator:processResources' as it has no source files and no previous output files.
Resolve mutations for :app:createDebugCompatibleScreenManifests (Thread[#4565,Execution worker Thread 3,5,main]) started.
:app:createDebugCompatibleScreenManifests (Thread[#4565,Execution worker Thread 3,5,main]) started.
Resolve mutations for :app:checkDebugAarMetadata (Thread[#4567,Execution worker Thread 5,5,main]) started.
:app:checkDebugAarMetadata (Thread[#4567,Execution worker Thread 5,5,main]) started.
Resolve mutations for :app:generateDebugBuildConfig (Thread[#4569,Execution worker Thread 6,5,main]) started.
:app:generateDebugBuildConfig (Thread[#4569,Execution worker Thread 6,5,main]) started.

> Task :app:generateDebugBuildConfig UP-TO-DATE
Build cache key for task ':app:generateDebugBuildConfig' is 57a66d9863382027774a766675a86a2d
Skipping task ':app:generateDebugBuildConfig' as it is up-to-date.
Resolve mutations for :app:javaPreCompileDebug (Thread[#4569,Execution worker Thread 6,5,main]) started.
:app:javaPreCompileDebug (Thread[#4569,Execution worker Thread 6,5,main]) started.
Resolve mutations for :app:processDebugNavigationResources (Thread[#4566,Execution worker Thread 4,5,main]) started.
:app:processDebugNavigationResources (Thread[#4566,Execution worker Thread 4,5,main]) started.
Resolve mutations for :app:generateDebugResValues (Thread[#4562,included builds,5,main]) started.
:app:generateDebugResValues (Thread[#4562,included builds,5,main]) started.
Resolve mutations for :app:dataBindingMergeDependencyArtifactsDebug (Thread[#4570,Execution worker Thread 7,5,main]) started.
Resolve mutations for :app:mergeDebugNativeDebugMetadata (Thread[#4563,Execution worker,5,main]) started.

> Task :app:javaPreCompileDebug UP-TO-DATE
Build cache key for task ':app:javaPreCompileDebug' is 1f0963ebdb050212cc43367692bf458d
Skipping task ':app:javaPreCompileDebug' as it is up-to-date.

> Task :app:createDebugCompatibleScreenManifests UP-TO-DATE
Caching disabled for task ':app:createDebugCompatibleScreenManifests' because:
  Caching has been disabled for the task
Skipping task ':app:createDebugCompatibleScreenManifests' as it is up-to-date.
Resolve mutations for :app:l8DexDesugarLibDebug (Thread[#4565,Execution worker Thread 3,5,main]) started.
:app:dataBindingMergeDependencyArtifactsDebug (Thread[#4570,Execution worker Thread 7,5,main]) started.
Resolve mutations for :app:mergeDebugAssets (Thread[#4569,Execution worker Thread 6,5,main]) started.
:app:mergeDebugNativeDebugMetadata (Thread[#4563,Execution worker,5,main]) started.

> Task :app:generateDebugResValues UP-TO-DATE
Build cache key for task ':app:generateDebugResValues' is fff83cdb6b4b86eb6950174b4f567c9c
Skipping task ':app:generateDebugResValues' as it is up-to-date.
Resolve mutations for :app:generateDebugResources (Thread[#4562,included builds,5,main]) started.
:app:generateDebugResources (Thread[#4562,included builds,5,main]) started.
Resolve mutations for :app:mapDebugSourceSetPaths (Thread[#4569,Execution worker Thread 6,5,main]) started.
:app:mapDebugSourceSetPaths (Thread[#4569,Execution worker Thread 6,5,main]) started.

> Task :app:mapDebugSourceSetPaths UP-TO-DATE
Caching disabled for task ':app:mapDebugSourceSetPaths' because:
  Caching has been disabled for the task
Skipping task ':app:mapDebugSourceSetPaths' as it is up-to-date.
Resolve mutations for :app:extractDeepLinksDebug (Thread[#4569,Execution worker Thread 6,5,main]) started.
:app:extractDeepLinksDebug (Thread[#4569,Execution worker Thread 6,5,main]) started.
:app:l8DexDesugarLibDebug (Thread[#4565,Execution worker Thread 3,5,main]) started.

> Task :app:mergeDebugNativeDebugMetadata NO-SOURCE
Skipping task ':app:mergeDebugNativeDebugMetadata' as it has no source files and no previous output files.
:app:mergeDebugAssets (Thread[#4563,Execution worker,5,main]) started.

> Task :app:extractDeepLinksDebug UP-TO-DATE
Build cache key for task ':app:extractDeepLinksDebug' is c78ad041c0ff374ac2bd2f02ba33a638
Skipping task ':app:extractDeepLinksDebug' as it is up-to-date.
Resolve mutations for :app:processDebugMainManifest (Thread[#4569,Execution worker Thread 6,5,main]) started.
:app:processDebugMainManifest (Thread[#4569,Execution worker Thread 6,5,main]) started.

> Task :app:generateDebugResources UP-TO-DATE
Build cache key for task ':app:generateDebugResources' is 7bd45e803f64f4e42a4e85db82444abe
Skipping task ':app:generateDebugResources' as it is up-to-date.
Resolve mutations for :app:mergeDebugResources (Thread[#4562,included builds,5,main]) started.
:app:mergeDebugResources (Thread[#4562,included builds,5,main]) started.

> Task :translator:compileKotlin UP-TO-DATE
Build cache key for task ':translator:compileKotlin' is f4ac5c6428a205ead0a1802bd31cf911
Skipping task ':translator:compileKotlin' as it is up-to-date.
Resolve mutations for :translator:compileJava (Thread[#4564,Execution worker Thread 2,5,main]) started.

> Task :app:l8DexDesugarLibDebug UP-TO-DATE
Build cache key for task ':app:l8DexDesugarLibDebug' is ecfc57987b80aa2807db1be691b8c7de
Skipping task ':app:l8DexDesugarLibDebug' as it is up-to-date.
Resolve mutations for :app:packageDebugResources (Thread[#4565,Execution worker Thread 3,5,main]) started.
:app:packageDebugResources (Thread[#4565,Execution worker Thread 3,5,main]) started.
:translator:compileJava (Thread[#4564,Execution worker Thread 2,5,main]) started.

> Task :app:processDebugNavigationResources UP-TO-DATE
Build cache key for task ':app:processDebugNavigationResources' is 6bb674e523f44966468a56f7726684f4
Skipping task ':app:processDebugNavigationResources' as it is up-to-date.
Resolve mutations for :app:compileDebugNavigationResources (Thread[#4566,Execution worker Thread 4,5,main]) started.
:app:compileDebugNavigationResources (Thread[#4566,Execution worker Thread 4,5,main]) started.

> Task :translator:compileJava NO-SOURCE
Skipping task ':translator:compileJava' as it has no source files and no previous output files.
Resolve mutations for :translator:classes (Thread[#4564,Execution worker Thread 2,5,main]) started.
:translator:classes (Thread[#4564,Execution worker Thread 2,5,main]) started.

> Task :translator:classes UP-TO-DATE
Skipping task ':translator:classes' as it has no actions.
Resolve mutations for :translator:jar (Thread[#4564,Execution worker Thread 2,5,main]) started.
:translator:jar (Thread[#4564,Execution worker Thread 2,5,main]) started.

> Task :app:checkDebugAarMetadata UP-TO-DATE
Caching disabled for task ':app:checkDebugAarMetadata' because:
  Caching has been disabled for the task
Skipping task ':app:checkDebugAarMetadata' as it is up-to-date.
Resolve mutations for :app:desugarDebugFileDependencies (Thread[#4567,Execution worker Thread 5,5,main]) started.

> Task :app:compileDebugNavigationResources UP-TO-DATE
Build cache key for task ':app:compileDebugNavigationResources' is de15c6b7ffc60db36df5a7944e871024
Skipping task ':app:compileDebugNavigationResources' as it is up-to-date.
:app:desugarDebugFileDependencies (Thread[#4567,Execution worker Thread 5,5,main]) started.
Resolve mutations for :app:checkDebugDuplicateClasses (Thread[#4566,Execution worker Thread 4,5,main]) started.
:app:checkDebugDuplicateClasses (Thread[#4566,Execution worker Thread 4,5,main]) started.

> Task :translator:jar UP-TO-DATE
Caching disabled for task ':translator:jar' because:
  Not worth caching
Skipping task ':translator:jar' as it is up-to-date.

> Task :app:packageDebugResources UP-TO-DATE
Build cache key for task ':app:packageDebugResources' is 51e298565d71d391d3f86c42bd1ff158
Skipping task ':app:packageDebugResources' as it is up-to-date.
Resolve mutations for :app:parseDebugLocalResources (Thread[#4565,Execution worker Thread 3,5,main]) started.
:app:parseDebugLocalResources (Thread[#4565,Execution worker Thread 3,5,main]) started.
work action resolve translator-1.1.1.jar (project :translator) (Thread[#4564,Execution worker Thread 2,5,main]) started.
IdentityTransform (Thread[#4564,Execution worker Thread 2,5,main]) started.
IdentityTransform (Thread[#4564,Execution worker Thread 2,5,main]) started.
DexingWithClasspathTransform (Thread[#4564,Execution worker Thread 2,5,main]) started.

> Task :app:parseDebugLocalResources UP-TO-DATE
Build cache key for task ':app:parseDebugLocalResources' is 7ce4abe04534ddde2339d4730b5b588e
Skipping task ':app:parseDebugLocalResources' as it is up-to-date.
CopyTransform (Thread[#4565,Execution worker Thread 3,5,main]) started.
AggregatedPackagesTransform (Thread[#4565,Execution worker Thread 3,5,main]) started.
IdentityTransform (Thread[#4565,Execution worker Thread 3,5,main]) started.
ExtractJniTransform (Thread[#4565,Execution worker Thread 3,5,main]) started.
Resolve mutations for :app:mergeDebugJniLibFolders (Thread[#4565,Execution worker Thread 3,5,main]) started.
:app:mergeDebugJniLibFolders (Thread[#4565,Execution worker Thread 3,5,main]) started.

> Task :app:mergeDebugResources UP-TO-DATE
Build cache key for task ':app:mergeDebugResources' is 6a21a13b49749395db09f10bb2752835
Skipping task ':app:mergeDebugResources' as it is up-to-date.
Resolve mutations for :app:validateSigningDebug (Thread[#4562,included builds,5,main]) started.
:app:validateSigningDebug (Thread[#4562,included builds,5,main]) started.

> Task :app:mergeDebugJniLibFolders UP-TO-DATE
Caching disabled for task ':app:mergeDebugJniLibFolders' because:
  Simple merging task
Skipping task ':app:mergeDebugJniLibFolders' as it is up-to-date.
Resolve mutations for :app:mergeDebugNativeLibs (Thread[#4565,Execution worker Thread 3,5,main]) started.
:app:mergeDebugNativeLibs (Thread[#4565,Execution worker Thread 3,5,main]) started.

> Task :app:validateSigningDebug UP-TO-DATE
Caching disabled for task ':app:validateSigningDebug' because:
  Caching has been disabled for the task
Skipping task ':app:validateSigningDebug' as it is up-to-date.
Resolve mutations for :app:writeDebugAppMetadata (Thread[#4562,included builds,5,main]) started.
:app:writeDebugAppMetadata (Thread[#4562,included builds,5,main]) started.

> Transform translator-1.1.1.jar (project :translator) with DexingWithClasspathTransform
Build cache key for DexingWithClasspathTransform: /Users/hasanraza/Desktop/kotatsu/translator/build/libs/translator-1.1.1.jar is 77d519de744cc8d7c7ea00183ff6b1c9
Skipping DexingWithClasspathTransform: /Users/hasanraza/Desktop/kotatsu/translator/build/libs/translator-1.1.1.jar as it is up-to-date.
DexingOutputSplitTransform (Thread[#4564,Execution worker Thread 2,5,main]) started.
DexingOutputSplitTransform (Thread[#4564,Execution worker Thread 2,5,main]) started.
Resolve mutations for :app:writeDebugSigningConfigVersions (Thread[#4564,Execution worker Thread 2,5,main]) started.

> Task :app:writeDebugAppMetadata UP-TO-DATE
Caching disabled for task ':app:writeDebugAppMetadata' because:
  Caching has been disabled for the task
Skipping task ':app:writeDebugAppMetadata' as it is up-to-date.
:app:writeDebugSigningConfigVersions (Thread[#4564,Execution worker Thread 2,5,main]) started.

> Task :app:writeDebugSigningConfigVersions UP-TO-DATE
Caching disabled for task ':app:writeDebugSigningConfigVersions' because:
  Caching has been disabled for the task
Skipping task ':app:writeDebugSigningConfigVersions' as it is up-to-date.

> Task :app:mergeDebugAssets UP-TO-DATE
Caching disabled for task ':app:mergeDebugAssets' because:
  Simple merging task
Skipping task ':app:mergeDebugAssets' as it is up-to-date.
Resolve mutations for :app:injectSentryDebugMetaPropertiesIntoAssetsDebug (Thread[#4563,Execution worker,5,main]) started.
:app:injectSentryDebugMetaPropertiesIntoAssetsDebug (Thread[#4563,Execution worker,5,main]) started.

> Task :app:dataBindingMergeDependencyArtifactsDebug UP-TO-DATE
Caching disabled for task ':app:dataBindingMergeDependencyArtifactsDebug' because:
  Caching has been disabled for the task
Skipping task ':app:dataBindingMergeDependencyArtifactsDebug' as it is up-to-date.
Resolve mutations for :app:dataBindingGenBaseClassesDebug (Thread[#4570,Execution worker Thread 7,5,main]) started.
:app:dataBindingGenBaseClassesDebug (Thread[#4570,Execution worker Thread 7,5,main]) started.

> Task :app:injectSentryDebugMetaPropertiesIntoAssetsDebug UP-TO-DATE
Build cache key for task ':app:injectSentryDebugMetaPropertiesIntoAssetsDebug' is 91bb3a12be142590505a714dab1d6d05
Skipping task ':app:injectSentryDebugMetaPropertiesIntoAssetsDebug' as it is up-to-date.
Resolve mutations for :app:compressDebugAssets (Thread[#4563,Execution worker,5,main]) started.
:app:compressDebugAssets (Thread[#4563,Execution worker,5,main]) started.

> Task :app:compressDebugAssets UP-TO-DATE
Build cache key for task ':app:compressDebugAssets' is fdac694baf192a73445b37a3341dce3c
Skipping task ':app:compressDebugAssets' as it is up-to-date.

> Task :app:checkDebugDuplicateClasses UP-TO-DATE
Caching disabled for task ':app:checkDebugDuplicateClasses' because:
  Caching has been disabled for the task
Skipping task ':app:checkDebugDuplicateClasses' as it is up-to-date.
Resolve mutations for :app:mergeLibDexDebug (Thread[#4566,Execution worker Thread 4,5,main]) started.
:app:mergeLibDexDebug (Thread[#4566,Execution worker Thread 4,5,main]) started.

> Task :app:mergeLibDexDebug UP-TO-DATE
Build cache key for task ':app:mergeLibDexDebug' is 10aedce73880d5ea61607e34d88524f5
Skipping task ':app:mergeLibDexDebug' as it is up-to-date.

> Task :app:desugarDebugFileDependencies UP-TO-DATE
Build cache key for task ':app:desugarDebugFileDependencies' is f804ee2d47e4270a8810b45d22a6ef05
Skipping task ':app:desugarDebugFileDependencies' as it is up-to-date.
Resolve mutations for :app:mergeExtDexDebug (Thread[#4567,Execution worker Thread 5,5,main]) started.
:app:mergeExtDexDebug (Thread[#4567,Execution worker Thread 5,5,main]) started.

> Task :app:mergeDebugNativeLibs UP-TO-DATE
Caching disabled for task ':app:mergeDebugNativeLibs' because:
  Caching has been disabled for the task
Skipping task ':app:mergeDebugNativeLibs' as it is up-to-date.
Resolve mutations for :app:stripDebugDebugSymbols (Thread[#4565,Execution worker Thread 3,5,main]) started.
:app:stripDebugDebugSymbols (Thread[#4565,Execution worker Thread 3,5,main]) started.

> Task :app:stripDebugDebugSymbols UP-TO-DATE
Caching disabled for task ':app:stripDebugDebugSymbols' because:
  Caching has been disabled for the task
Skipping task ':app:stripDebugDebugSymbols' as it is up-to-date.

> Task :app:processDebugMainManifest UP-TO-DATE
Build cache key for task ':app:processDebugMainManifest' is 2d2911fe7e6a0f91bd0dfc254d51bfa8
Skipping task ':app:processDebugMainManifest' as it is up-to-date.
Resolve mutations for :app:processDebugManifest (Thread[#4569,Execution worker Thread 6,5,main]) started.
:app:processDebugManifest (Thread[#4569,Execution worker Thread 6,5,main]) started.

> Task :app:processDebugManifest UP-TO-DATE
Build cache key for task ':app:processDebugManifest' is 4bf166d172ab9080ffa28106cf1130df
Skipping task ':app:processDebugManifest' as it is up-to-date.
Resolve mutations for :app:processDebugManifestForPackage (Thread[#4569,Execution worker Thread 6,5,main]) started.
:app:processDebugManifestForPackage (Thread[#4569,Execution worker Thread 6,5,main]) started.

> Task :app:processDebugManifestForPackage UP-TO-DATE
Build cache key for task ':app:processDebugManifestForPackage' is 41712da707c3953ed7950a54a5d09e04
Skipping task ':app:processDebugManifestForPackage' as it is up-to-date.
Resolve mutations for :app:processDebugResources (Thread[#4569,Execution worker Thread 6,5,main]) started.
:app:processDebugResources (Thread[#4569,Execution worker Thread 6,5,main]) started.

> Task :app:dataBindingGenBaseClassesDebug UP-TO-DATE
Build cache key for task ':app:dataBindingGenBaseClassesDebug' is 27028d7c56e39103242d4187fa7afc73
Skipping task ':app:dataBindingGenBaseClassesDebug' as it is up-to-date.

> Task :app:processDebugResources UP-TO-DATE
Build cache key for task ':app:processDebugResources' is fad5d883d10cd52f38d531c60c707ffd
Skipping task ':app:processDebugResources' as it is up-to-date.
Resolve mutations for :app:kspDebugKotlin (Thread[#4569,Execution worker Thread 6,5,main]) started.
:app:kspDebugKotlin (Thread[#4569,Execution worker Thread 6,5,main]) started.

> Task :app:mergeExtDexDebug UP-TO-DATE
Build cache key for task ':app:mergeExtDexDebug' is c0b8f79d03e69e304320af8c9fb0ef73
Skipping task ':app:mergeExtDexDebug' as it is up-to-date.

> Task :app:kspDebugKotlin UP-TO-DATE
Build cache key for task ':app:kspDebugKotlin' is aa138d4f298ad5cdf3c69637fcb60bc0
Skipping task ':app:kspDebugKotlin' as it is up-to-date.
Resolve mutations for :app:compileDebugKotlin (Thread[#4569,Execution worker Thread 6,5,main]) started.
:app:compileDebugKotlin (Thread[#4569,Execution worker Thread 6,5,main]) started.

> Task :app:compileDebugKotlin FAILED
Build cache key for task ':app:compileDebugKotlin' is 60e7d6e904d9d9ffd46a76a2679327d9
Task ':app:compileDebugKotlin' is not up-to-date because:
  Input property 'javaSources' file /Users/hasanraza/Desktop/kotatsu/Nyora/nyora-android/app/build/generated/ksp/debug/java/com/nyora/hasan72341/history/ui/HistoryListViewModel_Factory.java has changed.
  Input property 'sources' file /Users/hasanraza/Desktop/kotatsu/Nyora/nyora-android/app/src/main/kotlin/com/nyora/hasan72341/history/ui/HistoryListViewModel.kt has changed.
file or directory '/Users/hasanraza/Desktop/kotatsu/Nyora/nyora-android/app/src/debug/java', not found
file or directory '/Users/hasanraza/Desktop/kotatsu/Nyora/nyora-android/app/src/debug/java', not found
file or directory '/Users/hasanraza/Desktop/kotatsu/Nyora/nyora-android/app/src/debug/java', not found
file or directory '/Users/hasanraza/Desktop/kotatsu/Nyora/nyora-android/app/src/main/java', not found
file or directory '/Users/hasanraza/Desktop/kotatsu/Nyora/nyora-android/app/src/main/java', not found
file or directory '/Users/hasanraza/Desktop/kotatsu/Nyora/nyora-android/app/src/main/java', not found
file or directory '/Users/hasanraza/Desktop/kotatsu/Nyora/nyora-android/app/src/main/java', not found
file or directory '/Users/hasanraza/Desktop/kotatsu/Nyora/nyora-android/app/src/debug/java', not found
file or directory '/Users/hasanraza/Desktop/kotatsu/Nyora/nyora-android/app/src/debug/java', not found
file or directory '/Users/hasanraza/Desktop/kotatsu/Nyora/nyora-android/app/src/debug/java', not found
file or directory '/Users/hasanraza/Desktop/kotatsu/Nyora/nyora-android/app/src/debug/java', not found
file or directory '/Users/hasanraza/Desktop/kotatsu/Nyora/nyora-android/app/src/main/java', not found
file or directory '/Users/hasanraza/Desktop/kotatsu/Nyora/nyora-android/app/src/main/java', not found
file or directory '/Users/hasanraza/Desktop/kotatsu/Nyora/nyora-android/app/src/main/java', not found
file or directory '/Users/hasanraza/Desktop/kotatsu/Nyora/nyora-android/app/src/main/java', not found
file or directory '/Users/hasanraza/Desktop/kotatsu/Nyora/nyora-android/app/src/debug/java', not found
file or directory '/Users/hasanraza/Desktop/kotatsu/Nyora/nyora-android/app/src/debug/java', not found
file or directory '/Users/hasanraza/Desktop/kotatsu/Nyora/nyora-android/app/src/debug/java', not found
file or directory '/Users/hasanraza/Desktop/kotatsu/Nyora/nyora-android/app/src/debug/java', not found
file or directory '/Users/hasanraza/Desktop/kotatsu/Nyora/nyora-android/app/src/main/java', not found
file or directory '/Users/hasanraza/Desktop/kotatsu/Nyora/nyora-android/app/src/main/java', not found
file or directory '/Users/hasanraza/Desktop/kotatsu/Nyora/nyora-android/app/src/main/java', not found
file or directory '/Users/hasanraza/Desktop/kotatsu/Nyora/nyora-android/app/src/main/java', not found
file or directory '/Users/hasanraza/Desktop/kotatsu/Nyora/nyora-android/app/src/debug/java', not found
file or directory '/Users/hasanraza/Desktop/kotatsu/Nyora/nyora-android/app/src/debug/java', not found
file or directory '/Users/hasanraza/Desktop/kotatsu/Nyora/nyora-android/app/src/debug/java', not found
file or directory '/Users/hasanraza/Desktop/kotatsu/Nyora/nyora-android/app/src/debug/java', not found
file or directory '/Users/hasanraza/Desktop/kotatsu/Nyora/nyora-android/app/src/main/java', not found
file or directory '/Users/hasanraza/Desktop/kotatsu/Nyora/nyora-android/app/src/main/java', not found
file or directory '/Users/hasanraza/Desktop/kotatsu/Nyora/nyora-android/app/src/main/java', not found
file or directory '/Users/hasanraza/Desktop/kotatsu/Nyora/nyora-android/app/src/main/java', not found
file or directory '/Users/hasanraza/Desktop/kotatsu/Nyora/nyora-android/app/src/debug/java', not found
Kotlin source files: /Users/hasanraza/Desktop/kotatsu/Nyora/nyora-android/app/src/debug/kotlin/com/nyora/hasan72341/settings/DebugSettingsFragment.kt, /Users/hasanraza/Desktop/kotatsu/Nyora/nyora-android/app/src/debug/kotlin/com/nyora/hasan72341/core/ui/BaseService.kt, /Users/hasanraza/Desktop/kotatsu/Nyora/nyora-android/app/src/debug/kotlin/com/nyora/hasan72341/core/util/ext/Debug.kt, /Users/hasanraza/Desktop/kotatsu/Nyora/nyora-android/app/src/debug/kotlin/com/nyora/hasan72341/core/network/CurlLoggingInterceptor.kt, /Users/hasanraza/Desktop/kotatsu/Nyora/nyora-android/app/src/debug/kotlin/com/nyora/hasan72341/core/parser/TestMangaRepository.kt, /Users/hasanraza/Desktop/kotatsu/Nyora/nyora-android/app/src/debug/kotlin/com/nyora/hasan72341/NyoraApp.kt, /Users/hasanraza/Desktop/kotatsu/Nyora/nyora-android/app/src/debug/kotlin/com/nyora/hasan72341/StrictModeNotifier.kt, /Users/hasanraza/Desktop/kotatsu/Nyora/nyora-android/app/build/generated/ksp/debug/kotlin/com/nyora/hasan72341/core/db/MangaDatabase_Impl.kt, /Users/hasanraza/Desktop/kotatsu/Nyora/nyora-android/app/build/generated/ksp/debug/kotlin/com/nyora/hasan72341/core/db/dao/MangaDao_Impl.kt, /Users/hasanraza/Desktop/kotatsu/Nyora/nyora-android/app/build/generated/ksp/debug/kotlin/com/nyora/hasan72341/core/db/dao/TrackLogsDao_Impl.kt, /Users/hasanraza/Desktop/kotatsu/Nyora/nyora-android/app/build/generated/ksp/debug/kotlin/com/nyora/hasan72341/core/db/dao/ExternalExtensionRepoDao_Impl.kt, /Users/hasanraza/Desktop/kotatsu/Nyora/nyora-android/app/build/generated/ksp/debug/kotlin/com/nyora/hasan72341/core/db/dao/MangaSourcesDao_Impl.kt, /Users/hasanraza/Desktop/kotatsu/Nyora/nyora-android/app/build/generated/ksp/debug/kotlin/com/nyora/hasan72341/core/db/dao/PreferencesDao_Impl.kt, /Users/hasanraza/Desktop/kotatsu/Nyora/nyora-android/app/build/generated/ksp/debug/kotlin/com/nyora/hasan72341/tracker/data/TracksDao_Impl.kt, /Users/hasanraza/Desktop/kotatsu/Nyora/nyora-android/app/build/generated/ksp/debug/kotlin/com/nyora/hasan72341/favourites/data/FavouriteCategoriesDao_Impl.kt, /Users/hasanraza/Desktop/kotatsu/Nyora/nyora-android/app/build/generated/ksp/debug/kotlin/com/nyora/hasan72341/favourites/data/FavouritesDao_Impl.kt, /Users/hasanraza/Desktop/kotatsu/Nyora/nyora-android/app/build/generated/ksp/debug/kotlin/com/nyora/hasan72341/local/data/index/LocalMangaIndexDao_Impl.kt, /Users/hasanraza/Desktop/kotatsu/Nyora/nyora-android/app/build/generated/ksp/debug/kotlin/com/nyora/hasan72341/scrobbling/common/data/ScrobblingDao_Impl.kt, /Users/hasanraza/Desktop/kotatsu/Nyora/nyora-android/app/build/generated/ksp/debug/kotlin/com/nyora/hasan72341/bookmarks/data/BookmarksDao_Impl.kt, /Users/hasanraza/Desktop/kotatsu/Nyora/nyora-android/app/build/generated/ksp/debug/kotlin/com/nyora/hasan72341/history/data/HistoryDao_Impl.kt, /Users/hasanraza/Desktop/kotatsu/Nyora/nyora-android/app/build/generated/ksp/debug/kotlin/com/nyora/hasan72341/suggestions/data/SuggestionDao_Impl.kt, /Users/hasanraza/Desktop/kotatsu/Nyora/nyora-android/app/build/generated/ksp/debug/kotlin/com/nyora/hasan72341/stats/data/StatsDao_Impl.kt, /Users/hasanraza/Desktop/kotatsu/Nyora/nyora-android/app/src/main/kotlin/eu/kanade/tachiyomi/util/JsoupExtensions.kt, /Users/hasanraza/Desktop/kotatsu/Nyora/nyora-android/app/src/main/kotlin/eu/kanade/tachiyomi/util/RxExtensions.kt, /Users/hasanraza/Desktop/kotatsu/Nyora/nyora-android/app/src/main/kotlin/eu/kanade/tachiyomi/source/Source.kt, /Users/hasanraza/Desktop/kotatsu/Nyora/nyora-android/app/src/main/kotlin/eu/kanade/tachiyomi/source/PreferenceScreen.kt, /Users/hasanraza/Desktop/kotatsu/Nyora/nyora-android/app/src/main/kotlin/eu/kanade/tachiyomi/source/UnmeteredSource.kt, /Users/hasanraza/Desktop/kotatsu/Nyora/nyora-android/app/src/main/kotlin/eu/kanade/tachiyomi/source/model/Filter.kt, /Users/hasanraza/Desktop/kotatsu/Nyora/nyora-android/app/src/main/kotlin/eu/kanade/tachiyomi/source/model/SChapter.kt, /Users/hasanraza/Desktop/kotatsu/Nyora/nyora-android/app/src/main/kotlin/eu/kanade/tachiyomi/source/model/MangasPage.kt, /Users/hasanraza/Desktop/kotatsu/Nyora/nyora-android/app/src/main/kotlin/eu/kanade/tachiyomi/source/model/SManga.kt, /Users/hasanraza/Desktop/kotatsu/Nyora/nyora-android/app/src/main/kotlin/eu/kanade/tachiyomi/source/model/Page.kt, /Users/hasanraza/Desktop/kotatsu/Nyora/nyora-android/app/src/main/kotlin/eu/kanade/tachiyomi/source/model/UpdateStrategy.kt, /Users/hasanraza/Desktop/kotatsu/Nyora/nyora-android/app/src/main/kotlin/eu/kanade/tachiyomi/source/CatalogueSource.kt, /Users/hasanraza/Desktop/kotatsu/Nyora/nyora-android/app/src/main/kotlin/eu/kanade/tachiyomi/source/SourceFactory.kt, /Users/hasanraza/Desktop/kotatsu/Nyora/nyora-android/app/src/main/kotlin/eu/kanade/tachiyomi/source/online/HttpSource.kt, /Users/hasanraza/Desktop/kotatsu/Nyora/nyora-android/app/src/main/kotlin/eu/kanade/tachiyomi/source/online/ParsedHttpSource.kt, /Users/hasanraza/Desktop/kotatsu/Nyora/nyora-android/app/src/main/kotlin/eu/kanade/tachiyomi/source/ConfigurableSource.kt, /Users/hasanraza/Desktop/kotatsu/Nyora/nyora-android/app/src/main/kotlin/eu/kanade/tachiyomi/network/NetworkHelper.kt, /Users/hasanraza/Desktop/kotatsu/Nyora/nyora-android/app/src/main/kotlin/eu/kanade/tachiyomi/network/OkHttpExtensions.kt, /Users/hasanraza/Desktop/kotatsu/Nyora/nyora-android/app/src/main/kotlin/eu/kanade/tachiyomi/network/Requests.kt, /Users/hasanraza/Desktop/kotatsu/Nyora/nyora-android/app/src/main/kotlin/eu/kanade/tachiyomi/network/ProgressResponseBody.kt, /Users/hasanraza/Desktop/kotatsu/Nyora/nyora-android/app/src/main/kotlin/eu/kanade/tachiyomi/network/ProgressListener.kt, /Users/hasanraza/Desktop/kotatsu/Nyora/nyora-android/app/src/main/kotlin/eu/kanade/tachiyomi/network/interceptor/RateLimitInterceptor.kt, /Users/hasanraza/Desktop/kotatsu/Nyora/nyora-android/app/src/main/kotlin/eu/kanade/tachiyomi/network/interceptor/SpecificHostRateLimitInterceptor.kt, /Users/hasanraza/Desktop/kotatsu/Nyora/nyora-android/app/src/main/kotlin/eu/kanade/tachiyomi/network/interceptor/CloudflareInterceptor.kt, /Users/hasanraza/Desktop/kotatsu/Nyora/nyora-android/app/src/main/kotlin/eu/kanade/tachiyomi/network/JavaScriptEngine.kt, /Users/hasanraza/Desktop/kotatsu/Nyora/nyora-android/app/src/main/kotlin/eu/kanade/tachiyomi/AppInfo.kt, /Users/hasanraza/Desktop/kotatsu/Nyora/nyora-android/app/src/main/kotlin/com/nyora/hasan72341/reader/ui/ReaderManager.kt, /Users/hasanraza/Desktop/kotatsu/Nyora/nyora-android/app/src/main/kotlin/com/nyora/hasan72341/reader/ui/ReaderControlDelegate.kt, /Users/hasanraza/Desktop/kotatsu/Nyora/nyora-android/app/src/main/kotlin/com/nyora/hasan72341/reader/ui/PageLabelFormatter.kt, /Users/hasanraza/Desktop/kotatsu/Nyora/nyora-android/app/src/main/kotlin/com/nyora/hasan72341/reader/ui/config/ReaderConfigSheet.kt, /Users/hasanraza/Desktop/kotatsu/Nyora/nyora-android/app/src/main/kotlin/com/nyora/hasan72341/reader/ui/config/ReaderSettings.kt, /Users/hasanraza/Desktop/kotatsu/Nyora/nyora-android/app/src/main/kotlin/com/nyora/hasan72341/reader/ui/config/ImageServerDelegate.kt, /Users/hasanraza/Desktop/kotatsu/Nyora/nyora-android/app/src/main/kotlin/com/nyora/hasan72341/reader/ui/ReaderState.kt, /Users/hasanraza/Desktop/kotatsu/Nyora/nyora-android/app/src/main/kotlin/com/nyora/hasan72341/reader/ui/ReaderViewModel.kt, /Users/hasanraza/Desktop/kotatsu/Nyora/nyora-android/app/src/main/kotlin/com/nyora/hasan72341/reader/ui/colorfilter/ColorFilterConfigViewModel.kt, /Users/hasanraza/Desktop/kotatsu/Nyora/nyora-android/app/src/main/kotlin/com/nyora/hasan72341/reader/ui/colorfilter/ColorFilterConfigBackPressedDispatcher.kt, /Users/hasanraza/Desktop/kotatsu/Nyora/nyora-android/app/src/main/kotlin/com/nyora/hasan72341/reader/ui/colorfilter/ColorFilterConfigActivity.kt, /Users/hasanraza/Desktop/kotatsu/Nyora/nyora-android/app/src/main/kotlin/com/nyora/hasan72341/reader/ui/ReaderActivity.kt, /Users/hasanraza/Desktop/kotatsu/Nyora/nyora-android/app/src/main/kotlin/com/nyora/hasan72341/reader/ui/ScrollTimer.kt, /Users/hasanraza/Desktop/kotatsu/Nyora/nyora-android/app/src/main/kotlin/com/nyora/hasan72341/reader/ui/PageSaveContract.kt, /Users/hasanraza/Desktop/kotatsu/Nyora/nyora-android/app/src/main/kotlin/com/nyora/hasan72341/reader/ui/ReaderInfoBarView.kt, /Users/hasanraza/Desktop/kotatsu/Nyora/nyora-android/app/src/main/kotlin/com/nyora/hasan72341/reader/ui/ReaderToastView.kt, /Users/hasanraza/Desktop/kotatsu/Nyora/nyora-android/app/src/main/kotlin/com/nyora/hasan72341/reader/ui/ReaderMenuProvider.kt, /Users/hasanraza/Desktop/kotatsu/Nyora/nyora-android/app/src/main/kotlin/com/nyora/hasan72341/reader/ui/ScrollTimerControlView.kt, /Users/hasanraza/Desktop/kotatsu/Nyora/nyora-android/app/src/main/kotlin/com/nyora/hasan72341/reader/ui/ReaderContent.kt, /Users/hasanraza/Desktop/kotatsu/Nyora/nyora-android/app/src/main/kotlin/com/nyora/hasan72341/reader/ui/ScreenOrientationHelper.kt, /Users/hasanraza/Desktop/kotatsu/Nyora/nyora-android/app/src/main/kotlin/com/nyora/hasan72341/reader/ui/ReaderActionsView.kt, /Users/hasanraza/Desktop/kotatsu/Nyora/nyora-android/app/src/main/kotlin/com/nyora/hasan72341/reader/ui/ReaderNavigationCallback.kt, /Users/hasanraza/Desktop/kotatsu/Nyora/nyora-android/app/src/main/kotlin/com/nyora/hasan72341/reader/ui/PageSaveHelper.kt, /Users/hasanraza/Desktop/kotatsu/Nyora/nyora-android/app/src/main/kotlin/com/nyora/hasan72341/reader/ui/tapgrid/TapGridDispatcher.kt, /Users/hasanraza/Desktop/kotatsu/Nyora/nyora-android/app/src/main/kotlin/com/nyora/hasan72341/reader/ui/tapgrid/TapAction.kt, /Users/hasanraza/Desktop/kotatsu/Nyora/nyora-android/app/src/main/kotlin/com/nyora/hasan72341/reader/ui/pager/reversed/ReversedPageHolder.kt, /Users/hasanraza/Desktop/kotatsu/Nyora/nyora-android/app/src/main/kotlin/com/nyora/hasan72341/reader/ui/pager/reversed/ReversedPagesAdapter.kt, /Users/hasanraza/Desktop/kotatsu/Nyora/nyora-android/app/src/main/kotlin/com/nyora/hasan72341/reader/ui/pager/reversed/ReversedPageAnimTransformer.kt, /Users/hasanraza/Desktop/kotatsu/Nyora/nyora-android/app/src/main/kotlin/com/nyora/hasan72341/reader/ui/pager/reversed/ReversedReaderFragment.kt, /Users/hasanraza/Desktop/kotatsu/Nyora/nyora-android/app/src/main/kotlin/com/nyora/hasan72341/reader/ui/pager/BasePagerReaderFragment.kt, /Users/hasanraza/Desktop/kotatsu/Nyora/nyora-android/app/src/main/kotlin/com/nyora/hasan72341/reader/ui/pager/doublereversed/ReversedDoubleReaderFragment.kt, /Users/hasanraza/Desktop/kotatsu/Nyora/nyora-android/app/src/main/kotlin/com/nyora/hasan72341/reader/ui/pager/doublepage/Utils.kt, /Users/hasanraza/Desktop/kotatsu/Nyora/nyora-android/app/src/main/kotlin/com/nyora/hasan72341/reader/ui/pager/doublepage/DoublePageHolder.kt, /Users/hasanraza/Desktop/kotatsu/Nyora/nyora-android/app/src/main/kotlin/com/nyora/hasan72341/reader/ui/pager/doublepage/DoublePageSnapHelper.kt, /Users/hasanraza/Desktop/kotatsu/Nyora/nyora-android/app/src/main/kotlin/com/nyora/hasan72341/reader/ui/pager/doublepage/DoublePagesAdapter.kt, /Users/hasanraza/Desktop/kotatsu/Nyora/nyora-android/app/src/main/kotlin/com/nyora/hasan72341/reader/ui/pager/doublepage/DoublePageLayoutManager.kt, /Users/hasanraza/Desktop/kotatsu/Nyora/nyora-android/app/src/main/kotlin/com/nyora/hasan72341/reader/ui/pager/doublepage/DoubleReaderFragment.kt, /Users/hasanraza/Desktop/kotatsu/Nyora/nyora-android/app/src/main/kotlin/com/nyora/hasan72341/reader/ui/pager/ReaderUiState.kt, /Users/hasanraza/Desktop/kotatsu/Nyora/nyora-android/app/src/main/kotlin/com/nyora/hasan72341/reader/ui/pager/standard/PagesAdapter.kt, /Users/hasanraza/Desktop/kotatsu/Nyora/nyora-android/app/src/main/kotlin/com/nyora/hasan72341/reader/ui/pager/standard/PageHolder.kt, /Users/hasanraza/Desktop/kotatsu/Nyora/nyora-android/app/src/main/kotlin/com/nyora/hasan72341/reader/ui/pager/standard/PageAnimTransformer.kt, /Users/hasanraza/Desktop/kotatsu/Nyora/nyora-android/app/src/main/kotlin/com/nyora/hasan72341/reader/ui/pager/standard/NoAnimPageTransformer.kt, /Users/hasanraza/Desktop/kotatsu/Nyora/nyora-android/app/src/main/kotlin/com/nyora/hasan72341/reader/ui/pager/standard/PagerEventSupplier.kt, /Users/hasanraza/Desktop/kotatsu/Nyora/nyora-android/app/src/main/kotlin/com/nyora/hasan72341/reader/ui/pager/standard/PagerReaderFragment.kt, /Users/hasanraza/Desktop/kotatsu/Nyora/nyora-android/app/src/main/kotlin/com/nyora/hasan72341/reader/ui/pager/BaseReaderFragment.kt, /Users/hasanraza/Desktop/kotatsu/Nyora/nyora-android/app/src/main/kotlin/com/nyora/hasan72341/reader/ui/pager/webtoon/WebtoonHolder.kt, /Users/hasanraza/Desktop/kotatsu/Nyora/nyora-android/app/src/main/kotlin/com/nyora/hasan72341/reader/ui/pager/webtoon/WebtoonLayoutManager.kt, /Users/hasanraza/Desktop/kotatsu/Nyora/nyora-android/app/src/main/kotlin/com/nyora/hasan72341/reader/ui/pager/webtoon/WebtoonGapsDecoration.kt, /Users/hasanraza/Desktop/kotatsu/Nyora/nyora-android/app/src/main/kotlin/com/nyora/hasan72341/reader/ui/pager/webtoon/WebtoonFrameLayout.kt, /Users/hasanraza/Desktop/kotatsu/Nyora/nyora-android/app/src/main/kotlin/com/nyora/hasan72341/reader/ui/pager/webtoon/WebtoonImageView.kt, /Users/hasanraza/Desktop/kotatsu/Nyora/nyora-android/app/src/main/kotlin/com/nyora/hasan72341/reader/ui/pager/webtoon/WebtoonRecyclerView.kt, /Users/hasanraza/Desktop/kotatsu/Nyora/nyora-android/app/src/main/kotlin/com/nyora/hasan72341/reader/ui/pager/webtoon/WebtoonReaderFragment.kt, /Users/hasanraza/Desktop/kotatsu/Nyora/nyora-android/app/src/main/kotlin/com/nyora/hasan72341/reader/ui/pager/webtoon/WebtoonScalingFrame.kt, /Users/hasanraza/Desktop/kotatsu/Nyora/nyora-android/app/src/main/kotlin/com/nyora/hasan72341/reader/ui/pager/webtoon/WebtoonAdapter.kt, /Users/hasanraza/Desktop/kotatsu/Nyora/nyora-android/app/src/main/kotlin/com/nyora/hasan72341/reader/ui/pager/BaseReaderAdapter.kt, /Users/hasanraza/Desktop/kotatsu/Nyora/nyora-android/app/src/main/kotlin/com/nyora/hasan72341/reader/ui/pager/vm/PageState.kt, /Users/hasanraza/Desktop/kotatsu/Nyora/nyora-android/app/src/main/kotlin/com/nyora/hasan72341/reader/ui/pager/vm/PageViewModel.kt, /Users/hasanraza/Desktop/kotatsu/Nyora/nyora-android/app/src/main/kotlin/com/nyora/hasan72341/reader/ui/pager/BasePageHolder.kt, /Users/hasanraza/Desktop/kotatsu/Nyora/nyora-android/app/src/main/kotlin/com/nyora/hasan72341/reader/ui/pager/DepthPageTransformer.kt, /Users/hasanraza/Desktop/kotatsu/Nyora/nyora-android/app/src/main/kotlin/com/nyora/hasan72341/reader/ui/pager/ReaderPage.kt, /Users/hasanraza/Desktop/kotatsu/Nyora/nyora-android/app/src/main/kotlin/com/nyora/hasan72341/reader/ui/pager/vertical/VerticalReaderFragment.kt, /Users/hasanraza/Desktop/kotatsu/Nyora/nyora-android/app/src/main/kotlin/com/nyora/hasan72341/reader/ui/pager/vertical/VerticalPageAnimTransformer.kt, /Users/hasanraza/Desktop/kotatsu/Nyora/nyora-android/app/src/main/kotlin/com/nyora/hasan72341/reader/data/ModelMapping.kt, /Users/hasanraza/Desktop/kotatsu/Nyora/nyora-android/app/src/main/kotlin/com/nyora/hasan72341/reader/data/TapGridSettings.kt, /Users/hasanraza/Desktop/kotatsu/Nyora/nyora-android/app/src/main/kotlin/com/nyora/hasan72341/reader/domain/EdgeDetector.kt, /Users/hasanraza/Desktop/kotatsu/Nyora/nyora-android/app/src/main/kotlin/com/nyora/hasan72341/reader/domain/PageLoader.kt, /Users/hasanraza/Desktop/kotatsu/Nyora/nyora-android/app/src/main/kotlin/com/nyora/hasan72341/reader/domain/TapGridArea.kt, /Users/hasanraza/Desktop/kotatsu/Nyora/nyora-android/app/src/main/kotlin/com/nyora/hasan72341/reader/domain/ChapterPages.kt, /Users/hasanraza/Desktop/kotatsu/Nyora/nyora-android/app/src/main/kotlin/com/nyora/hasan72341/reader/domain/ChaptersLoader.kt, /Users/hasanraza/Desktop/kotatsu/Nyora/nyora-android/app/src/main/kotlin/com/nyora/hasan72341/reader/domain/ReaderColorFilter.kt, /Users/hasanraza/Desktop/kotatsu/Nyora/nyora-android/app/src/main/kotlin/com/nyora/hasan72341/reader/domain/DetectReaderModeUseCase.kt, /Users/hasanraza/Desktop/kotatsu/Nyora/nyora-android/app/src/main/kotlin/com/nyora/hasan72341/settings/reader/ReaderTapGridConfigViewModel.kt, /Users/hasanraza/Desktop/kotatsu/Nyora/nyora-android/app/src/main/kotlin/com/nyora/hasan72341/settings/reader/ReaderTapGridConfigActivity.kt, /Users/hasanraza/Desktop/kotatsu/Nyora/nyora-android/app/src/main/kotlin/com/nyora/hasan72341/settings/discord/DiscordSettingsViewModel.kt, /Users/hasanraza/Desktop/kotatsu/Nyora/nyora-android/app/src/main/kotlin/com/nyora/hasan72341/settings/discord/TokenState.kt, /Users/hasanraza/Desktop/kotatsu/Nyora/nyora-android/app/src/main/kotlin/com/nyora/hasan72341/settings/discord/DiscordSettingsFragment.kt, /Users/hasanraza/Desktop/kotatsu/Nyora/nyora-android/app/src/main/kotlin/com/nyora/hasan72341/settings/override/OverrideConfigActivity.kt, /Users/hasanraza/Desktop/kotatsu/Nyora/nyora-android/app/src/main/kotlin/com/nyora/hasan72341/settings/override/OverrideConfigViewModel.kt, /Users/hasanraza/Desktop/kotatsu/Nyora/nyora-android/app/src/main/kotlin/com/nyora/hasan72341/settings/AppearanceSettingsFragment.kt, /Users/hasanraza/Desktop/kotatsu/Nyora/nyora-android/app/src/main/kotlin/com/nyora/hasan72341/settings/protect/ProtectSetupViewModel.kt, /Users/hasanraza/Desktop/kotatsu/Nyora/nyora-android/app/src/main/kotlin/com/nyora/hasan72341/settings/protect/ProtectSetupActivity.kt, /Users/hasanraza/Desktop/kotatsu/Nyora/nyora-android/app/src/main/kotlin/com/nyora/hasan72341/settings/ServicesSettingsFragment.kt, /Users/hasanraza/Desktop/kotatsu/Nyora/nyora-android/app/src/main/kotlin/com/nyora/hasan72341/settings/utils/MultiAutoCompleteTextViewPreference.kt, /Users/hasanraza/Desktop/kotatsu/Nyora/nyora-android/app/src/main/kotlin/com/nyora/hasan72341/settings/utils/EditTextDefaultSummaryProvider.kt, /Users/hasanraza/Desktop/kotatsu/Nyora/nyora-android/app/src/main/kotlin/com/nyora/hasan72341/settings/utils/EditTextBindListener.kt, /Users/hasanraza/Desktop/kotatsu/Nyora/nyora-android/app/src/main/kotlin/com/nyora/hasan72341/settings/utils/SliderPreference.kt, /Users/hasanraza/Desktop/kotatsu/Nyora/nyora-android/app/src/main/kotlin/com/nyora/hasan72341/settings/utils/LinksPreference.kt, /Users/hasanraza/Desktop/kotatsu/Nyora/nyora-android/app/src/main/kotlin/com/nyora/hasan72341/settings/utils/DozeHelper.kt, /Users/hasanraza/Desktop/kotatsu/Nyora/nyora-android/app/src/main/kotlin/com/nyora/hasan72341/settings/utils/SplitSwitchPreference.kt, /Users/hasanraza/Desktop/kotatsu/Nyora/nyora-android/app/src/main/kotlin/com/nyora/hasan72341/settings/utils/AutoCompleteTextViewPreference.kt, /Users/hasanraza/Desktop/kotatsu/Nyora/nyora-android/app/src/main/kotlin/com/nyora/hasan72341/settings/utils/RingtonePickContract.kt, /Users/hasanraza/Desktop/kotatsu/Nyora/nyora-android/app/src/main/kotlin/com/nyora/hasan72341/settings/utils/MultiSummaryProvider.kt, /Users/hasanraza/Desktop/kotatsu/Nyora/nyora-android/app/src/main/kotlin/com/nyora/hasan72341/settings/utils/PasswordSummaryProvider.kt, /Users/hasanraza/Desktop/kotatsu/Nyora/nyora-android/app/src/main/kotlin/com/nyora/hasan72341/settings/utils/EditTextFallbackSummaryProvider.kt, /Users/hasanraza/Desktop/kotatsu/Nyora/nyora-android/app/src/main/kotlin/com/nyora/hasan72341/settings/utils/ThemeChooserPreference.kt, /Users/hasanraza/Desktop/kotatsu/Nyora/nyora-android/app/src/main/kotlin/com/nyora/hasan72341/settings/utils/PercentSummaryProvider.kt, /Users/hasanraza/Desktop/kotatsu/Nyora/nyora-android/app/src/main/kotlin/com/nyora/hasan72341/settings/utils/ActivityListPreference.kt, /Users/hasanraza/Desktop/kotatsu/Nyora/nyora-android/app/src/main/kotlin/com/nyora/hasan72341/settings/utils/TagsAutoCompleteProvider.kt, /Users/hasanraza/Desktop/kotatsu/Nyora/nyora-android/app/src/main/kotlin/com/nyora/hasan72341/settings/utils/validation/DomainValidator.kt, /Users/hasanraza/Desktop/kotatsu/Nyora/nyora-android/app/src/main/kotlin/com/nyora/hasan72341/settings/utils/validation/UrlValidator.kt, /Users/hasanraza/Desktop/kotatsu/Nyora/nyora-android/app/src/main/kotlin/com/nyora/hasan72341/settings/utils/validation/PortNumberValidator.kt, /Users/hasanraza/Desktop/kotatsu/Nyora/nyora-android/app/src/main/kotlin/com/nyora/hasan72341/settings/utils/validation/HeaderValidator.kt, /Users/hasanraza/Desktop/kotatsu/Nyora/nyora-android/app/src/main/kotlin/com/nyora/hasan72341/settings/tracker/TrackerSettingsFragment.kt, /Users/hasanraza/Desktop/kotatsu/Nyora/nyora-android/app/src/main/kotlin/com/nyora/hasan72341/settings/tracker/categories/TrackerCategoryAD.kt, /Users/hasanraza/Desktop/kotatsu/Nyora/nyora-android/app/src/main/kotlin/com/nyora/hasan72341/settings/tracker/categories/TrackerCategoriesConfigViewModel.kt, /Users/hasanraza/Desktop/kotatsu/Nyora/nyora-android/app/src/main/kotlin/com/nyora/hasan72341/settings/tracker/categories/TrackerCategoriesConfigAdapter.kt, /Users/hasanraza/Desktop/kotatsu/Nyora/nyora-android/app/src/main/kotlin/com/nyora/hasan72341/settings/tracker/categories/TrackerCategoriesConfigSheet.kt, /Users/hasanraza/Desktop/kotatsu/Nyora/nyora-android/app/src/main/kotlin/com/nyora/hasan72341/settings/tracker/TrackerSettingsViewModel.kt, /Users/hasanraza/Desktop/kotatsu/Nyora/nyora-android/app/src/main/kotlin/com/nyora/hasan72341/settings/about/AppUpdateActivity.kt, /Users/hasanraza/Desktop/kotatsu/Nyora/nyora-android/app/src/main/kotlin/com/nyora/hasan72341/settings/about/changelog/ChangelogViewModel.kt, /Users/hasanraza/Desktop/kotatsu/Nyora/nyora-android/app/src/main/kotlin/com/nyora/hasan72341/settings/about/changelog/ChangelogFragment.kt, /Users/hasanraza/Desktop/kotatsu/Nyora/nyora-android/app/src/main/kotlin/com/nyora/hasan72341/settings/about/AboutSettingsViewModel.kt, /Users/hasanraza/Desktop/kotatsu/Nyora/nyora-android/app/src/main/kotlin/com/nyora/hasan72341/settings/about/AppUpdateViewModel.kt, /Users/hasanraza/Desktop/kotatsu/Nyora/nyora-android/app/src/main/kotlin/com/nyora/hasan72341/settings/about/AboutSettingsFragment.kt, /Users/hasanraza/Desktop/kotatsu/Nyora/nyora-android/app/src/main/kotlin/com/nyora/hasan72341/settings/DownloadsSettingsFragment.kt, /Users/hasanraza/Desktop/kotatsu/Nyora/nyora-android/app/src/main/kotlin/com/nyora/hasan72341/settings/storage/DirectoryAD.kt, /Users/hasanraza/Desktop/kotatsu/Nyora/nyora-android/app/src/main/kotlin/com/nyora/hasan72341/settings/storage/MangaDirectorySelectDialog.kt, /Users/hasanraza/Desktop/kotatsu/Nyora/nyora-android/app/src/main/kotlin/com/nyora/hasan72341/settings/storage/DirectoryDiffCallback.kt, /Users/hasanraza/Desktop/kotatsu/Nyora/nyora-android/app/src/main/kotlin/com/nyora/hasan72341/settings/storage/MangaDirectorySelectViewModel.kt, /Users/hasanraza/Desktop/kotatsu/Nyora/nyora-android/app/src/main/kotlin/com/nyora/hasan72341/settings/storage/RequestStorageManagerPermissionContract.kt, /Users/hasanraza/Desktop/kotatsu/Nyora/nyora-android/app/src/main/kotlin/com/nyora/hasan72341/settings/storage/directories/DirectoryConfigModel.kt, /Users/hasanraza/Desktop/kotatsu/Nyora/nyora-android/app/src/main/kotlin/com/nyora/hasan72341/settings/storage/directories/DirectoryConfigDiffCallback.kt, /Users/hasanraza/Desktop/kotatsu/Nyora/nyora-android/app/src/main/kotlin/com/nyora/hasan72341/settings/storage/directories/DirectoryConfigAD.kt, /Users/hasanraza/Desktop/kotatsu/Nyora/nyora-android/app/src/main/kotlin/com/nyora/hasan72341/settings/storage/directories/MangaDirectoriesActivity.kt, /Users/hasanraza/Desktop/kotatsu/Nyora/nyora-android/app/src/main/kotlin/com/nyora/hasan72341/settings/storage/directories/MangaDirectoriesViewModel.kt, /Users/hasanraza/Desktop/kotatsu/Nyora/nyora-android/app/src/main/kotlin/com/nyora/hasan72341/settings/storage/DirectoryModel.kt, /Users/hasanraza/Desktop/kotatsu/Nyora/nyora-android/app/src/main/kotlin/com/nyora/hasan72341/settings/search/SettingsSearchFragment.kt, /Users/hasanraza/Desktop/kotatsu/Nyora/nyora-android/app/src/main/kotlin/com/nyora/hasan72341/settings/search/SettingsItem.kt, /Users/hasanraza/Desktop/kotatsu/Nyora/nyora-android/app/src/main/kotlin/com/nyora/hasan72341/settings/search/SettingsSearchHelper.kt, /Users/hasanraza/Desktop/kotatsu/Nyora/nyora-android/app/src/main/kotlin/com/nyora/hasan72341/settings/search/SettingsSearchMenuProvider.kt, /Users/hasanraza/Desktop/kotatsu/Nyora/nyora-android/app/src/main/kotlin/com/nyora/hasan72341/settings/search/SettingsItemAD.kt, /Users/hasanraza/Desktop/kotatsu/Nyora/nyora-android/app/src/main/kotlin/com/nyora/hasan72341/settings/search/SettingsSearchViewModel.kt, /Users/hasanraza/Desktop/kotatsu/Nyora/nyora-android/app/src/main/kotlin/com/nyora/hasan72341/settings/StorageAndNetworkSettingsViewModel.kt, /Users/hasanraza/Desktop/kotatsu/Nyora/nyora-android/app/src/main/kotlin/com/nyora/hasan72341/settings/SettingsActivity.kt, /Users/hasanraza/Desktop/kotatsu/Nyora/nyora-android/app/src/main/kotlin/com/nyora/hasan72341/settings/work/WorkScheduleManager.kt, /Users/hasanraza/Desktop/kotatsu/Nyora/nyora-android/app/src/main/kotlin/com/nyora/hasan72341/settings/work/PeriodicWorkScheduler.kt, /Users/hasanraza/Desktop/kotatsu/Nyora/nyora-android/app/src/main/kotlin/com/nyora/hasan72341/settings/sources/SourcesSettingsFragment.kt, /Users/hasanraza/Desktop/kotatsu/Nyora/nyora-android/app/src/main/kotlin/com/nyora/hasan72341/settings/sources/extension/ExtensionDownloaderActivity.kt, /Users/hasanraza/Desktop/kotatsu/Nyora/nyora-android/app/src/main/kotlin/com/nyora/hasan72341/settings/sources/extension/ExtensionDownloaderViewModel.kt, /Users/hasanraza/Desktop/kotatsu/Nyora/nyora-android/app/src/main/kotlin/com/nyora/hasan72341/settings/sources/extension/ExtensionDownloaderAdapter.kt, /Users/hasanraza/Desktop/kotatsu/Nyora/nyora-android/app/src/main/kotlin/com/nyora/hasan72341/settings/sources/SourceSettingsFragment.kt, /Users/hasanraza/Desktop/kotatsu/Nyora/nyora-android/app/src/main/kotlin/com/nyora/hasan72341/settings/sources/auth/SourceAuthActivity.kt, /Users/hasanraza/Desktop/kotatsu/Nyora/nyora-android/app/src/main/kotlin/com/nyora/hasan72341/settings/sources/catalog/SourceCatalogItemAD.kt, /Users/hasanraza/Desktop/kotatsu/Nyora/nyora-android/app/src/main/kotlin/com/nyora/hasan72341/settings/sources/catalog/SourcesCatalogFilter.kt, /Users/hasanraza/Desktop/kotatsu/Nyora/nyora-android/app/src/main/kotlin/com/nyora/hasan72341/settings/sources/catalog/SourceCatalogPage.kt, /Users/hasanraza/Desktop/kotatsu/Nyora/nyora-android/app/src/main/kotlin/com/nyora/hasan72341/settings/sources/catalog/SourcesCatalogViewModel.kt, /Users/hasanraza/Desktop/kotatsu/Nyora/nyora-android/app/src/main/kotlin/com/nyora/hasan72341/settings/sources/catalog/SourcesCatalogAdapter.kt, /Users/hasanraza/Desktop/kotatsu/Nyora/nyora-android/app/src/main/kotlin/com/nyora/hasan72341/settings/sources/catalog/SourceCatalogItem.kt, /Users/hasanraza/Desktop/kotatsu/Nyora/nyora-android/app/src/main/kotlin/com/nyora/hasan72341/settings/sources/catalog/SourcesCatalogMenuProvider.kt, /Users/hasanraza/Desktop/kotatsu/Nyora/nyora-android/app/src/main/kotlin/com/nyora/hasan72341/settings/sources/catalog/SourcesCatalogActivity.kt, /Users/hasanraza/Desktop/kotatsu/Nyora/nyora-android/app/src/main/kotlin/com/nyora/hasan72341/settings/sources/SourceSettingsExt.kt, /Users/hasanraza/Desktop/kotatsu/Nyora/nyora-android/app/src/main/kotlin/com/nyora/hasan72341/settings/sources/adapter/SourceConfigAdapter.kt, /Users/hasanraza/Desktop/kotatsu/Nyora/nyora-android/app/src/main/kotlin/com/nyora/hasan72341/settings/sources/adapter/SourceConfigAdapterDelegates.kt, /Users/hasanraza/Desktop/kotatsu/Nyora/nyora-android/app/src/main/kotlin/com/nyora/hasan72341/settings/sources/adapter/SourceConfigListener.kt, /Users/hasanraza/Desktop/kotatsu/Nyora/nyora-android/app/src/main/kotlin/com/nyora/hasan72341/settings/sources/model/SourceConfigItem.kt, /Users/hasanraza/Desktop/kotatsu/Nyora/nyora-android/app/src/main/kotlin/com/nyora/hasan72341/settings/sources/manage/SourcesManageFragment.kt, /Users/hasanraza/Desktop/kotatsu/Nyora/nyora-android/app/src/main/kotlin/com/nyora/hasan72341/settings/sources/manage/SourcesManageViewModel.kt, /Users/hasanraza/Desktop/kotatsu/Nyora/nyora-android/app/src/main/kotlin/com/nyora/hasan72341/settings/sources/manage/SourcesListProducer.kt, /Users/hasanraza/Desktop/kotatsu/Nyora/nyora-android/app/src/main/kotlin/com/nyora/hasan72341/settings/sources/SourceSettingsViewModel.kt, /Users/hasanraza/Desktop/kotatsu/Nyora/nyora-android/app/src/main/kotlin/com/nyora/hasan72341/settings/sources/SourcesSettingsViewModel.kt, /Users/hasanraza/Desktop/kotatsu/Nyora/nyora-android/app/src/main/kotlin/com/nyora/hasan72341/settings/AiTranslateSettingsFragment.kt, /Users/hasanraza/Desktop/kotatsu/Nyora/nyora-android/app/src/main/kotlin/com/nyora/hasan72341/settings/RootSettingsFragment.kt, /Users/hasanraza/Desktop/kotatsu/Nyora/nyora-android/app/src/main/kotlin/com/nyora/hasan72341/settings/nav/adapter/NavConfigAD.kt, /Users/hasanraza/Desktop/kotatsu/Nyora/nyora-android/app/src/main/kotlin/com/nyora/hasan72341/settings/nav/model/NavItemConfigModel.kt, /Users/hasanraza/Desktop/kotatsu/Nyora/nyora-android/app/src/main/kotlin/com/nyora/hasan72341/settings/nav/model/NavItemAddModel.kt, /Users/hasanraza/Desktop/kotatsu/Nyora/nyora-android/app/src/main/kotlin/com/nyora/hasan72341/settings/nav/NavConfigFragment.kt, /Users/hasanraza/Desktop/kotatsu/Nyora/nyora-android/app/src/main/kotlin/com/nyora/hasan72341/settings/nav/NavConfigViewModel.kt, /Users/hasanraza/Desktop/kotatsu/Nyora/nyora-android/app/src/main/kotlin/com/nyora/hasan72341/settings/SyncSettingsFragment.kt, /Users/hasanraza/Desktop/kotatsu/Nyora/nyora-android/app/src/main/kotlin/com/nyora/hasan72341/settings/NotificationSettingsLegacyFragment.kt, /Users/hasanraza/Desktop/kotatsu/Nyora/nyora-android/app/src/main/kotlin/com/nyora/hasan72341/settings/SuggestionsSettingsFragment.kt, /Users/hasanraza/Desktop/kotatsu/Nyora/nyora-android/app/src/main/kotlin/com/nyora/hasan72341/settings/userdata/BackupsSettingsViewModel.kt, /Users/hasanraza/Desktop/kotatsu/Nyora/nyora-android/app/src/main/kotlin/com/nyora/hasan72341/settings/userdata/storage/DataCleanupSettingsViewModel.kt, /Users/hasanraza/Desktop/kotatsu/Nyora/nyora-android/app/src/main/kotlin/com/nyora/hasan72341/settings/userdata/storage/StorageUsage.kt, /Users/hasanraza/Desktop/kotatsu/Nyora/nyora-android/app/src/main/kotlin/com/nyora/hasan72341/settings/userdata/storage/DataCleanupSettingsFragment.kt, /Users/hasanraza/Desktop/kotatsu/Nyora/nyora-android/app/src/main/kotlin/com/nyora/hasan72341/settings/userdata/storage/StorageUsagePreference.kt, /Users/hasanraza/Desktop/kotatsu/Nyora/nyora-android/app/src/main/kotlin/com/nyora/hasan72341/settings/userdata/BackupsSettingsFragment.kt, /Users/hasanraza/Desktop/kotatsu/Nyora/nyora-android/app/src/main/kotlin/com/nyora/hasan72341/settings/RootSettingsViewModel.kt, /Users/hasanraza/Desktop/kotatsu/Nyora/nyora-android/app/src/main/kotlin/com/nyora/hasan72341/settings/ReaderSettingsFragment.kt, /Users/hasanraza/Desktop/kotatsu/Nyora/nyora-android/app/src/main/kotlin/com/nyora/hasan72341/settings/StorageAndNetworkSettingsFragment.kt, /Users/hasanraza/Desktop/kotatsu/Nyora/nyora-android/app/src/main/kotlin/com/nyora/hasan72341/settings/ProxySettingsFragment.kt, /Users/hasanraza/Desktop/kotatsu/Nyora/nyora-android/app/src/main/kotlin/com/nyora/hasan72341/discover/ui/DiscoverViewModel.kt, /Users/hasanraza/Desktop/kotatsu/Nyora/nyora-android/app/src/main/kotlin/com/nyora/hasan72341/discover/ui/DiscoverFragment.kt, /Users/hasanraza/Desktop/kotatsu/Nyora/nyora-android/app/src/main/kotlin/com/nyora/hasan72341/discover/ui/adapter/DiscoverAdapter.kt, /Users/hasanraza/Desktop/kotatsu/Nyora/nyora-android/app/src/main/kotlin/com/nyora/hasan72341/discover/ui/adapter/DiscoverAdapterDelegates.kt, /Users/hasanraza/Desktop/kotatsu/Nyora/nyora-android/app/src/main/kotlin/com/nyora/hasan72341/discover/ui/model/DiscoverModels.kt, /Users/hasanraza/Desktop/kotatsu/Nyora/nyora-android/app/src/main/kotlin/com/nyora/hasan72341/discover/domain/DiscoverRepository.kt, /Users/hasanraza/Desktop/kotatsu/Nyora/nyora-android/app/src/main/kotlin/com/nyora/hasan72341/core/prefs/TrackerDownloadStrategy.kt, /Users/hasanraza/Desktop/kotatsu/Nyora/nyora-android/app/src/main/kotlin/com/nyora/hasan72341/core/prefs/GitHubMirror.kt, /Users/hasanraza/Desktop/kotatsu/Nyora/nyora-android/app/src/main/kotlin/com/nyora/hasan72341/core/prefs/ProgressIndicatorMode.kt, /Users/hasanraza/Desktop/kotatsu/Nyora/nyora-android/app/src/main/kotlin/com/nyora/hasan72341/core/prefs/ReaderMode.kt, /Users/hasanraza/Desktop/kotatsu/Nyora/nyora-android/app/src/main/kotlin/com/nyora/hasan72341/core/prefs/ScreenshotsPolicy.kt, /Users/hasanraza/Desktop/kotatsu/Nyora/nyora-android/app/src/main/kotlin/com/nyora/hasan72341/core/prefs/SourceSettings.kt, /Users/hasanraza/Desktop/kotatsu/Nyora/nyora-android/app/src/main/kotlin/com/nyora/hasan72341/core/prefs/AppSettingsObserver.kt, /Users/hasanraza/Desktop/kotatsu/Nyora/nyora-android/app/src/main/kotlin/com/nyora/hasan72341/core/prefs/ReaderAnimation.kt, /Users/hasanraza/Desktop/kotatsu/Nyora/nyora-android/app/src/main/kotlin/com/nyora/hasan72341/core/prefs/AppWidgetConfig.kt, /Users/hasanraza/Desktop/kotatsu/Nyora/nyora-android/app/src/main/kotlin/com/nyora/hasan72341/core/prefs/ColorScheme.kt, /Users/hasanraza/Desktop/kotatsu/Nyora/nyora-android/app/src/main/kotlin/com/nyora/hasan72341/core/prefs/AppSettings.kt, /Users/hasanraza/Desktop/kotatsu/Nyora/nyora-android/app/src/main/kotlin/com/nyora/hasan72341/core/prefs/SearchSuggestionType.kt, /Users/hasanraza/Desktop/kotatsu/Nyora/nyora-android/app/src/main/kotlin/com/nyora/hasan72341/core/prefs/NavItem.kt, /Users/hasanraza/Desktop/kotatsu/Nyora/nyora-android/app/src/main/kotlin/com/nyora/hasan72341/core/prefs/ReaderBackground.kt, /Users/hasanraza/Desktop/kotatsu/Nyora/nyora-android/app/src/main/kotlin/com/nyora/hasan72341/core/prefs/TriStateOption.kt, /Users/hasanraza/Desktop/kotatsu/Nyora/nyora-android/app/src/main/kotlin/com/nyora/hasan72341/core/prefs/DownloadFormat.kt, /Users/hasanraza/Desktop/kotatsu/Nyora/nyora-android/app/src/main/kotlin/com/nyora/hasan72341/core/prefs/ReaderControl.kt, /Users/hasanraza/Desktop/kotatsu/Nyora/nyora-android/app/src/main/kotlin/com/nyora/hasan72341/core/prefs/NetworkPolicy.kt, /Users/hasanraza/Desktop/kotatsu/Nyora/nyora-android/app/src/main/kotlin/com/nyora/hasan72341/core/prefs/ListMode.kt, /Users/hasanraza/Desktop/kotatsu/Nyora/nyora-android/app/src/main/kotlin/com/nyora/hasan72341/core/ui/CoroutineIntentService.kt, /Users/hasanraza/Desktop/kotatsu/Nyora/nyora-android/app/src/main/kotlin/com/nyora/hasan72341/core/ui/anim/SpringAnimations.kt, /Users/hasanraza/Desktop/kotatsu/Nyora/nyora-android/app/src/main/kotlin/com/nyora/hasan72341/core/ui/anim/NyoraTransitions.kt, /Users/hasanraza/Desktop/kotatsu/Nyora/nyora-android/app/src/main/kotlin/com/nyora/hasan72341/core/ui/BaseListAdapter.kt, /Users/hasanraza/Desktop/kotatsu/Nyora/nyora-android/app/src/main/kotlin/com/nyora/hasan72341/core/ui/DefaultActivityLifecycleCallbacks.kt, /Users/hasanraza/Desktop/kotatsu/Nyora/nyora-android/app/src/main/kotlin/com/nyora/hasan72341/core/ui/BasePreferenceFragment.kt, /Users/hasanraza/Desktop/kotatsu/Nyora/nyora-android/app/src/main/kotlin/com/nyora/hasan72341/core/ui/util/PopupMenuMediator.kt, /Users/hasanraza/Desktop/kotatsu/Nyora/nyora-android/app/src/main/kotlin/com/nyora/hasan72341/core/ui/util/ActionModeListener.kt, /Users/hasanraza/Desktop/kotatsu/Nyora/nyora-android/app/src/main/kotlin/com/nyora/hasan72341/core/ui/util/RecyclerViewOwner.kt, /Users/hasanraza/Desktop/kotatsu/Nyora/nyora-android/app/src/main/kotlin/com/nyora/hasan72341/core/ui/util/CollapseActionViewCallback.kt, /Users/hasanraza/Desktop/kotatsu/Nyora/nyora-android/app/src/main/kotlin/com/nyora/hasan72341/core/ui/util/ReversibleHandle.kt, /Users/hasanraza/Desktop/kotatsu/Nyora/nyora-android/app/src/main/kotlin/com/nyora/hasan72341/core/ui/util/ActivityRecreationHandle.kt, /Users/hasanraza/Desktop/kotatsu/Nyora/nyora-android/app/src/main/kotlin/com/nyora/hasan72341/core/ui/util/SystemUiController.kt, /Users/hasanraza/Desktop/kotatsu/Nyora/nyora-android/app/src/main/kotlin/com/nyora/hasan72341/core/ui/util/OptionsMenuBadgeHelper.kt, /Users/hasanraza/Desktop/kotatsu/Nyora/nyora-android/app/src/main/kotlin/com/nyora/hasan72341/core/ui/util/ReversibleAction.kt, /Users/hasanraza/Desktop/kotatsu/Nyora/nyora-android/app/src/main/kotlin/com/nyora/hasan72341/core/ui/util/PagerNestedScrollHelper.kt, /Users/hasanraza/Desktop/kotatsu/Nyora/nyora-android/app/src/main/kotlin/com/nyora/hasan72341/core/ui/util/ReversibleActionObserver.kt, /Users/hasanraza/Desktop/kotatsu/Nyora/nyora-android/app/src/main/kotlin/com/nyora/hasan72341/core/ui/util/ActionModeDelegate.kt, /Users/hasanraza/Desktop/kotatsu/Nyora/nyora-android/app/src/main/kotlin/com/nyora/hasan72341/core/ui/util/SpanSizeResolver.kt, /Users/hasanraza/Desktop/kotatsu/Nyora/nyora-android/app/src/main/kotlin/com/nyora/hasan72341/core/ui/util/DefaultTextWatcher.kt, /Users/hasanraza/Desktop/kotatsu/Nyora/nyora-android/app/src/main/kotlin/com/nyora/hasan72341/core/ui/util/FrameRateManager.kt, /Users/hasanraza/Desktop/kotatsu/Nyora/nyora-android/app/src/main/kotlin/com/nyora/hasan72341/core/ui/util/ShrinkOnScrollBehavior.kt, /Users/hasanraza/Desktop/kotatsu/Nyora/nyora-android/app/src/main/kotlin/com/nyora/hasan72341/core/ui/util/FadingAppbarMediator.kt, /Users/hasanraza/Desktop/kotatsu/Nyora/nyora-android/app/src/main/kotlin/com/nyora/hasan72341/core/ui/util/MenuInvalidator.kt, /Users/hasanraza/Desktop/kotatsu/Nyora/nyora-android/app/src/main/kotlin/com/nyora/hasan72341/core/ui/BaseViewModel.kt, /Users/hasanraza/Desktop/kotatsu/Nyora/nyora-android/app/src/main/kotlin/com/nyora/hasan72341/core/ui/BaseActivity.kt, /Users/hasanraza/Desktop/kotatsu/Nyora/nyora-android/app/src/main/kotlin/com/nyora/hasan72341/core/ui/color/CoverColorExtractor.kt, /Users/hasanraza/Desktop/kotatsu/Nyora/nyora-android/app/src/main/kotlin/com/nyora/hasan72341/core/ui/BaseActivityEntryPoint.kt, /Users/hasanraza/Desktop/kotatsu/Nyora/nyora-android/app/src/main/kotlin/com/nyora/hasan72341/core/ui/image/TextDrawable.kt, /Users/hasanraza/Desktop/kotatsu/Nyora/nyora-android/app/src/main/kotlin/com/nyora/hasan72341/core/ui/image/FaviconDrawable.kt, /Users/hasanraza/Desktop/kotatsu/Nyora/nyora-android/app/src/main/kotlin/com/nyora/hasan72341/core/ui/image/AnimatedFaviconDrawable.kt, /Users/hasanraza/Desktop/kotatsu/Nyora/nyora-android/app/src/main/kotlin/com/nyora/hasan72341/core/ui/image/ThumbnailTransformation.kt, /Users/hasanraza/Desktop/kotatsu/Nyora/nyora-android/app/src/main/kotlin/com/nyora/hasan72341/core/ui/image/FaviconView.kt, /Users/hasanraza/Desktop/kotatsu/Nyora/nyora-android/app/src/main/kotlin/com/nyora/hasan72341/core/ui/image/CoilImageGetter.kt, /Users/hasanraza/Desktop/kotatsu/Nyora/nyora-android/app/src/main/kotlin/com/nyora/hasan72341/core/ui/image/TextViewTarget.kt, /Users/hasanraza/Desktop/kotatsu/Nyora/nyora-android/app/src/main/kotlin/com/nyora/hasan72341/core/ui/image/ChipIconTarget.kt, /Users/hasanraza/Desktop/kotatsu/Nyora/nyora-android/app/src/main/kotlin/com/nyora/hasan72341/core/ui/image/PaintDrawable.kt, /Users/hasanraza/Desktop/kotatsu/Nyora/nyora-android/app/src/main/kotlin/com/nyora/hasan72341/core/ui/image/TrimTransformation.kt, /Users/hasanraza/Desktop/kotatsu/Nyora/nyora-android/app/src/main/kotlin/com/nyora/hasan72341/core/ui/image/AnimatedPlaceholderDrawable.kt, /Users/hasanraza/Desktop/kotatsu/Nyora/nyora-android/app/src/main/kotlin/com/nyora/hasan72341/core/ui/dialog/BigButtonsAlertDialog.kt, /Users/hasanraza/Desktop/kotatsu/Nyora/nyora-android/app/src/main/kotlin/com/nyora/hasan72341/core/ui/dialog/RememberCheckListener.kt, /Users/hasanraza/Desktop/kotatsu/Nyora/nyora-android/app/src/main/kotlin/com/nyora/hasan72341/core/ui/dialog/AlertDialogs.kt, /Users/hasanraza/Desktop/kotatsu/Nyora/nyora-android/app/src/main/kotlin/com/nyora/hasan72341/core/ui/dialog/RememberSelectionDialogListener.kt, /Users/hasanraza/Desktop/kotatsu/Nyora/nyora-android/app/src/main/kotlin/com/nyora/hasan72341/core/ui/dialog/ErrorDetailsDialog.kt, /Users/hasanraza/Desktop/kotatsu/Nyora/nyora-android/app/src/main/kotlin/com/nyora/hasan72341/core/ui/BaseAppWidgetProvider.kt, /Users/hasanraza/Desktop/kotatsu/Nyora/nyora-android/app/src/main/kotlin/com/nyora/hasan72341/core/ui/ReorderableListAdapter.kt, /Users/hasanraza/Desktop/kotatsu/Nyora/nyora-android/app/src/main/kotlin/com/nyora/hasan72341/core/ui/list/RecyclerScrollKeeper.kt, /Users/hasanraza/Desktop/kotatsu/Nyora/nyora-android/app/src/main/kotlin/com/nyora/hasan72341/core/ui/list/SectionedSelectionController.kt, /Users/hasanraza/Desktop/kotatsu/Nyora/nyora-android/app/src/main/kotlin/com/nyora/hasan72341/core/ui/list/FitHeightGridLayoutManager.kt, /Users/hasanraza/Desktop/kotatsu/Nyora/nyora-android/app/src/main/kotlin/com/nyora/hasan72341/core/ui/list/ListSelectionController.kt, /Users/hasanraza/Desktop/kotatsu/Nyora/nyora-android/app/src/main/kotlin/com/nyora/hasan72341/core/ui/list/lifecycle/LifecycleAwareViewHolder.kt, /Users/hasanraza/Desktop/kotatsu/Nyora/nyora-android/app/src/main/kotlin/com/nyora/hasan72341/core/ui/list/lifecycle/PagerLifecycleDispatcher.kt, /Users/hasanraza/Desktop/kotatsu/Nyora/nyora-android/app/src/main/kotlin/com/nyora/hasan72341/core/ui/list/lifecycle/RecyclerViewLifecycleDispatcher.kt, /Users/hasanraza/Desktop/kotatsu/Nyora/nyora-android/app/src/main/kotlin/com/nyora/hasan72341/core/ui/list/BaseListSelectionCallback.kt, /Users/hasanraza/Desktop/kotatsu/Nyora/nyora-android/app/src/main/kotlin/com/nyora/hasan72341/core/ui/list/OnTipCloseListener.kt, /Users/hasanraza/Desktop/kotatsu/Nyora/nyora-android/app/src/main/kotlin/com/nyora/hasan72341/core/ui/list/FitHeightLinearLayoutManager.kt, /Users/hasanraza/Desktop/kotatsu/Nyora/nyora-android/app/src/main/kotlin/com/nyora/hasan72341/core/ui/list/BoundsScrollListener.kt, /Users/hasanraza/Desktop/kotatsu/Nyora/nyora-android/app/src/main/kotlin/com/nyora/hasan72341/core/ui/list/AdapterDelegateClickListenerAdapter.kt, /Users/hasanraza/Desktop/kotatsu/Nyora/nyora-android/app/src/main/kotlin/com/nyora/hasan72341/core/ui/list/PaginationScrollListener.kt, /Users/hasanraza/Desktop/kotatsu/Nyora/nyora-android/app/src/main/kotlin/com/nyora/hasan72341/core/ui/list/fastscroll/FastScroller.kt, /Users/hasanraza/Desktop/kotatsu/Nyora/nyora-android/app/src/main/kotlin/com/nyora/hasan72341/core/ui/list/fastscroll/BubbleAnimator.kt, /Users/hasanraza/Desktop/kotatsu/Nyora/nyora-android/app/src/main/kotlin/com/nyora/hasan72341/core/ui/list/fastscroll/ScrollbarAnimator.kt, /Users/hasanraza/Desktop/kotatsu/Nyora/nyora-android/app/src/main/kotlin/com/nyora/hasan72341/core/ui/list/fastscroll/FastScrollRecyclerView.kt, /Users/hasanraza/Desktop/kotatsu/Nyora/nyora-android/app/src/main/kotlin/com/nyora/hasan72341/core/ui/list/decor/AbstractSelectionItemDecoration.kt, /Users/hasanraza/Desktop/kotatsu/Nyora/nyora-android/app/src/main/kotlin/com/nyora/hasan72341/core/ui/list/decor/SpacingItemDecoration.kt, /Users/hasanraza/Desktop/kotatsu/Nyora/nyora-android/app/src/main/kotlin/com/nyora/hasan72341/core/ui/list/OnListItemClickListener.kt, /Users/hasanraza/Desktop/kotatsu/Nyora/nyora-android/app/src/main/kotlin/com/nyora/hasan72341/core/ui/model/MangaOverride.kt, /Users/hasanraza/Desktop/kotatsu/Nyora/nyora-android/app/src/main/kotlin/com/nyora/hasan72341/core/ui/model/SortOrder.kt, /Users/hasanraza/Desktop/kotatsu/Nyora/nyora-android/app/src/main/kotlin/com/nyora/hasan72341/core/ui/model/DateTimeAgo.kt, /Users/hasanraza/Desktop/kotatsu/Nyora/nyora-android/app/src/main/kotlin/com/nyora/hasan72341/core/ui/BaseFragment.kt, /Users/hasanraza/Desktop/kotatsu/Nyora/nyora-android/app/src/main/kotlin/com/nyora/hasan72341/core/ui/FragmentContainerActivity.kt, /Users/hasanraza/Desktop/kotatsu/Nyora/nyora-android/app/src/main/kotlin/com/nyora/hasan72341/core/ui/haptic/HapticHelper.kt, /Users/hasanraza/Desktop/kotatsu/Nyora/nyora-android/app/src/main/kotlin/com/nyora/hasan72341/core/ui/BaseFullscreenActivity.kt, /Users/hasanraza/Desktop/kotatsu/Nyora/nyora-android/app/src/main/kotlin/com/nyora/hasan72341/core/ui/sheet/BottomSheetCollapseCallback.kt, /Users/hasanraza/Desktop/kotatsu/Nyora/nyora-android/app/src/main/kotlin/com/nyora/hasan72341/core/ui/sheet/AdaptiveSheetBehavior.kt, /Users/hasanraza/Desktop/kotatsu/Nyora/nyora-android/app/src/main/kotlin/com/nyora/hasan72341/core/ui/sheet/AdaptiveSheetCallback.kt, /Users/hasanraza/Desktop/kotatsu/Nyora/nyora-android/app/src/main/kotlin/com/nyora/hasan72341/core/ui/sheet/BaseAdaptiveSheet.kt, /Users/hasanraza/Desktop/kotatsu/Nyora/nyora-android/app/src/main/kotlin/com/nyora/hasan72341/core/ui/sheet/AdaptiveSheetHeaderBar.kt, /Users/hasanraza/Desktop/kotatsu/Nyora/nyora-android/app/src/main/kotlin/com/nyora/hasan72341/core/ui/AlertDialogFragment.kt, /Users/hasanraza/Desktop/kotatsu/Nyora/nyora-android/app/src/main/kotlin/com/nyora/hasan72341/core/ui/widgets/CubicSlider.kt, /Users/hasanraza/Desktop/kotatsu/Nyora/nyora-android/app/src/main/kotlin/com/nyora/hasan72341/core/ui/widgets/NestedRecyclerView.kt, /Users/hasanraza/Desktop/kotatsu/Nyora/nyora-android/app/src/main/kotlin/com/nyora/hasan72341/core/ui/widgets/SlidingBottomNavigationView.kt, /Users/hasanraza/Desktop/kotatsu/Nyora/nyora-android/app/src/main/kotlin/com/nyora/hasan72341/core/ui/widgets/ZoomControl.kt, /Users/hasanraza/Desktop/kotatsu/Nyora/nyora-android/app/src/main/kotlin/com/nyora/hasan72341/core/ui/widgets/SelectableTextView.kt, /Users/hasanraza/Desktop/kotatsu/Nyora/nyora-android/app/src/main/kotlin/com/nyora/hasan72341/core/ui/widgets/ListItemTextView.kt, /Users/hasanraza/Desktop/kotatsu/Nyora/nyora-android/app/src/main/kotlin/com/nyora/hasan72341/core/ui/widgets/TipView.kt, /Users/hasanraza/Desktop/kotatsu/Nyora/nyora-android/app/src/main/kotlin/com/nyora/hasan72341/core/ui/widgets/IconsView.kt, /Users/hasanraza/Desktop/kotatsu/Nyora/nyora-android/app/src/main/kotlin/com/nyora/hasan72341/core/ui/widgets/CheckableImageButton.kt, /Users/hasanraza/Desktop/kotatsu/Nyora/nyora-android/app/src/main/kotlin/com/nyora/hasan72341/core/ui/widgets/MultilineEllipsizeTextView.kt, /Users/hasanraza/Desktop/kotatsu/Nyora/nyora-android/app/src/main/kotlin/com/nyora/hasan72341/core/ui/widgets/HideBottomNavigationOnScrollBehavior.kt, /Users/hasanraza/Desktop/kotatsu/Nyora/nyora-android/app/src/main/kotlin/com/nyora/hasan72341/core/ui/widgets/ShapeView.kt, /Users/hasanraza/Desktop/kotatsu/Nyora/nyora-android/app/src/main/kotlin/com/nyora/hasan72341/core/ui/widgets/DotsIndicator.kt, /Users/hasanraza/Desktop/kotatsu/Nyora/nyora-android/app/src/main/kotlin/com/nyora/hasan72341/core/ui/widgets/TouchBlockLayout.kt, /Users/hasanraza/Desktop/kotatsu/Nyora/nyora-android/app/src/main/kotlin/com/nyora/hasan72341/core/ui/widgets/ChipsView.kt, /Users/hasanraza/Desktop/kotatsu/Nyora/nyora-android/app/src/main/kotlin/com/nyora/hasan72341/core/ui/widgets/StackLayout.kt, /Users/hasanraza/Desktop/kotatsu/Nyora/nyora-android/app/src/main/kotlin/com/nyora/hasan72341/core/ui/widgets/TwoLinesItemView.kt, /Users/hasanraza/Desktop/kotatsu/Nyora/nyora-android/app/src/main/kotlin/com/nyora/hasan72341/core/ui/widgets/SegmentedBarView.kt, /Users/hasanraza/Desktop/kotatsu/Nyora/nyora-android/app/src/main/kotlin/com/nyora/hasan72341/core/ui/widgets/CheckableImageView.kt, /Users/hasanraza/Desktop/kotatsu/Nyora/nyora-android/app/src/main/kotlin/com/nyora/hasan72341/core/ui/widgets/BadgeView.kt, /Users/hasanraza/Desktop/kotatsu/Nyora/nyora-android/app/src/main/kotlin/com/nyora/hasan72341/core/ui/widgets/WindowInsetHolder.kt, /Users/hasanraza/Desktop/kotatsu/Nyora/nyora-android/app/src/main/kotlin/com/nyora/hasan72341/core/AppModule.kt, /Users/hasanraza/Desktop/kotatsu/Nyora/nyora-android/app/src/main/kotlin/com/nyora/hasan72341/core/cache/ExpiringValue.kt, /Users/hasanraza/Desktop/kotatsu/Nyora/nyora-android/app/src/main/kotlin/com/nyora/hasan72341/core/cache/ExpiringLruCache.kt, /Users/hasanraza/Desktop/kotatsu/Nyora/nyora-android/app/src/main/kotlin/com/nyora/hasan72341/core/cache/MemoryContentCache.kt, /Users/hasanraza/Desktop/kotatsu/Nyora/nyora-android/app/src/main/kotlin/com/nyora/hasan72341/core/cache/SafeDeferred.kt, /Users/hasanraza/Desktop/kotatsu/Nyora/nyora-android/app/src/main/kotlin/com/nyora/hasan72341/core/util/AlphanumComparator.kt, /Users/hasanraza/Desktop/kotatsu/Nyora/nyora-android/app/src/main/kotlin/com/nyora/hasan72341/core/util/LocaleUtils.kt, /Users/hasanraza/Desktop/kotatsu/Nyora/nyora-android/app/src/main/kotlin/com/nyora/hasan72341/core/util/ShareHelper.kt, /Users/hasanraza/Desktop/kotatsu/Nyora/nyora-android/app/src/main/kotlin/com/nyora/hasan72341/core/util/ContinuationResumeRunnable.kt, /Users/hasanraza/Desktop/kotatsu/Nyora/nyora-android/app/src/main/kotlin/com/nyora/hasan72341/core/util/progress/ImageRequestIndicatorListener.kt, /Users/hasanraza/Desktop/kotatsu/Nyora/nyora-android/app/src/main/kotlin/com/nyora/hasan72341/core/util/progress/RealtimeEtaEstimator.kt, /Users/hasanraza/Desktop/kotatsu/Nyora/nyora-android/app/src/main/kotlin/com/nyora/hasan72341/core/util/progress/Progress.kt, /Users/hasanraza/Desktop/kotatsu/Nyora/nyora-android/app/src/main/kotlin/com/nyora/hasan72341/core/util/progress/IntPercentLabelFormatter.kt, /Users/hasanraza/Desktop/kotatsu/Nyora/nyora-android/app/src/main/kotlin/com/nyora/hasan72341/core/util/progress/ProgressResponseBody.kt, /Users/hasanraza/Desktop/kotatsu/Nyora/nyora-android/app/src/main/kotlin/com/nyora/hasan72341/core/util/progress/ProgressDeferred.kt, /Users/hasanraza/Desktop/kotatsu/Nyora/nyora-android/app/src/main/kotlin/com/nyora/hasan72341/core/util/NyoraColors.kt, /Users/hasanraza/Desktop/kotatsu/Nyora/nyora-android/app/src/main/kotlin/com/nyora/hasan72341/core/util/ext/Http.kt, /Users/hasanraza/Desktop/kotatsu/Nyora/nyora-android/app/src/main/kotlin/com/nyora/hasan72341/core/util/ext/Uri.kt, /Users/hasanraza/Desktop/kotatsu/Nyora/nyora-android/app/src/main/kotlin/com/nyora/hasan72341/core/util/ext/Resources.kt, /Users/hasanraza/Desktop/kotatsu/Nyora/nyora-android/app/src/main/kotlin/com/nyora/hasan72341/core/util/ext/EventFlow.kt, /Users/hasanraza/Desktop/kotatsu/Nyora/nyora-android/app/src/main/kotlin/com/nyora/hasan72341/core/util/ext/ViewModel.kt, /Users/hasanraza/Desktop/kotatsu/Nyora/nyora-android/app/src/main/kotlin/com/nyora/hasan72341/core/util/ext/Android.kt, /Users/hasanraza/Desktop/kotatsu/Nyora/nyora-android/app/src/main/kotlin/com/nyora/hasan72341/core/util/ext/Fragment.kt, /Users/hasanraza/Desktop/kotatsu/Nyora/nyora-android/app/src/main/kotlin/com/nyora/hasan72341/core/util/ext/Primitive.kt, /Users/hasanraza/Desktop/kotatsu/Nyora/nyora-android/app/src/main/kotlin/com/nyora/hasan72341/core/util/ext/Collections.kt, /Users/hasanraza/Desktop/kotatsu/Nyora/nyora-android/app/src/main/kotlin/com/nyora/hasan72341/core/util/ext/File.kt, /Users/hasanraza/Desktop/kotatsu/Nyora/nyora-android/app/src/main/kotlin/com/nyora/hasan72341/core/util/ext/View.kt, /Users/hasanraza/Desktop/kotatsu/Nyora/nyora-android/app/src/main/kotlin/com/nyora/hasan72341/core/util/ext/Toolbar.kt, /Users/hasanraza/Desktop/kotatsu/Nyora/nyora-android/app/src/main/kotlin/com/nyora/hasan72341/core/util/ext/RecyclerView.kt, /Users/hasanraza/Desktop/kotatsu/Nyora/nyora-android/app/src/main/kotlin/com/nyora/hasan72341/core/util/ext/Date.kt, /Users/hasanraza/Desktop/kotatsu/Nyora/nyora-android/app/src/main/kotlin/com/nyora/hasan72341/core/util/ext/WorkManager.kt, /Users/hasanraza/Desktop/kotatsu/Nyora/nyora-android/app/src/main/kotlin/com/nyora/hasan72341/core/util/ext/Cursor.kt, /Users/hasanraza/Desktop/kotatsu/Nyora/nyora-android/app/src/main/kotlin/com/nyora/hasan72341/core/util/ext/String.kt, /Users/hasanraza/Desktop/kotatsu/Nyora/nyora-android/app/src/main/kotlin/com/nyora/hasan72341/core/util/ext/Coroutines.kt, /Users/hasanraza/Desktop/kotatsu/Nyora/nyora-android/app/src/main/kotlin/com/nyora/hasan72341/core/util/ext/Throwable.kt, /Users/hasanraza/Desktop/kotatsu/Nyora/nyora-android/app/src/main/kotlin/com/nyora/hasan72341/core/util/ext/FlowObserver.kt, /Users/hasanraza/Desktop/kotatsu/Nyora/nyora-android/app/src/main/kotlin/com/nyora/hasan72341/core/util/ext/Coil.kt, /Users/hasanraza/Desktop/kotatsu/Nyora/nyora-android/app/src/main/kotlin/com/nyora/hasan72341/core/util/ext/Theme.kt, /Users/hasanraza/Desktop/kotatsu/Nyora/nyora-android/app/src/main/kotlin/com/nyora/hasan72341/core/util/ext/Graphics.kt, /Users/hasanraza/Desktop/kotatsu/Nyora/nyora-android/app/src/main/kotlin/com/nyora/hasan72341/core/util/ext/Bundle.kt, /Users/hasanraza/Desktop/kotatsu/Nyora/nyora-android/app/src/main/kotlin/com/nyora/hasan72341/core/util/ext/LocaleList.kt, /Users/hasanraza/Desktop/kotatsu/Nyora/nyora-android/app/src/main/kotlin/com/nyora/hasan72341/core/util/ext/Other.kt, /Users/hasanraza/Desktop/kotatsu/Nyora/nyora-android/app/src/main/kotlin/com/nyora/hasan72341/core/util/ext/Flow.kt, /Users/hasanraza/Desktop/kotatsu/Nyora/nyora-android/app/src/main/kotlin/com/nyora/hasan72341/core/util/ext/ContentResolver.kt, /Users/hasanraza/Desktop/kotatsu/Nyora/nyora-android/app/src/main/kotlin/com/nyora/hasan72341/core/util/ext/TextView.kt, /Users/hasanraza/Desktop/kotatsu/Nyora/nyora-android/app/src/main/kotlin/com/nyora/hasan72341/core/util/ext/Preferences.kt, /Users/hasanraza/Desktop/kotatsu/Nyora/nyora-android/app/src/main/kotlin/com/nyora/hasan72341/core/util/ext/Insets.kt, /Users/hasanraza/Desktop/kotatsu/Nyora/nyora-android/app/src/main/kotlin/com/nyora/hasan72341/core/util/ext/MimeType.kt, /Users/hasanraza/Desktop/kotatsu/Nyora/nyora-android/app/src/main/kotlin/com/nyora/hasan72341/core/util/ext/IO.kt, /Users/hasanraza/Desktop/kotatsu/Nyora/nyora-android/app/src/main/kotlin/com/nyora/hasan72341/core/util/CompositeResult.kt, /Users/hasanraza/Desktop/kotatsu/Nyora/nyora-android/app/src/main/kotlin/com/nyora/hasan72341/core/util/IdlingDetector.kt, /Users/hasanraza/Desktop/kotatsu/Nyora/nyora-android/app/src/main/kotlin/com/nyora/hasan72341/core/util/iterator/MappingIterator.kt, /Users/hasanraza/Desktop/kotatsu/Nyora/nyora-android/app/src/main/kotlin/com/nyora/hasan72341/core/util/LocaleStringComparator.kt, /Users/hasanraza/Desktop/kotatsu/Nyora/nyora-android/app/src/main/kotlin/com/nyora/hasan72341/core/util/AcraCoroutineErrorHandler.kt, /Users/hasanraza/Desktop/kotatsu/Nyora/nyora-android/app/src/main/kotlin/com/nyora/hasan72341/core/util/Event.kt, /Users/hasanraza/Desktop/kotatsu/Nyora/nyora-android/app/src/main/kotlin/com/nyora/hasan72341/core/util/Throttler.kt, /Users/hasanraza/Desktop/kotatsu/Nyora/nyora-android/app/src/main/kotlin/com/nyora/hasan72341/core/util/CancellableSource.kt, /Users/hasanraza/Desktop/kotatsu/Nyora/nyora-android/app/src/main/kotlin/com/nyora/hasan72341/core/util/MediatorStateFlow.kt, /Users/hasanraza/Desktop/kotatsu/Nyora/nyora-android/app/src/main/kotlin/com/nyora/hasan72341/core/util/MultiMutex.kt, /Users/hasanraza/Desktop/kotatsu/Nyora/nyora-android/app/src/main/kotlin/com/nyora/hasan72341/core/util/CloseableSequence.kt, /Users/hasanraza/Desktop/kotatsu/Nyora/nyora-android/app/src/main/kotlin/com/nyora/hasan72341/core/util/RecyclerViewScrollCallback.kt, /Users/hasanraza/Desktop/kotatsu/Nyora/nyora-android/app/src/main/kotlin/com/nyora/hasan72341/core/util/LocaleComparator.kt, /Users/hasanraza/Desktop/kotatsu/Nyora/nyora-android/app/src/main/kotlin/com/nyora/hasan72341/core/util/SynchronizedSieveCache.kt, /Users/hasanraza/Desktop/kotatsu/Nyora/nyora-android/app/src/main/kotlin/com/nyora/hasan72341/core/util/EditTextValidator.kt, /Users/hasanraza/Desktop/kotatsu/Nyora/nyora-android/app/src/main/kotlin/com/nyora/hasan72341/core/util/MimeTypes.kt, /Users/hasanraza/Desktop/kotatsu/Nyora/nyora-android/app/src/main/kotlin/com/nyora/hasan72341/core/util/ViewBadge.kt, /Users/hasanraza/Desktop/kotatsu/Nyora/nyora-android/app/src/main/kotlin/com/nyora/hasan72341/core/util/AcraScreenLogger.kt, /Users/hasanraza/Desktop/kotatsu/Nyora/nyora-android/app/src/main/kotlin/com/nyora/hasan72341/core/util/FileSize.kt, /Users/hasanraza/Desktop/kotatsu/Nyora/nyora-android/app/src/main/kotlin/com/nyora/hasan72341/core/util/RetainedLifecycleCoroutineScope.kt, /Users/hasanraza/Desktop/kotatsu/Nyora/nyora-android/app/src/main/kotlin/com/nyora/hasan72341/core/SourcePatches.kt, /Users/hasanraza/Desktop/kotatsu/Nyora/nyora-android/app/src/main/kotlin/com/nyora/hasan72341/core/network/RateLimitInterceptor.kt, /Users/hasanraza/Desktop/kotatsu/Nyora/nyora-android/app/src/main/kotlin/com/nyora/hasan72341/core/network/proxy/ProxyProvider.kt, /Users/hasanraza/Desktop/kotatsu/Nyora/nyora-android/app/src/main/kotlin/com/nyora/hasan72341/core/network/CommonHeadersInterceptor.kt, /Users/hasanraza/Desktop/kotatsu/Nyora/nyora-android/app/src/main/kotlin/com/nyora/hasan72341/core/network/imageproxy/RealImageProxyInterceptor.kt, /Users/hasanraza/Desktop/kotatsu/Nyora/nyora-android/app/src/main/kotlin/com/nyora/hasan72341/core/network/imageproxy/WsrvNlProxyInterceptor.kt, /Users/hasanraza/Desktop/kotatsu/Nyora/nyora-android/app/src/main/kotlin/com/nyora/hasan72341/core/network/imageproxy/ZeroMsProxyInterceptor.kt, /Users/hasanraza/Desktop/kotatsu/Nyora/nyora-android/app/src/main/kotlin/com/nyora/hasan72341/core/network/imageproxy/ImageProxyInterceptor.kt, /Users/hasanraza/Desktop/kotatsu/Nyora/nyora-android/app/src/main/kotlin/com/nyora/hasan72341/core/network/imageproxy/BaseImageProxyInterceptor.kt, /Users/hasanraza/Desktop/kotatsu/Nyora/nyora-android/app/src/main/kotlin/com/nyora/hasan72341/core/network/SSLUtils.kt, /Users/hasanraza/Desktop/kotatsu/Nyora/nyora-android/app/src/main/kotlin/com/nyora/hasan72341/core/network/webview/ContinuationResumeWebViewClient.kt, /Users/hasanraza/Desktop/kotatsu/Nyora/nyora-android/app/src/main/kotlin/com/nyora/hasan72341/core/network/webview/adblock/RulesList.kt, /Users/hasanraza/Desktop/kotatsu/Nyora/nyora-android/app/src/main/kotlin/com/nyora/hasan72341/core/network/webview/adblock/CSSRuleBuilder.kt, /Users/hasanraza/Desktop/kotatsu/Nyora/nyora-android/app/src/main/kotlin/com/nyora/hasan72341/core/network/webview/adblock/Rule.kt, /Users/hasanraza/Desktop/kotatsu/Nyora/nyora-android/app/src/main/kotlin/com/nyora/hasan72341/core/network/webview/adblock/AdBlock.kt, /Users/hasanraza/Desktop/kotatsu/Nyora/nyora-android/app/src/main/kotlin/com/nyora/hasan72341/core/network/webview/IntercptedRequest.kt, /Users/hasanraza/Desktop/kotatsu/Nyora/nyora-android/app/src/main/kotlin/com/nyora/hasan72341/core/network/webview/RequestInterceptorWebViewClient.kt, /Users/hasanraza/Desktop/kotatsu/Nyora/nyora-android/app/src/main/kotlin/com/nyora/hasan72341/core/network/webview/WebViewRequestInterceptorExecutor.kt, /Users/hasanraza/Desktop/kotatsu/Nyora/nyora-android/app/src/main/kotlin/com/nyora/hasan72341/core/network/webview/WebViewExecutor.kt, /Users/hasanraza/Desktop/kotatsu/Nyora/nyora-android/app/src/main/kotlin/com/nyora/hasan72341/core/network/webview/CaptchaContinuationClient.kt, /Users/hasanraza/Desktop/kotatsu/Nyora/nyora-android/app/src/main/kotlin/com/nyora/hasan72341/core/network/CommonHeaders.kt, /Users/hasanraza/Desktop/kotatsu/Nyora/nyora-android/app/src/main/kotlin/com/nyora/hasan72341/core/network/NetworkModule.kt, /Users/hasanraza/Desktop/kotatsu/Nyora/nyora-android/app/src/main/kotlin/com/nyora/hasan72341/core/network/GZipInterceptor.kt, /Users/hasanraza/Desktop/kotatsu/Nyora/nyora-android/app/src/main/kotlin/com/nyora/hasan72341/core/network/CloudFlareInterceptor.kt, /Users/hasanraza/Desktop/kotatsu/Nyora/nyora-android/app/src/main/kotlin/com/nyora/hasan72341/core/network/CacheLimitInterceptor.kt, /Users/hasanraza/Desktop/kotatsu/Nyora/nyora-android/app/src/main/kotlin/com/nyora/hasan72341/core/network/HttpClients.kt, /Users/hasanraza/Desktop/kotatsu/Nyora/nyora-android/app/src/main/kotlin/com/nyora/hasan72341/core/network/DoHProvider.kt, /Users/hasanraza/Desktop/kotatsu/Nyora/nyora-android/app/src/main/kotlin/com/nyora/hasan72341/core/network/DoHManager.kt, /Users/hasanraza/Desktop/kotatsu/Nyora/nyora-android/app/src/main/kotlin/com/nyora/hasan72341/core/network/cookies/PreferencesCookieJar.kt, /Users/hasanraza/Desktop/kotatsu/Nyora/nyora-android/app/src/main/kotlin/com/nyora/hasan72341/core/network/cookies/AndroidCookieJar.kt, /Users/hasanraza/Desktop/kotatsu/Nyora/nyora-android/app/src/main/kotlin/com/nyora/hasan72341/core/network/cookies/MutableCookieJar.kt, /Users/hasanraza/Desktop/kotatsu/Nyora/nyora-android/app/src/main/kotlin/com/nyora/hasan72341/core/network/cookies/CookieWrapper.kt, /Users/hasanraza/Desktop/kotatsu/Nyora/nyora-android/app/src/main/kotlin/com/nyora/hasan72341/core/io/NullOutputStream.kt, /Users/hasanraza/Desktop/kotatsu/Nyora/nyora-android/app/src/main/kotlin/com/nyora/hasan72341/core/parser/MangaLoaderContextImpl.kt, /Users/hasanraza/Desktop/kotatsu/Nyora/nyora-android/app/src/main/kotlin/com/nyora/hasan72341/core/parser/MangaRepository.kt, /Users/hasanraza/Desktop/kotatsu/Nyora/nyora-android/app/src/main/kotlin/com/nyora/hasan72341/core/parser/ParserMangaRepository.kt, /Users/hasanraza/Desktop/kotatsu/Nyora/nyora-android/app/src/main/kotlin/com/nyora/hasan72341/core/parser/favicon/FaviconFetcher.kt, /Users/hasanraza/Desktop/kotatsu/Nyora/nyora-android/app/src/main/kotlin/com/nyora/hasan72341/core/parser/favicon/FaviconUri.kt, /Users/hasanraza/Desktop/kotatsu/Nyora/nyora-android/app/src/main/kotlin/com/nyora/hasan72341/core/parser/MangaLinkResolver.kt, /Users/hasanraza/Desktop/kotatsu/Nyora/nyora-android/app/src/main/kotlin/com/nyora/hasan72341/core/parser/EmptyMangaRepository.kt, /Users/hasanraza/Desktop/kotatsu/Nyora/nyora-android/app/src/main/kotlin/com/nyora/hasan72341/core/parser/BitmapWrapper.kt, /Users/hasanraza/Desktop/kotatsu/Nyora/nyora-android/app/src/main/kotlin/com/nyora/hasan72341/core/parser/MangaDataRepository.kt, /Users/hasanraza/Desktop/kotatsu/Nyora/nyora-android/app/src/main/kotlin/com/nyora/hasan72341/core/parser/MirrorSwitcher.kt, /Users/hasanraza/Desktop/kotatsu/Nyora/nyora-android/app/src/main/kotlin/com/nyora/hasan72341/core/parser/external/ExternalPluginCursor.kt, /Users/hasanraza/Desktop/kotatsu/Nyora/nyora-android/app/src/main/kotlin/com/nyora/hasan72341/core/parser/external/ExternalPluginContentSource.kt, /Users/hasanraza/Desktop/kotatsu/Nyora/nyora-android/app/src/main/kotlin/com/nyora/hasan72341/core/parser/external/ExternalMangaRepository.kt, /Users/hasanraza/Desktop/kotatsu/Nyora/nyora-android/app/src/main/kotlin/com/nyora/hasan72341/core/parser/external/ExternalMangaSource.kt, /Users/hasanraza/Desktop/kotatsu/Nyora/nyora-android/app/src/main/kotlin/com/nyora/hasan72341/core/parser/CachingMangaRepository.kt, /Users/hasanraza/Desktop/kotatsu/Nyora/nyora-android/app/src/main/kotlin/com/nyora/hasan72341/core/exceptions/CloudFlareProtectedException.kt, /Users/hasanraza/Desktop/kotatsu/Nyora/nyora-android/app/src/main/kotlin/com/nyora/hasan72341/core/exceptions/SyncApiException.kt, /Users/hasanraza/Desktop/kotatsu/Nyora/nyora-android/app/src/main/kotlin/com/nyora/hasan72341/core/exceptions/resolve/SnackbarErrorObserver.kt, /Users/hasanraza/Desktop/kotatsu/Nyora/nyora-android/app/src/main/kotlin/com/nyora/hasan72341/core/exceptions/resolve/DialogErrorObserver.kt, /Users/hasanraza/Desktop/kotatsu/Nyora/nyora-android/app/src/main/kotlin/com/nyora/hasan72341/core/exceptions/resolve/ToastErrorObserver.kt, /Users/hasanraza/Desktop/kotatsu/Nyora/nyora-android/app/src/main/kotlin/com/nyora/hasan72341/core/exceptions/resolve/ErrorObserver.kt, /Users/hasanraza/Desktop/kotatsu/Nyora/nyora-android/app/src/main/kotlin/com/nyora/hasan72341/core/exceptions/resolve/CaptchaHandler.kt, /Users/hasanraza/Desktop/kotatsu/Nyora/nyora-android/app/src/main/kotlin/com/nyora/hasan72341/core/exceptions/resolve/ExceptionResolver.kt, /Users/hasanraza/Desktop/kotatsu/Nyora/nyora-android/app/src/main/kotlin/com/nyora/hasan72341/core/exceptions/NonFileUriException.kt, /Users/hasanraza/Desktop/kotatsu/Nyora/nyora-android/app/src/main/kotlin/com/nyora/hasan72341/core/exceptions/WrapperIOException.kt, /Users/hasanraza/Desktop/kotatsu/Nyora/nyora-android/app/src/main/kotlin/com/nyora/hasan72341/core/exceptions/WrongPasswordException.kt, /Users/hasanraza/Desktop/kotatsu/Nyora/nyora-android/app/src/main/kotlin/com/nyora/hasan72341/core/exceptions/EmptyHistoryException.kt, /Users/hasanraza/Desktop/kotatsu/Nyora/nyora-android/app/src/main/kotlin/com/nyora/hasan72341/core/exceptions/CloudFlareException.kt, /Users/hasanraza/Desktop/kotatsu/Nyora/nyora-android/app/src/main/kotlin/com/nyora/hasan72341/core/exceptions/UnsupportedFileException.kt, /Users/hasanraza/Desktop/kotatsu/Nyora/nyora-android/app/src/main/kotlin/com/nyora/hasan72341/core/exceptions/ProxyConfigException.kt, /Users/hasanraza/Desktop/kotatsu/Nyora/nyora-android/app/src/main/kotlin/com/nyora/hasan72341/core/exceptions/IncompatiblePluginException.kt, /Users/hasanraza/Desktop/kotatsu/Nyora/nyora-android/app/src/main/kotlin/com/nyora/hasan72341/core/exceptions/NoDataReceivedException.kt, /Users/hasanraza/Desktop/kotatsu/Nyora/nyora-android/app/src/main/kotlin/com/nyora/hasan72341/core/exceptions/CaughtException.kt, /Users/hasanraza/Desktop/kotatsu/Nyora/nyora-android/app/src/main/kotlin/com/nyora/hasan72341/core/exceptions/UnsupportedSourceException.kt, /Users/hasanraza/Desktop/kotatsu/Nyora/nyora-android/app/src/main/kotlin/com/nyora/hasan72341/core/exceptions/CloudFlareBlockedException.kt, /Users/hasanraza/Desktop/kotatsu/Nyora/nyora-android/app/src/main/kotlin/com/nyora/hasan72341/core/exceptions/InteractiveActionRequiredException.kt, /Users/hasanraza/Desktop/kotatsu/Nyora/nyora-android/app/src/main/kotlin/com/nyora/hasan72341/core/exceptions/EmptyMangaException.kt, /Users/hasanraza/Desktop/kotatsu/Nyora/nyora-android/app/src/main/kotlin/com/nyora/hasan72341/core/exceptions/BadBackupFormatException.kt, /Users/hasanraza/Desktop/kotatsu/Nyora/nyora-android/app/src/main/kotlin/com/nyora/hasan72341/core/image/CoilImageView.kt, /Users/hasanraza/Desktop/kotatsu/Nyora/nyora-android/app/src/main/kotlin/com/nyora/hasan72341/core/image/RegionBitmapDecoder.kt, /Users/hasanraza/Desktop/kotatsu/Nyora/nyora-android/app/src/main/kotlin/com/nyora/hasan72341/core/image/CoilMemoryCacheKey.kt, /Users/hasanraza/Desktop/kotatsu/Nyora/nyora-android/app/src/main/kotlin/com/nyora/hasan72341/core/image/MangaSourceHeaderInterceptor.kt, /Users/hasanraza/Desktop/kotatsu/Nyora/nyora-android/app/src/main/kotlin/com/nyora/hasan72341/core/image/CbzFetcher.kt, /Users/hasanraza/Desktop/kotatsu/Nyora/nyora-android/app/src/main/kotlin/com/nyora/hasan72341/core/image/BitmapDecoderCompat.kt, /Users/hasanraza/Desktop/kotatsu/Nyora/nyora-android/app/src/main/kotlin/com/nyora/hasan72341/core/image/AvifImageDecoder.kt, /Users/hasanraza/Desktop/kotatsu/Nyora/nyora-android/app/src/main/kotlin/com/nyora/hasan72341/core/zip/ZipOutput.kt, /Users/hasanraza/Desktop/kotatsu/Nyora/nyora-android/app/src/main/kotlin/com/nyora/hasan72341/core/LocalizedAppContext.kt, /Users/hasanraza/Desktop/kotatsu/Nyora/nyora-android/app/src/main/kotlin/com/nyora/hasan72341/core/github/VersionId.kt, /Users/hasanraza/Desktop/kotatsu/Nyora/nyora-android/app/src/main/kotlin/com/nyora/hasan72341/core/github/AppVersion.kt, /Users/hasanraza/Desktop/kotatsu/Nyora/nyora-android/app/src/main/kotlin/com/nyora/hasan72341/core/github/AppUpdateRepository.kt, /Users/hasanraza/Desktop/kotatsu/Nyora/nyora-android/app/src/main/kotlin/com/nyora/hasan72341/core/model/MangaSourceInfo.kt, /Users/hasanraza/Desktop/kotatsu/Nyora/nyora-android/app/src/main/kotlin/com/nyora/hasan72341/core/model/Manga.kt, /Users/hasanraza/Desktop/kotatsu/Nyora/nyora-android/app/src/main/kotlin/com/nyora/hasan72341/core/model/parcelable/ParcelableMangaListFilter.kt, /Users/hasanraza/Desktop/kotatsu/Nyora/nyora-android/app/src/main/kotlin/com/nyora/hasan72341/core/model/parcelable/ParcelableChapter.kt, /Users/hasanraza/Desktop/kotatsu/Nyora/nyora-android/app/src/main/kotlin/com/nyora/hasan72341/core/model/parcelable/MangaSourceParceler.kt, /Users/hasanraza/Desktop/kotatsu/Nyora/nyora-android/app/src/main/kotlin/com/nyora/hasan72341/core/model/parcelable/ParcelableMangaPage.kt, /Users/hasanraza/Desktop/kotatsu/Nyora/nyora-android/app/src/main/kotlin/com/nyora/hasan72341/core/model/parcelable/ParcelableManga.kt, /Users/hasanraza/Desktop/kotatsu/Nyora/nyora-android/app/src/main/kotlin/com/nyora/hasan72341/core/model/parcelable/ParcelableMangaTags.kt, /Users/hasanraza/Desktop/kotatsu/Nyora/nyora-android/app/src/main/kotlin/com/nyora/hasan72341/core/model/MangaHistory.kt, /Users/hasanraza/Desktop/kotatsu/Nyora/nyora-android/app/src/main/kotlin/com/nyora/hasan72341/core/model/GenericSortOrder.kt, /Users/hasanraza/Desktop/kotatsu/Nyora/nyora-android/app/src/main/kotlin/com/nyora/hasan72341/core/model/QuickFilter.kt, /Users/hasanraza/Desktop/kotatsu/Nyora/nyora-android/app/src/main/kotlin/com/nyora/hasan72341/core/model/MangaSourceSerializer.kt, /Users/hasanraza/Desktop/kotatsu/Nyora/nyora-android/app/src/main/kotlin/com/nyora/hasan72341/core/model/SortDirection.kt, /Users/hasanraza/Desktop/kotatsu/Nyora/nyora-android/app/src/main/kotlin/com/nyora/hasan72341/core/model/MangaSource.kt, /Users/hasanraza/Desktop/kotatsu/Nyora/nyora-android/app/src/main/kotlin/com/nyora/hasan72341/core/model/FavouriteCategory.kt, /Users/hasanraza/Desktop/kotatsu/Nyora/nyora-android/app/src/main/kotlin/com/nyora/hasan72341/core/model/ZoomMode.kt, /Users/hasanraza/Desktop/kotatsu/Nyora/nyora-android/app/src/main/kotlin/com/nyora/hasan72341/core/db/migrations/Migration21To22.kt, /Users/hasanraza/Desktop/kotatsu/Nyora/nyora-android/app/src/main/kotlin/com/nyora/hasan72341/core/db/migrations/Migration24To25.kt, /Users/hasanraza/Desktop/kotatsu/Nyora/nyora-android/app/src/main/kotlin/com/nyora/hasan72341/core/db/migrations/Migration4To5.kt, /Users/hasanraza/Desktop/kotatsu/Nyora/nyora-android/app/src/main/kotlin/com/nyora/hasan72341/core/db/migrations/Migration27To28.kt, /Users/hasanraza/Desktop/kotatsu/Nyora/nyora-android/app/src/main/kotlin/com/nyora/hasan72341/core/db/migrations/Migration15To16.kt, /Users/hasanraza/Desktop/kotatsu/Nyora/nyora-android/app/src/main/kotlin/com/nyora/hasan72341/core/db/migrations/Migration10To11.kt, /Users/hasanraza/Desktop/kotatsu/Nyora/nyora-android/app/src/main/kotlin/com/nyora/hasan72341/core/db/migrations/Migration14To15.kt, /Users/hasanraza/Desktop/kotatsu/Nyora/nyora-android/app/src/main/kotlin/com/nyora/hasan72341/core/db/migrations/Migration11To12.kt, /Users/hasanraza/Desktop/kotatsu/Nyora/nyora-android/app/src/main/kotlin/com/nyora/hasan72341/core/db/migrations/Migration30To31.kt, /Users/hasanraza/Desktop/kotatsu/Nyora/nyora-android/app/src/main/kotlin/com/nyora/hasan72341/core/db/migrations/Migration3To4.kt, /Users/hasanraza/Desktop/kotatsu/Nyora/nyora-android/app/src/main/kotlin/com/nyora/hasan72341/core/db/migrations/Migration9To10.kt, /Users/hasanraza/Desktop/kotatsu/Nyora/nyora-android/app/src/main/kotlin/com/nyora/hasan72341/core/db/migrations/Migration17To18.kt, /Users/hasanraza/Desktop/kotatsu/Nyora/nyora-android/app/src/main/kotlin/com/nyora/hasan72341/core/db/migrations/Migration8To9.kt, /Users/hasanraza/Desktop/kotatsu/Nyora/nyora-android/app/src/main/kotlin/com/nyora/hasan72341/core/db/migrations/Migration20To21.kt, /Users/hasanraza/Desktop/kotatsu/Nyora/nyora-android/app/src/main/kotlin/com/nyora/hasan72341/core/db/migrations/Migration25To26.kt, /Users/hasanraza/Desktop/kotatsu/Nyora/nyora-android/app/src/main/kotlin/com/nyora/hasan72341/core/db/migrations/Migration28To29.kt, /Users/hasanraza/Desktop/kotatsu/Nyora/nyora-android/app/src/main/kotlin/com/nyora/hasan72341/core/db/migrations/Migration1To2.kt, /Users/hasanraza/Desktop/kotatsu/Nyora/nyora-android/app/src/main/kotlin/com/nyora/hasan72341/core/db/migrations/Migration22To23.kt, /Users/hasanraza/Desktop/kotatsu/Nyora/nyora-android/app/src/main/kotlin/com/nyora/hasan72341/core/db/migrations/Migration16To17.kt, /Users/hasanraza/Desktop/kotatsu/Nyora/nyora-android/app/src/main/kotlin/com/nyora/hasan72341/core/db/migrations/Migration13To14.kt, /Users/hasanraza/Desktop/kotatsu/Nyora/nyora-android/app/src/main/kotlin/com/nyora/hasan72341/core/db/migrations/Migration29To30.kt, /Users/hasanraza/Desktop/kotatsu/Nyora/nyora-android/app/src/main/kotlin/com/nyora/hasan72341/core/db/migrations/Migration5To6.kt, /Users/hasanraza/Desktop/kotatsu/Nyora/nyora-android/app/src/main/kotlin/com/nyora/hasan72341/core/db/migrations/Migration18To19.kt, /Users/hasanraza/Desktop/kotatsu/Nyora/nyora-android/app/src/main/kotlin/com/nyora/hasan72341/core/db/migrations/Migration6To7.kt, /Users/hasanraza/Desktop/kotatsu/Nyora/nyora-android/app/src/main/kotlin/com/nyora/hasan72341/core/db/migrations/Migration24To23.kt, /Users/hasanraza/Desktop/kotatsu/Nyora/nyora-android/app/src/main/kotlin/com/nyora/hasan72341/core/db/migrations/Migration12To13.kt, /Users/hasanraza/Desktop/kotatsu/Nyora/nyora-android/app/src/main/kotlin/com/nyora/hasan72341/core/db/migrations/Migration26To27.kt, /Users/hasanraza/Desktop/kotatsu/Nyora/nyora-android/app/src/main/kotlin/com/nyora/hasan72341/core/db/migrations/Migration2To3.kt, /Users/hasanraza/Desktop/kotatsu/Nyora/nyora-android/app/src/main/kotlin/com/nyora/hasan72341/core/db/migrations/Migration19To20.kt, /Users/hasanraza/Desktop/kotatsu/Nyora/nyora-android/app/src/main/kotlin/com/nyora/hasan72341/core/db/migrations/Migration7To8.kt, /Users/hasanraza/Desktop/kotatsu/Nyora/nyora-android/app/src/main/kotlin/com/nyora/hasan72341/core/db/migrations/Migration23To24.kt, /Users/hasanraza/Desktop/kotatsu/Nyora/nyora-android/app/src/main/kotlin/com/nyora/hasan72341/core/db/Tables.kt, /Users/hasanraza/Desktop/kotatsu/Nyora/nyora-android/app/src/main/kotlin/com/nyora/hasan72341/core/db/DatabasePrePopulateCallback.kt, /Users/hasanraza/Desktop/kotatsu/Nyora/nyora-android/app/src/main/kotlin/com/nyora/hasan72341/core/db/entity/MangaSourceEntity.kt, /Users/hasanraza/Desktop/kotatsu/Nyora/nyora-android/app/src/main/kotlin/com/nyora/hasan72341/core/db/entity/MangaPrefsEntity.kt, /Users/hasanraza/Desktop/kotatsu/Nyora/nyora-android/app/src/main/kotlin/com/nyora/hasan72341/core/db/entity/MangaTagsEntity.kt, /Users/hasanraza/Desktop/kotatsu/Nyora/nyora-android/app/src/main/kotlin/com/nyora/hasan72341/core/db/entity/MangaWithTags.kt, /Users/hasanraza/Desktop/kotatsu/Nyora/nyora-android/app/src/main/kotlin/com/nyora/hasan72341/core/db/entity/ChapterEntity.kt, /Users/hasanraza/Desktop/kotatsu/Nyora/nyora-android/app/src/main/kotlin/com/nyora/hasan72341/core/db/entity/EntityMapping.kt, /Users/hasanraza/Desktop/kotatsu/Nyora/nyora-android/app/src/main/kotlin/com/nyora/hasan72341/core/db/entity/MangaEntity.kt, /Users/hasanraza/Desktop/kotatsu/Nyora/nyora-android/app/src/main/kotlin/com/nyora/hasan72341/core/db/entity/TagEntity.kt, /Users/hasanraza/Desktop/kotatsu/Nyora/nyora-android/app/src/main/kotlin/com/nyora/hasan72341/core/db/entity/ExternalExtensionRepoEntity.kt, /Users/hasanraza/Desktop/kotatsu/Nyora/nyora-android/app/src/main/kotlin/com/nyora/hasan72341/core/db/dao/MangaDao.kt, /Users/hasanraza/Desktop/kotatsu/Nyora/nyora-android/app/src/main/kotlin/com/nyora/hasan72341/core/db/dao/MangaSourcesDao.kt, /Users/hasanraza/Desktop/kotatsu/Nyora/nyora-android/app/src/main/kotlin/com/nyora/hasan72341/core/db/dao/PreferencesDao.kt, /Users/hasanraza/Desktop/kotatsu/Nyora/nyora-android/app/src/main/kotlin/com/nyora/hasan72341/core/db/dao/TrackLogsDao.kt, /Users/hasanraza/Desktop/kotatsu/Nyora/nyora-android/app/src/main/kotlin/com/nyora/hasan72341/core/db/dao/TagsDao.kt, /Users/hasanraza/Desktop/kotatsu/Nyora/nyora-android/app/src/main/kotlin/com/nyora/hasan72341/core/db/dao/ChaptersDao.kt, /Users/hasanraza/Desktop/kotatsu/Nyora/nyora-android/app/src/main/kotlin/com/nyora/hasan72341/core/db/dao/ExternalExtensionRepoDao.kt, /Users/hasanraza/Desktop/kotatsu/Nyora/nyora-android/app/src/main/kotlin/com/nyora/hasan72341/core/db/MangaQueryBuilder.kt, /Users/hasanraza/Desktop/kotatsu/Nyora/nyora-android/app/src/main/kotlin/com/nyora/hasan72341/core/db/MangaDatabase.kt, /Users/hasanraza/Desktop/kotatsu/Nyora/nyora-android/app/src/main/kotlin/com/nyora/hasan72341/core/os/RomCompat.kt, /Users/hasanraza/Desktop/kotatsu/Nyora/nyora-android/app/src/main/kotlin/com/nyora/hasan72341/core/os/AppValidator.kt, /Users/hasanraza/Desktop/kotatsu/Nyora/nyora-android/app/src/main/kotlin/com/nyora/hasan72341/core/os/OpenDocumentTreeHelper.kt, /Users/hasanraza/Desktop/kotatsu/Nyora/nyora-android/app/src/main/kotlin/com/nyora/hasan72341/core/os/AppShortcutManager.kt, /Users/hasanraza/Desktop/kotatsu/Nyora/nyora-android/app/src/main/kotlin/com/nyora/hasan72341/core/os/VoiceInputContract.kt, /Users/hasanraza/Desktop/kotatsu/Nyora/nyora-android/app/src/main/kotlin/com/nyora/hasan72341/core/os/NetworkManageIntent.kt, /Users/hasanraza/Desktop/kotatsu/Nyora/nyora-android/app/src/main/kotlin/com/nyora/hasan72341/core/os/NetworkState.kt, /Users/hasanraza/Desktop/kotatsu/Nyora/nyora-android/app/src/main/kotlin/com/nyora/hasan72341/core/nav/NavUtil.kt, /Users/hasanraza/Desktop/kotatsu/Nyora/nyora-android/app/src/main/kotlin/com/nyora/hasan72341/core/nav/MangaIntent.kt, /Users/hasanraza/Desktop/kotatsu/Nyora/nyora-android/app/src/main/kotlin/com/nyora/hasan72341/core/nav/AppRouter.kt, /Users/hasanraza/Desktop/kotatsu/Nyora/nyora-android/app/src/main/kotlin/com/nyora/hasan72341/core/nav/ReaderIntent.kt, /Users/hasanraza/Desktop/kotatsu/Nyora/nyora-android/app/src/main/kotlin/com/nyora/hasan72341/core/nav/AppRouterEntryPoint.kt, /Users/hasanraza/Desktop/kotatsu/Nyora/nyora-android/app/src/main/kotlin/com/nyora/hasan72341/core/BaseApp.kt, /Users/hasanraza/Desktop/kotatsu/Nyora/nyora-android/app/src/main/kotlin/com/nyora/hasan72341/core/fs/FileSequence.kt, /Users/hasanraza/Desktop/kotatsu/Nyora/nyora-android/app/src/main/kotlin/com/nyora/hasan72341/core/ErrorReporterReceiver.kt, /Users/hasanraza/Desktop/kotatsu/Nyora/nyora-android/app/src/main/kotlin/com/nyora/hasan72341/widget/shelf/ShelfWidgetConfigActivity.kt, /Users/hasanraza/Desktop/kotatsu/Nyora/nyora-android/app/src/main/kotlin/com/nyora/hasan72341/widget/shelf/ShelfWidgetService.kt, /Users/hasanraza/Desktop/kotatsu/Nyora/nyora-android/app/src/main/kotlin/com/nyora/hasan72341/widget/shelf/adapter/CategorySelectItemAD.kt, /Users/hasanraza/Desktop/kotatsu/Nyora/nyora-android/app/src/main/kotlin/com/nyora/hasan72341/widget/shelf/adapter/CategorySelectAdapter.kt, /Users/hasanraza/Desktop/kotatsu/Nyora/nyora-android/app/src/main/kotlin/com/nyora/hasan72341/widget/shelf/ShelfListFactory.kt, /Users/hasanraza/Desktop/kotatsu/Nyora/nyora-android/app/src/main/kotlin/com/nyora/hasan72341/widget/shelf/ShelfWidgetProvider.kt, /Users/hasanraza/Desktop/kotatsu/Nyora/nyora-android/app/src/main/kotlin/com/nyora/hasan72341/widget/shelf/ShelfConfigViewModel.kt, /Users/hasanraza/Desktop/kotatsu/Nyora/nyora-android/app/src/main/kotlin/com/nyora/hasan72341/widget/shelf/model/CategoryItem.kt, /Users/hasanraza/Desktop/kotatsu/Nyora/nyora-android/app/src/main/kotlin/com/nyora/hasan72341/widget/WidgetUpdater.kt, /Users/hasanraza/Desktop/kotatsu/Nyora/nyora-android/app/src/main/kotlin/com/nyora/hasan72341/widget/recent/RecentWidgetService.kt, /Users/hasanraza/Desktop/kotatsu/Nyora/nyora-android/app/src/main/kotlin/com/nyora/hasan72341/widget/recent/RecentListFactory.kt, /Users/hasanraza/Desktop/kotatsu/Nyora/nyora-android/app/src/main/kotlin/com/nyora/hasan72341/widget/recent/RecentWidgetConfigActivity.kt, /Users/hasanraza/Desktop/kotatsu/Nyora/nyora-android/app/src/main/kotlin/com/nyora/hasan72341/widget/recent/RecentWidgetProvider.kt, /Users/hasanraza/Desktop/kotatsu/Nyora/nyora-android/app/src/main/kotlin/com/nyora/hasan72341/picker/ui/page/PagePickerViewModel.kt, /Users/hasanraza/Desktop/kotatsu/Nyora/nyora-android/app/src/main/kotlin/com/nyora/hasan72341/picker/ui/page/PagePickerFragment.kt, /Users/hasanraza/Desktop/kotatsu/Nyora/nyora-android/app/src/main/kotlin/com/nyora/hasan72341/picker/ui/PageImagePickViewModel.kt, /Users/hasanraza/Desktop/kotatsu/Nyora/nyora-android/app/src/main/kotlin/com/nyora/hasan72341/picker/ui/PageImagePickActivity.kt, /Users/hasanraza/Desktop/kotatsu/Nyora/nyora-android/app/src/main/kotlin/com/nyora/hasan72341/picker/ui/manga/MangaPickerViewModel.kt, /Users/hasanraza/Desktop/kotatsu/Nyora/nyora-android/app/src/main/kotlin/com/nyora/hasan72341/picker/ui/manga/MangaPickerFragment.kt, /Users/hasanraza/Desktop/kotatsu/Nyora/nyora-android/app/src/main/kotlin/com/nyora/hasan72341/picker/ui/PageImagePickContract.kt, /Users/hasanraza/Desktop/kotatsu/Nyora/nyora-android/app/src/main/kotlin/com/nyora/hasan72341/js/ParserOtaWorker.kt, /Users/hasanraza/Desktop/kotatsu/Nyora/nyora-android/app/src/main/kotlin/com/nyora/hasan72341/js/NyoraJsEngine.kt, /Users/hasanraza/Desktop/kotatsu/Nyora/nyora-android/app/src/main/kotlin/com/nyora/hasan72341/js/NyoraJsMangaSource.kt, /Users/hasanraza/Desktop/kotatsu/Nyora/nyora-android/app/src/main/kotlin/com/nyora/hasan72341/js/NyoraJsOtaUpdater.kt, /Users/hasanraza/Desktop/kotatsu/Nyora/nyora-android/app/src/main/kotlin/com/nyora/hasan72341/js/NyoraJsSourcesManager.kt, /Users/hasanraza/Desktop/kotatsu/Nyora/nyora-android/app/src/main/kotlin/com/nyora/hasan72341/js/NyoraJsMangaRepository.kt, /Users/hasanraza/Desktop/kotatsu/Nyora/nyora-android/app/src/main/kotlin/com/nyora/hasan72341/mihon/parsers/MangaLoaderContext.kt, /Users/hasanraza/Desktop/kotatsu/Nyora/nyora-android/app/src/main/kotlin/com/nyora/hasan72341/mihon/parsers/core/PagedContentParser.kt, /Users/hasanraza/Desktop/kotatsu/Nyora/nyora-android/app/src/main/kotlin/com/nyora/hasan72341/mihon/parsers/core/SinglePageContentParser.kt, /Users/hasanraza/Desktop/kotatsu/Nyora/nyora-android/app/src/main/kotlin/com/nyora/hasan72341/mihon/parsers/core/FlexiblePagedContentParser.kt, /Users/hasanraza/Desktop/kotatsu/Nyora/nyora-android/app/src/main/kotlin/com/nyora/hasan72341/mihon/parsers/core/ContentParserWrapper.kt, /Users/hasanraza/Desktop/kotatsu/Nyora/nyora-android/app/src/main/kotlin/com/nyora/hasan72341/mihon/parsers/core/AbstractContentParser.kt, /Users/hasanraza/Desktop/kotatsu/Nyora/nyora-android/app/src/main/kotlin/com/nyora/hasan72341/mihon/parsers/ContentSourceParser.kt, /Users/hasanraza/Desktop/kotatsu/Nyora/nyora-android/app/src/main/kotlin/com/nyora/hasan72341/mihon/parsers/util/CSSBackground.kt, /Users/hasanraza/Desktop/kotatsu/Nyora/nyora-android/app/src/main/kotlin/com/nyora/hasan72341/mihon/parsers/util/Collection.kt, /Users/hasanraza/Desktop/kotatsu/Nyora/nyora-android/app/src/main/kotlin/com/nyora/hasan72341/mihon/parsers/util/Result.kt, /Users/hasanraza/Desktop/kotatsu/Nyora/nyora-android/app/src/main/kotlin/com/nyora/hasan72341/mihon/parsers/util/ContentParsersUtils.kt, /Users/hasanraza/Desktop/kotatsu/Nyora/nyora-android/app/src/main/kotlin/com/nyora/hasan72341/mihon/parsers/util/Paginator.kt, /Users/hasanraza/Desktop/kotatsu/Nyora/nyora-android/app/src/main/kotlin/com/nyora/hasan72341/mihon/parsers/util/CookieJar.kt, /Users/hasanraza/Desktop/kotatsu/Nyora/nyora-android/app/src/main/kotlin/com/nyora/hasan72341/mihon/parsers/util/LinkResolver.kt, /Users/hasanraza/Desktop/kotatsu/Nyora/nyora-android/app/src/main/kotlin/com/nyora/hasan72341/mihon/parsers/util/WebViewHelper.kt, /Users/hasanraza/Desktop/kotatsu/Nyora/nyora-android/app/src/main/kotlin/com/nyora/hasan72341/mihon/parsers/util/ContinuationCallCallback.kt, /Users/hasanraza/Desktop/kotatsu/Nyora/nyora-android/app/src/main/kotlin/com/nyora/hasan72341/mihon/parsers/util/String.kt, /Users/hasanraza/Desktop/kotatsu/Nyora/nyora-android/app/src/main/kotlin/com/nyora/hasan72341/mihon/parsers/util/SearchQueryConverter.kt, /Users/hasanraza/Desktop/kotatsu/Nyora/nyora-android/app/src/main/kotlin/com/nyora/hasan72341/mihon/parsers/util/Parse.kt, /Users/hasanraza/Desktop/kotatsu/Nyora/nyora-android/app/src/main/kotlin/com/nyora/hasan72341/mihon/parsers/util/Enum.kt, /Users/hasanraza/Desktop/kotatsu/Nyora/nyora-android/app/src/main/kotlin/com/nyora/hasan72341/mihon/parsers/util/Coroutines.kt, /Users/hasanraza/Desktop/kotatsu/Nyora/nyora-android/app/src/main/kotlin/com/nyora/hasan72341/mihon/parsers/util/RelatedContentFinder.kt, /Users/hasanraza/Desktop/kotatsu/Nyora/nyora-android/app/src/main/kotlin/com/nyora/hasan72341/mihon/parsers/util/json/JsonExt.kt, /Users/hasanraza/Desktop/kotatsu/Nyora/nyora-android/app/src/main/kotlin/com/nyora/hasan72341/mihon/parsers/util/json/EscapeUtils.kt, /Users/hasanraza/Desktop/kotatsu/Nyora/nyora-android/app/src/main/kotlin/com/nyora/hasan72341/mihon/parsers/util/json/JSONArrayTypedListWrapper.kt, /Users/hasanraza/Desktop/kotatsu/Nyora/nyora-android/app/src/main/kotlin/com/nyora/hasan72341/mihon/parsers/util/json/JSONObjectTypedIterableWrapper.kt, /Users/hasanraza/Desktop/kotatsu/Nyora/nyora-android/app/src/main/kotlin/com/nyora/hasan72341/mihon/parsers/util/json/JSONArrayTypedIterator.kt, /Users/hasanraza/Desktop/kotatsu/Nyora/nyora-android/app/src/main/kotlin/com/nyora/hasan72341/mihon/parsers/util/Chapters.kt, /Users/hasanraza/Desktop/kotatsu/Nyora/nyora-android/app/src/main/kotlin/com/nyora/hasan72341/mihon/parsers/util/ContentParserEnv.kt, /Users/hasanraza/Desktop/kotatsu/Nyora/nyora-android/app/src/main/kotlin/com/nyora/hasan72341/mihon/parsers/util/Jsoup.kt, /Users/hasanraza/Desktop/kotatsu/Nyora/nyora-android/app/src/main/kotlin/com/nyora/hasan72341/mihon/parsers/util/Assert.kt, /Users/hasanraza/Desktop/kotatsu/Nyora/nyora-android/app/src/main/kotlin/com/nyora/hasan72341/mihon/parsers/util/CryptoAES.kt, /Users/hasanraza/Desktop/kotatsu/Nyora/nyora-android/app/src/main/kotlin/com/nyora/hasan72341/mihon/parsers/util/suspendlazy/SuspendLazyImpl.kt, /Users/hasanraza/Desktop/kotatsu/Nyora/nyora-android/app/src/main/kotlin/com/nyora/hasan72341/mihon/parsers/util/suspendlazy/SoftSuspendLazyImpl.kt, /Users/hasanraza/Desktop/kotatsu/Nyora/nyora-android/app/src/main/kotlin/com/nyora/hasan72341/mihon/parsers/util/suspendlazy/SuspendLazy.kt, /Users/hasanraza/Desktop/kotatsu/Nyora/nyora-android/app/src/main/kotlin/com/nyora/hasan72341/mihon/parsers/util/FaviconParser.kt, /Users/hasanraza/Desktop/kotatsu/Nyora/nyora-android/app/src/main/kotlin/com/nyora/hasan72341/mihon/parsers/util/Number.kt, /Users/hasanraza/Desktop/kotatsu/Nyora/nyora-android/app/src/main/kotlin/com/nyora/hasan72341/mihon/parsers/util/OkHttp.kt, /Users/hasanraza/Desktop/kotatsu/Nyora/nyora-android/app/src/main/kotlin/com/nyora/hasan72341/mihon/parsers/ContentParserCredentialsAuthProvider.kt, /Users/hasanraza/Desktop/kotatsu/Nyora/nyora-android/app/src/main/kotlin/com/nyora/hasan72341/mihon/parsers/config/InfraShims.kt, /Users/hasanraza/Desktop/kotatsu/Nyora/nyora-android/app/src/main/kotlin/com/nyora/hasan72341/mihon/parsers/config/ContentSourceConfig.kt, /Users/hasanraza/Desktop/kotatsu/Nyora/nyora-android/app/src/main/kotlin/com/nyora/hasan72341/mihon/parsers/config/ConfigKey.kt, /Users/hasanraza/Desktop/kotatsu/Nyora/nyora-android/app/src/main/kotlin/com/nyora/hasan72341/mihon/parsers/FavoritesProvider.kt, /Users/hasanraza/Desktop/kotatsu/Nyora/nyora-android/app/src/main/kotlin/com/nyora/hasan72341/mihon/parsers/bitmap/Bitmap.kt, /Users/hasanraza/Desktop/kotatsu/Nyora/nyora-android/app/src/main/kotlin/com/nyora/hasan72341/mihon/parsers/bitmap/Rect.kt, /Users/hasanraza/Desktop/kotatsu/Nyora/nyora-android/app/src/main/kotlin/com/nyora/hasan72341/mihon/parsers/ContentParser.kt, /Users/hasanraza/Desktop/kotatsu/Nyora/nyora-android/app/src/main/kotlin/com/nyora/hasan72341/mihon/parsers/network/UserAgents.kt, /Users/hasanraza/Desktop/kotatsu/Nyora/nyora-android/app/src/main/kotlin/com/nyora/hasan72341/mihon/parsers/network/CloudFlareHelper.kt, /Users/hasanraza/Desktop/kotatsu/Nyora/nyora-android/app/src/main/kotlin/com/nyora/hasan72341/mihon/parsers/network/GZipOptions.kt, /Users/hasanraza/Desktop/kotatsu/Nyora/nyora-android/app/src/main/kotlin/com/nyora/hasan72341/mihon/parsers/network/NoCookiesCookieJar.kt, /Users/hasanraza/Desktop/kotatsu/Nyora/nyora-android/app/src/main/kotlin/com/nyora/hasan72341/mihon/parsers/network/WebClient.kt, /Users/hasanraza/Desktop/kotatsu/Nyora/nyora-android/app/src/main/kotlin/com/nyora/hasan72341/mihon/parsers/network/OkHttpWebClient.kt, /Users/hasanraza/Desktop/kotatsu/Nyora/nyora-android/app/src/main/kotlin/com/nyora/hasan72341/mihon/parsers/ContentParserAuthProvider.kt, /Users/hasanraza/Desktop/kotatsu/Nyora/nyora-android/app/src/main/kotlin/com/nyora/hasan72341/mihon/parsers/webview/InfraShims.kt, /Users/hasanraza/Desktop/kotatsu/Nyora/nyora-android/app/src/main/kotlin/com/nyora/hasan72341/mihon/parsers/Broken.kt, /Users/hasanraza/Desktop/kotatsu/Nyora/nyora-android/app/src/main/kotlin/com/nyora/hasan72341/mihon/parsers/ContentLoaderContext.kt, /Users/hasanraza/Desktop/kotatsu/Nyora/nyora-android/app/src/main/kotlin/com/nyora/hasan72341/mihon/parsers/CategorizedFavoritesProvider.kt, /Users/hasanraza/Desktop/kotatsu/Nyora/nyora-android/app/src/main/kotlin/com/nyora/hasan72341/mihon/parsers/FavoritesSyncProvider.kt, /Users/hasanraza/Desktop/kotatsu/Nyora/nyora-android/app/src/main/kotlin/com/nyora/hasan72341/mihon/parsers/InfraShims.kt, /Users/hasanraza/Desktop/kotatsu/Nyora/nyora-android/app/src/main/kotlin/com/nyora/hasan72341/mihon/parsers/model/Demographic.kt, /Users/hasanraza/Desktop/kotatsu/Nyora/nyora-android/app/src/main/kotlin/com/nyora/hasan72341/mihon/parsers/model/Manga.kt, /Users/hasanraza/Desktop/kotatsu/Nyora/nyora-android/app/src/main/kotlin/com/nyora/hasan72341/mihon/parsers/model/SortOrder.kt, /Users/hasanraza/Desktop/kotatsu/Nyora/nyora-android/app/src/main/kotlin/com/nyora/hasan72341/mihon/parsers/model/ContentSource.kt, /Users/hasanraza/Desktop/kotatsu/Nyora/nyora-android/app/src/main/kotlin/com/nyora/hasan72341/mihon/parsers/model/MangaHistory.kt, /Users/hasanraza/Desktop/kotatsu/Nyora/nyora-android/app/src/main/kotlin/com/nyora/hasan72341/mihon/parsers/model/Content.kt, /Users/hasanraza/Desktop/kotatsu/Nyora/nyora-android/app/src/main/kotlin/com/nyora/hasan72341/mihon/parsers/model/ContentChapter.kt, /Users/hasanraza/Desktop/kotatsu/Nyora/nyora-android/app/src/main/kotlin/com/nyora/hasan72341/mihon/parsers/model/ListSortOrder.kt, /Users/hasanraza/Desktop/kotatsu/Nyora/nyora-android/app/src/main/kotlin/com/nyora/hasan72341/mihon/parsers/model/NavDestination.kt, /Users/hasanraza/Desktop/kotatsu/Nyora/nyora-android/app/src/main/kotlin/com/nyora/hasan72341/mihon/parsers/model/Favicons.kt, /Users/hasanraza/Desktop/kotatsu/Nyora/nyora-android/app/src/main/kotlin/com/nyora/hasan72341/mihon/parsers/model/Library.kt, /Users/hasanraza/Desktop/kotatsu/Nyora/nyora-android/app/src/main/kotlin/com/nyora/hasan72341/mihon/parsers/model/search/QueryCriteria.kt, /Users/hasanraza/Desktop/kotatsu/Nyora/nyora-android/app/src/main/kotlin/com/nyora/hasan72341/mihon/parsers/model/search/ContentSearchQuery.kt, /Users/hasanraza/Desktop/kotatsu/Nyora/nyora-android/app/src/main/kotlin/com/nyora/hasan72341/mihon/parsers/model/search/SearchableField.kt, /Users/hasanraza/Desktop/kotatsu/Nyora/nyora-android/app/src/main/kotlin/com/nyora/hasan72341/mihon/parsers/model/search/ContentSearchQueryCapabilities.kt, /Users/hasanraza/Desktop/kotatsu/Nyora/nyora-android/app/src/main/kotlin/com/nyora/hasan72341/mihon/parsers/model/search/SearchCapability.kt, /Users/hasanraza/Desktop/kotatsu/Nyora/nyora-android/app/src/main/kotlin/com/nyora/hasan72341/mihon/parsers/model/NovelChapterContent.kt, /Users/hasanraza/Desktop/kotatsu/Nyora/nyora-android/app/src/main/kotlin/com/nyora/hasan72341/mihon/parsers/model/ContentRating.kt, /Users/hasanraza/Desktop/kotatsu/Nyora/nyora-android/app/src/main/kotlin/com/nyora/hasan72341/mihon/parsers/model/ContentTag.kt, /Users/hasanraza/Desktop/kotatsu/Nyora/nyora-android/app/src/main/kotlin/com/nyora/hasan72341/mihon/parsers/model/ContentListFilter.kt, /Users/hasanraza/Desktop/kotatsu/Nyora/nyora-android/app/src/main/kotlin/com/nyora/hasan72341/mihon/parsers/model/ContentListFilterCapabilities.kt, /Users/hasanraza/Desktop/kotatsu/Nyora/nyora-android/app/src/main/kotlin/com/nyora/hasan72341/mihon/parsers/model/Bridge.kt, /Users/hasanraza/Desktop/kotatsu/Nyora/nyora-android/app/src/main/kotlin/com/nyora/hasan72341/mihon/parsers/model/ContentListFilterOptions.kt, /Users/hasanraza/Desktop/kotatsu/Nyora/nyora-android/app/src/main/kotlin/com/nyora/hasan72341/mihon/parsers/model/MangaSource.kt, /Users/hasanraza/Desktop/kotatsu/Nyora/nyora-android/app/src/main/kotlin/com/nyora/hasan72341/mihon/parsers/model/FavouriteCategory.kt, /Users/hasanraza/Desktop/kotatsu/Nyora/nyora-android/app/src/main/kotlin/com/nyora/hasan72341/mihon/parsers/model/Favicon.kt, /Users/hasanraza/Desktop/kotatsu/Nyora/nyora-android/app/src/main/kotlin/com/nyora/hasan72341/mihon/parsers/model/WordSet.kt, /Users/hasanraza/Desktop/kotatsu/Nyora/nyora-android/app/src/main/kotlin/com/nyora/hasan72341/mihon/parsers/model/ContentPage.kt, /Users/hasanraza/Desktop/kotatsu/Nyora/nyora-android/app/src/main/kotlin/com/nyora/hasan72341/mihon/parsers/model/ContentState.kt, /Users/hasanraza/Desktop/kotatsu/Nyora/nyora-android/app/src/main/kotlin/com/nyora/hasan72341/mihon/parsers/model/ContentTagGroup.kt, /Users/hasanraza/Desktop/kotatsu/Nyora/nyora-android/app/src/main/kotlin/com/nyora/hasan72341/mihon/parsers/model/Constants.kt, /Users/hasanraza/Desktop/kotatsu/Nyora/nyora-android/app/src/main/kotlin/com/nyora/hasan72341/mihon/parsers/model/ContentType.kt, /Users/hasanraza/Desktop/kotatsu/Nyora/nyora-android/app/src/main/kotlin/com/nyora/hasan72341/mihon/parsers/ErrorMessages.kt, /Users/hasanraza/Desktop/kotatsu/Nyora/nyora-android/app/src/main/kotlin/com/nyora/hasan72341/mihon/parsers/exception/GraphQLException.kt, /Users/hasanraza/Desktop/kotatsu/Nyora/nyora-android/app/src/main/kotlin/com/nyora/hasan72341/mihon/parsers/exception/ContentUnavailableException.kt, /Users/hasanraza/Desktop/kotatsu/Nyora/nyora-android/app/src/main/kotlin/com/nyora/hasan72341/mihon/parsers/exception/NotFoundException.kt, /Users/hasanraza/Desktop/kotatsu/Nyora/nyora-android/app/src/main/kotlin/com/nyora/hasan72341/mihon/parsers/exception/ParseException.kt, /Users/hasanraza/Desktop/kotatsu/Nyora/nyora-android/app/src/main/kotlin/com/nyora/hasan72341/mihon/parsers/exception/TooManyRequestExceptions.kt, /Users/hasanraza/Desktop/kotatsu/Nyora/nyora-android/app/src/main/kotlin/com/nyora/hasan72341/mihon/parsers/exception/AuthRequiredException.kt, /Users/hasanraza/Desktop/kotatsu/Nyora/nyora-android/app/src/main/kotlin/com/nyora/hasan72341/mihon/parsers/InternalParsersApi.kt, /Users/hasanraza/Desktop/kotatsu/Nyora/nyora-android/app/src/main/kotlin/com/nyora/hasan72341/mihon/compat/MihonNetworkHelper.kt, /Users/hasanraza/Desktop/kotatsu/Nyora/nyora-android/app/src/main/kotlin/com/nyora/hasan72341/mihon/compat/MihonInjektBridge.kt, /Users/hasanraza/Desktop/kotatsu/Nyora/nyora-android/app/src/main/kotlin/com/nyora/hasan72341/mihon/MihonExtensionManager.kt, /Users/hasanraza/Desktop/kotatsu/Nyora/nyora-android/app/src/main/kotlin/com/nyora/hasan72341/mihon/GetMihonSourcesUseCase.kt, /Users/hasanraza/Desktop/kotatsu/Nyora/nyora-android/app/src/main/kotlin/com/nyora/hasan72341/mihon/extensions/install/ExtensionInstallService.kt, /Users/hasanraza/Desktop/kotatsu/Nyora/nyora-android/app/src/main/kotlin/com/nyora/hasan72341/mihon/extensions/runtime/ExternalExtensionManagerFacade.kt, /Users/hasanraza/Desktop/kotatsu/Nyora/nyora-android/app/src/main/kotlin/com/nyora/hasan72341/mihon/extensions/runtime/ExternalExtensionPackageObserver.kt, /Users/hasanraza/Desktop/kotatsu/Nyora/nyora-android/app/src/main/kotlin/com/nyora/hasan72341/mihon/extensions/runtime/ExternalExtensionRuntimeProcessor.kt, /Users/hasanraza/Desktop/kotatsu/Nyora/nyora-android/app/src/main/kotlin/com/nyora/hasan72341/mihon/extensions/runtime/ExternalExtensionManagerRuntime.kt, /Users/hasanraza/Desktop/kotatsu/Nyora/nyora-android/app/src/main/kotlin/com/nyora/hasan72341/mihon/extensions/runtime/ExternalExtensionSourceLoaderSupport.kt, /Users/hasanraza/Desktop/kotatsu/Nyora/nyora-android/app/src/main/kotlin/com/nyora/hasan72341/mihon/extensions/runtime/ExternalExtensionLoaderSupport.kt, /Users/hasanraza/Desktop/kotatsu/Nyora/nyora-android/app/src/main/kotlin/com/nyora/hasan72341/mihon/extensions/runtime/ExternalExtensionMetadataSupport.kt, /Users/hasanraza/Desktop/kotatsu/Nyora/nyora-android/app/src/main/kotlin/com/nyora/hasan72341/mihon/extensions/runtime/ExternalExtensionLanguage.kt, /Users/hasanraza/Desktop/kotatsu/Nyora/nyora-android/app/src/main/kotlin/com/nyora/hasan72341/mihon/extensions/repo/ExtensionRepoService.kt, /Users/hasanraza/Desktop/kotatsu/Nyora/nyora-android/app/src/main/kotlin/com/nyora/hasan72341/mihon/extensions/repo/ExternalExtensionRepo.kt, /Users/hasanraza/Desktop/kotatsu/Nyora/nyora-android/app/src/main/kotlin/com/nyora/hasan72341/mihon/extensions/repo/InstalledExtensionSignatureValidator.kt, /Users/hasanraza/Desktop/kotatsu/Nyora/nyora-android/app/src/main/kotlin/com/nyora/hasan72341/mihon/extensions/repo/RepoAvailableExtension.kt, /Users/hasanraza/Desktop/kotatsu/Nyora/nyora-android/app/src/main/kotlin/com/nyora/hasan72341/mihon/extensions/repo/ExternalExtensionRepoRepository.kt, /Users/hasanraza/Desktop/kotatsu/Nyora/nyora-android/app/src/main/kotlin/com/nyora/hasan72341/mihon/extensions/repo/ExternalExtensionType.kt, /Users/hasanraza/Desktop/kotatsu/Nyora/nyora-android/app/src/main/kotlin/com/nyora/hasan72341/mihon/extensions/repo/ExtensionFingerprintTrust.kt, /Users/hasanraza/Desktop/kotatsu/Nyora/nyora-android/app/src/main/kotlin/com/nyora/hasan72341/mihon/MihonMangaRepository.kt, /Users/hasanraza/Desktop/kotatsu/Nyora/nyora-android/app/src/main/kotlin/com/nyora/hasan72341/mihon/ChildFirstPathClassLoader.kt, /Users/hasanraza/Desktop/kotatsu/Nyora/nyora-android/app/src/main/kotlin/com/nyora/hasan72341/mihon/MihonFilterMapper.kt, /Users/hasanraza/Desktop/kotatsu/Nyora/nyora-android/app/src/main/kotlin/com/nyora/hasan72341/mihon/MihonModule.kt, /Users/hasanraza/Desktop/kotatsu/Nyora/nyora-android/app/src/main/kotlin/com/nyora/hasan72341/mihon/model/MihonDataConverters.kt, /Users/hasanraza/Desktop/kotatsu/Nyora/nyora-android/app/src/main/kotlin/com/nyora/hasan72341/mihon/model/parcelable/ParcelableChapter.kt, /Users/hasanraza/Desktop/kotatsu/Nyora/nyora-android/app/src/main/kotlin/com/nyora/hasan72341/mihon/model/parcelable/ParcelableContentTags.kt, /Users/hasanraza/Desktop/kotatsu/Nyora/nyora-android/app/src/main/kotlin/com/nyora/hasan72341/mihon/model/parcelable/ParcelableContent.kt, /Users/hasanraza/Desktop/kotatsu/Nyora/nyora-android/app/src/main/kotlin/com/nyora/hasan72341/mihon/model/parcelable/ParcelableContentListFilter.kt, /Users/hasanraza/Desktop/kotatsu/Nyora/nyora-android/app/src/main/kotlin/com/nyora/hasan72341/mihon/model/parcelable/ParcelableContentPage.kt, /Users/hasanraza/Desktop/kotatsu/Nyora/nyora-android/app/src/main/kotlin/com/nyora/hasan72341/mihon/model/ContentSource.kt, /Users/hasanraza/Desktop/kotatsu/Nyora/nyora-android/app/src/main/kotlin/com/nyora/hasan72341/mihon/model/Content.kt, /Users/hasanraza/Desktop/kotatsu/Nyora/nyora-android/app/src/main/kotlin/com/nyora/hasan72341/mihon/model/ContentSourceInfo.kt, /Users/hasanraza/Desktop/kotatsu/Nyora/nyora-android/app/src/main/kotlin/com/nyora/hasan72341/mihon/model/KotatsuParserSource.kt, /Users/hasanraza/Desktop/kotatsu/Nyora/nyora-android/app/src/main/kotlin/com/nyora/hasan72341/mihon/model/MihonMangaSource.kt, /Users/hasanraza/Desktop/kotatsu/Nyora/nyora-android/app/src/main/kotlin/com/nyora/hasan72341/mihon/model/ParserModelMappers.kt, /Users/hasanraza/Desktop/kotatsu/Nyora/nyora-android/app/src/main/kotlin/com/nyora/hasan72341/mihon/model/MihonLoadResult.kt, /Users/hasanraza/Desktop/kotatsu/Nyora/nyora-android/app/src/main/kotlin/com/nyora/hasan72341/mihon/model/ContentHistory.kt, /Users/hasanraza/Desktop/kotatsu/Nyora/nyora-android/app/src/main/kotlin/com/nyora/hasan72341/mihon/model/FavouriteCategory.kt, /Users/hasanraza/Desktop/kotatsu/Nyora/nyora-android/app/src/main/kotlin/com/nyora/hasan72341/mihon/MihonExtensionLoader.kt, /Users/hasanraza/Desktop/kotatsu/Nyora/nyora-android/app/src/main/kotlin/com/nyora/hasan72341/details/ui/TitleScrollCoordinator.kt, /Users/hasanraza/Desktop/kotatsu/Nyora/nyora-android/app/src/main/kotlin/com/nyora/hasan72341/details/ui/DetailsActivity.kt, /Users/hasanraza/Desktop/kotatsu/Nyora/nyora-android/app/src/main/kotlin/com/nyora/hasan72341/details/ui/related/RelatedListViewModel.kt, /Users/hasanraza/Desktop/kotatsu/Nyora/nyora-android/app/src/main/kotlin/com/nyora/hasan72341/details/ui/related/RelatedListFragment.kt, /Users/hasanraza/Desktop/kotatsu/Nyora/nyora-android/app/src/main/kotlin/com/nyora/hasan72341/details/ui/related/RelatedMangaActivity.kt, /Users/hasanraza/Desktop/kotatsu/Nyora/nyora-android/app/src/main/kotlin/com/nyora/hasan72341/details/ui/ParallaxScrollListener.kt, /Users/hasanraza/Desktop/kotatsu/Nyora/nyora-android/app/src/main/kotlin/com/nyora/hasan72341/details/ui/adapter/ChaptersAdapter.kt, /Users/hasanraza/Desktop/kotatsu/Nyora/nyora-android/app/src/main/kotlin/com/nyora/hasan72341/details/ui/adapter/ChapterGridItemAD.kt, /Users/hasanraza/Desktop/kotatsu/Nyora/nyora-android/app/src/main/kotlin/com/nyora/hasan72341/details/ui/adapter/ChaptersSelectionDecoration.kt, /Users/hasanraza/Desktop/kotatsu/Nyora/nyora-android/app/src/main/kotlin/com/nyora/hasan72341/details/ui/adapter/ChapterListItemAD.kt, /Users/hasanraza/Desktop/kotatsu/Nyora/nyora-android/app/src/main/kotlin/com/nyora/hasan72341/details/ui/ChaptersMapper.kt, /Users/hasanraza/Desktop/kotatsu/Nyora/nyora-android/app/src/main/kotlin/com/nyora/hasan72341/details/ui/ReadButtonDelegate.kt, /Users/hasanraza/Desktop/kotatsu/Nyora/nyora-android/app/src/main/kotlin/com/nyora/hasan72341/details/ui/scrobbling/ScrollingInfoAdapter.kt, /Users/hasanraza/Desktop/kotatsu/Nyora/nyora-android/app/src/main/kotlin/com/nyora/hasan72341/details/ui/scrobbling/ScrobblingItemDecoration.kt, /Users/hasanraza/Desktop/kotatsu/Nyora/nyora-android/app/src/main/kotlin/com/nyora/hasan72341/details/ui/scrobbling/ScrobblingInfoAD.kt, /Users/hasanraza/Desktop/kotatsu/Nyora/nyora-android/app/src/main/kotlin/com/nyora/hasan72341/details/ui/scrobbling/ScrobblingInfoSheet.kt, /Users/hasanraza/Desktop/kotatsu/Nyora/nyora-android/app/src/main/kotlin/com/nyora/hasan72341/details/ui/DetailsBottomSheetCallback.kt, /Users/hasanraza/Desktop/kotatsu/Nyora/nyora-android/app/src/main/kotlin/com/nyora/hasan72341/details/ui/DetailsErrorObserver.kt, /Users/hasanraza/Desktop/kotatsu/Nyora/nyora-android/app/src/main/kotlin/com/nyora/hasan72341/details/ui/model/HistoryInfo.kt, /Users/hasanraza/Desktop/kotatsu/Nyora/nyora-android/app/src/main/kotlin/com/nyora/hasan72341/details/ui/model/MangaBranch.kt, /Users/hasanraza/Desktop/kotatsu/Nyora/nyora-android/app/src/main/kotlin/com/nyora/hasan72341/details/ui/model/ListModelConversionExt.kt, /Users/hasanraza/Desktop/kotatsu/Nyora/nyora-android/app/src/main/kotlin/com/nyora/hasan72341/details/ui/model/ChapterListItem.kt, /Users/hasanraza/Desktop/kotatsu/Nyora/nyora-android/app/src/main/kotlin/com/nyora/hasan72341/details/ui/AuthorSpan.kt, /Users/hasanraza/Desktop/kotatsu/Nyora/nyora-android/app/src/main/kotlin/com/nyora/hasan72341/details/ui/DetailsViewModel.kt, /Users/hasanraza/Desktop/kotatsu/Nyora/nyora-android/app/src/main/kotlin/com/nyora/hasan72341/details/ui/DetailsMenuProvider.kt, /Users/hasanraza/Desktop/kotatsu/Nyora/nyora-android/app/src/main/kotlin/com/nyora/hasan72341/details/ui/pager/ChaptersPagesViewModel.kt, /Users/hasanraza/Desktop/kotatsu/Nyora/nyora-android/app/src/main/kotlin/com/nyora/hasan72341/details/ui/pager/ChaptersPagesSheet.kt, /Users/hasanraza/Desktop/kotatsu/Nyora/nyora-android/app/src/main/kotlin/com/nyora/hasan72341/details/ui/pager/EmptyMangaReason.kt, /Users/hasanraza/Desktop/kotatsu/Nyora/nyora-android/app/src/main/kotlin/com/nyora/hasan72341/details/ui/pager/chapters/ChapterGridSpanHelper.kt, /Users/hasanraza/Desktop/kotatsu/Nyora/nyora-android/app/src/main/kotlin/com/nyora/hasan72341/details/ui/pager/chapters/ChaptersFragment.kt, /Users/hasanraza/Desktop/kotatsu/Nyora/nyora-android/app/src/main/kotlin/com/nyora/hasan72341/details/ui/pager/chapters/ChaptersSelectionCallback.kt, /Users/hasanraza/Desktop/kotatsu/Nyora/nyora-android/app/src/main/kotlin/com/nyora/hasan72341/details/ui/pager/ChapterPagesMenuProvider.kt, /Users/hasanraza/Desktop/kotatsu/Nyora/nyora-android/app/src/main/kotlin/com/nyora/hasan72341/details/ui/pager/PeekHeightController.kt, /Users/hasanraza/Desktop/kotatsu/Nyora/nyora-android/app/src/main/kotlin/com/nyora/hasan72341/details/ui/pager/bookmarks/BookmarksViewModel.kt, /Users/hasanraza/Desktop/kotatsu/Nyora/nyora-android/app/src/main/kotlin/com/nyora/hasan72341/details/ui/pager/bookmarks/BookmarksFragment.kt, /Users/hasanraza/Desktop/kotatsu/Nyora/nyora-android/app/src/main/kotlin/com/nyora/hasan72341/details/ui/pager/pages/PagesSavedObserver.kt, /Users/hasanraza/Desktop/kotatsu/Nyora/nyora-android/app/src/main/kotlin/com/nyora/hasan72341/details/ui/pager/pages/MangaPageFetcher.kt, /Users/hasanraza/Desktop/kotatsu/Nyora/nyora-android/app/src/main/kotlin/com/nyora/hasan72341/details/ui/pager/pages/PageThumbnail.kt, /Users/hasanraza/Desktop/kotatsu/Nyora/nyora-android/app/src/main/kotlin/com/nyora/hasan72341/details/ui/pager/pages/MangaPageKeyer.kt, /Users/hasanraza/Desktop/kotatsu/Nyora/nyora-android/app/src/main/kotlin/com/nyora/hasan72341/details/ui/pager/pages/PagesFragment.kt, /Users/hasanraza/Desktop/kotatsu/Nyora/nyora-android/app/src/main/kotlin/com/nyora/hasan72341/details/ui/pager/pages/PagesViewModel.kt, /Users/hasanraza/Desktop/kotatsu/Nyora/nyora-android/app/src/main/kotlin/com/nyora/hasan72341/details/ui/pager/pages/PagesSelectionDecoration.kt, /Users/hasanraza/Desktop/kotatsu/Nyora/nyora-android/app/src/main/kotlin/com/nyora/hasan72341/details/ui/pager/pages/PageThumbnailAD.kt, /Users/hasanraza/Desktop/kotatsu/Nyora/nyora-android/app/src/main/kotlin/com/nyora/hasan72341/details/ui/pager/pages/PageThumbnailAdapter.kt, /Users/hasanraza/Desktop/kotatsu/Nyora/nyora-android/app/src/main/kotlin/com/nyora/hasan72341/details/ui/pager/ChaptersPagesAdapter.kt, /Users/hasanraza/Desktop/kotatsu/Nyora/nyora-android/app/src/main/kotlin/com/nyora/hasan72341/details/service/PrefetchCompanionEntryPoint.kt, /Users/hasanraza/Desktop/kotatsu/Nyora/nyora-android/app/src/main/kotlin/com/nyora/hasan72341/details/service/MangaPrefetchService.kt, /Users/hasanraza/Desktop/kotatsu/Nyora/nyora-android/app/src/main/kotlin/com/nyora/hasan72341/details/data/ReadingTime.kt, /Users/hasanraza/Desktop/kotatsu/Nyora/nyora-android/app/src/main/kotlin/com/nyora/hasan72341/details/data/MangaDetails.kt, /Users/hasanraza/Desktop/kotatsu/Nyora/nyora-android/app/src/main/kotlin/com/nyora/hasan72341/details/domain/ProgressUpdateUseCase.kt, /Users/hasanraza/Desktop/kotatsu/Nyora/nyora-android/app/src/main/kotlin/com/nyora/hasan72341/details/domain/ReadingTimeUseCase.kt, /Users/hasanraza/Desktop/kotatsu/Nyora/nyora-android/app/src/main/kotlin/com/nyora/hasan72341/details/domain/DetailsInteractor.kt, /Users/hasanraza/Desktop/kotatsu/Nyora/nyora-android/app/src/main/kotlin/com/nyora/hasan72341/details/domain/RelatedMangaUseCase.kt, /Users/hasanraza/Desktop/kotatsu/Nyora/nyora-android/app/src/main/kotlin/com/nyora/hasan72341/details/domain/DetailsLoadUseCase.kt, /Users/hasanraza/Desktop/kotatsu/Nyora/nyora-android/app/src/main/kotlin/com/nyora/hasan72341/details/domain/BranchComparator.kt, /Users/hasanraza/Desktop/kotatsu/Nyora/nyora-android/app/src/main/kotlin/com/nyora/hasan72341/tracker/ui/updates/UpdatesActivity.kt, /Users/hasanraza/Desktop/kotatsu/Nyora/nyora-android/app/src/main/kotlin/com/nyora/hasan72341/tracker/ui/updates/UpdatesViewModel.kt, /Users/hasanraza/Desktop/kotatsu/Nyora/nyora-android/app/src/main/kotlin/com/nyora/hasan72341/tracker/ui/updates/UpdatesFragment.kt, /Users/hasanraza/Desktop/kotatsu/Nyora/nyora-android/app/src/main/kotlin/com/nyora/hasan72341/tracker/ui/feed/adapter/FeedAdapter.kt, /Users/hasanraza/Desktop/kotatsu/Nyora/nyora-android/app/src/main/kotlin/com/nyora/hasan72341/tracker/ui/feed/adapter/UpdatedMangaAD.kt, /Users/hasanraza/Desktop/kotatsu/Nyora/nyora-android/app/src/main/kotlin/com/nyora/hasan72341/tracker/ui/feed/adapter/FeedItemAD.kt, /Users/hasanraza/Desktop/kotatsu/Nyora/nyora-android/app/src/main/kotlin/com/nyora/hasan72341/tracker/ui/feed/model/UpdatedMangaHeader.kt, /Users/hasanraza/Desktop/kotatsu/Nyora/nyora-android/app/src/main/kotlin/com/nyora/hasan72341/tracker/ui/feed/model/FeedItem.kt, /Users/hasanraza/Desktop/kotatsu/Nyora/nyora-android/app/src/main/kotlin/com/nyora/hasan72341/tracker/ui/debug/TrackerDebugActivity.kt, /Users/hasanraza/Desktop/kotatsu/Nyora/nyora-android/app/src/main/kotlin/com/nyora/hasan72341/tracker/ui/debug/TrackerDebugViewModel.kt, /Users/hasanraza/Desktop/kotatsu/Nyora/nyora-android/app/src/main/kotlin/com/nyora/hasan72341/tracker/ui/debug/TrackDebugAD.kt, /Users/hasanraza/Desktop/kotatsu/Nyora/nyora-android/app/src/main/kotlin/com/nyora/hasan72341/tracker/ui/debug/TrackDebugItem.kt, /Users/hasanraza/Desktop/kotatsu/Nyora/nyora-android/app/src/main/kotlin/com/nyora/hasan72341/tracker/work/TrackerNotificationHelper.kt, /Users/hasanraza/Desktop/kotatsu/Nyora/nyora-android/app/src/main/kotlin/com/nyora/hasan72341/tracker/work/TrackWorker.kt, /Users/hasanraza/Desktop/kotatsu/Nyora/nyora-android/app/src/main/kotlin/com/nyora/hasan72341/tracker/data/MangaWithTrack.kt, /Users/hasanraza/Desktop/kotatsu/Nyora/nyora-android/app/src/main/kotlin/com/nyora/hasan72341/tracker/data/TrackEntity.kt, /Users/hasanraza/Desktop/kotatsu/Nyora/nyora-android/app/src/main/kotlin/com/nyora/hasan72341/tracker/data/TrackLogEntity.kt, /Users/hasanraza/Desktop/kotatsu/Nyora/nyora-android/app/src/main/kotlin/com/nyora/hasan72341/tracker/data/EntityMapping.kt, /Users/hasanraza/Desktop/kotatsu/Nyora/nyora-android/app/src/main/kotlin/com/nyora/hasan72341/tracker/data/TracksDao.kt, /Users/hasanraza/Desktop/kotatsu/Nyora/nyora-android/app/src/main/kotlin/com/nyora/hasan72341/tracker/data/TrackLogWithManga.kt, /Users/hasanraza/Desktop/kotatsu/Nyora/nyora-android/app/src/main/kotlin/com/nyora/hasan72341/tracker/data/TrackWithManga.kt, /Users/hasanraza/Desktop/kotatsu/Nyora/nyora-android/app/src/main/kotlin/com/nyora/hasan72341/tracker/domain/TrackingRepository.kt, /Users/hasanraza/Desktop/kotatsu/Nyora/nyora-android/app/src/main/kotlin/com/nyora/hasan72341/tracker/domain/CheckNewChaptersUseCase.kt, /Users/hasanraza/Desktop/kotatsu/Nyora/nyora-android/app/src/main/kotlin/com/nyora/hasan72341/tracker/domain/UpdatesListQuickFilter.kt, /Users/hasanraza/Desktop/kotatsu/Nyora/nyora-android/app/src/main/kotlin/com/nyora/hasan72341/tracker/domain/GetTracksUseCase.kt, /Users/hasanraza/Desktop/kotatsu/Nyora/nyora-android/app/src/main/kotlin/com/nyora/hasan72341/tracker/domain/model/MangaTracking.kt, /Users/hasanraza/Desktop/kotatsu/Nyora/nyora-android/app/src/main/kotlin/com/nyora/hasan72341/tracker/domain/model/MangaUpdates.kt, /Users/hasanraza/Desktop/kotatsu/Nyora/nyora-android/app/src/main/kotlin/com/nyora/hasan72341/tracker/domain/model/TrackingLogItem.kt, /Users/hasanraza/Desktop/kotatsu/Nyora/nyora-android/app/src/main/kotlin/com/nyora/hasan72341/favourites/ui/FavouritesActivity.kt, /Users/hasanraza/Desktop/kotatsu/Nyora/nyora-android/app/src/main/kotlin/com/nyora/hasan72341/favourites/ui/container/FavouritesContainerViewModel.kt, /Users/hasanraza/Desktop/kotatsu/Nyora/nyora-android/app/src/main/kotlin/com/nyora/hasan72341/favourites/ui/container/FavouritesContainerMenuProvider.kt, /Users/hasanraza/Desktop/kotatsu/Nyora/nyora-android/app/src/main/kotlin/com/nyora/hasan72341/favourites/ui/container/FavouriteTabModel.kt, /Users/hasanraza/Desktop/kotatsu/Nyora/nyora-android/app/src/main/kotlin/com/nyora/hasan72341/favourites/ui/container/FavouriteTabPopupMenuProvider.kt, /Users/hasanraza/Desktop/kotatsu/Nyora/nyora-android/app/src/main/kotlin/com/nyora/hasan72341/favourites/ui/container/FavouritesContainerFragment.kt, /Users/hasanraza/Desktop/kotatsu/Nyora/nyora-android/app/src/main/kotlin/com/nyora/hasan72341/favourites/ui/container/FavouritesContainerAdapter.kt, /Users/hasanraza/Desktop/kotatsu/Nyora/nyora-android/app/src/main/kotlin/com/nyora/hasan72341/favourites/ui/container/FavouritesTabConfigurationStrategy.kt, /Users/hasanraza/Desktop/kotatsu/Nyora/nyora-android/app/src/main/kotlin/com/nyora/hasan72341/favourites/ui/list/FavouritesListViewModel.kt, /Users/hasanraza/Desktop/kotatsu/Nyora/nyora-android/app/src/main/kotlin/com/nyora/hasan72341/favourites/ui/list/FavouritesListFragment.kt, /Users/hasanraza/Desktop/kotatsu/Nyora/nyora-android/app/src/main/kotlin/com/nyora/hasan72341/favourites/ui/categories/FavouriteCategoriesListListener.kt, /Users/hasanraza/Desktop/kotatsu/Nyora/nyora-android/app/src/main/kotlin/com/nyora/hasan72341/favourites/ui/categories/FavouritesCategoriesViewModel.kt, /Users/hasanraza/Desktop/kotatsu/Nyora/nyora-android/app/src/main/kotlin/com/nyora/hasan72341/favourites/ui/categories/FavouriteCategoriesActivity.kt, /Users/hasanraza/Desktop/kotatsu/Nyora/nyora-android/app/src/main/kotlin/com/nyora/hasan72341/favourites/ui/categories/CategoriesSelectionCallback.kt, /Users/hasanraza/Desktop/kotatsu/Nyora/nyora-android/app/src/main/kotlin/com/nyora/hasan72341/favourites/ui/categories/adapter/CategoryListModel.kt, /Users/hasanraza/Desktop/kotatsu/Nyora/nyora-android/app/src/main/kotlin/com/nyora/hasan72341/favourites/ui/categories/adapter/CategoryAD.kt, /Users/hasanraza/Desktop/kotatsu/Nyora/nyora-android/app/src/main/kotlin/com/nyora/hasan72341/favourites/ui/categories/adapter/AllCategoriesListModel.kt, /Users/hasanraza/Desktop/kotatsu/Nyora/nyora-android/app/src/main/kotlin/com/nyora/hasan72341/favourites/ui/categories/adapter/CategoriesAdapter.kt, /Users/hasanraza/Desktop/kotatsu/Nyora/nyora-android/app/src/main/kotlin/com/nyora/hasan72341/favourites/ui/categories/CategoriesSelectionDecoration.kt, /Users/hasanraza/Desktop/kotatsu/Nyora/nyora-android/app/src/main/kotlin/com/nyora/hasan72341/favourites/ui/categories/edit/FavouritesCategoryEditViewModel.kt, /Users/hasanraza/Desktop/kotatsu/Nyora/nyora-android/app/src/main/kotlin/com/nyora/hasan72341/favourites/ui/categories/edit/FavouritesCategoryEditActivity.kt, /Users/hasanraza/Desktop/kotatsu/Nyora/nyora-android/app/src/main/kotlin/com/nyora/hasan72341/favourites/ui/categories/select/FavoriteDialogViewModel.kt, /Users/hasanraza/Desktop/kotatsu/Nyora/nyora-android/app/src/main/kotlin/com/nyora/hasan72341/favourites/ui/categories/select/adapter/MangaCategoriesAdapter.kt, /Users/hasanraza/Desktop/kotatsu/Nyora/nyora-android/app/src/main/kotlin/com/nyora/hasan72341/favourites/ui/categories/select/adapter/MangaCategoryAD.kt, /Users/hasanraza/Desktop/kotatsu/Nyora/nyora-android/app/src/main/kotlin/com/nyora/hasan72341/favourites/ui/categories/select/FavoriteDialog.kt, /Users/hasanraza/Desktop/kotatsu/Nyora/nyora-android/app/src/main/kotlin/com/nyora/hasan72341/favourites/ui/categories/select/model/MangaCategoryItem.kt, /Users/hasanraza/Desktop/kotatsu/Nyora/nyora-android/app/src/main/kotlin/com/nyora/hasan72341/favourites/data/FavouriteCategoriesDao.kt, /Users/hasanraza/Desktop/kotatsu/Nyora/nyora-android/app/src/main/kotlin/com/nyora/hasan72341/favourites/data/FavouritesDao.kt, /Users/hasanraza/Desktop/kotatsu/Nyora/nyora-android/app/src/main/kotlin/com/nyora/hasan72341/favourites/data/EntityMapping.kt, /Users/hasanraza/Desktop/kotatsu/Nyora/nyora-android/app/src/main/kotlin/com/nyora/hasan72341/favourites/data/FavouriteEntity.kt, /Users/hasanraza/Desktop/kotatsu/Nyora/nyora-android/app/src/main/kotlin/com/nyora/hasan72341/favourites/data/FavouriteManga.kt, /Users/hasanraza/Desktop/kotatsu/Nyora/nyora-android/app/src/main/kotlin/com/nyora/hasan72341/favourites/data/FavouriteCategoryEntity.kt, /Users/hasanraza/Desktop/kotatsu/Nyora/nyora-android/app/src/main/kotlin/com/nyora/hasan72341/favourites/domain/FavoritesListQuickFilter.kt, /Users/hasanraza/Desktop/kotatsu/Nyora/nyora-android/app/src/main/kotlin/com/nyora/hasan72341/favourites/domain/LocalFavoritesObserver.kt, /Users/hasanraza/Desktop/kotatsu/Nyora/nyora-android/app/src/main/kotlin/com/nyora/hasan72341/favourites/domain/model/Cover.kt, /Users/hasanraza/Desktop/kotatsu/Nyora/nyora-android/app/src/main/kotlin/com/nyora/hasan72341/favourites/domain/FavouritesRepository.kt, /Users/hasanraza/Desktop/kotatsu/Nyora/nyora-android/app/src/main/kotlin/com/nyora/hasan72341/image/ui/ImageViewModel.kt, /Users/hasanraza/Desktop/kotatsu/Nyora/nyora-android/app/src/main/kotlin/com/nyora/hasan72341/image/ui/ImageActivity.kt, /Users/hasanraza/Desktop/kotatsu/Nyora/nyora-android/app/src/main/kotlin/com/nyora/hasan72341/image/ui/ImageMenuProvider.kt, /Users/hasanraza/Desktop/kotatsu/Nyora/nyora-android/app/src/main/kotlin/com/nyora/hasan72341/image/ui/CoverImageView.kt, /Users/hasanraza/Desktop/kotatsu/Nyora/nyora-android/app/src/main/kotlin/com/nyora/hasan72341/image/ui/CoverStackView.kt, /Users/hasanraza/Desktop/kotatsu/Nyora/nyora-android/app/src/main/kotlin/com/nyora/hasan72341/explore/ui/ExploreViewModel.kt, /Users/hasanraza/Desktop/kotatsu/Nyora/nyora-android/app/src/main/kotlin/com/nyora/hasan72341/explore/ui/ExploreFragment.kt, /Users/hasanraza/Desktop/kotatsu/Nyora/nyora-android/app/src/main/kotlin/com/nyora/hasan72341/explore/ui/ExploreMenuProvider.kt, /Users/hasanraza/Desktop/kotatsu/Nyora/nyora-android/app/src/main/kotlin/com/nyora/hasan72341/explore/ui/ExploreGridSpanSizeLookup.kt, /Users/hasanraza/Desktop/kotatsu/Nyora/nyora-android/app/src/main/kotlin/com/nyora/hasan72341/explore/ui/adapter/ExploreAdapterDelegates.kt, /Users/hasanraza/Desktop/kotatsu/Nyora/nyora-android/app/src/main/kotlin/com/nyora/hasan72341/explore/ui/adapter/ExploreListEventListener.kt, /Users/hasanraza/Desktop/kotatsu/Nyora/nyora-android/app/src/main/kotlin/com/nyora/hasan72341/explore/ui/adapter/ExploreAdapter.kt, /Users/hasanraza/Desktop/kotatsu/Nyora/nyora-android/app/src/main/kotlin/com/nyora/hasan72341/explore/ui/model/ExploreButtons.kt, /Users/hasanraza/Desktop/kotatsu/Nyora/nyora-android/app/src/main/kotlin/com/nyora/hasan72341/explore/ui/model/MangaSourceItem.kt, /Users/hasanraza/Desktop/kotatsu/Nyora/nyora-android/app/src/main/kotlin/com/nyora/hasan72341/explore/ui/model/ExploreGenres.kt, /Users/hasanraza/Desktop/kotatsu/Nyora/nyora-android/app/src/main/kotlin/com/nyora/hasan72341/explore/ui/model/RecommendationsItem.kt, /Users/hasanraza/Desktop/kotatsu/Nyora/nyora-android/app/src/main/kotlin/com/nyora/hasan72341/explore/ui/SourceSelectionDecoration.kt, /Users/hasanraza/Desktop/kotatsu/Nyora/nyora-android/app/src/main/kotlin/com/nyora/hasan72341/explore/data/SourcesSortOrder.kt, /Users/hasanraza/Desktop/kotatsu/Nyora/nyora-android/app/src/main/kotlin/com/nyora/hasan72341/explore/data/MangaSourcesRepository.kt, /Users/hasanraza/Desktop/kotatsu/Nyora/nyora-android/app/src/main/kotlin/com/nyora/hasan72341/explore/domain/ExploreRepository.kt, /Users/hasanraza/Desktop/kotatsu/Nyora/nyora-android/app/src/main/kotlin/com/nyora/hasan72341/explore/domain/RecoverMangaUseCase.kt, /Users/hasanraza/Desktop/kotatsu/Nyora/nyora-android/app/src/main/kotlin/com/nyora/hasan72341/search/ui/MangaListActivity.kt, /Users/hasanraza/Desktop/kotatsu/Nyora/nyora-android/app/src/main/kotlin/com/nyora/hasan72341/search/ui/suggestion/SearchSuggestionViewModel.kt, /Users/hasanraza/Desktop/kotatsu/Nyora/nyora-android/app/src/main/kotlin/com/nyora/hasan72341/search/ui/suggestion/SearchSuggestionListenerImpl.kt, /Users/hasanraza/Desktop/kotatsu/Nyora/nyora-android/app/src/main/kotlin/com/nyora/hasan72341/search/ui/suggestion/SearchSuggestionMenuProvider.kt, /Users/hasanraza/Desktop/kotatsu/Nyora/nyora-android/app/src/main/kotlin/com/nyora/hasan72341/search/ui/suggestion/adapter/SearchSuggestionAdapter.kt, /Users/hasanraza/Desktop/kotatsu/Nyora/nyora-android/app/src/main/kotlin/com/nyora/hasan72341/search/ui/suggestion/adapter/SearchSuggestionQueryAD.kt, /Users/hasanraza/Desktop/kotatsu/Nyora/nyora-android/app/src/main/kotlin/com/nyora/hasan72341/search/ui/suggestion/adapter/SearchSuggestionSourceAD.kt, /Users/hasanraza/Desktop/kotatsu/Nyora/nyora-android/app/src/main/kotlin/com/nyora/hasan72341/search/ui/suggestion/adapter/SearchSuggestionTextAD.kt, /Users/hasanraza/Desktop/kotatsu/Nyora/nyora-android/app/src/main/kotlin/com/nyora/hasan72341/search/ui/suggestion/adapter/SearchSuggestionQueryHintAD.kt, /Users/hasanraza/Desktop/kotatsu/Nyora/nyora-android/app/src/main/kotlin/com/nyora/hasan72341/search/ui/suggestion/adapter/SearchSuggestionSourceTipAD.kt, /Users/hasanraza/Desktop/kotatsu/Nyora/nyora-android/app/src/main/kotlin/com/nyora/hasan72341/search/ui/suggestion/adapter/SearchSuggestionsMangaListAD.kt, /Users/hasanraza/Desktop/kotatsu/Nyora/nyora-android/app/src/main/kotlin/com/nyora/hasan72341/search/ui/suggestion/adapter/SearchSuggestionTagsAD.kt, /Users/hasanraza/Desktop/kotatsu/Nyora/nyora-android/app/src/main/kotlin/com/nyora/hasan72341/search/ui/suggestion/adapter/SearchSuggestionAuthorAD.kt, /Users/hasanraza/Desktop/kotatsu/Nyora/nyora-android/app/src/main/kotlin/com/nyora/hasan72341/search/ui/suggestion/SearchSuggestionListener.kt, /Users/hasanraza/Desktop/kotatsu/Nyora/nyora-android/app/src/main/kotlin/com/nyora/hasan72341/search/ui/suggestion/SearchSuggestionItemCallback.kt, /Users/hasanraza/Desktop/kotatsu/Nyora/nyora-android/app/src/main/kotlin/com/nyora/hasan72341/search/ui/suggestion/model/SearchSuggestionItem.kt, /Users/hasanraza/Desktop/kotatsu/Nyora/nyora-android/app/src/main/kotlin/com/nyora/hasan72341/search/ui/multi/SearchViewModel.kt, /Users/hasanraza/Desktop/kotatsu/Nyora/nyora-android/app/src/main/kotlin/com/nyora/hasan72341/search/ui/multi/SearchMenuProvider.kt, /Users/hasanraza/Desktop/kotatsu/Nyora/nyora-android/app/src/main/kotlin/com/nyora/hasan72341/search/ui/multi/adapter/SearchAdapter.kt, /Users/hasanraza/Desktop/kotatsu/Nyora/nyora-android/app/src/main/kotlin/com/nyora/hasan72341/search/ui/multi/adapter/SearchResultsAD.kt, /Users/hasanraza/Desktop/kotatsu/Nyora/nyora-android/app/src/main/kotlin/com/nyora/hasan72341/search/ui/multi/SearchActivity.kt, /Users/hasanraza/Desktop/kotatsu/Nyora/nyora-android/app/src/main/kotlin/com/nyora/hasan72341/search/ui/multi/SearchResultsListModel.kt, /Users/hasanraza/Desktop/kotatsu/Nyora/nyora-android/app/src/main/kotlin/com/nyora/hasan72341/search/ui/MangaSuggestionsProvider.kt, /Users/hasanraza/Desktop/kotatsu/Nyora/nyora-android/app/src/main/kotlin/com/nyora/hasan72341/search/domain/SearchKind.kt, /Users/hasanraza/Desktop/kotatsu/Nyora/nyora-android/app/src/main/kotlin/com/nyora/hasan72341/search/domain/SearchV2Helper.kt, /Users/hasanraza/Desktop/kotatsu/Nyora/nyora-android/app/src/main/kotlin/com/nyora/hasan72341/search/domain/MangaSearchRepository.kt, /Users/hasanraza/Desktop/kotatsu/Nyora/nyora-android/app/src/main/kotlin/com/nyora/hasan72341/search/domain/SearchResults.kt, /Users/hasanraza/Desktop/kotatsu/Nyora/nyora-android/app/src/main/kotlin/com/nyora/hasan72341/local/ui/LocalListFragment.kt, /Users/hasanraza/Desktop/kotatsu/Nyora/nyora-android/app/src/main/kotlin/com/nyora/hasan72341/local/ui/ImportDialogFragment.kt, /Users/hasanraza/Desktop/kotatsu/Nyora/nyora-android/app/src/main/kotlin/com/nyora/hasan72341/local/ui/LocalListViewModel.kt, /Users/hasanraza/Desktop/kotatsu/Nyora/nyora-android/app/src/main/kotlin/com/nyora/hasan72341/local/ui/ImportService.kt, /Users/hasanraza/Desktop/kotatsu/Nyora/nyora-android/app/src/main/kotlin/com/nyora/hasan72341/local/ui/info/LocalInfoDialog.kt, /Users/hasanraza/Desktop/kotatsu/Nyora/nyora-android/app/src/main/kotlin/com/nyora/hasan72341/local/ui/info/LocalInfoViewModel.kt, /Users/hasanraza/Desktop/kotatsu/Nyora/nyora-android/app/src/main/kotlin/com/nyora/hasan72341/local/ui/LocalChaptersRemoveService.kt, /Users/hasanraza/Desktop/kotatsu/Nyora/nyora-android/app/src/main/kotlin/com/nyora/hasan72341/local/ui/LocalStorageCleanupWorker.kt, /Users/hasanraza/Desktop/kotatsu/Nyora/nyora-android/app/src/main/kotlin/com/nyora/hasan72341/local/ui/LocalIndexUpdateService.kt, /Users/hasanraza/Desktop/kotatsu/Nyora/nyora-android/app/src/main/kotlin/com/nyora/hasan72341/local/ui/LocalListMenuProvider.kt, /Users/hasanraza/Desktop/kotatsu/Nyora/nyora-android/app/src/main/kotlin/com/nyora/hasan72341/local/data/importer/SingleMangaImporter.kt, /Users/hasanraza/Desktop/kotatsu/Nyora/nyora-android/app/src/main/kotlin/com/nyora/hasan72341/local/data/CacheDir.kt, /Users/hasanraza/Desktop/kotatsu/Nyora/nyora-android/app/src/main/kotlin/com/nyora/hasan72341/local/data/input/LocalMangaParser.kt, /Users/hasanraza/Desktop/kotatsu/Nyora/nyora-android/app/src/main/kotlin/com/nyora/hasan72341/local/data/output/LocalMangaUtil.kt, /Users/hasanraza/Desktop/kotatsu/Nyora/nyora-android/app/src/main/kotlin/com/nyora/hasan72341/local/data/output/LocalMangaDirOutput.kt, /Users/hasanraza/Desktop/kotatsu/Nyora/nyora-android/app/src/main/kotlin/com/nyora/hasan72341/local/data/output/LocalMangaZipOutput.kt, /Users/hasanraza/Desktop/kotatsu/Nyora/nyora-android/app/src/main/kotlin/com/nyora/hasan72341/local/data/output/LocalMangaOutput.kt, /Users/hasanraza/Desktop/kotatsu/Nyora/nyora-android/app/src/main/kotlin/com/nyora/hasan72341/local/data/CbzFilter.kt, /Users/hasanraza/Desktop/kotatsu/Nyora/nyora-android/app/src/main/kotlin/com/nyora/hasan72341/local/data/LocalStorageManager.kt, /Users/hasanraza/Desktop/kotatsu/Nyora/nyora-android/app/src/main/kotlin/com/nyora/hasan72341/local/data/index/LocalMangaIndex.kt, /Users/hasanraza/Desktop/kotatsu/Nyora/nyora-android/app/src/main/kotlin/com/nyora/hasan72341/local/data/index/LocalMangaIndexDao.kt, /Users/hasanraza/Desktop/kotatsu/Nyora/nyora-android/app/src/main/kotlin/com/nyora/hasan72341/local/data/index/LocalMangaIndexEntity.kt, /Users/hasanraza/Desktop/kotatsu/Nyora/nyora-android/app/src/main/kotlin/com/nyora/hasan72341/local/data/Caches.kt, /Users/hasanraza/Desktop/kotatsu/Nyora/nyora-android/app/src/main/kotlin/com/nyora/hasan72341/local/data/Qualifiers.kt, /Users/hasanraza/Desktop/kotatsu/Nyora/nyora-android/app/src/main/kotlin/com/nyora/hasan72341/local/data/LocalMangaRepository.kt, /Users/hasanraza/Desktop/kotatsu/Nyora/nyora-android/app/src/main/kotlin/com/nyora/hasan72341/local/data/LocalStorageCache.kt, /Users/hasanraza/Desktop/kotatsu/Nyora/nyora-android/app/src/main/kotlin/com/nyora/hasan72341/local/data/TempFileFilter.kt, /Users/hasanraza/Desktop/kotatsu/Nyora/nyora-android/app/src/main/kotlin/com/nyora/hasan72341/local/data/MangaIndex.kt, /Users/hasanraza/Desktop/kotatsu/Nyora/nyora-android/app/src/main/kotlin/com/nyora/hasan72341/local/domain/DeleteLocalMangaUseCase.kt, /Users/hasanraza/Desktop/kotatsu/Nyora/nyora-android/app/src/main/kotlin/com/nyora/hasan72341/local/domain/DeleteReadChaptersUseCase.kt, /Users/hasanraza/Desktop/kotatsu/Nyora/nyora-android/app/src/main/kotlin/com/nyora/hasan72341/local/domain/model/LocalManga.kt, /Users/hasanraza/Desktop/kotatsu/Nyora/nyora-android/app/src/main/kotlin/com/nyora/hasan72341/local/domain/MangaLock.kt, /Users/hasanraza/Desktop/kotatsu/Nyora/nyora-android/app/src/main/kotlin/com/nyora/hasan72341/local/domain/LocalObserveMapper.kt, /Users/hasanraza/Desktop/kotatsu/Nyora/nyora-android/app/src/main/kotlin/com/nyora/hasan72341/scrobbling/shikimori/data/ShikimoriRepository.kt, /Users/hasanraza/Desktop/kotatsu/Nyora/nyora-android/app/src/main/kotlin/com/nyora/hasan72341/scrobbling/shikimori/data/ShikimoriInterceptor.kt, /Users/hasanraza/Desktop/kotatsu/Nyora/nyora-android/app/src/main/kotlin/com/nyora/hasan72341/scrobbling/shikimori/data/ShikimoriAuthenticator.kt, /Users/hasanraza/Desktop/kotatsu/Nyora/nyora-android/app/src/main/kotlin/com/nyora/hasan72341/scrobbling/shikimori/domain/ShikimoriScrobbler.kt, /Users/hasanraza/Desktop/kotatsu/Nyora/nyora-android/app/src/main/kotlin/com/nyora/hasan72341/scrobbling/discord/ui/DiscordRpc.kt, /Users/hasanraza/Desktop/kotatsu/Nyora/nyora-android/app/src/main/kotlin/com/nyora/hasan72341/scrobbling/discord/ui/DiscordAuthActivity.kt, /Users/hasanraza/Desktop/kotatsu/Nyora/nyora-android/app/src/main/kotlin/com/nyora/hasan72341/scrobbling/discord/ui/DiscordTokenWebClient.kt, /Users/hasanraza/Desktop/kotatsu/Nyora/nyora-android/app/src/main/kotlin/com/nyora/hasan72341/scrobbling/discord/data/DiscordRepository.kt, /Users/hasanraza/Desktop/kotatsu/Nyora/nyora-android/app/src/main/kotlin/com/nyora/hasan72341/scrobbling/kitsu/ui/KitsuAuthActivity.kt, /Users/hasanraza/Desktop/kotatsu/Nyora/nyora-android/app/src/main/kotlin/com/nyora/hasan72341/scrobbling/kitsu/data/KitsuAuthenticator.kt, /Users/hasanraza/Desktop/kotatsu/Nyora/nyora-android/app/src/main/kotlin/com/nyora/hasan72341/scrobbling/kitsu/data/KitsuInterceptor.kt, /Users/hasanraza/Desktop/kotatsu/Nyora/nyora-android/app/src/main/kotlin/com/nyora/hasan72341/scrobbling/kitsu/data/KitsuRepository.kt, /Users/hasanraza/Desktop/kotatsu/Nyora/nyora-android/app/src/main/kotlin/com/nyora/hasan72341/scrobbling/kitsu/domain/KitsuScrobbler.kt, /Users/hasanraza/Desktop/kotatsu/Nyora/nyora-android/app/src/main/kotlin/com/nyora/hasan72341/scrobbling/ScrobblingModule.kt, /Users/hasanraza/Desktop/kotatsu/Nyora/nyora-android/app/src/main/kotlin/com/nyora/hasan72341/scrobbling/anilist/data/AniListRepository.kt, /Users/hasanraza/Desktop/kotatsu/Nyora/nyora-android/app/src/main/kotlin/com/nyora/hasan72341/scrobbling/anilist/data/AniListInterceptor.kt, /Users/hasanraza/Desktop/kotatsu/Nyora/nyora-android/app/src/main/kotlin/com/nyora/hasan72341/scrobbling/anilist/data/AniListAuthenticator.kt, /Users/hasanraza/Desktop/kotatsu/Nyora/nyora-android/app/src/main/kotlin/com/nyora/hasan72341/scrobbling/anilist/data/ScoreFormat.kt, /Users/hasanraza/Desktop/kotatsu/Nyora/nyora-android/app/src/main/kotlin/com/nyora/hasan72341/scrobbling/anilist/domain/AniListScrobbler.kt, /Users/hasanraza/Desktop/kotatsu/Nyora/nyora-android/app/src/main/kotlin/com/nyora/hasan72341/scrobbling/common/ui/selector/ScrobblingSelectorViewModel.kt, /Users/hasanraza/Desktop/kotatsu/Nyora/nyora-android/app/src/main/kotlin/com/nyora/hasan72341/scrobbling/common/ui/selector/adapter/ScrobblingMangaAD.kt, /Users/hasanraza/Desktop/kotatsu/Nyora/nyora-android/app/src/main/kotlin/com/nyora/hasan72341/scrobbling/common/ui/selector/adapter/ScrobblerMangaSelectionDecoration.kt, /Users/hasanraza/Desktop/kotatsu/Nyora/nyora-android/app/src/main/kotlin/com/nyora/hasan72341/scrobbling/common/ui/selector/adapter/ScrobblerHintAD.kt, /Users/hasanraza/Desktop/kotatsu/Nyora/nyora-android/app/src/main/kotlin/com/nyora/hasan72341/scrobbling/common/ui/selector/adapter/ScrobblerSelectorAdapter.kt, /Users/hasanraza/Desktop/kotatsu/Nyora/nyora-android/app/src/main/kotlin/com/nyora/hasan72341/scrobbling/common/ui/selector/model/ScrobblerHint.kt, /Users/hasanraza/Desktop/kotatsu/Nyora/nyora-android/app/src/main/kotlin/com/nyora/hasan72341/scrobbling/common/ui/selector/ScrobblingSelectorSheet.kt, /Users/hasanraza/Desktop/kotatsu/Nyora/nyora-android/app/src/main/kotlin/com/nyora/hasan72341/scrobbling/common/ui/ScrobblerAuthHelper.kt, /Users/hasanraza/Desktop/kotatsu/Nyora/nyora-android/app/src/main/kotlin/com/nyora/hasan72341/scrobbling/common/ui/config/ScrobblerConfigViewModel.kt, /Users/hasanraza/Desktop/kotatsu/Nyora/nyora-android/app/src/main/kotlin/com/nyora/hasan72341/scrobbling/common/ui/config/adapter/ScrobblingMangaAdapter.kt, /Users/hasanraza/Desktop/kotatsu/Nyora/nyora-android/app/src/main/kotlin/com/nyora/hasan72341/scrobbling/common/ui/config/adapter/ScrobblingMangaAD.kt, /Users/hasanraza/Desktop/kotatsu/Nyora/nyora-android/app/src/main/kotlin/com/nyora/hasan72341/scrobbling/common/ui/config/adapter/ScrobblingHeaderAD.kt, /Users/hasanraza/Desktop/kotatsu/Nyora/nyora-android/app/src/main/kotlin/com/nyora/hasan72341/scrobbling/common/ui/config/ScrobblerConfigActivity.kt, /Users/hasanraza/Desktop/kotatsu/Nyora/nyora-android/app/src/main/kotlin/com/nyora/hasan72341/scrobbling/common/data/ScrobblingDao.kt, /Users/hasanraza/Desktop/kotatsu/Nyora/nyora-android/app/src/main/kotlin/com/nyora/hasan72341/scrobbling/common/data/ScrobblingEntity.kt, /Users/hasanraza/Desktop/kotatsu/Nyora/nyora-android/app/src/main/kotlin/com/nyora/hasan72341/scrobbling/common/data/ScrobblerStorage.kt, /Users/hasanraza/Desktop/kotatsu/Nyora/nyora-android/app/src/main/kotlin/com/nyora/hasan72341/scrobbling/common/data/ScrobblerRepository.kt, /Users/hasanraza/Desktop/kotatsu/Nyora/nyora-android/app/src/main/kotlin/com/nyora/hasan72341/scrobbling/common/domain/ScrobblerAuthRequiredException.kt, /Users/hasanraza/Desktop/kotatsu/Nyora/nyora-android/app/src/main/kotlin/com/nyora/hasan72341/scrobbling/common/domain/Scrobbler.kt, /Users/hasanraza/Desktop/kotatsu/Nyora/nyora-android/app/src/main/kotlin/com/nyora/hasan72341/scrobbling/common/domain/model/ScrobblingInfo.kt, /Users/hasanraza/Desktop/kotatsu/Nyora/nyora-android/app/src/main/kotlin/com/nyora/hasan72341/scrobbling/common/domain/model/ScrobblingStatus.kt, /Users/hasanraza/Desktop/kotatsu/Nyora/nyora-android/app/src/main/kotlin/com/nyora/hasan72341/scrobbling/common/domain/model/ScrobblerService.kt, /Users/hasanraza/Desktop/kotatsu/Nyora/nyora-android/app/src/main/kotlin/com/nyora/hasan72341/scrobbling/common/domain/model/ScrobblerType.kt, /Users/hasanraza/Desktop/kotatsu/Nyora/nyora-android/app/src/main/kotlin/com/nyora/hasan72341/scrobbling/common/domain/model/ScrobblerManga.kt, /Users/hasanraza/Desktop/kotatsu/Nyora/nyora-android/app/src/main/kotlin/com/nyora/hasan72341/scrobbling/common/domain/model/ScrobblerUser.kt, /Users/hasanraza/Desktop/kotatsu/Nyora/nyora-android/app/src/main/kotlin/com/nyora/hasan72341/scrobbling/common/domain/model/ScrobblerMangaInfo.kt, /Users/hasanraza/Desktop/kotatsu/Nyora/nyora-android/app/src/main/kotlin/com/nyora/hasan72341/scrobbling/common/domain/ScrobblerRepositoryMap.kt, /Users/hasanraza/Desktop/kotatsu/Nyora/nyora-android/app/src/main/kotlin/com/nyora/hasan72341/scrobbling/mal/data/MALRepository.kt, /Users/hasanraza/Desktop/kotatsu/Nyora/nyora-android/app/src/main/kotlin/com/nyora/hasan72341/scrobbling/mal/data/MALInterceptor.kt, /Users/hasanraza/Desktop/kotatsu/Nyora/nyora-android/app/src/main/kotlin/com/nyora/hasan72341/scrobbling/mal/data/MALAuthenticator.kt, /Users/hasanraza/Desktop/kotatsu/Nyora/nyora-android/app/src/main/kotlin/com/nyora/hasan72341/scrobbling/mal/domain/MALScrobbler.kt, /Users/hasanraza/Desktop/kotatsu/Nyora/nyora-android/app/src/main/kotlin/com/nyora/hasan72341/browser/BaseBrowserActivity.kt, /Users/hasanraza/Desktop/kotatsu/Nyora/nyora-android/app/src/main/kotlin/com/nyora/hasan72341/browser/BrowserClient.kt, /Users/hasanraza/Desktop/kotatsu/Nyora/nyora-android/app/src/main/kotlin/com/nyora/hasan72341/browser/WebViewBackPressedCallback.kt, /Users/hasanraza/Desktop/kotatsu/Nyora/nyora-android/app/src/main/kotlin/com/nyora/hasan72341/browser/AdListUpdateService.kt, /Users/hasanraza/Desktop/kotatsu/Nyora/nyora-android/app/src/main/kotlin/com/nyora/hasan72341/browser/cloudflare/CloudFlareCallback.kt, /Users/hasanraza/Desktop/kotatsu/Nyora/nyora-android/app/src/main/kotlin/com/nyora/hasan72341/browser/cloudflare/CloudFlareInterceptClient.kt, /Users/hasanraza/Desktop/kotatsu/Nyora/nyora-android/app/src/main/kotlin/com/nyora/hasan72341/browser/cloudflare/CloudFlareActivity.kt, /Users/hasanraza/Desktop/kotatsu/Nyora/nyora-android/app/src/main/kotlin/com/nyora/hasan72341/browser/cloudflare/CloudFlareClient.kt, /Users/hasanraza/Desktop/kotatsu/Nyora/nyora-android/app/src/main/kotlin/com/nyora/hasan72341/browser/BrowserCallback.kt, /Users/hasanraza/Desktop/kotatsu/Nyora/nyora-android/app/src/main/kotlin/com/nyora/hasan72341/browser/ProgressChromeClient.kt, /Users/hasanraza/Desktop/kotatsu/Nyora/nyora-android/app/src/main/kotlin/com/nyora/hasan72341/browser/BrowserActivity.kt, /Users/hasanraza/Desktop/kotatsu/Nyora/nyora-android/app/src/main/kotlin/com/nyora/hasan72341/browser/OnHistoryChangedListener.kt, /Users/hasanraza/Desktop/kotatsu/Nyora/nyora-android/app/src/main/kotlin/com/nyora/hasan72341/remotelist/ui/RemoteListViewModel.kt, /Users/hasanraza/Desktop/kotatsu/Nyora/nyora-android/app/src/main/kotlin/com/nyora/hasan72341/remotelist/ui/MangaSearchMenuProvider.kt, /Users/hasanraza/Desktop/kotatsu/Nyora/nyora-android/app/src/main/kotlin/com/nyora/hasan72341/remotelist/ui/RemoteListFragment.kt, /Users/hasanraza/Desktop/kotatsu/Nyora/nyora-android/app/src/main/kotlin/com/nyora/hasan72341/bookmarks/ui/AllBookmarksActivity.kt, /Users/hasanraza/Desktop/kotatsu/Nyora/nyora-android/app/src/main/kotlin/com/nyora/hasan72341/bookmarks/ui/adapter/BookmarksAdapter.kt, /Users/hasanraza/Desktop/kotatsu/Nyora/nyora-android/app/src/main/kotlin/com/nyora/hasan72341/bookmarks/ui/adapter/BookmarkLargeAD.kt, /Users/hasanraza/Desktop/kotatsu/Nyora/nyora-android/app/src/main/kotlin/com/nyora/hasan72341/bookmarks/ui/AllBookmarksViewModel.kt, /Users/hasanraza/Desktop/kotatsu/Nyora/nyora-android/app/src/main/kotlin/com/nyora/hasan72341/bookmarks/ui/BookmarksSelectionDecoration.kt, /Users/hasanraza/Desktop/kotatsu/Nyora/nyora-android/app/src/main/kotlin/com/nyora/hasan72341/bookmarks/ui/AllBookmarksFragment.kt, /Users/hasanraza/Desktop/kotatsu/Nyora/nyora-android/app/src/main/kotlin/com/nyora/hasan72341/bookmarks/data/BookmarksDao.kt, /Users/hasanraza/Desktop/kotatsu/Nyora/nyora-android/app/src/main/kotlin/com/nyora/hasan72341/bookmarks/data/BookmarkEntity.kt, /Users/hasanraza/Desktop/kotatsu/Nyora/nyora-android/app/src/main/kotlin/com/nyora/hasan72341/bookmarks/data/EntityMapping.kt, /Users/hasanraza/Desktop/kotatsu/Nyora/nyora-android/app/src/main/kotlin/com/nyora/hasan72341/bookmarks/domain/Bookmark.kt, /Users/hasanraza/Desktop/kotatsu/Nyora/nyora-android/app/src/main/kotlin/com/nyora/hasan72341/bookmarks/domain/BookmarksRepository.kt, /Users/hasanraza/Desktop/kotatsu/Nyora/nyora-android/app/src/main/kotlin/com/nyora/hasan72341/download/ui/dialog/DownloadDialogViewModel.kt, /Users/hasanraza/Desktop/kotatsu/Nyora/nyora-android/app/src/main/kotlin/com/nyora/hasan72341/download/ui/dialog/ChaptersSelectMacro.kt, /Users/hasanraza/Desktop/kotatsu/Nyora/nyora-android/app/src/main/kotlin/com/nyora/hasan72341/download/ui/dialog/DestinationsAdapter.kt, /Users/hasanraza/Desktop/kotatsu/Nyora/nyora-android/app/src/main/kotlin/com/nyora/hasan72341/download/ui/dialog/DownloadDialogFragment.kt, /Users/hasanraza/Desktop/kotatsu/Nyora/nyora-android/app/src/main/kotlin/com/nyora/hasan72341/download/ui/dialog/ChapterSelectOptions.kt, /Users/hasanraza/Desktop/kotatsu/Nyora/nyora-android/app/src/main/kotlin/com/nyora/hasan72341/download/ui/list/DownloadItemModel.kt, /Users/hasanraza/Desktop/kotatsu/Nyora/nyora-android/app/src/main/kotlin/com/nyora/hasan72341/download/ui/list/DownloadsViewModel.kt, /Users/hasanraza/Desktop/kotatsu/Nyora/nyora-android/app/src/main/kotlin/com/nyora/hasan72341/download/ui/list/chapters/DownloadChapterAD.kt, /Users/hasanraza/Desktop/kotatsu/Nyora/nyora-android/app/src/main/kotlin/com/nyora/hasan72341/download/ui/list/chapters/DownloadChapter.kt, /Users/hasanraza/Desktop/kotatsu/Nyora/nyora-android/app/src/main/kotlin/com/nyora/hasan72341/download/ui/list/DownloadsMenuProvider.kt, /Users/hasanraza/Desktop/kotatsu/Nyora/nyora-android/app/src/main/kotlin/com/nyora/hasan72341/download/ui/list/DownloadItemAD.kt, /Users/hasanraza/Desktop/kotatsu/Nyora/nyora-android/app/src/main/kotlin/com/nyora/hasan72341/download/ui/list/DownloadsSelectionDecoration.kt, /Users/hasanraza/Desktop/kotatsu/Nyora/nyora-android/app/src/main/kotlin/com/nyora/hasan72341/download/ui/list/DownloadsAdapter.kt, /Users/hasanraza/Desktop/kotatsu/Nyora/nyora-android/app/src/main/kotlin/com/nyora/hasan72341/download/ui/list/DownloadsListFragment.kt, /Users/hasanraza/Desktop/kotatsu/Nyora/nyora-android/app/src/main/kotlin/com/nyora/hasan72341/download/ui/list/DownloadItemListener.kt, /Users/hasanraza/Desktop/kotatsu/Nyora/nyora-android/app/src/main/kotlin/com/nyora/hasan72341/download/ui/worker/PausingReceiver.kt, /Users/hasanraza/Desktop/kotatsu/Nyora/nyora-android/app/src/main/kotlin/com/nyora/hasan72341/download/ui/worker/DownloadTask.kt, /Users/hasanraza/Desktop/kotatsu/Nyora/nyora-android/app/src/main/kotlin/com/nyora/hasan72341/download/ui/worker/DownloadSlowdownDispatcher.kt, /Users/hasanraza/Desktop/kotatsu/Nyora/nyora-android/app/src/main/kotlin/com/nyora/hasan72341/download/ui/worker/DownloadNotificationFactory.kt, /Users/hasanraza/Desktop/kotatsu/Nyora/nyora-android/app/src/main/kotlin/com/nyora/hasan72341/download/ui/worker/PausingHandle.kt, /Users/hasanraza/Desktop/kotatsu/Nyora/nyora-android/app/src/main/kotlin/com/nyora/hasan72341/download/ui/worker/DownloadWorker.kt, /Users/hasanraza/Desktop/kotatsu/Nyora/nyora-android/app/src/main/kotlin/com/nyora/hasan72341/download/ui/worker/DownloadStartedObserver.kt, /Users/hasanraza/Desktop/kotatsu/Nyora/nyora-android/app/src/main/kotlin/com/nyora/hasan72341/download/domain/DownloadState.kt, /Users/hasanraza/Desktop/kotatsu/Nyora/nyora-android/app/src/main/kotlin/com/nyora/hasan72341/download/domain/DownloadProgress.kt, /Users/hasanraza/Desktop/kotatsu/Nyora/nyora-android/app/src/main/kotlin/com/nyora/hasan72341/ai/MangaTranslator.kt, /Users/hasanraza/Desktop/kotatsu/Nyora/nyora-android/app/src/main/kotlin/com/nyora/hasan72341/ai/TranslationOverlayView.kt, /Users/hasanraza/Desktop/kotatsu/Nyora/nyora-android/app/src/main/kotlin/com/nyora/hasan72341/ai/data/AiModels.kt, /Users/hasanraza/Desktop/kotatsu/Nyora/nyora-android/app/src/main/kotlin/com/nyora/hasan72341/ai/data/AiRepository.kt, /Users/hasanraza/Desktop/kotatsu/Nyora/nyora-android/app/src/main/kotlin/com/nyora/hasan72341/ai/engine/OcrProvider.kt, /Users/hasanraza/Desktop/kotatsu/Nyora/nyora-android/app/src/main/kotlin/com/nyora/hasan72341/ai/engine/StoryBrain.kt, /Users/hasanraza/Desktop/kotatsu/Nyora/nyora-android/app/src/main/kotlin/com/nyora/hasan72341/list/ui/config/ListConfigBottomSheet.kt, /Users/hasanraza/Desktop/kotatsu/Nyora/nyora-android/app/src/main/kotlin/com/nyora/hasan72341/list/ui/config/ListConfigViewModel.kt, /Users/hasanraza/Desktop/kotatsu/Nyora/nyora-android/app/src/main/kotlin/com/nyora/hasan72341/list/ui/config/ListConfigSection.kt, /Users/hasanraza/Desktop/kotatsu/Nyora/nyora-android/app/src/main/kotlin/com/nyora/hasan72341/list/ui/MangaSelectionDecoration.kt, /Users/hasanraza/Desktop/kotatsu/Nyora/nyora-android/app/src/main/kotlin/com/nyora/hasan72341/list/ui/MangaListMenuProvider.kt, /Users/hasanraza/Desktop/kotatsu/Nyora/nyora-android/app/src/main/kotlin/com/nyora/hasan72341/list/ui/adapter/QuickFilterClickListener.kt, /Users/hasanraza/Desktop/kotatsu/Nyora/nyora-android/app/src/main/kotlin/com/nyora/hasan72341/list/ui/adapter/InfoAD.kt, /Users/hasanraza/Desktop/kotatsu/Nyora/nyora-android/app/src/main/kotlin/com/nyora/hasan72341/list/ui/adapter/TipAD.kt, /Users/hasanraza/Desktop/kotatsu/Nyora/nyora-android/app/src/main/kotlin/com/nyora/hasan72341/list/ui/adapter/QuickFilterAD.kt, /Users/hasanraza/Desktop/kotatsu/Nyora/nyora-android/app/src/main/kotlin/com/nyora/hasan72341/list/ui/adapter/ListStateHolderListener.kt, /Users/hasanraza/Desktop/kotatsu/Nyora/nyora-android/app/src/main/kotlin/com/nyora/hasan72341/list/ui/adapter/MangaListAdapter.kt, /Users/hasanraza/Desktop/kotatsu/Nyora/nyora-android/app/src/main/kotlin/com/nyora/hasan72341/list/ui/adapter/ErrorStateListAD.kt, /Users/hasanraza/Desktop/kotatsu/Nyora/nyora-android/app/src/main/kotlin/com/nyora/hasan72341/list/ui/adapter/MangaListItemAD.kt, /Users/hasanraza/Desktop/kotatsu/Nyora/nyora-android/app/src/main/kotlin/com/nyora/hasan72341/list/ui/adapter/ErrorFooterAD.kt, /Users/hasanraza/Desktop/kotatsu/Nyora/nyora-android/app/src/main/kotlin/com/nyora/hasan72341/list/ui/adapter/LoadingStateAD.kt, /Users/hasanraza/Desktop/kotatsu/Nyora/nyora-android/app/src/main/kotlin/com/nyora/hasan72341/list/ui/adapter/BadgeADUtil.kt, /Users/hasanraza/Desktop/kotatsu/Nyora/nyora-android/app/src/main/kotlin/com/nyora/hasan72341/list/ui/adapter/ListHeaderAD.kt, /Users/hasanraza/Desktop/kotatsu/Nyora/nyora-android/app/src/main/kotlin/com/nyora/hasan72341/list/ui/adapter/ListHeaderClickListener.kt, /Users/hasanraza/Desktop/kotatsu/Nyora/nyora-android/app/src/main/kotlin/com/nyora/hasan72341/list/ui/adapter/ListItemType.kt, /Users/hasanraza/Desktop/kotatsu/Nyora/nyora-android/app/src/main/kotlin/com/nyora/hasan72341/list/ui/adapter/HistoryStatsAD.kt, /Users/hasanraza/Desktop/kotatsu/Nyora/nyora-android/app/src/main/kotlin/com/nyora/hasan72341/list/ui/adapter/EmptyHintAD.kt, /Users/hasanraza/Desktop/kotatsu/Nyora/nyora-android/app/src/main/kotlin/com/nyora/hasan72341/list/ui/adapter/MangaListListener.kt, /Users/hasanraza/Desktop/kotatsu/Nyora/nyora-android/app/src/main/kotlin/com/nyora/hasan72341/list/ui/adapter/MangaDetailsClickListener.kt, /Users/hasanraza/Desktop/kotatsu/Nyora/nyora-android/app/src/main/kotlin/com/nyora/hasan72341/list/ui/adapter/LoadingFooterAD.kt, /Users/hasanraza/Desktop/kotatsu/Nyora/nyora-android/app/src/main/kotlin/com/nyora/hasan72341/list/ui/adapter/ButtonFooterAD.kt, /Users/hasanraza/Desktop/kotatsu/Nyora/nyora-android/app/src/main/kotlin/com/nyora/hasan72341/list/ui/adapter/TypedListSpacingDecoration.kt, /Users/hasanraza/Desktop/kotatsu/Nyora/nyora-android/app/src/main/kotlin/com/nyora/hasan72341/list/ui/adapter/EmptyStateListAD.kt, /Users/hasanraza/Desktop/kotatsu/Nyora/nyora-android/app/src/main/kotlin/com/nyora/hasan72341/list/ui/adapter/MangaListDetailedItemAD.kt, /Users/hasanraza/Desktop/kotatsu/Nyora/nyora-android/app/src/main/kotlin/com/nyora/hasan72341/list/ui/adapter/MangaGridItemAD.kt, /Users/hasanraza/Desktop/kotatsu/Nyora/nyora-android/app/src/main/kotlin/com/nyora/hasan72341/list/ui/ListModelDiffCallback.kt, /Users/hasanraza/Desktop/kotatsu/Nyora/nyora-android/app/src/main/kotlin/com/nyora/hasan72341/list/ui/GridSpanResolver.kt, /Users/hasanraza/Desktop/kotatsu/Nyora/nyora-android/app/src/main/kotlin/com/nyora/hasan72341/list/ui/model/ButtonFooter.kt, /Users/hasanraza/Desktop/kotatsu/Nyora/nyora-android/app/src/main/kotlin/com/nyora/hasan72341/list/ui/model/LoadingState.kt, /Users/hasanraza/Desktop/kotatsu/Nyora/nyora-android/app/src/main/kotlin/com/nyora/hasan72341/list/ui/model/ListModelExt.kt, /Users/hasanraza/Desktop/kotatsu/Nyora/nyora-android/app/src/main/kotlin/com/nyora/hasan72341/list/ui/model/ListHeader.kt, /Users/hasanraza/Desktop/kotatsu/Nyora/nyora-android/app/src/main/kotlin/com/nyora/hasan72341/list/ui/model/ErrorState.kt, /Users/hasanraza/Desktop/kotatsu/Nyora/nyora-android/app/src/main/kotlin/com/nyora/hasan72341/list/ui/model/LoadingFooter.kt, /Users/hasanraza/Desktop/kotatsu/Nyora/nyora-android/app/src/main/kotlin/com/nyora/hasan72341/list/ui/model/QuickFilter.kt, /Users/hasanraza/Desktop/kotatsu/Nyora/nyora-android/app/src/main/kotlin/com/nyora/hasan72341/list/ui/model/EmptyHint.kt, /Users/hasanraza/Desktop/kotatsu/Nyora/nyora-android/app/src/main/kotlin/com/nyora/hasan72341/list/ui/model/ListModel.kt, /Users/hasanraza/Desktop/kotatsu/Nyora/nyora-android/app/src/main/kotlin/com/nyora/hasan72341/list/ui/model/EmptyState.kt, /Users/hasanraza/Desktop/kotatsu/Nyora/nyora-android/app/src/main/kotlin/com/nyora/hasan72341/list/ui/model/InfoModel.kt, /Users/hasanraza/Desktop/kotatsu/Nyora/nyora-android/app/src/main/kotlin/com/nyora/hasan72341/list/ui/model/MangaDetailedListModel.kt, /Users/hasanraza/Desktop/kotatsu/Nyora/nyora-android/app/src/main/kotlin/com/nyora/hasan72341/list/ui/model/MangaListModel.kt, /Users/hasanraza/Desktop/kotatsu/Nyora/nyora-android/app/src/main/kotlin/com/nyora/hasan72341/list/ui/model/MangaCompactListModel.kt, /Users/hasanraza/Desktop/kotatsu/Nyora/nyora-android/app/src/main/kotlin/com/nyora/hasan72341/list/ui/model/MangaGridModel.kt, /Users/hasanraza/Desktop/kotatsu/Nyora/nyora-android/app/src/main/kotlin/com/nyora/hasan72341/list/ui/model/ErrorFooter.kt, /Users/hasanraza/Desktop/kotatsu/Nyora/nyora-android/app/src/main/kotlin/com/nyora/hasan72341/list/ui/model/TipModel.kt, /Users/hasanraza/Desktop/kotatsu/Nyora/nyora-android/app/src/main/kotlin/com/nyora/hasan72341/list/ui/preview/PreviewFragment.kt, /Users/hasanraza/Desktop/kotatsu/Nyora/nyora-android/app/src/main/kotlin/com/nyora/hasan72341/list/ui/preview/PreviewViewModel.kt, /Users/hasanraza/Desktop/kotatsu/Nyora/nyora-android/app/src/main/kotlin/com/nyora/hasan72341/list/ui/size/ItemSizeResolver.kt, /Users/hasanraza/Desktop/kotatsu/Nyora/nyora-android/app/src/main/kotlin/com/nyora/hasan72341/list/ui/size/DynamicItemSizeResolver.kt, /Users/hasanraza/Desktop/kotatsu/Nyora/nyora-android/app/src/main/kotlin/com/nyora/hasan72341/list/ui/size/StaticItemSizeResolver.kt, /Users/hasanraza/Desktop/kotatsu/Nyora/nyora-android/app/src/main/kotlin/com/nyora/hasan72341/list/ui/MangaListFragment.kt, /Users/hasanraza/Desktop/kotatsu/Nyora/nyora-android/app/src/main/kotlin/com/nyora/hasan72341/list/ui/MangaListViewModel.kt, /Users/hasanraza/Desktop/kotatsu/Nyora/nyora-android/app/src/main/kotlin/com/nyora/hasan72341/list/domain/MangaListMapper.kt, /Users/hasanraza/Desktop/kotatsu/Nyora/nyora-android/app/src/main/kotlin/com/nyora/hasan72341/list/domain/ListSortOrder.kt, /Users/hasanraza/Desktop/kotatsu/Nyora/nyora-android/app/src/main/kotlin/com/nyora/hasan72341/list/domain/MangaListQuickFilter.kt, /Users/hasanraza/Desktop/kotatsu/Nyora/nyora-android/app/src/main/kotlin/com/nyora/hasan72341/list/domain/ReadingProgress.kt, /Users/hasanraza/Desktop/kotatsu/Nyora/nyora-android/app/src/main/kotlin/com/nyora/hasan72341/list/domain/ListFilterOption.kt, /Users/hasanraza/Desktop/kotatsu/Nyora/nyora-android/app/src/main/kotlin/com/nyora/hasan72341/list/domain/QuickFilterListener.kt, /Users/hasanraza/Desktop/kotatsu/Nyora/nyora-android/app/src/main/kotlin/com/nyora/hasan72341/history/ui/HistoryListAdapter.kt, /Users/hasanraza/Desktop/kotatsu/Nyora/nyora-android/app/src/main/kotlin/com/nyora/hasan72341/history/ui/HistoryListViewModel.kt, /Users/hasanraza/Desktop/kotatsu/Nyora/nyora-android/app/src/main/kotlin/com/nyora/hasan72341/history/ui/util/ReadingProgressView.kt, /Users/hasanraza/Desktop/kotatsu/Nyora/nyora-android/app/src/main/kotlin/com/nyora/hasan72341/history/ui/util/ReadingProgressDrawable.kt, /Users/hasanraza/Desktop/kotatsu/Nyora/nyora-android/app/src/main/kotlin/com/nyora/hasan72341/history/ui/HistoryListFragment.kt, /Users/hasanraza/Desktop/kotatsu/Nyora/nyora-android/app/src/main/kotlin/com/nyora/hasan72341/history/ui/HistoryActivity.kt, /Users/hasanraza/Desktop/kotatsu/Nyora/nyora-android/app/src/main/kotlin/com/nyora/hasan72341/history/ui/HistoryListMenuProvider.kt, /Users/hasanraza/Desktop/kotatsu/Nyora/nyora-android/app/src/main/kotlin/com/nyora/hasan72341/history/data/EntityMapping.kt, /Users/hasanraza/Desktop/kotatsu/Nyora/nyora-android/app/src/main/kotlin/com/nyora/hasan72341/history/data/HistoryRepository.kt, /Users/hasanraza/Desktop/kotatsu/Nyora/nyora-android/app/src/main/kotlin/com/nyora/hasan72341/history/data/HistoryEntity.kt, /Users/hasanraza/Desktop/kotatsu/Nyora/nyora-android/app/src/main/kotlin/com/nyora/hasan72341/history/data/HistoryWithManga.kt, /Users/hasanraza/Desktop/kotatsu/Nyora/nyora-android/app/src/main/kotlin/com/nyora/hasan72341/history/data/HistoryLocalObserver.kt, /Users/hasanraza/Desktop/kotatsu/Nyora/nyora-android/app/src/main/kotlin/com/nyora/hasan72341/history/data/HistoryDao.kt, /Users/hasanraza/Desktop/kotatsu/Nyora/nyora-android/app/src/main/kotlin/com/nyora/hasan72341/history/domain/HistoryUpdateUseCase.kt, /Users/hasanraza/Desktop/kotatsu/Nyora/nyora-android/app/src/main/kotlin/com/nyora/hasan72341/history/domain/HistoryListQuickFilter.kt, /Users/hasanraza/Desktop/kotatsu/Nyora/nyora-android/app/src/main/kotlin/com/nyora/hasan72341/history/domain/MarkAsReadUseCase.kt, /Users/hasanraza/Desktop/kotatsu/Nyora/nyora-android/app/src/main/kotlin/com/nyora/hasan72341/history/domain/HistoryStatsUseCase.kt, /Users/hasanraza/Desktop/kotatsu/Nyora/nyora-android/app/src/main/kotlin/com/nyora/hasan72341/history/domain/model/MangaWithHistory.kt, /Users/hasanraza/Desktop/kotatsu/Nyora/nyora-android/app/src/main/kotlin/com/nyora/hasan72341/history/domain/model/HistoryStats.kt, /Users/hasanraza/Desktop/kotatsu/Nyora/nyora-android/app/src/main/kotlin/com/nyora/hasan72341/tachiyomi/util/JsoupExtensions.kt, /Users/hasanraza/Desktop/kotatsu/Nyora/nyora-android/app/src/main/kotlin/com/nyora/hasan72341/tachiyomi/util/RxExtensions.kt, /Users/hasanraza/Desktop/kotatsu/Nyora/nyora-android/app/src/main/kotlin/com/nyora/hasan72341/tachiyomi/source/Source.kt, /Users/hasanraza/Desktop/kotatsu/Nyora/nyora-android/app/src/main/kotlin/com/nyora/hasan72341/tachiyomi/source/PreferenceScreen.kt, /Users/hasanraza/Desktop/kotatsu/Nyora/nyora-android/app/src/main/kotlin/com/nyora/hasan72341/tachiyomi/source/UnmeteredSource.kt, /Users/hasanraza/Desktop/kotatsu/Nyora/nyora-android/app/src/main/kotlin/com/nyora/hasan72341/tachiyomi/source/model/Filter.kt, /Users/hasanraza/Desktop/kotatsu/Nyora/nyora-android/app/src/main/kotlin/com/nyora/hasan72341/tachiyomi/source/model/SChapter.kt, /Users/hasanraza/Desktop/kotatsu/Nyora/nyora-android/app/src/main/kotlin/com/nyora/hasan72341/tachiyomi/source/model/MangasPage.kt, /Users/hasanraza/Desktop/kotatsu/Nyora/nyora-android/app/src/main/kotlin/com/nyora/hasan72341/tachiyomi/source/model/SManga.kt, /Users/hasanraza/Desktop/kotatsu/Nyora/nyora-android/app/src/main/kotlin/com/nyora/hasan72341/tachiyomi/source/model/Page.kt, /Users/hasanraza/Desktop/kotatsu/Nyora/nyora-android/app/src/main/kotlin/com/nyora/hasan72341/tachiyomi/source/model/UpdateStrategy.kt, /Users/hasanraza/Desktop/kotatsu/Nyora/nyora-android/app/src/main/kotlin/com/nyora/hasan72341/tachiyomi/source/CatalogueSource.kt, /Users/hasanraza/Desktop/kotatsu/Nyora/nyora-android/app/src/main/kotlin/com/nyora/hasan72341/tachiyomi/source/SourceFactory.kt, /Users/hasanraza/Desktop/kotatsu/Nyora/nyora-android/app/src/main/kotlin/com/nyora/hasan72341/tachiyomi/source/online/HttpSource.kt, /Users/hasanraza/Desktop/kotatsu/Nyora/nyora-android/app/src/main/kotlin/com/nyora/hasan72341/tachiyomi/source/online/ParsedHttpSource.kt, /Users/hasanraza/Desktop/kotatsu/Nyora/nyora-android/app/src/main/kotlin/com/nyora/hasan72341/tachiyomi/source/ConfigurableSource.kt, /Users/hasanraza/Desktop/kotatsu/Nyora/nyora-android/app/src/main/kotlin/com/nyora/hasan72341/tachiyomi/network/NetworkHelper.kt, /Users/hasanraza/Desktop/kotatsu/Nyora/nyora-android/app/src/main/kotlin/com/nyora/hasan72341/tachiyomi/network/OkHttpExtensions.kt, /Users/hasanraza/Desktop/kotatsu/Nyora/nyora-android/app/src/main/kotlin/com/nyora/hasan72341/tachiyomi/network/Requests.kt, /Users/hasanraza/Desktop/kotatsu/Nyora/nyora-android/app/src/main/kotlin/com/nyora/hasan72341/tachiyomi/network/ProgressResponseBody.kt, /Users/hasanraza/Desktop/kotatsu/Nyora/nyora-android/app/src/main/kotlin/com/nyora/hasan72341/tachiyomi/network/ProgressListener.kt, /Users/hasanraza/Desktop/kotatsu/Nyora/nyora-android/app/src/main/kotlin/com/nyora/hasan72341/tachiyomi/network/interceptor/RateLimitInterceptor.kt, /Users/hasanraza/Desktop/kotatsu/Nyora/nyora-android/app/src/main/kotlin/com/nyora/hasan72341/tachiyomi/network/interceptor/SpecificHostRateLimitInterceptor.kt, /Users/hasanraza/Desktop/kotatsu/Nyora/nyora-android/app/src/main/kotlin/com/nyora/hasan72341/tachiyomi/network/interceptor/CloudflareInterceptor.kt, /Users/hasanraza/Desktop/kotatsu/Nyora/nyora-android/app/src/main/kotlin/com/nyora/hasan72341/tachiyomi/network/JavaScriptEngine.kt, /Users/hasanraza/Desktop/kotatsu/Nyora/nyora-android/app/src/main/kotlin/com/nyora/hasan72341/tachiyomi/AppInfo.kt, /Users/hasanraza/Desktop/kotatsu/Nyora/nyora-android/app/src/main/kotlin/com/nyora/hasan72341/suggestions/ui/SuggestionsActivity.kt, /Users/hasanraza/Desktop/kotatsu/Nyora/nyora-android/app/src/main/kotlin/com/nyora/hasan72341/suggestions/ui/SuggestionsViewModel.kt, /Users/hasanraza/Desktop/kotatsu/Nyora/nyora-android/app/src/main/kotlin/com/nyora/hasan72341/suggestions/ui/SuggestionsWorker.kt, /Users/hasanraza/Desktop/kotatsu/Nyora/nyora-android/app/src/main/kotlin/com/nyora/hasan72341/suggestions/ui/SuggestionsFragment.kt, /Users/hasanraza/Desktop/kotatsu/Nyora/nyora-android/app/src/main/kotlin/com/nyora/hasan72341/suggestions/data/SuggestionWithManga.kt, /Users/hasanraza/Desktop/kotatsu/Nyora/nyora-android/app/src/main/kotlin/com/nyora/hasan72341/suggestions/data/SuggestionEntity.kt, /Users/hasanraza/Desktop/kotatsu/Nyora/nyora-android/app/src/main/kotlin/com/nyora/hasan72341/suggestions/data/SuggestionDao.kt, /Users/hasanraza/Desktop/kotatsu/Nyora/nyora-android/app/src/main/kotlin/com/nyora/hasan72341/suggestions/data/AnilistRepository.kt, /Users/hasanraza/Desktop/kotatsu/Nyora/nyora-android/app/src/main/kotlin/com/nyora/hasan72341/suggestions/domain/SuggestionRepository.kt, /Users/hasanraza/Desktop/kotatsu/Nyora/nyora-android/app/src/main/kotlin/com/nyora/hasan72341/suggestions/domain/SmartMatchUseCase.kt, /Users/hasanraza/Desktop/kotatsu/Nyora/nyora-android/app/src/main/kotlin/com/nyora/hasan72341/suggestions/domain/MangaSuggestionV2.kt, /Users/hasanraza/Desktop/kotatsu/Nyora/nyora-android/app/src/main/kotlin/com/nyora/hasan72341/suggestions/domain/SuggestionsListQuickFilter.kt, /Users/hasanraza/Desktop/kotatsu/Nyora/nyora-android/app/src/main/kotlin/com/nyora/hasan72341/suggestions/domain/TagsBlacklist.kt, /Users/hasanraza/Desktop/kotatsu/Nyora/nyora-android/app/src/main/kotlin/com/nyora/hasan72341/suggestions/domain/MangaSuggestion.kt, /Users/hasanraza/Desktop/kotatsu/Nyora/nyora-android/app/src/main/kotlin/com/nyora/hasan72341/filter/ui/FilterHeaderProducer.kt, /Users/hasanraza/Desktop/kotatsu/Nyora/nyora-android/app/src/main/kotlin/com/nyora/hasan72341/filter/ui/FilterHeaderFragment.kt, /Users/hasanraza/Desktop/kotatsu/Nyora/nyora-android/app/src/main/kotlin/com/nyora/hasan72341/filter/ui/tags/TagsCatalogViewModel.kt, /Users/hasanraza/Desktop/kotatsu/Nyora/nyora-android/app/src/main/kotlin/com/nyora/hasan72341/filter/ui/tags/TagsCatalogAdapter.kt, /Users/hasanraza/Desktop/kotatsu/Nyora/nyora-android/app/src/main/kotlin/com/nyora/hasan72341/filter/ui/tags/TagsCatalogSheet.kt, /Users/hasanraza/Desktop/kotatsu/Nyora/nyora-android/app/src/main/kotlin/com/nyora/hasan72341/filter/ui/tags/TagTitleComparator.kt, /Users/hasanraza/Desktop/kotatsu/Nyora/nyora-android/app/src/main/kotlin/com/nyora/hasan72341/filter/ui/model/FilterHeaderModel.kt, /Users/hasanraza/Desktop/kotatsu/Nyora/nyora-android/app/src/main/kotlin/com/nyora/hasan72341/filter/ui/model/TagCatalogItem.kt, /Users/hasanraza/Desktop/kotatsu/Nyora/nyora-android/app/src/main/kotlin/com/nyora/hasan72341/filter/ui/model/FilterProperty.kt, /Users/hasanraza/Desktop/kotatsu/Nyora/nyora-android/app/src/main/kotlin/com/nyora/hasan72341/filter/ui/sheet/FilterSheetFragment.kt, /Users/hasanraza/Desktop/kotatsu/Nyora/nyora-android/app/src/main/kotlin/com/nyora/hasan72341/filter/ui/FilterCoordinator.kt, /Users/hasanraza/Desktop/kotatsu/Nyora/nyora-android/app/src/main/kotlin/com/nyora/hasan72341/filter/ui/FilterFieldLayout.kt, /Users/hasanraza/Desktop/kotatsu/Nyora/nyora-android/app/src/main/kotlin/com/nyora/hasan72341/filter/data/SavedFiltersRepository.kt, /Users/hasanraza/Desktop/kotatsu/Nyora/nyora-android/app/src/main/kotlin/com/nyora/hasan72341/filter/data/MangaListFilterSerializer.kt, /Users/hasanraza/Desktop/kotatsu/Nyora/nyora-android/app/src/main/kotlin/com/nyora/hasan72341/filter/data/PersistableFilter.kt, /Users/hasanraza/Desktop/kotatsu/Nyora/nyora-android/app/src/main/kotlin/com/nyora/hasan72341/sync/supabase/SupabaseConfig.kt, /Users/hasanraza/Desktop/kotatsu/Nyora/nyora-android/app/src/main/kotlin/com/nyora/hasan72341/sync/supabase/SupabaseSyncWorker.kt, /Users/hasanraza/Desktop/kotatsu/Nyora/nyora-android/app/src/main/kotlin/com/nyora/hasan72341/sync/supabase/SupabaseGoogleAuthHelper.kt, /Users/hasanraza/Desktop/kotatsu/Nyora/nyora-android/app/src/main/kotlin/com/nyora/hasan72341/sync/supabase/SupabaseModule.kt, /Users/hasanraza/Desktop/kotatsu/Nyora/nyora-android/app/src/main/kotlin/com/nyora/hasan72341/sync/supabase/SupabaseSync.kt, /Users/hasanraza/Desktop/kotatsu/Nyora/nyora-android/app/src/main/kotlin/com/nyora/hasan72341/alternatives/ui/AlternativesActivity.kt, /Users/hasanraza/Desktop/kotatsu/Nyora/nyora-android/app/src/main/kotlin/com/nyora/hasan72341/alternatives/ui/MangaAlternativeModel.kt, /Users/hasanraza/Desktop/kotatsu/Nyora/nyora-android/app/src/main/kotlin/com/nyora/hasan72341/alternatives/ui/AutoFixService.kt, /Users/hasanraza/Desktop/kotatsu/Nyora/nyora-android/app/src/main/kotlin/com/nyora/hasan72341/alternatives/ui/AlternativesViewModel.kt, /Users/hasanraza/Desktop/kotatsu/Nyora/nyora-android/app/src/main/kotlin/com/nyora/hasan72341/alternatives/ui/AlternativeAD.kt, /Users/hasanraza/Desktop/kotatsu/Nyora/nyora-android/app/src/main/kotlin/com/nyora/hasan72341/alternatives/domain/MigrateUseCase.kt, /Users/hasanraza/Desktop/kotatsu/Nyora/nyora-android/app/src/main/kotlin/com/nyora/hasan72341/alternatives/domain/AlternativesUseCase.kt, /Users/hasanraza/Desktop/kotatsu/Nyora/nyora-android/app/src/main/kotlin/com/nyora/hasan72341/alternatives/domain/AutoFixUseCase.kt, /Users/hasanraza/Desktop/kotatsu/Nyora/nyora-android/app/src/main/kotlin/com/nyora/hasan72341/main/ui/MainViewModel.kt, /Users/hasanraza/Desktop/kotatsu/Nyora/nyora-android/app/src/main/kotlin/com/nyora/hasan72341/main/ui/MainActionButtonBehavior.kt, /Users/hasanraza/Desktop/kotatsu/Nyora/nyora-android/app/src/main/kotlin/com/nyora/hasan72341/main/ui/MainActivity.kt, /Users/hasanraza/Desktop/kotatsu/Nyora/nyora-android/app/src/main/kotlin/com/nyora/hasan72341/main/ui/ExitCallback.kt, /Users/hasanraza/Desktop/kotatsu/Nyora/nyora-android/app/src/main/kotlin/com/nyora/hasan72341/main/ui/protect/ProtectActivity.kt, /Users/hasanraza/Desktop/kotatsu/Nyora/nyora-android/app/src/main/kotlin/com/nyora/hasan72341/main/ui/protect/ProtectViewModel.kt, /Users/hasanraza/Desktop/kotatsu/Nyora/nyora-android/app/src/main/kotlin/com/nyora/hasan72341/main/ui/protect/ScreenshotPolicyHelper.kt, /Users/hasanraza/Desktop/kotatsu/Nyora/nyora-android/app/src/main/kotlin/com/nyora/hasan72341/main/ui/protect/AppProtectHelper.kt, /Users/hasanraza/Desktop/kotatsu/Nyora/nyora-android/app/src/main/kotlin/com/nyora/hasan72341/main/ui/SearchViewLegacyBackCallback.kt, /Users/hasanraza/Desktop/kotatsu/Nyora/nyora-android/app/src/main/kotlin/com/nyora/hasan72341/main/ui/welcome/WelcomeActivity.kt, /Users/hasanraza/Desktop/kotatsu/Nyora/nyora-android/app/src/main/kotlin/com/nyora/hasan72341/main/ui/welcome/WelcomeViewModel.kt, /Users/hasanraza/Desktop/kotatsu/Nyora/nyora-android/app/src/main/kotlin/com/nyora/hasan72341/main/ui/MainMenuProvider.kt, /Users/hasanraza/Desktop/kotatsu/Nyora/nyora-android/app/src/main/kotlin/com/nyora/hasan72341/main/ui/owners/SnackbarOwner.kt, /Users/hasanraza/Desktop/kotatsu/Nyora/nyora-android/app/src/main/kotlin/com/nyora/hasan72341/main/ui/owners/AppBarOwner.kt, /Users/hasanraza/Desktop/kotatsu/Nyora/nyora-android/app/src/main/kotlin/com/nyora/hasan72341/main/ui/owners/BottomSheetOwner.kt, /Users/hasanraza/Desktop/kotatsu/Nyora/nyora-android/app/src/main/kotlin/com/nyora/hasan72341/main/ui/owners/BottomNavOwner.kt, /Users/hasanraza/Desktop/kotatsu/Nyora/nyora-android/app/src/main/kotlin/com/nyora/hasan72341/main/ui/MainNavigationDelegate.kt, /Users/hasanraza/Desktop/kotatsu/Nyora/nyora-android/app/src/main/kotlin/com/nyora/hasan72341/main/domain/CoverRestoreInterceptor.kt, /Users/hasanraza/Desktop/kotatsu/Nyora/nyora-android/app/src/main/kotlin/com/nyora/hasan72341/main/domain/ReadingResumeEnabledUseCase.kt, /Users/hasanraza/Desktop/kotatsu/Nyora/nyora-android/app/src/main/kotlin/com/nyora/hasan72341/backups/ui/periodical/PeriodicalBackupSettingsViewModel.kt, /Users/hasanraza/Desktop/kotatsu/Nyora/nyora-android/app/src/main/kotlin/com/nyora/hasan72341/backups/ui/periodical/PeriodicalBackupSettingsFragment.kt, /Users/hasanraza/Desktop/kotatsu/Nyora/nyora-android/app/src/main/kotlin/com/nyora/hasan72341/backups/ui/periodical/PeriodicalBackupService.kt, /Users/hasanraza/Desktop/kotatsu/Nyora/nyora-android/app/src/main/kotlin/com/nyora/hasan72341/backups/ui/periodical/TelegramBackupUploader.kt, /Users/hasanraza/Desktop/kotatsu/Nyora/nyora-android/app/src/main/kotlin/com/nyora/hasan72341/backups/ui/BaseBackupRestoreService.kt, /Users/hasanraza/Desktop/kotatsu/Nyora/nyora-android/app/src/main/kotlin/com/nyora/hasan72341/backups/ui/backup/BackupViewModel.kt, /Users/hasanraza/Desktop/kotatsu/Nyora/nyora-android/app/src/main/kotlin/com/nyora/hasan72341/backups/ui/backup/BackupService.kt, /Users/hasanraza/Desktop/kotatsu/Nyora/nyora-android/app/src/main/kotlin/com/nyora/hasan72341/backups/ui/backup/BackupDialogFragment.kt, /Users/hasanraza/Desktop/kotatsu/Nyora/nyora-android/app/src/main/kotlin/com/nyora/hasan72341/backups/ui/restore/BackupSectionModel.kt, /Users/hasanraza/Desktop/kotatsu/Nyora/nyora-android/app/src/main/kotlin/com/nyora/hasan72341/backups/ui/restore/RestoreDialogFragment.kt, /Users/hasanraza/Desktop/kotatsu/Nyora/nyora-android/app/src/main/kotlin/com/nyora/hasan72341/backups/ui/restore/RestoreViewModel.kt, /Users/hasanraza/Desktop/kotatsu/Nyora/nyora-android/app/src/main/kotlin/com/nyora/hasan72341/backups/ui/restore/RestoreService.kt, /Users/hasanraza/Desktop/kotatsu/Nyora/nyora-android/app/src/main/kotlin/com/nyora/hasan72341/backups/ui/restore/BackupEntriesAdapter.kt, /Users/hasanraza/Desktop/kotatsu/Nyora/nyora-android/app/src/main/kotlin/com/nyora/hasan72341/backups/data/BackupRepository.kt, /Users/hasanraza/Desktop/kotatsu/Nyora/nyora-android/app/src/main/kotlin/com/nyora/hasan72341/backups/data/model/FavouriteBackup.kt, /Users/hasanraza/Desktop/kotatsu/Nyora/nyora-android/app/src/main/kotlin/com/nyora/hasan72341/backups/data/model/TagBackup.kt, /Users/hasanraza/Desktop/kotatsu/Nyora/nyora-android/app/src/main/kotlin/com/nyora/hasan72341/backups/data/model/HistoryBackup.kt, /Users/hasanraza/Desktop/kotatsu/Nyora/nyora-android/app/src/main/kotlin/com/nyora/hasan72341/backups/data/model/MangaBackup.kt, /Users/hasanraza/Desktop/kotatsu/Nyora/nyora-android/app/src/main/kotlin/com/nyora/hasan72341/backups/data/model/SourceBackup.kt, /Users/hasanraza/Desktop/kotatsu/Nyora/nyora-android/app/src/main/kotlin/com/nyora/hasan72341/backups/data/model/BookmarkBackup.kt, /Users/hasanraza/Desktop/kotatsu/Nyora/nyora-android/app/src/main/kotlin/com/nyora/hasan72341/backups/data/model/StatisticBackup.kt, /Users/hasanraza/Desktop/kotatsu/Nyora/nyora-android/app/src/main/kotlin/com/nyora/hasan72341/backups/data/model/CategoryBackup.kt, /Users/hasanraza/Desktop/kotatsu/Nyora/nyora-android/app/src/main/kotlin/com/nyora/hasan72341/backups/data/model/BackupIndex.kt, /Users/hasanraza/Desktop/kotatsu/Nyora/nyora-android/app/src/main/kotlin/com/nyora/hasan72341/backups/data/model/ScrobblingBackup.kt, /Users/hasanraza/Desktop/kotatsu/Nyora/nyora-android/app/src/main/kotlin/com/nyora/hasan72341/backups/domain/BackupFile.kt, /Users/hasanraza/Desktop/kotatsu/Nyora/nyora-android/app/src/main/kotlin/com/nyora/hasan72341/backups/domain/BackupUtils.kt, /Users/hasanraza/Desktop/kotatsu/Nyora/nyora-android/app/src/main/kotlin/com/nyora/hasan72341/backups/domain/ExternalBackupStorage.kt, /Users/hasanraza/Desktop/kotatsu/Nyora/nyora-android/app/src/main/kotlin/com/nyora/hasan72341/backups/domain/AppBackupAgent.kt, /Users/hasanraza/Desktop/kotatsu/Nyora/nyora-android/app/src/main/kotlin/com/nyora/hasan72341/backups/domain/BackupObserver.kt, /Users/hasanraza/Desktop/kotatsu/Nyora/nyora-android/app/src/main/kotlin/com/nyora/hasan72341/backups/domain/BackupSection.kt, /Users/hasanraza/Desktop/kotatsu/Nyora/nyora-android/app/src/main/kotlin/com/nyora/hasan72341/stats/ui/StatsActivity.kt, /Users/hasanraza/Desktop/kotatsu/Nyora/nyora-android/app/src/main/kotlin/com/nyora/hasan72341/stats/ui/StatsAD.kt, /Users/hasanraza/Desktop/kotatsu/Nyora/nyora-android/app/src/main/kotlin/com/nyora/hasan72341/stats/ui/StatsViewModel.kt, /Users/hasanraza/Desktop/kotatsu/Nyora/nyora-android/app/src/main/kotlin/com/nyora/hasan72341/stats/ui/sheet/MangaStatsSheet.kt, /Users/hasanraza/Desktop/kotatsu/Nyora/nyora-android/app/src/main/kotlin/com/nyora/hasan72341/stats/ui/sheet/MangaStatsViewModel.kt, /Users/hasanraza/Desktop/kotatsu/Nyora/nyora-android/app/src/main/kotlin/com/nyora/hasan72341/stats/ui/views/BarChartView.kt, /Users/hasanraza/Desktop/kotatsu/Nyora/nyora-android/app/src/main/kotlin/com/nyora/hasan72341/stats/ui/views/PieChartView.kt, /Users/hasanraza/Desktop/kotatsu/Nyora/nyora-android/app/src/main/kotlin/com/nyora/hasan72341/stats/data/StatsDao.kt, /Users/hasanraza/Desktop/kotatsu/Nyora/nyora-android/app/src/main/kotlin/com/nyora/hasan72341/stats/data/StatsEntity.kt, /Users/hasanraza/Desktop/kotatsu/Nyora/nyora-android/app/src/main/kotlin/com/nyora/hasan72341/stats/data/StatsRepository.kt, /Users/hasanraza/Desktop/kotatsu/Nyora/nyora-android/app/src/main/kotlin/com/nyora/hasan72341/stats/domain/StatsCollector.kt, /Users/hasanraza/Desktop/kotatsu/Nyora/nyora-android/app/src/main/kotlin/com/nyora/hasan72341/stats/domain/StatsPeriod.kt, /Users/hasanraza/Desktop/kotatsu/Nyora/nyora-android/app/src/main/kotlin/com/nyora/hasan72341/stats/domain/StatsRecord.kt
Java source files: /Users/hasanraza/Desktop/kotatsu/Nyora/nyora-android/app/build/generated/ksp/debug/java/dagger/hilt/internal/aggregatedroot/codegen/_com_nyora_hasan72341_core_BaseApp.java, /Users/hasanraza/Desktop/kotatsu/Nyora/nyora-android/app/build/generated/ksp/debug/java/hilt_aggregated_deps/_com_nyora_hasan72341_favourites_ui_categories_edit_FavouritesCategoryEditViewModel_HiltModules_KeyModule.java, /Users/hasanraza/Desktop/kotatsu/Nyora/nyora-android/app/build/generated/ksp/debug/java/hilt_aggregated_deps/_com_nyora_hasan72341_picker_ui_page_PagePickerViewModel_HiltModules_KeyModule.java, /Users/hasanraza/Desktop/kotatsu/Nyora/nyora-android/app/build/generated/ksp/debug/java/hilt_aggregated_deps/_com_nyora_hasan72341_settings_about_AboutSettingsFragment_GeneratedInjector.java, /Users/hasanraza/Desktop/kotatsu/Nyora/nyora-android/app/build/generated/ksp/debug/java/hilt_aggregated_deps/_com_nyora_hasan72341_reader_ui_colorfilter_ColorFilterConfigViewModel_HiltModules_BindsModule.java, /Users/hasanraza/Desktop/kotatsu/Nyora/nyora-android/app/build/generated/ksp/debug/java/hilt_aggregated_deps/_com_nyora_hasan72341_reader_ui_pager_vertical_VerticalReaderFragment_GeneratedInjector.java, /Users/hasanraza/Desktop/kotatsu/Nyora/nyora-android/app/build/generated/ksp/debug/java/hilt_aggregated_deps/_com_nyora_hasan72341_settings_ServicesSettingsFragment_GeneratedInjector.java, /Users/hasanraza/Desktop/kotatsu/Nyora/nyora-android/app/build/generated/ksp/debug/java/hilt_aggregated_deps/_com_nyora_hasan72341_reader_ui_ReaderViewModel_HiltModules_BindsModule.java, /Users/hasanraza/Desktop/kotatsu/Nyora/nyora-android/app/build/generated/ksp/debug/java/hilt_aggregated_deps/_com_nyora_hasan72341_settings_storage_directories_MangaDirectoriesViewModel_HiltModules_KeyModule.java, /Users/hasanraza/Desktop/kotatsu/Nyora/nyora-android/app/build/generated/ksp/debug/java/hilt_aggregated_deps/_com_nyora_hasan72341_settings_tracker_categories_TrackerCategoriesConfigSheet_GeneratedInjector.java, /Users/hasanraza/Desktop/kotatsu/Nyora/nyora-android/app/build/generated/ksp/debug/java/hilt_aggregated_deps/_com_nyora_hasan72341_settings_nav_NavConfigFragment_GeneratedInjector.java, /Users/hasanraza/Desktop/kotatsu/Nyora/nyora-android/app/build/generated/ksp/debug/java/hilt_aggregated_deps/_com_nyora_hasan72341_main_ui_welcome_WelcomeActivity_GeneratedInjector.java, /Users/hasanraza/Desktop/kotatsu/Nyora/nyora-android/app/build/generated/ksp/debug/java/hilt_aggregated_deps/_com_nyora_hasan72341_bookmarks_ui_AllBookmarksViewModel_HiltModules_BindsModule.java, /Users/hasanraza/Desktop/kotatsu/Nyora/nyora-android/app/build/generated/ksp/debug/java/hilt_aggregated_deps/_com_nyora_hasan72341_settings_sources_catalog_SourcesCatalogViewModel_HiltModules_BindsModule.java, /Users/hasanraza/Desktop/kotatsu/Nyora/nyora-android/app/build/generated/ksp/debug/java/hilt_aggregated_deps/_com_nyora_hasan72341_settings_override_OverrideConfigActivity_GeneratedInjector.java, /Users/hasanraza/Desktop/kotatsu/Nyora/nyora-android/app/build/generated/ksp/debug/java/hilt_aggregated_deps/_com_nyora_hasan72341_settings_ProxySettingsFragment_GeneratedInjector.java, /Users/hasanraza/Desktop/kotatsu/Nyora/nyora-android/app/build/generated/ksp/debug/java/hilt_aggregated_deps/_com_nyora_hasan72341_image_ui_ImageActivity_GeneratedInjector.java, /Users/hasanraza/Desktop/kotatsu/Nyora/nyora-android/app/build/generated/ksp/debug/java/hilt_aggregated_deps/_com_nyora_hasan72341_scrobbling_common_ui_config_ScrobblerConfigViewModel_HiltModules_KeyModule.java, /Users/hasanraza/Desktop/kotatsu/Nyora/nyora-android/app/build/generated/ksp/debug/java/hilt_aggregated_deps/_com_nyora_hasan72341_tracker_ui_debug_TrackerDebugViewModel_HiltModules_KeyModule.java, /Users/hasanraza/Desktop/kotatsu/Nyora/nyora-android/app/build/generated/ksp/debug/java/hilt_aggregated_deps/_com_nyora_hasan72341_reader_ui_pager_doublepage_DoubleReaderFragment_GeneratedInjector.java, /Users/hasanraza/Desktop/kotatsu/Nyora/nyora-android/app/build/generated/ksp/debug/java/hilt_aggregated_deps/_com_nyora_hasan72341_details_ui_DetailsActivity_GeneratedInjector.java, /Users/hasanraza/Desktop/kotatsu/Nyora/nyora-android/app/build/generated/ksp/debug/java/hilt_aggregated_deps/_com_nyora_hasan72341_details_ui_related_RelatedListViewModel_HiltModules_BindsModule.java, /Users/hasanraza/Desktop/kotatsu/Nyora/nyora-android/app/build/generated/ksp/debug/java/hilt_aggregated_deps/_com_nyora_hasan72341_picker_ui_PageImagePickActivity_GeneratedInjector.java, /Users/hasanraza/Desktop/kotatsu/Nyora/nyora-android/app/build/generated/ksp/debug/java/hilt_aggregated_deps/_com_nyora_hasan72341_scrobbling_discord_ui_DiscordAuthActivity_GeneratedInjector.java, /Users/hasanraza/Desktop/kotatsu/Nyora/nyora-android/app/build/generated/ksp/debug/java/hilt_aggregated_deps/_com_nyora_hasan72341_local_ui_LocalStorageCleanupWorker_HiltModule.java, /Users/hasanraza/Desktop/kotatsu/Nyora/nyora-android/app/build/generated/ksp/debug/java/hilt_aggregated_deps/_com_nyora_hasan72341_search_ui_multi_SearchViewModel_HiltModules_KeyModule.java, /Users/hasanraza/Desktop/kotatsu/Nyora/nyora-android/app/build/generated/ksp/debug/java/hilt_aggregated_deps/_com_nyora_hasan72341_sync_supabase_SupabaseSyncWorker_HiltModule.java, /Users/hasanraza/Desktop/kotatsu/Nyora/nyora-android/app/build/generated/ksp/debug/java/hilt_aggregated_deps/_com_nyora_hasan72341_settings_sources_extension_ExtensionDownloaderViewModel_HiltModules_KeyModule.java, /Users/hasanraza/Desktop/kotatsu/Nyora/nyora-android/app/build/generated/ksp/debug/java/hilt_aggregated_deps/_com_nyora_hasan72341_list_ui_preview_PreviewViewModel_HiltModules_BindsModule.java, /Users/hasanraza/Desktop/kotatsu/Nyora/nyora-android/app/build/generated/ksp/debug/java/hilt_aggregated_deps/_com_nyora_hasan72341_settings_storage_directories_MangaDirectoriesViewModel_HiltModules_BindsModule.java, /Users/hasanraza/Desktop/kotatsu/Nyora/nyora-android/app/build/generated/ksp/debug/java/hilt_aggregated_deps/_com_nyora_hasan72341_reader_ui_colorfilter_ColorFilterConfigViewModel_HiltModules_KeyModule.java, /Users/hasanraza/Desktop/kotatsu/Nyora/nyora-android/app/build/generated/ksp/debug/java/hilt_aggregated_deps/_com_nyora_hasan72341_settings_userdata_BackupsSettingsFragment_GeneratedInjector.java, /Users/hasanraza/Desktop/kotatsu/Nyora/nyora-android/app/build/generated/ksp/debug/java/hilt_aggregated_deps/_com_nyora_hasan72341_image_ui_ImageViewModel_HiltModules_KeyModule.java, /Users/hasanraza/Desktop/kotatsu/Nyora/nyora-android/app/build/generated/ksp/debug/java/hilt_aggregated_deps/_com_nyora_hasan72341_settings_nav_NavConfigViewModel_HiltModules_KeyModule.java, /Users/hasanraza/Desktop/kotatsu/Nyora/nyora-android/app/build/generated/ksp/debug/java/hilt_aggregated_deps/_com_nyora_hasan72341_settings_storage_directories_MangaDirectoriesActivity_GeneratedInjector.java, /Users/hasanraza/Desktop/kotatsu/Nyora/nyora-android/app/build/generated/ksp/debug/java/hilt_aggregated_deps/_com_nyora_hasan72341_suggestions_ui_SuggestionsViewModel_HiltModules_KeyModule.java, /Users/hasanraza/Desktop/kotatsu/Nyora/nyora-android/app/build/generated/ksp/debug/java/hilt_aggregated_deps/_com_nyora_hasan72341_stats_ui_sheet_MangaStatsViewModel_HiltModules_KeyModule.java, /Users/hasanraza/Desktop/kotatsu/Nyora/nyora-android/app/build/generated/ksp/debug/java/hilt_aggregated_deps/_com_nyora_hasan72341_settings_SuggestionsSettingsFragment_GeneratedInjector.java, /Users/hasanraza/Desktop/kotatsu/Nyora/nyora-android/app/build/generated/ksp/debug/java/hilt_aggregated_deps/_com_nyora_hasan72341_core_ui_BasePreferenceFragment_GeneratedInjector.java, /Users/hasanraza/Desktop/kotatsu/Nyora/nyora-android/app/build/generated/ksp/debug/java/hilt_aggregated_deps/_com_nyora_hasan72341_widget_shelf_ShelfWidgetConfigActivity_GeneratedInjector.java, /Users/hasanraza/Desktop/kotatsu/Nyora/nyora-android/app/build/generated/ksp/debug/java/hilt_aggregated_deps/_com_nyora_hasan72341_browser_BaseBrowserActivity_GeneratedInjector.java, /Users/hasanraza/Desktop/kotatsu/Nyora/nyora-android/app/build/generated/ksp/debug/java/hilt_aggregated_deps/_com_nyora_hasan72341_core_AppModule.java, /Users/hasanraza/Desktop/kotatsu/Nyora/nyora-android/app/build/generated/ksp/debug/java/hilt_aggregated_deps/_com_nyora_hasan72341_favourites_ui_categories_FavouritesCategoriesViewModel_HiltModules_BindsModule.java, /Users/hasanraza/Desktop/kotatsu/Nyora/nyora-android/app/build/generated/ksp/debug/java/hilt_aggregated_deps/_com_nyora_hasan72341_local_ui_LocalIndexUpdateService_GeneratedInjector.java, /Users/hasanraza/Desktop/kotatsu/Nyora/nyora-android/app/build/generated/ksp/debug/java/hilt_aggregated_deps/_com_nyora_hasan72341_download_ui_list_DownloadsListFragment_GeneratedInjector.java, /Users/hasanraza/Desktop/kotatsu/Nyora/nyora-android/app/build/generated/ksp/debug/java/hilt_aggregated_deps/_com_nyora_hasan72341_filter_ui_tags_TagsCatalogSheet_GeneratedInjector.java, /Users/hasanraza/Desktop/kotatsu/Nyora/nyora-android/app/build/generated/ksp/debug/java/hilt_aggregated_deps/_com_nyora_hasan72341_local_ui_LocalChaptersRemoveService_GeneratedInjector.java, /Users/hasanraza/Desktop/kotatsu/Nyora/nyora-android/app/build/generated/ksp/debug/java/hilt_aggregated_deps/_com_nyora_hasan72341_settings_sources_manage_SourcesManageViewModel_HiltModules_BindsModule.java, /Users/hasanraza/Desktop/kotatsu/Nyora/nyora-android/app/build/generated/ksp/debug/java/hilt_aggregated_deps/_com_nyora_hasan72341_details_ui_pager_pages_PagesFragment_GeneratedInjector.java, /Users/hasanraza/Desktop/kotatsu/Nyora/nyora-android/app/build/generated/ksp/debug/java/hilt_aggregated_deps/_com_nyora_hasan72341_tracker_ui_debug_TrackerDebugViewModel_HiltModules_BindsModule.java, /Users/hasanraza/Desktop/kotatsu/Nyora/nyora-android/app/build/generated/ksp/debug/java/hilt_aggregated_deps/_com_nyora_hasan72341_settings_protect_ProtectSetupActivity_GeneratedInjector.java, /Users/hasanraza/Desktop/kotatsu/Nyora/nyora-android/app/build/generated/ksp/debug/java/hilt_aggregated_deps/_com_nyora_hasan72341_alternatives_ui_AlternativesActivity_GeneratedInjector.java, /Users/hasanraza/Desktop/kotatsu/Nyora/nyora-android/app/build/generated/ksp/debug/java/hilt_aggregated_deps/_com_nyora_hasan72341_browser_BrowserActivity_GeneratedInjector.java, /Users/hasanraza/Desktop/kotatsu/Nyora/nyora-android/app/build/generated/ksp/debug/java/hilt_aggregated_deps/_com_nyora_hasan72341_core_image_CoilImageView_GeneratedInjector.java, /Users/hasanraza/Desktop/kotatsu/Nyora/nyora-android/app/build/generated/ksp/debug/java/hilt_aggregated_deps/_com_nyora_hasan72341_settings_protect_ProtectSetupViewModel_HiltModules_BindsModule.java, /Users/hasanraza/Desktop/kotatsu/Nyora/nyora-android/app/build/generated/ksp/debug/java/hilt_aggregated_deps/_com_nyora_hasan72341_main_ui_protect_ProtectViewModel_HiltModules_BindsModule.java, /Users/hasanraza/Desktop/kotatsu/Nyora/nyora-android/app/build/generated/ksp/debug/java/hilt_aggregated_deps/_com_nyora_hasan72341_details_ui_DetailsViewModel_HiltModules_KeyModule.java, /Users/hasanraza/Desktop/kotatsu/Nyora/nyora-android/app/build/generated/ksp/debug/java/hilt_aggregated_deps/_com_nyora_hasan72341_filter_ui_tags_TagsCatalogViewModel_HiltModules_BindsModule.java, /Users/hasanraza/Desktop/kotatsu/Nyora/nyora-android/app/build/generated/ksp/debug/java/hilt_aggregated_deps/_com_nyora_hasan72341_alternatives_ui_AlternativesViewModel_HiltModules_KeyModule.java, /Users/hasanraza/Desktop/kotatsu/Nyora/nyora-android/app/build/generated/ksp/debug/java/hilt_aggregated_deps/_com_nyora_hasan72341_settings_sources_SourceSettingsFragment_GeneratedInjector.java, /Users/hasanraza/Desktop/kotatsu/Nyora/nyora-android/app/build/generated/ksp/debug/java/hilt_aggregated_deps/_com_nyora_hasan72341_download_ui_dialog_DownloadDialogViewModel_HiltModules_KeyModule.java, /Users/hasanraza/Desktop/kotatsu/Nyora/nyora-android/app/build/generated/ksp/debug/java/hilt_aggregated_deps/_com_nyora_hasan72341_explore_ui_ExploreFragment_GeneratedInjector.java, /Users/hasanraza/Desktop/kotatsu/Nyora/nyora-android/app/build/generated/ksp/debug/java/hilt_aggregated_deps/_com_nyora_hasan72341_bookmarks_ui_AllBookmarksViewModel_HiltModules_KeyModule.java, /Users/hasanraza/Desktop/kotatsu/Nyora/nyora-android/app/build/generated/ksp/debug/java/hilt_aggregated_deps/_com_nyora_hasan72341_settings_storage_MangaDirectorySelectDialog_GeneratedInjector.java, /Users/hasanraza/Desktop/kotatsu/Nyora/nyora-android/app/build/generated/ksp/debug/java/hilt_aggregated_deps/_com_nyora_hasan72341_picker_ui_PageImagePickViewModel_HiltModules_BindsModule.java, /Users/hasanraza/Desktop/kotatsu/Nyora/nyora-android/app/build/generated/ksp/debug/java/hilt_aggregated_deps/_com_nyora_hasan72341_settings_userdata_BackupsSettingsViewModel_HiltModules_BindsModule.java, /Users/hasanraza/Desktop/kotatsu/Nyora/nyora-android/app/build/generated/ksp/debug/java/hilt_aggregated_deps/_com_nyora_hasan72341_history_ui_HistoryListViewModel_HiltModules_KeyModule.java, /Users/hasanraza/Desktop/kotatsu/Nyora/nyora-android/app/build/generated/ksp/debug/java/hilt_aggregated_deps/_com_nyora_hasan72341_reader_ui_ScrollTimerControlView_GeneratedInjector.java, /Users/hasanraza/Desktop/kotatsu/Nyora/nyora-android/app/build/generated/ksp/debug/java/hilt_aggregated_deps/_com_nyora_hasan72341_backups_ui_periodical_PeriodicalBackupSettingsViewModel_HiltModules_KeyModule.java, /Users/hasanraza/Desktop/kotatsu/Nyora/nyora-android/app/build/generated/ksp/debug/java/hilt_aggregated_deps/_com_nyora_hasan72341_settings_userdata_storage_DataCleanupSettingsViewModel_HiltModules_BindsModule.java, /Users/hasanraza/Desktop/kotatsu/Nyora/nyora-android/app/build/generated/ksp/debug/java/hilt_aggregated_deps/_com_nyora_hasan72341_backups_ui_restore_RestoreDialogFragment_GeneratedInjector.java, /Users/hasanraza/Desktop/kotatsu/Nyora/nyora-android/app/build/generated/ksp/debug/java/hilt_aggregated_deps/_com_nyora_hasan72341_reader_ui_pager_BasePagerReaderFragment_GeneratedInjector.java, /Users/hasanraza/Desktop/kotatsu/Nyora/nyora-android/app/build/generated/ksp/debug/java/hilt_aggregated_deps/_com_nyora_hasan72341_settings_search_SettingsSearchViewModel_HiltModules_KeyModule.java, /Users/hasanraza/Desktop/kotatsu/Nyora/nyora-android/app/build/generated/ksp/debug/java/hilt_aggregated_deps/_com_nyora_hasan72341_backups_ui_restore_RestoreViewModel_HiltModules_KeyModule.java, /Users/hasanraza/Desktop/kotatsu/Nyora/nyora-android/app/build/generated/ksp/debug/java/hilt_aggregated_deps/_com_nyora_hasan72341_reader_ui_colorfilter_ColorFilterConfigActivity_GeneratedInjector.java, /Users/hasanraza/Desktop/kotatsu/Nyora/nyora-android/app/build/generated/ksp/debug/java/hilt_aggregated_deps/_com_nyora_hasan72341_settings_reader_ReaderTapGridConfigViewModel_HiltModules_KeyModule.java, /Users/hasanraza/Desktop/kotatsu/Nyora/nyora-android/app/build/generated/ksp/debug/java/hilt_aggregated_deps/_com_nyora_hasan72341_favourites_ui_container_FavouritesContainerViewModel_HiltModules_KeyModule.java, /Users/hasanraza/Desktop/kotatsu/Nyora/nyora-android/app/build/generated/ksp/debug/java/hilt_aggregated_deps/_com_nyora_hasan72341_backups_ui_restore_RestoreViewModel_HiltModules_BindsModule.java, /Users/hasanraza/Desktop/kotatsu/Nyora/nyora-android/app/build/generated/ksp/debug/java/hilt_aggregated_deps/_com_nyora_hasan72341_settings_sources_catalog_SourcesCatalogViewModel_HiltModules_KeyModule.java, /Users/hasanraza/Desktop/kotatsu/Nyora/nyora-android/app/build/generated/ksp/debug/java/hilt_aggregated_deps/_com_nyora_hasan72341_download_ui_dialog_DownloadDialogViewModel_HiltModules_BindsModule.java, /Users/hasanraza/Desktop/kotatsu/Nyora/nyora-android/app/build/generated/ksp/debug/java/hilt_aggregated_deps/_com_nyora_hasan72341_list_ui_config_ListConfigBottomSheet_GeneratedInjector.java, /Users/hasanraza/Desktop/kotatsu/Nyora/nyora-android/app/build/generated/ksp/debug/java/hilt_aggregated_deps/_com_nyora_hasan72341_local_ui_LocalListViewModel_HiltModules_BindsModule.java, /Users/hasanraza/Desktop/kotatsu/Nyora/nyora-android/app/build/generated/ksp/debug/java/hilt_aggregated_deps/_com_nyora_hasan72341_details_ui_pager_ChaptersPagesSheet_GeneratedInjector.java, /Users/hasanraza/Desktop/kotatsu/Nyora/nyora-android/app/build/generated/ksp/debug/java/hilt_aggregated_deps/_com_nyora_hasan72341_settings_about_changelog_ChangelogViewModel_HiltModules_BindsModule.java, /Users/hasanraza/Desktop/kotatsu/Nyora/nyora-android/app/build/generated/ksp/debug/java/hilt_aggregated_deps/_com_nyora_hasan72341_discover_ui_DiscoverViewModel_HiltModules_KeyModule.java, /Users/hasanraza/Desktop/kotatsu/Nyora/nyora-android/app/build/generated/ksp/debug/java/hilt_aggregated_deps/_com_nyora_hasan72341_settings_tracker_TrackerSettingsViewModel_HiltModules_BindsModule.java, /Users/hasanraza/Desktop/kotatsu/Nyora/nyora-android/app/build/generated/ksp/debug/java/hilt_aggregated_deps/_com_nyora_hasan72341_details_ui_pager_chapters_ChaptersFragment_GeneratedInjector.java, /Users/hasanraza/Desktop/kotatsu/Nyora/nyora-android/app/build/generated/ksp/debug/java/hilt_aggregated_deps/_com_nyora_hasan72341_alternatives_ui_AutoFixService_GeneratedInjector.java, /Users/hasanraza/Desktop/kotatsu/Nyora/nyora-android/app/build/generated/ksp/debug/java/hilt_aggregated_deps/_com_nyora_hasan72341_settings_sources_SourceSettingsViewModel_HiltModules_BindsModule.java, /Users/hasanraza/Desktop/kotatsu/Nyora/nyora-android/app/build/generated/ksp/debug/java/hilt_aggregated_deps/_com_nyora_hasan72341_scrobbling_common_ui_selector_ScrobblingSelectorSheet_GeneratedInjector.java, /Users/hasanraza/Desktop/kotatsu/Nyora/nyora-android/app/build/generated/ksp/debug/java/hilt_aggregated_deps/_com_nyora_hasan72341_remotelist_ui_RemoteListViewModel_HiltModules_KeyModule.java, /Users/hasanraza/Desktop/kotatsu/Nyora/nyora-android/app/build/generated/ksp/debug/java/hilt_aggregated_deps/_com_nyora_hasan72341_details_ui_pager_pages_PagesViewModel_HiltModules_KeyModule.java, /Users/hasanraza/Desktop/kotatsu/Nyora/nyora-android/app/build/generated/ksp/debug/java/hilt_aggregated_deps/_com_nyora_hasan72341_search_ui_multi_SearchActivity_GeneratedInjector.java, /Users/hasanraza/Desktop/kotatsu/Nyora/nyora-android/app/build/generated/ksp/debug/java/hilt_aggregated_deps/_com_nyora_hasan72341_filter_ui_tags_TagsCatalogViewModel_HiltModules_KeyModule.java, /Users/hasanraza/Desktop/kotatsu/Nyora/nyora-android/app/build/generated/ksp/debug/java/hilt_aggregated_deps/_com_nyora_hasan72341_settings_discord_DiscordSettingsViewModel_HiltModules_BindsModule.java, /Users/hasanraza/Desktop/kotatsu/Nyora/nyora-android/app/build/generated/ksp/debug/java/hilt_aggregated_deps/_com_nyora_hasan72341_search_ui_suggestion_SearchSuggestionViewModel_HiltModules_BindsModule.java, /Users/hasanraza/Desktop/kotatsu/Nyora/nyora-android/app/build/generated/ksp/debug/java/hilt_aggregated_deps/_com_nyora_hasan72341_reader_ui_config_ReaderConfigSheet_GeneratedInjector.java, /Users/hasanraza/Desktop/kotatsu/Nyora/nyora-android/app/build/generated/ksp/debug/java/hilt_aggregated_deps/_com_nyora_hasan72341_history_ui_HistoryListFragment_GeneratedInjector.java, /Users/hasanraza/Desktop/kotatsu/Nyora/nyora-android/app/build/generated/ksp/debug/java/hilt_aggregated_deps/_com_nyora_hasan72341_stats_ui_StatsActivity_GeneratedInjector.java, /Users/hasanraza/Desktop/kotatsu/Nyora/nyora-android/app/build/generated/ksp/debug/java/hilt_aggregated_deps/_com_nyora_hasan72341_settings_search_SettingsSearchViewModel_HiltModules_BindsModule.java, /Users/hasanraza/Desktop/kotatsu/Nyora/nyora-android/app/build/generated/ksp/debug/java/hilt_aggregated_deps/_com_nyora_hasan72341_scrobbling_common_ui_selector_ScrobblingSelectorViewModel_HiltModules_BindsModule.java, /Users/hasanraza/Desktop/kotatsu/Nyora/nyora-android/app/build/generated/ksp/debug/java/hilt_aggregated_deps/_com_nyora_hasan72341_core_BaseApp_GeneratedInjector.java, /Users/hasanraza/Desktop/kotatsu/Nyora/nyora-android/app/build/generated/ksp/debug/java/hilt_aggregated_deps/_com_nyora_hasan72341_tracker_work_TrackWorker_HiltModule.java, /Users/hasanraza/Desktop/kotatsu/Nyora/nyora-android/app/build/generated/ksp/debug/java/hilt_aggregated_deps/_com_nyora_hasan72341_core_ui_FragmentContainerActivity_GeneratedInjector.java, /Users/hasanraza/Desktop/kotatsu/Nyora/nyora-android/app/build/generated/ksp/debug/java/hilt_aggregated_deps/_com_nyora_hasan72341_filter_ui_FilterHeaderFragment_GeneratedInjector.java, /Users/hasanraza/Desktop/kotatsu/Nyora/nyora-android/app/build/generated/ksp/debug/java/hilt_aggregated_deps/_com_nyora_hasan72341_bookmarks_ui_AllBookmarksFragment_GeneratedInjector.java, /Users/hasanraza/Desktop/kotatsu/Nyora/nyora-android/app/build/generated/ksp/debug/java/hilt_aggregated_deps/_com_nyora_hasan72341_suggestions_ui_SuggestionsFragment_GeneratedInjector.java, /Users/hasanraza/Desktop/kotatsu/Nyora/nyora-android/app/build/generated/ksp/debug/java/hilt_aggregated_deps/_com_nyora_hasan72341_widget_shelf_ShelfConfigViewModel_HiltModules_BindsModule.java, /Users/hasanraza/Desktop/kotatsu/Nyora/nyora-android/app/build/generated/ksp/debug/java/hilt_aggregated_deps/_com_nyora_hasan72341_settings_override_OverrideConfigViewModel_HiltModules_BindsModule.java, /Users/hasanraza/Desktop/kotatsu/Nyora/nyora-android/app/build/generated/ksp/debug/java/hilt_aggregated_deps/_com_nyora_hasan72341_discover_ui_DiscoverViewModel_HiltModules_BindsModule.java, /Users/hasanraza/Desktop/kotatsu/Nyora/nyora-android/app/build/generated/ksp/debug/java/hilt_aggregated_deps/_com_nyora_hasan72341_list_ui_config_ListConfigViewModel_HiltModules_KeyModule.java, /Users/hasanraza/Desktop/kotatsu/Nyora/nyora-android/app/build/generated/ksp/debug/java/hilt_aggregated_deps/_com_nyora_hasan72341_details_ui_pager_bookmarks_BookmarksFragment_GeneratedInjector.java, /Users/hasanraza/Desktop/kotatsu/Nyora/nyora-android/app/build/generated/ksp/debug/java/hilt_aggregated_deps/_com_nyora_hasan72341_favourites_ui_categories_FavouriteCategoriesActivity_GeneratedInjector.java, /Users/hasanraza/Desktop/kotatsu/Nyora/nyora-android/app/build/generated/ksp/debug/java/hilt_aggregated_deps/_com_nyora_hasan72341_download_ui_worker_DownloadWorker_HiltModule.java, /Users/hasanraza/Desktop/kotatsu/Nyora/nyora-android/app/build/generated/ksp/debug/java/hilt_aggregated_deps/_com_nyora_hasan72341_main_ui_welcome_WelcomeViewModel_HiltModules_BindsModule.java, /Users/hasanraza/Desktop/kotatsu/Nyora/nyora-android/app/build/generated/ksp/debug/java/hilt_aggregated_deps/_com_nyora_hasan72341_details_ui_pager_bookmarks_BookmarksViewModel_HiltModules_KeyModule.java, /Users/hasanraza/Desktop/kotatsu/Nyora/nyora-android/app/build/generated/ksp/debug/java/hilt_aggregated_deps/_com_nyora_hasan72341_backups_ui_restore_RestoreService_GeneratedInjector.java, /Users/hasanraza/Desktop/kotatsu/Nyora/nyora-android/app/build/generated/ksp/debug/java/hilt_aggregated_deps/_com_nyora_hasan72341_favourites_ui_categories_edit_FavouritesCategoryEditViewModel_HiltModules_BindsModule.java, /Users/hasanraza/Desktop/kotatsu/Nyora/nyora-android/app/build/generated/ksp/debug/java/hilt_aggregated_deps/_com_nyora_hasan72341_favourites_ui_list_FavouritesListViewModel_HiltModules_BindsModule.java, /Users/hasanraza/Desktop/kotatsu/Nyora/nyora-android/app/build/generated/ksp/debug/java/hilt_aggregated_deps/_com_nyora_hasan72341_backups_ui_backup_BackupDialogFragment_GeneratedInjector.java, /Users/hasanraza/Desktop/kotatsu/Nyora/nyora-android/app/build/generated/ksp/debug/java/hilt_aggregated_deps/_com_nyora_hasan72341_tracker_ui_updates_UpdatesViewModel_HiltModules_KeyModule.java, /Users/hasanraza/Desktop/kotatsu/Nyora/nyora-android/app/build/generated/ksp/debug/java/hilt_aggregated_deps/_com_nyora_hasan72341_settings_AppearanceSettingsFragment_GeneratedInjector.java, /Users/hasanraza/Desktop/kotatsu/Nyora/nyora-android/app/build/generated/ksp/debug/java/hilt_aggregated_deps/_com_nyora_hasan72341_search_ui_suggestion_SearchSuggestionViewModel_HiltModules_KeyModule.java, /Users/hasanraza/Desktop/kotatsu/Nyora/nyora-android/app/build/generated/ksp/debug/java/hilt_aggregated_deps/_com_nyora_hasan72341_widget_recent_RecentWidgetConfigActivity_GeneratedInjector.java, /Users/hasanraza/Desktop/kotatsu/Nyora/nyora-android/app/build/generated/ksp/debug/java/hilt_aggregated_deps/_com_nyora_hasan72341_list_ui_preview_PreviewFragment_GeneratedInjector.java, /Users/hasanraza/Desktop/kotatsu/Nyora/nyora-android/app/build/generated/ksp/debug/java/hilt_aggregated_deps/_com_nyora_hasan72341_reader_ui_ReaderViewModel_HiltModules_KeyModule.java, /Users/hasanraza/Desktop/kotatsu/Nyora/nyora-android/app/build/generated/ksp/debug/java/hilt_aggregated_deps/_com_nyora_hasan72341_backups_ui_periodical_PeriodicalBackupService_GeneratedInjector.java, /Users/hasanraza/Desktop/kotatsu/Nyora/nyora-android/app/build/generated/ksp/debug/java/hilt_aggregated_deps/_com_nyora_hasan72341_stats_ui_StatsViewModel_HiltModules_KeyModule.java, /Users/hasanraza/Desktop/kotatsu/Nyora/nyora-android/app/build/generated/ksp/debug/java/hilt_aggregated_deps/_com_nyora_hasan72341_local_ui_ImportDialogFragment_GeneratedInjector.java, /Users/hasanraza/Desktop/kotatsu/Nyora/nyora-android/app/build/generated/ksp/debug/java/hilt_aggregated_deps/_com_nyora_hasan72341_widget_shelf_ShelfConfigViewModel_HiltModules_KeyModule.java, /Users/hasanraza/Desktop/kotatsu/Nyora/nyora-android/app/build/generated/ksp/debug/java/hilt_aggregated_deps/_com_nyora_hasan72341_favourites_ui_categories_select_FavoriteDialogViewModel_HiltModules_KeyModule.java, /Users/hasanraza/Desktop/kotatsu/Nyora/nyora-android/app/build/generated/ksp/debug/java/hilt_aggregated_deps/_com_nyora_hasan72341_backups_ui_backup_BackupViewModel_HiltModules_KeyModule.java, /Users/hasanraza/Desktop/kotatsu/Nyora/nyora-android/app/build/generated/ksp/debug/java/hilt_aggregated_deps/_com_nyora_hasan72341_local_ui_info_LocalInfoViewModel_HiltModules_KeyModule.java, /Users/hasanraza/Desktop/kotatsu/Nyora/nyora-android/app/build/generated/ksp/debug/java/hilt_aggregated_deps/_com_nyora_hasan72341_remotelist_ui_RemoteListViewModel_HiltModules_BindsModule.java, /Users/hasanraza/Desktop/kotatsu/Nyora/nyora-android/app/build/generated/ksp/debug/java/hilt_aggregated_deps/_com_nyora_hasan72341_tracker_ui_debug_TrackerDebugActivity_GeneratedInjector.java, /Users/hasanraza/Desktop/kotatsu/Nyora/nyora-android/app/build/generated/ksp/debug/java/hilt_aggregated_deps/_com_nyora_hasan72341_reader_ui_ReaderActivity_GeneratedInjector.java, /Users/hasanraza/Desktop/kotatsu/Nyora/nyora-android/app/build/generated/ksp/debug/java/hilt_aggregated_deps/_com_nyora_hasan72341_history_ui_HistoryListViewModel_HiltModules_BindsModule.java, /Users/hasanraza/Desktop/kotatsu/Nyora/nyora-android/app/build/generated/ksp/debug/java/hilt_aggregated_deps/_com_nyora_hasan72341_settings_tracker_TrackerSettingsFragment_GeneratedInjector.java, /Users/hasanraza/Desktop/kotatsu/Nyora/nyora-android/app/build/generated/ksp/debug/java/hilt_aggregated_deps/_com_nyora_hasan72341_settings_SettingsActivity_GeneratedInjector.java, /Users/hasanraza/Desktop/kotatsu/Nyora/nyora-android/app/build/generated/ksp/debug/java/hilt_aggregated_deps/_com_nyora_hasan72341_picker_ui_manga_MangaPickerViewModel_HiltModules_KeyModule.java, /Users/hasanraza/Desktop/kotatsu/Nyora/nyora-android/app/build/generated/ksp/debug/java/hilt_aggregated_deps/_com_nyora_hasan72341_settings_userdata_BackupsSettingsViewModel_HiltModules_KeyModule.java, /Users/hasanraza/Desktop/kotatsu/Nyora/nyora-android/app/build/generated/ksp/debug/java/hilt_aggregated_deps/_com_nyora_hasan72341_settings_sources_SourceSettingsViewModel_HiltModules_KeyModule.java, /Users/hasanraza/Desktop/kotatsu/Nyora/nyora-android/app/build/generated/ksp/debug/java/hilt_aggregated_deps/_com_nyora_hasan72341_settings_about_AboutSettingsViewModel_HiltModules_KeyModule.java, /Users/hasanraza/Desktop/kotatsu/Nyora/nyora-android/app/build/generated/ksp/debug/java/hilt_aggregated_deps/_com_nyora_hasan72341_settings_about_AboutSettingsViewModel_HiltModules_BindsModule.java, /Users/hasanraza/Desktop/kotatsu/Nyora/nyora-android/app/build/generated/ksp/debug/java/hilt_aggregated_deps/_com_nyora_hasan72341_core_exceptions_resolve_CaptchaHandler_DiscardReceiver_GeneratedInjector.java, /Users/hasanraza/Desktop/kotatsu/Nyora/nyora-android/app/build/generated/ksp/debug/java/hilt_aggregated_deps/_com_nyora_hasan72341_core_network_NetworkModule.java, /Users/hasanraza/Desktop/kotatsu/Nyora/nyora-android/app/build/generated/ksp/debug/java/hilt_aggregated_deps/_com_nyora_hasan72341_settings_about_changelog_ChangelogViewModel_HiltModules_KeyModule.java, /Users/hasanraza/Desktop/kotatsu/Nyora/nyora-android/app/build/generated/ksp/debug/java/hilt_aggregated_deps/_com_nyora_hasan72341_favourites_ui_categories_select_FavoriteDialogViewModel_HiltModules_BindsModule.java, /Users/hasanraza/Desktop/kotatsu/Nyora/nyora-android/app/build/generated/ksp/debug/java/hilt_aggregated_deps/_com_nyora_hasan72341_backups_ui_periodical_PeriodicalBackupSettingsViewModel_HiltModules_BindsModule.java, /Users/hasanraza/Desktop/kotatsu/Nyora/nyora-android/app/build/generated/ksp/debug/java/hilt_aggregated_deps/_com_nyora_hasan72341_search_ui_MangaListActivity_GeneratedInjector.java, /Users/hasanraza/Desktop/kotatsu/Nyora/nyora-android/app/build/generated/ksp/debug/java/hilt_aggregated_deps/_com_nyora_hasan72341_suggestions_ui_SuggestionsWorker_HiltModule.java, /Users/hasanraza/Desktop/kotatsu/Nyora/nyora-android/app/build/generated/ksp/debug/java/hilt_aggregated_deps/_com_nyora_hasan72341_settings_about_AppUpdateActivity_GeneratedInjector.java, /Users/hasanraza/Desktop/kotatsu/Nyora/nyora-android/app/build/generated/ksp/debug/java/hilt_aggregated_deps/_com_nyora_hasan72341_local_ui_LocalListViewModel_HiltModules_KeyModule.java, /Users/hasanraza/Desktop/kotatsu/Nyora/nyora-android/app/build/generated/ksp/debug/java/hilt_aggregated_deps/_com_nyora_hasan72341_scrobbling_ScrobblingModule.java, /Users/hasanraza/Desktop/kotatsu/Nyora/nyora-android/app/build/generated/ksp/debug/java/hilt_aggregated_deps/_com_nyora_hasan72341_core_ui_BaseActivityEntryPoint.java, /Users/hasanraza/Desktop/kotatsu/Nyora/nyora-android/app/build/generated/ksp/debug/java/hilt_aggregated_deps/_com_nyora_hasan72341_sync_supabase_SupabaseModule.java, /Users/hasanraza/Desktop/kotatsu/Nyora/nyora-android/app/build/generated/ksp/debug/java/hilt_aggregated_deps/_com_nyora_hasan72341_settings_RootSettingsViewModel_HiltModules_BindsModule.java, /Users/hasanraza/Desktop/kotatsu/Nyora/nyora-android/app/build/generated/ksp/debug/java/hilt_aggregated_deps/_com_nyora_hasan72341_settings_about_changelog_ChangelogFragment_GeneratedInjector.java, /Users/hasanraza/Desktop/kotatsu/Nyora/nyora-android/app/build/generated/ksp/debug/java/hilt_aggregated_deps/_com_nyora_hasan72341_list_ui_MangaListFragment_GeneratedInjector.java, /Users/hasanraza/Desktop/kotatsu/Nyora/nyora-android/app/build/generated/ksp/debug/java/hilt_aggregated_deps/_com_nyora_hasan72341_settings_StorageAndNetworkSettingsViewModel_HiltModules_BindsModule.java, /Users/hasanraza/Desktop/kotatsu/Nyora/nyora-android/app/build/generated/ksp/debug/java/hilt_aggregated_deps/_com_nyora_hasan72341_reader_ui_ReaderActionsView_GeneratedInjector.java, /Users/hasanraza/Desktop/kotatsu/Nyora/nyora-android/app/build/generated/ksp/debug/java/hilt_aggregated_deps/_com_nyora_hasan72341_scrobbling_common_ui_config_ScrobblerConfigActivity_GeneratedInjector.java, /Users/hasanraza/Desktop/kotatsu/Nyora/nyora-android/app/build/generated/ksp/debug/java/hilt_aggregated_deps/_com_nyora_hasan72341_scrobbling_common_ui_selector_ScrobblingSelectorViewModel_HiltModules_KeyModule.java, /Users/hasanraza/Desktop/kotatsu/Nyora/nyora-android/app/build/generated/ksp/debug/java/hilt_aggregated_deps/_com_nyora_hasan72341_settings_sources_SourcesSettingsViewModel_HiltModules_KeyModule.java, /Users/hasanraza/Desktop/kotatsu/Nyora/nyora-android/app/build/generated/ksp/debug/java/hilt_aggregated_deps/_com_nyora_hasan72341_local_ui_info_LocalInfoViewModel_HiltModules_BindsModule.java, /Users/hasanraza/Desktop/kotatsu/Nyora/nyora-android/app/build/generated/ksp/debug/java/hilt_aggregated_deps/_com_nyora_hasan72341_favourites_ui_list_FavouritesListFragment_GeneratedInjector.java, /Users/hasanraza/Desktop/kotatsu/Nyora/nyora-android/app/build/generated/ksp/debug/java/hilt_aggregated_deps/_com_nyora_hasan72341_tracker_ui_updates_UpdatesFragment_GeneratedInjector.java, /Users/hasanraza/Desktop/kotatsu/Nyora/nyora-android/app/build/generated/ksp/debug/java/hilt_aggregated_deps/_com_nyora_hasan72341_settings_sources_manage_SourcesManageFragment_GeneratedInjector.java, /Users/hasanraza/Desktop/kotatsu/Nyora/nyora-android/app/build/generated/ksp/debug/java/hilt_aggregated_deps/_com_nyora_hasan72341_favourites_ui_categories_FavouritesCategoriesViewModel_HiltModules_KeyModule.java, /Users/hasanraza/Desktop/kotatsu/Nyora/nyora-android/app/build/generated/ksp/debug/java/hilt_aggregated_deps/_com_nyora_hasan72341_main_ui_welcome_WelcomeViewModel_HiltModules_KeyModule.java, /Users/hasanraza/Desktop/kotatsu/Nyora/nyora-android/app/build/generated/ksp/debug/java/hilt_aggregated_deps/_com_nyora_hasan72341_settings_RootSettingsViewModel_HiltModules_KeyModule.java, /Users/hasanraza/Desktop/kotatsu/Nyora/nyora-android/app/build/generated/ksp/debug/java/hilt_aggregated_deps/_com_nyora_hasan72341_settings_tracker_TrackerSettingsViewModel_HiltModules_KeyModule.java, /Users/hasanraza/Desktop/kotatsu/Nyora/nyora-android/app/build/generated/ksp/debug/java/hilt_aggregated_deps/_com_nyora_hasan72341_settings_about_AppUpdateViewModel_HiltModules_BindsModule.java, /Users/hasanraza/Desktop/kotatsu/Nyora/nyora-android/app/build/generated/ksp/debug/java/hilt_aggregated_deps/_com_nyora_hasan72341_discover_ui_DiscoverFragment_GeneratedInjector.java, /Users/hasanraza/Desktop/kotatsu/Nyora/nyora-android/app/build/generated/ksp/debug/java/hilt_aggregated_deps/_com_nyora_hasan72341_settings_sources_extension_ExtensionDownloaderActivity_GeneratedInjector.java, /Users/hasanraza/Desktop/kotatsu/Nyora/nyora-android/app/build/generated/ksp/debug/java/hilt_aggregated_deps/_com_nyora_hasan72341_settings_sources_catalog_SourcesCatalogActivity_GeneratedInjector.java, /Users/hasanraza/Desktop/kotatsu/Nyora/nyora-android/app/build/generated/ksp/debug/java/hilt_aggregated_deps/_com_nyora_hasan72341_picker_ui_manga_MangaPickerFragment_GeneratedInjector.java, /Users/hasanraza/Desktop/kotatsu/Nyora/nyora-android/app/build/generated/ksp/debug/java/hilt_aggregated_deps/_com_nyora_hasan72341_settings_userdata_storage_DataCleanupSettingsFragment_GeneratedInjector.java, /Users/hasanraza/Desktop/kotatsu/Nyora/nyora-android/app/build/generated/ksp/debug/java/hilt_aggregated_deps/_com_nyora_hasan72341_settings_DownloadsSettingsFragment_GeneratedInjector.java, /Users/hasanraza/Desktop/kotatsu/Nyora/nyora-android/app/build/generated/ksp/debug/java/hilt_aggregated_deps/_com_nyora_hasan72341_settings_sources_extension_ExtensionDownloaderViewModel_HiltModules_BindsModule.java, /Users/hasanraza/Desktop/kotatsu/Nyora/nyora-android/app/build/generated/ksp/debug/java/hilt_aggregated_deps/_com_nyora_hasan72341_settings_nav_NavConfigViewModel_HiltModules_BindsModule.java, /Users/hasanraza/Desktop/kotatsu/Nyora/nyora-android/app/build/generated/ksp/debug/java/hilt_aggregated_deps/_com_nyora_hasan72341_download_ui_list_DownloadsViewModel_HiltModules_KeyModule.java, /Users/hasanraza/Desktop/kotatsu/Nyora/nyora-android/app/build/generated/ksp/debug/java/hilt_aggregated_deps/_com_nyora_hasan72341_settings_ReaderSettingsFragment_GeneratedInjector.java, /Users/hasanraza/Desktop/kotatsu/Nyora/nyora-android/app/build/generated/ksp/debug/java/hilt_aggregated_deps/_com_nyora_hasan72341_details_ui_scrobbling_ScrobblingInfoSheet_GeneratedInjector.java, /Users/hasanraza/Desktop/kotatsu/Nyora/nyora-android/app/build/generated/ksp/debug/java/hilt_aggregated_deps/_com_nyora_hasan72341_picker_ui_page_PagePickerViewModel_HiltModules_BindsModule.java, /Users/hasanraza/Desktop/kotatsu/Nyora/nyora-android/app/build/generated/ksp/debug/java/hilt_aggregated_deps/_com_nyora_hasan72341_remotelist_ui_RemoteListFragment_GeneratedInjector.java, /Users/hasanraza/Desktop/kotatsu/Nyora/nyora-android/app/build/generated/ksp/debug/java/hilt_aggregated_deps/_com_nyora_hasan72341_list_ui_config_ListConfigViewModel_HiltModules_BindsModule.java, /Users/hasanraza/Desktop/kotatsu/Nyora/nyora-android/app/build/generated/ksp/debug/java/hilt_aggregated_deps/_com_nyora_hasan72341_stats_ui_sheet_MangaStatsSheet_GeneratedInjector.java, /Users/hasanraza/Desktop/kotatsu/Nyora/nyora-android/app/build/generated/ksp/debug/java/hilt_aggregated_deps/_com_nyora_hasan72341_reader_ui_pager_standard_PagerReaderFragment_GeneratedInjector.java, /Users/hasanraza/Desktop/kotatsu/Nyora/nyora-android/app/build/generated/ksp/debug/java/hilt_aggregated_deps/_com_nyora_hasan72341_browser_AdListUpdateService_GeneratedInjector.java, /Users/hasanraza/Desktop/kotatsu/Nyora/nyora-android/app/build/generated/ksp/debug/java/hilt_aggregated_deps/_com_nyora_hasan72341_settings_search_SettingsSearchFragment_GeneratedInjector.java, /Users/hasanraza/Desktop/kotatsu/Nyora/nyora-android/app/build/generated/ksp/debug/java/hilt_aggregated_deps/_com_nyora_hasan72341_settings_discord_DiscordSettingsFragment_GeneratedInjector.java, /Users/hasanraza/Desktop/kotatsu/Nyora/nyora-android/app/build/generated/ksp/debug/java/hilt_aggregated_deps/_com_nyora_hasan72341_picker_ui_PageImagePickViewModel_HiltModules_KeyModule.java, /Users/hasanraza/Desktop/kotatsu/Nyora/nyora-android/app/build/generated/ksp/debug/java/hilt_aggregated_deps/_com_nyora_hasan72341_settings_RootSettingsFragment_GeneratedInjector.java, /Users/hasanraza/Desktop/kotatsu/Nyora/nyora-android/app/build/generated/ksp/debug/java/hilt_aggregated_deps/_com_nyora_hasan72341_settings_sources_SourcesSettingsFragment_GeneratedInjector.java, /Users/hasanraza/Desktop/kotatsu/Nyora/nyora-android/app/build/generated/ksp/debug/java/hilt_aggregated_deps/_com_nyora_hasan72341_details_ui_DetailsViewModel_HiltModules_BindsModule.java, /Users/hasanraza/Desktop/kotatsu/Nyora/nyora-android/app/build/generated/ksp/debug/java/hilt_aggregated_deps/_com_nyora_hasan72341_main_ui_protect_ProtectViewModel_HiltModules_KeyModule.java, /Users/hasanraza/Desktop/kotatsu/Nyora/nyora-android/app/build/generated/ksp/debug/java/hilt_aggregated_deps/_com_nyora_hasan72341_backups_ui_backup_BackupService_GeneratedInjector.java, /Users/hasanraza/Desktop/kotatsu/Nyora/nyora-android/app/build/generated/ksp/debug/java/hilt_aggregated_deps/_com_nyora_hasan72341_tracker_ui_updates_UpdatesViewModel_HiltModules_BindsModule.java, /Users/hasanraza/Desktop/kotatsu/Nyora/nyora-android/app/build/generated/ksp/debug/java/hilt_aggregated_deps/_com_nyora_hasan72341_reader_ui_pager_webtoon_WebtoonReaderFragment_GeneratedInjector.java, /Users/hasanraza/Desktop/kotatsu/Nyora/nyora-android/app/build/generated/ksp/debug/java/hilt_aggregated_deps/_com_nyora_hasan72341_widget_recent_RecentWidgetService_GeneratedInjector.java, /Users/hasanraza/Desktop/kotatsu/Nyora/nyora-android/app/build/generated/ksp/debug/java/hilt_aggregated_deps/_com_nyora_hasan72341_main_ui_MainViewModel_HiltModules_BindsModule.java, /Users/hasanraza/Desktop/kotatsu/Nyora/nyora-android/app/build/generated/ksp/debug/java/hilt_aggregated_deps/_com_nyora_hasan72341_settings_AiTranslateSettingsFragment_GeneratedInjector.java, /Users/hasanraza/Desktop/kotatsu/Nyora/nyora-android/app/build/generated/ksp/debug/java/hilt_aggregated_deps/_com_nyora_hasan72341_stats_ui_StatsViewModel_HiltModules_BindsModule.java, /Users/hasanraza/Desktop/kotatsu/Nyora/nyora-android/app/build/generated/ksp/debug/java/hilt_aggregated_deps/_com_nyora_hasan72341_details_ui_pager_pages_PagesViewModel_HiltModules_BindsModule.java, /Users/hasanraza/Desktop/kotatsu/Nyora/nyora-android/app/build/generated/ksp/debug/java/hilt_aggregated_deps/_com_nyora_hasan72341_picker_ui_page_PagePickerFragment_GeneratedInjector.java, /Users/hasanraza/Desktop/kotatsu/Nyora/nyora-android/app/build/generated/ksp/debug/java/hilt_aggregated_deps/_com_nyora_hasan72341_settings_sources_auth_SourceAuthActivity_GeneratedInjector.java, /Users/hasanraza/Desktop/kotatsu/Nyora/nyora-android/app/build/generated/ksp/debug/java/hilt_aggregated_deps/_com_nyora_hasan72341_settings_storage_MangaDirectorySelectViewModel_HiltModules_BindsModule.java, /Users/hasanraza/Desktop/kotatsu/Nyora/nyora-android/app/build/generated/ksp/debug/java/hilt_aggregated_deps/_com_nyora_hasan72341_download_ui_dialog_DownloadDialogFragment_GeneratedInjector.java, /Users/hasanraza/Desktop/kotatsu/Nyora/nyora-android/app/build/generated/ksp/debug/java/hilt_aggregated_deps/_com_nyora_hasan72341_local_ui_info_LocalInfoDialog_GeneratedInjector.java, /Users/hasanraza/Desktop/kotatsu/Nyora/nyora-android/app/build/generated/ksp/debug/java/hilt_aggregated_deps/_com_nyora_hasan72341_settings_storage_MangaDirectorySelectViewModel_HiltModules_KeyModule.java, /Users/hasanraza/Desktop/kotatsu/Nyora/nyora-android/app/build/generated/ksp/debug/java/hilt_aggregated_deps/_com_nyora_hasan72341_core_ui_dialog_ErrorDetailsDialog_GeneratedInjector.java, /Users/hasanraza/Desktop/kotatsu/Nyora/nyora-android/app/build/generated/ksp/debug/java/hilt_aggregated_deps/_com_nyora_hasan72341_favourites_ui_categories_edit_FavouritesCategoryEditActivity_GeneratedInjector.java, /Users/hasanraza/Desktop/kotatsu/Nyora/nyora-android/app/build/generated/ksp/debug/java/hilt_aggregated_deps/_com_nyora_hasan72341_list_ui_preview_PreviewViewModel_HiltModules_KeyModule.java, /Users/hasanraza/Desktop/kotatsu/Nyora/nyora-android/app/build/generated/ksp/debug/java/hilt_aggregated_deps/_com_nyora_hasan72341_main_ui_protect_ProtectActivity_GeneratedInjector.java, /Users/hasanraza/Desktop/kotatsu/Nyora/nyora-android/app/build/generated/ksp/debug/java/hilt_aggregated_deps/_com_nyora_hasan72341_settings_override_OverrideConfigViewModel_HiltModules_KeyModule.java, /Users/hasanraza/Desktop/kotatsu/Nyora/nyora-android/app/build/generated/ksp/debug/java/hilt_aggregated_deps/_com_nyora_hasan72341_main_ui_MainActivity_GeneratedInjector.java, /Users/hasanraza/Desktop/kotatsu/Nyora/nyora-android/app/build/generated/ksp/debug/java/hilt_aggregated_deps/_com_nyora_hasan72341_core_ui_widgets_ChipsView_GeneratedInjector.java, /Users/hasanraza/Desktop/kotatsu/Nyora/nyora-android/app/build/generated/ksp/debug/java/hilt_aggregated_deps/_com_nyora_hasan72341_settings_reader_ReaderTapGridConfigViewModel_HiltModules_BindsModule.java, /Users/hasanraza/Desktop/kotatsu/Nyora/nyora-android/app/build/generated/ksp/debug/java/hilt_aggregated_deps/_com_nyora_hasan72341_settings_sources_SourcesSettingsViewModel_HiltModules_BindsModule.java, /Users/hasanraza/Desktop/kotatsu/Nyora/nyora-android/app/build/generated/ksp/debug/java/hilt_aggregated_deps/_com_nyora_hasan72341_settings_SyncSettingsFragment_GeneratedInjector.java, /Users/hasanraza/Desktop/kotatsu/Nyora/nyora-android/app/build/generated/ksp/debug/java/hilt_aggregated_deps/_com_nyora_hasan72341_settings_sources_manage_SourcesManageViewModel_HiltModules_KeyModule.java, /Users/hasanraza/Desktop/kotatsu/Nyora/nyora-android/app/build/generated/ksp/debug/java/hilt_aggregated_deps/_com_nyora_hasan72341_image_ui_ImageViewModel_HiltModules_BindsModule.java, /Users/hasanraza/Desktop/kotatsu/Nyora/nyora-android/app/build/generated/ksp/debug/java/hilt_aggregated_deps/_com_nyora_hasan72341_js_ParserOtaWorker_HiltModule.java, /Users/hasanraza/Desktop/kotatsu/Nyora/nyora-android/app/build/generated/ksp/debug/java/hilt_aggregated_deps/_com_nyora_hasan72341_reader_ui_pager_reversed_ReversedReaderFragment_GeneratedInjector.java, /Users/hasanraza/Desktop/kotatsu/Nyora/nyora-android/app/build/generated/ksp/debug/java/hilt_aggregated_deps/_com_nyora_hasan72341_mihon_MihonModule.java, /Users/hasanraza/Desktop/kotatsu/Nyora/nyora-android/app/build/generated/ksp/debug/java/hilt_aggregated_deps/_com_nyora_hasan72341_details_service_PrefetchCompanionEntryPoint.java, /Users/hasanraza/Desktop/kotatsu/Nyora/nyora-android/app/build/generated/ksp/debug/java/hilt_aggregated_deps/_com_nyora_hasan72341_alternatives_ui_AlternativesViewModel_HiltModules_BindsModule.java, /Users/hasanraza/Desktop/kotatsu/Nyora/nyora-android/app/build/generated/ksp/debug/java/hilt_aggregated_deps/_com_nyora_hasan72341_settings_protect_ProtectSetupViewModel_HiltModules_KeyModule.java, /Users/hasanraza/Desktop/kotatsu/Nyora/nyora-android/app/build/generated/ksp/debug/java/hilt_aggregated_deps/_com_nyora_hasan72341_backups_ui_backup_BackupViewModel_HiltModules_BindsModule.java, /Users/hasanraza/Desktop/kotatsu/Nyora/nyora-android/app/build/generated/ksp/debug/java/hilt_aggregated_deps/_com_nyora_hasan72341_settings_tracker_categories_TrackerCategoriesConfigViewModel_HiltModules_KeyModule.java, /Users/hasanraza/Desktop/kotatsu/Nyora/nyora-android/app/build/generated/ksp/debug/java/hilt_aggregated_deps/_com_nyora_hasan72341_backups_ui_periodical_PeriodicalBackupSettingsFragment_GeneratedInjector.java, /Users/hasanraza/Desktop/kotatsu/Nyora/nyora-android/app/build/generated/ksp/debug/java/hilt_aggregated_deps/_com_nyora_hasan72341_favourites_ui_container_FavouritesContainerFragment_GeneratedInjector.java, /Users/hasanraza/Desktop/kotatsu/Nyora/nyora-android/app/build/generated/ksp/debug/java/hilt_aggregated_deps/_com_nyora_hasan72341_explore_ui_ExploreViewModel_HiltModules_BindsModule.java, /Users/hasanraza/Desktop/kotatsu/Nyora/nyora-android/app/build/generated/ksp/debug/java/hilt_aggregated_deps/_com_nyora_hasan72341_details_service_MangaPrefetchService_GeneratedInjector.java, /Users/hasanraza/Desktop/kotatsu/Nyora/nyora-android/app/build/generated/ksp/debug/java/hilt_aggregated_deps/_com_nyora_hasan72341_settings_reader_ReaderTapGridConfigActivity_GeneratedInjector.java, /Users/hasanraza/Desktop/kotatsu/Nyora/nyora-android/app/build/generated/ksp/debug/java/hilt_aggregated_deps/_com_nyora_hasan72341_details_ui_related_RelatedListViewModel_HiltModules_KeyModule.java, /Users/hasanraza/Desktop/kotatsu/Nyora/nyora-android/app/build/generated/ksp/debug/java/hilt_aggregated_deps/_com_nyora_hasan72341_search_ui_multi_SearchViewModel_HiltModules_BindsModule.java, /Users/hasanraza/Desktop/kotatsu/Nyora/nyora-android/app/build/generated/ksp/debug/java/hilt_aggregated_deps/_com_nyora_hasan72341_scrobbling_common_ui_config_ScrobblerConfigViewModel_HiltModules_BindsModule.java, /Users/hasanraza/Desktop/kotatsu/Nyora/nyora-android/app/build/generated/ksp/debug/java/hilt_aggregated_deps/_com_nyora_hasan72341_explore_ui_ExploreViewModel_HiltModules_KeyModule.java, /Users/hasanraza/Desktop/kotatsu/Nyora/nyora-android/app/build/generated/ksp/debug/java/hilt_aggregated_deps/_com_nyora_hasan72341_main_ui_MainViewModel_HiltModules_KeyModule.java, /Users/hasanraza/Desktop/kotatsu/Nyora/nyora-android/app/build/generated/ksp/debug/java/hilt_aggregated_deps/_com_nyora_hasan72341_picker_ui_manga_MangaPickerViewModel_HiltModules_BindsModule.java, /Users/hasanraza/Desktop/kotatsu/Nyora/nyora-android/app/build/generated/ksp/debug/java/hilt_aggregated_deps/_com_nyora_hasan72341_widget_shelf_ShelfWidgetService_GeneratedInjector.java, /Users/hasanraza/Desktop/kotatsu/Nyora/nyora-android/app/build/generated/ksp/debug/java/hilt_aggregated_deps/_com_nyora_hasan72341_settings_StorageAndNetworkSettingsViewModel_HiltModules_KeyModule.java, /Users/hasanraza/Desktop/kotatsu/Nyora/nyora-android/app/build/generated/ksp/debug/java/hilt_aggregated_deps/_com_nyora_hasan72341_settings_about_AppUpdateViewModel_HiltModules_KeyModule.java, /Users/hasanraza/Desktop/kotatsu/Nyora/nyora-android/app/build/generated/ksp/debug/java/hilt_aggregated_deps/_com_nyora_hasan72341_stats_ui_sheet_MangaStatsViewModel_HiltModules_BindsModule.java, /Users/hasanraza/Desktop/kotatsu/Nyora/nyora-android/app/build/generated/ksp/debug/java/hilt_aggregated_deps/_com_nyora_hasan72341_core_nav_AppRouterEntryPoint.java, /Users/hasanraza/Desktop/kotatsu/Nyora/nyora-android/app/build/generated/ksp/debug/java/hilt_aggregated_deps/_com_nyora_hasan72341_download_ui_list_DownloadsViewModel_HiltModules_BindsModule.java, /Users/hasanraza/Desktop/kotatsu/Nyora/nyora-android/app/build/generated/ksp/debug/java/hilt_aggregated_deps/_com_nyora_hasan72341_local_ui_ImportService_GeneratedInjector.java, /Users/hasanraza/Desktop/kotatsu/Nyora/nyora-android/app/build/generated/ksp/debug/java/hilt_aggregated_deps/_com_nyora_hasan72341_browser_cloudflare_CloudFlareActivity_GeneratedInjector.java, /Users/hasanraza/Desktop/kotatsu/Nyora/nyora-android/app/build/generated/ksp/debug/java/hilt_aggregated_deps/_com_nyora_hasan72341_settings_tracker_categories_TrackerCategoriesConfigViewModel_HiltModules_BindsModule.java, /Users/hasanraza/Desktop/kotatsu/Nyora/nyora-android/app/build/generated/ksp/debug/java/hilt_aggregated_deps/_com_nyora_hasan72341_details_ui_pager_bookmarks_BookmarksViewModel_HiltModules_BindsModule.java, /Users/hasanraza/Desktop/kotatsu/Nyora/nyora-android/app/build/generated/ksp/debug/java/hilt_aggregated_deps/_com_nyora_hasan72341_favourites_ui_categories_select_FavoriteDialog_GeneratedInjector.java, /Users/hasanraza/Desktop/kotatsu/Nyora/nyora-android/app/build/generated/ksp/debug/java/hilt_aggregated_deps/_com_nyora_hasan72341_settings_discord_DiscordSettingsViewModel_HiltModules_KeyModule.java, /Users/hasanraza/Desktop/kotatsu/Nyora/nyora-android/app/build/generated/ksp/debug/java/hilt_aggregated_deps/_com_nyora_hasan72341_favourites_ui_list_FavouritesListViewModel_HiltModules_KeyModule.java, /Users/hasanraza/Desktop/kotatsu/Nyora/nyora-android/app/build/generated/ksp/debug/java/hilt_aggregated_deps/_com_nyora_hasan72341_details_ui_related_RelatedListFragment_GeneratedInjector.java, /Users/hasanraza/Desktop/kotatsu/Nyora/nyora-android/app/build/generated/ksp/debug/java/hilt_aggregated_deps/_com_nyora_hasan72341_favourites_ui_container_FavouritesContainerViewModel_HiltModules_BindsModule.java, /Users/hasanraza/Desktop/kotatsu/Nyora/nyora-android/app/build/generated/ksp/debug/java/hilt_aggregated_deps/_com_nyora_hasan72341_settings_userdata_storage_DataCleanupSettingsViewModel_HiltModules_KeyModule.java, /Users/hasanraza/Desktop/kotatsu/Nyora/nyora-android/app/build/generated/ksp/debug/java/hilt_aggregated_deps/_com_nyora_hasan72341_suggestions_ui_SuggestionsViewModel_HiltModules_BindsModule.java, /Users/hasanraza/Desktop/kotatsu/Nyora/nyora-android/app/build/generated/ksp/debug/java/com/nyora/hasan72341/reader/ui/ReaderActivity_MembersInjector.java, /Users/hasanraza/Desktop/kotatsu/Nyora/nyora-android/app/build/generated/ksp/debug/java/com/nyora/hasan72341/reader/ui/ScrollTimerControlView_GeneratedInjector.java, /Users/hasanraza/Desktop/kotatsu/Nyora/nyora-android/app/build/generated/ksp/debug/java/com/nyora/hasan72341/reader/ui/ScreenOrientationHelper_Factory.java, /Users/hasanraza/Desktop/kotatsu/Nyora/nyora-android/app/build/generated/ksp/debug/java/com/nyora/hasan72341/reader/ui/Hilt_ScrollTimerControlView.java, /Users/hasanraza/Desktop/kotatsu/Nyora/nyora-android/app/build/generated/ksp/debug/java/com/nyora/hasan72341/reader/ui/config/ReaderSettings_Producer_Factory.java, /Users/hasanraza/Desktop/kotatsu/Nyora/nyora-android/app/build/generated/ksp/debug/java/com/nyora/hasan72341/reader/ui/config/Hilt_ReaderConfigSheet.java, /Users/hasanraza/Desktop/kotatsu/Nyora/nyora-android/app/build/generated/ksp/debug/java/com/nyora/hasan72341/reader/ui/config/ReaderConfigSheet_GeneratedInjector.java, /Users/hasanraza/Desktop/kotatsu/Nyora/nyora-android/app/build/generated/ksp/debug/java/com/nyora/hasan72341/reader/ui/config/ReaderSettings_Producer_Factory_Impl.java, /Users/hasanraza/Desktop/kotatsu/Nyora/nyora-android/app/build/generated/ksp/debug/java/com/nyora/hasan72341/reader/ui/config/ReaderConfigSheet_MembersInjector.java, /Users/hasanraza/Desktop/kotatsu/Nyora/nyora-android/app/build/generated/ksp/debug/java/com/nyora/hasan72341/reader/ui/ReaderActivity_GeneratedInjector.java, /Users/hasanraza/Desktop/kotatsu/Nyora/nyora-android/app/build/generated/ksp/debug/java/com/nyora/hasan72341/reader/ui/ReaderViewModel_HiltModules.java, /Users/hasanraza/Desktop/kotatsu/Nyora/nyora-android/app/build/generated/ksp/debug/java/com/nyora/hasan72341/reader/ui/colorfilter/ColorFilterConfigViewModel_HiltModules_KeyModule_ProvideFactory.java, /Users/hasanraza/Desktop/kotatsu/Nyora/nyora-android/app/build/generated/ksp/debug/java/com/nyora/hasan72341/reader/ui/colorfilter/ColorFilterConfigViewModel_HiltModules_KeyModule_Provide_LazyMapKey.java, /Users/hasanraza/Desktop/kotatsu/Nyora/nyora-android/app/build/generated/ksp/debug/java/com/nyora/hasan72341/reader/ui/colorfilter/ColorFilterConfigViewModel_HiltModules_BindsModule_Binds_LazyMapKey.java, /Users/hasanraza/Desktop/kotatsu/Nyora/nyora-android/app/build/generated/ksp/debug/java/com/nyora/hasan72341/reader/ui/colorfilter/Hilt_ColorFilterConfigActivity.java, /Users/hasanraza/Desktop/kotatsu/Nyora/nyora-android/app/build/generated/ksp/debug/java/com/nyora/hasan72341/reader/ui/colorfilter/ColorFilterConfigActivity_MembersInjector.java, /Users/hasanraza/Desktop/kotatsu/Nyora/nyora-android/app/build/generated/ksp/debug/java/com/nyora/hasan72341/reader/ui/colorfilter/ColorFilterConfigActivity_GeneratedInjector.java, /Users/hasanraza/Desktop/kotatsu/Nyora/nyora-android/app/build/generated/ksp/debug/java/com/nyora/hasan72341/reader/ui/colorfilter/ColorFilterConfigViewModel_HiltModules.java, /Users/hasanraza/Desktop/kotatsu/Nyora/nyora-android/app/build/generated/ksp/debug/java/com/nyora/hasan72341/reader/ui/colorfilter/ColorFilterConfigViewModel_Factory.java, /Users/hasanraza/Desktop/kotatsu/Nyora/nyora-android/app/build/generated/ksp/debug/java/com/nyora/hasan72341/reader/ui/ReaderActionsView_GeneratedInjector.java, /Users/hasanraza/Desktop/kotatsu/Nyora/nyora-android/app/build/generated/ksp/debug/java/com/nyora/hasan72341/reader/ui/PageSaveHelper_Factory_Impl.java, /Users/hasanraza/Desktop/kotatsu/Nyora/nyora-android/app/build/generated/ksp/debug/java/com/nyora/hasan72341/reader/ui/Hilt_ReaderActivity.java, /Users/hasanraza/Desktop/kotatsu/Nyora/nyora-android/app/build/generated/ksp/debug/java/com/nyora/hasan72341/reader/ui/ReaderViewModel_Factory.java, /Users/hasanraza/Desktop/kotatsu/Nyora/nyora-android/app/build/generated/ksp/debug/java/com/nyora/hasan72341/reader/ui/ScrollTimer_Factory.java, /Users/hasanraza/Desktop/kotatsu/Nyora/nyora-android/app/build/generated/ksp/debug/java/com/nyora/hasan72341/reader/ui/ReaderViewModel_HiltModules_KeyModule_ProvideFactory.java, /Users/hasanraza/Desktop/kotatsu/Nyora/nyora-android/app/build/generated/ksp/debug/java/com/nyora/hasan72341/reader/ui/PageSaveHelper_Factory.java, /Users/hasanraza/Desktop/kotatsu/Nyora/nyora-android/app/build/generated/ksp/debug/java/com/nyora/hasan72341/reader/ui/ScrollTimer_Factory_Impl.java, /Users/hasanraza/Desktop/kotatsu/Nyora/nyora-android/app/build/generated/ksp/debug/java/com/nyora/hasan72341/reader/ui/ReaderViewModel_HiltModules_KeyModule_Provide_LazyMapKey.java, /Users/hasanraza/Desktop/kotatsu/Nyora/nyora-android/app/build/generated/ksp/debug/java/com/nyora/hasan72341/reader/ui/ReaderViewModel_HiltModules_BindsModule_Binds_LazyMapKey.java, /Users/hasanraza/Desktop/kotatsu/Nyora/nyora-android/app/build/generated/ksp/debug/java/com/nyora/hasan72341/reader/ui/Hilt_ReaderActionsView.java, /Users/hasanraza/Desktop/kotatsu/Nyora/nyora-android/app/build/generated/ksp/debug/java/com/nyora/hasan72341/reader/ui/ScrollTimerControlView_MembersInjector.java, /Users/hasanraza/Desktop/kotatsu/Nyora/nyora-android/app/build/generated/ksp/debug/java/com/nyora/hasan72341/reader/ui/pager/reversed/ReversedReaderFragment_GeneratedInjector.java, /Users/hasanraza/Desktop/kotatsu/Nyora/nyora-android/app/build/generated/ksp/debug/java/com/nyora/hasan72341/reader/ui/pager/reversed/ReversedReaderFragment_MembersInjector.java, /Users/hasanraza/Desktop/kotatsu/Nyora/nyora-android/app/build/generated/ksp/debug/java/com/nyora/hasan72341/reader/ui/pager/reversed/Hilt_ReversedReaderFragment.java, /Users/hasanraza/Desktop/kotatsu/Nyora/nyora-android/app/build/generated/ksp/debug/java/com/nyora/hasan72341/reader/ui/pager/Hilt_BasePagerReaderFragment.java, /Users/hasanraza/Desktop/kotatsu/Nyora/nyora-android/app/build/generated/ksp/debug/java/com/nyora/hasan72341/reader/ui/pager/BasePagerReaderFragment_MembersInjector.java, /Users/hasanraza/Desktop/kotatsu/Nyora/nyora-android/app/build/generated/ksp/debug/java/com/nyora/hasan72341/reader/ui/pager/doublepage/DoubleReaderFragment_MembersInjector.java, /Users/hasanraza/Desktop/kotatsu/Nyora/nyora-android/app/build/generated/ksp/debug/java/com/nyora/hasan72341/reader/ui/pager/doublepage/DoubleReaderFragment_GeneratedInjector.java, /Users/hasanraza/Desktop/kotatsu/Nyora/nyora-android/app/build/generated/ksp/debug/java/com/nyora/hasan72341/reader/ui/pager/doublepage/Hilt_DoubleReaderFragment.java, /Users/hasanraza/Desktop/kotatsu/Nyora/nyora-android/app/build/generated/ksp/debug/java/com/nyora/hasan72341/reader/ui/pager/standard/Hilt_PagerReaderFragment.java, /Users/hasanraza/Desktop/kotatsu/Nyora/nyora-android/app/build/generated/ksp/debug/java/com/nyora/hasan72341/reader/ui/pager/standard/PagerReaderFragment_GeneratedInjector.java, /Users/hasanraza/Desktop/kotatsu/Nyora/nyora-android/app/build/generated/ksp/debug/java/com/nyora/hasan72341/reader/ui/pager/webtoon/WebtoonReaderFragment_GeneratedInjector.java, /Users/hasanraza/Desktop/kotatsu/Nyora/nyora-android/app/build/generated/ksp/debug/java/com/nyora/hasan72341/reader/ui/pager/webtoon/WebtoonReaderFragment_MembersInjector.java, /Users/hasanraza/Desktop/kotatsu/Nyora/nyora-android/app/build/generated/ksp/debug/java/com/nyora/hasan72341/reader/ui/pager/webtoon/Hilt_WebtoonReaderFragment.java, /Users/hasanraza/Desktop/kotatsu/Nyora/nyora-android/app/build/generated/ksp/debug/java/com/nyora/hasan72341/reader/ui/pager/BasePagerReaderFragment_GeneratedInjector.java, /Users/hasanraza/Desktop/kotatsu/Nyora/nyora-android/app/build/generated/ksp/debug/java/com/nyora/hasan72341/reader/ui/pager/vertical/VerticalReaderFragment_GeneratedInjector.java, /Users/hasanraza/Desktop/kotatsu/Nyora/nyora-android/app/build/generated/ksp/debug/java/com/nyora/hasan72341/reader/ui/pager/vertical/Hilt_VerticalReaderFragment.java, /Users/hasanraza/Desktop/kotatsu/Nyora/nyora-android/app/build/generated/ksp/debug/java/com/nyora/hasan72341/reader/ui/ReaderActionsView_MembersInjector.java, /Users/hasanraza/Desktop/kotatsu/Nyora/nyora-android/app/build/generated/ksp/debug/java/com/nyora/hasan72341/reader/data/TapGridSettings_Factory.java, /Users/hasanraza/Desktop/kotatsu/Nyora/nyora-android/app/build/generated/ksp/debug/java/com/nyora/hasan72341/reader/domain/DetectReaderModeUseCase_Factory.java, /Users/hasanraza/Desktop/kotatsu/Nyora/nyora-android/app/build/generated/ksp/debug/java/com/nyora/hasan72341/reader/domain/ChaptersLoader_Factory.java, /Users/hasanraza/Desktop/kotatsu/Nyora/nyora-android/app/build/generated/ksp/debug/java/com/nyora/hasan72341/reader/domain/PageLoader_Factory.java, /Users/hasanraza/Desktop/kotatsu/Nyora/nyora-android/app/build/generated/ksp/debug/java/com/nyora/hasan72341/settings/StorageAndNetworkSettingsViewModel_HiltModules.java, /Users/hasanraza/Desktop/kotatsu/Nyora/nyora-android/app/build/generated/ksp/debug/java/com/nyora/hasan72341/settings/reader/ReaderTapGridConfigViewModel_HiltModules.java, /Users/hasanraza/Desktop/kotatsu/Nyora/nyora-android/app/build/generated/ksp/debug/java/com/nyora/hasan72341/settings/reader/ReaderTapGridConfigViewModel_Factory.java, /Users/hasanraza/Desktop/kotatsu/Nyora/nyora-android/app/build/generated/ksp/debug/java/com/nyora/hasan72341/settings/reader/ReaderTapGridConfigViewModel_HiltModules_KeyModule_ProvideFactory.java, /Users/hasanraza/Desktop/kotatsu/Nyora/nyora-android/app/build/generated/ksp/debug/java/com/nyora/hasan72341/settings/reader/Hilt_ReaderTapGridConfigActivity.java, /Users/hasanraza/Desktop/kotatsu/Nyora/nyora-android/app/build/generated/ksp/debug/java/com/nyora/hasan72341/settings/reader/ReaderTapGridConfigViewModel_HiltModules_BindsModule_Binds_LazyMapKey.java, /Users/hasanraza/Desktop/kotatsu/Nyora/nyora-android/app/build/generated/ksp/debug/java/com/nyora/hasan72341/settings/reader/ReaderTapGridConfigActivity_GeneratedInjector.java, /Users/hasanraza/Desktop/kotatsu/Nyora/nyora-android/app/build/generated/ksp/debug/java/com/nyora/hasan72341/settings/reader/ReaderTapGridConfigViewModel_HiltModules_KeyModule_Provide_LazyMapKey.java, /Users/hasanraza/Desktop/kotatsu/Nyora/nyora-android/app/build/generated/ksp/debug/java/com/nyora/hasan72341/settings/Hilt_SyncSettingsFragment.java, /Users/hasanraza/Desktop/kotatsu/Nyora/nyora-android/app/build/generated/ksp/debug/java/com/nyora/hasan72341/settings/Hilt_RootSettingsFragment.java, /Users/hasanraza/Desktop/kotatsu/Nyora/nyora-android/app/build/generated/ksp/debug/java/com/nyora/hasan72341/settings/RootSettingsViewModel_HiltModules.java, /Users/hasanraza/Desktop/kotatsu/Nyora/nyora-android/app/build/generated/ksp/debug/java/com/nyora/hasan72341/settings/Hilt_ReaderSettingsFragment.java, /Users/hasanraza/Desktop/kotatsu/Nyora/nyora-android/app/build/generated/ksp/debug/java/com/nyora/hasan72341/settings/discord/DiscordSettingsFragment_GeneratedInjector.java, /Users/hasanraza/Desktop/kotatsu/Nyora/nyora-android/app/build/generated/ksp/debug/java/com/nyora/hasan72341/settings/discord/Hilt_DiscordSettingsFragment.java, /Users/hasanraza/Desktop/kotatsu/Nyora/nyora-android/app/build/generated/ksp/debug/java/com/nyora/hasan72341/settings/discord/DiscordSettingsViewModel_HiltModules_KeyModule_ProvideFactory.java, /Users/hasanraza/Desktop/kotatsu/Nyora/nyora-android/app/build/generated/ksp/debug/java/com/nyora/hasan72341/settings/discord/DiscordSettingsViewModel_HiltModules_BindsModule_Binds_LazyMapKey.java, /Users/hasanraza/Desktop/kotatsu/Nyora/nyora-android/app/build/generated/ksp/debug/java/com/nyora/hasan72341/settings/discord/DiscordSettingsViewModel_Factory.java, /Users/hasanraza/Desktop/kotatsu/Nyora/nyora-android/app/build/generated/ksp/debug/java/com/nyora/hasan72341/settings/discord/DiscordSettingsViewModel_HiltModules_KeyModule_Provide_LazyMapKey.java, /Users/hasanraza/Desktop/kotatsu/Nyora/nyora-android/app/build/generated/ksp/debug/java/com/nyora/hasan72341/settings/discord/DiscordSettingsViewModel_HiltModules.java, /Users/hasanraza/Desktop/kotatsu/Nyora/nyora-android/app/build/generated/ksp/debug/java/com/nyora/hasan72341/settings/override/OverrideConfigActivity_GeneratedInjector.java, /Users/hasanraza/Desktop/kotatsu/Nyora/nyora-android/app/build/generated/ksp/debug/java/com/nyora/hasan72341/settings/override/OverrideConfigViewModel_HiltModules.java, /Users/hasanraza/Desktop/kotatsu/Nyora/nyora-android/app/build/generated/ksp/debug/java/com/nyora/hasan72341/settings/override/OverrideConfigViewModel_HiltModules_BindsModule_Binds_LazyMapKey.java, /Users/hasanraza/Desktop/kotatsu/Nyora/nyora-android/app/build/generated/ksp/debug/java/com/nyora/hasan72341/settings/override/OverrideConfigViewModel_Factory.java, /Users/hasanraza/Desktop/kotatsu/Nyora/nyora-android/app/build/generated/ksp/debug/java/com/nyora/hasan72341/settings/override/OverrideConfigViewModel_HiltModules_KeyModule_Provide_LazyMapKey.java, /Users/hasanraza/Desktop/kotatsu/Nyora/nyora-android/app/build/generated/ksp/debug/java/com/nyora/hasan72341/settings/override/Hilt_OverrideConfigActivity.java, /Users/hasanraza/Desktop/kotatsu/Nyora/nyora-android/app/build/generated/ksp/debug/java/com/nyora/hasan72341/settings/override/OverrideConfigViewModel_HiltModules_KeyModule_ProvideFactory.java, /Users/hasanraza/Desktop/kotatsu/Nyora/nyora-android/app/build/generated/ksp/debug/java/com/nyora/hasan72341/settings/RootSettingsViewModel_Factory.java, /Users/hasanraza/Desktop/kotatsu/Nyora/nyora-android/app/build/generated/ksp/debug/java/com/nyora/hasan72341/settings/AiTranslateSettingsFragment_GeneratedInjector.java, /Users/hasanraza/Desktop/kotatsu/Nyora/nyora-android/app/build/generated/ksp/debug/java/com/nyora/hasan72341/settings/protect/ProtectSetupViewModel_HiltModules.java, /Users/hasanraza/Desktop/kotatsu/Nyora/nyora-android/app/build/generated/ksp/debug/java/com/nyora/hasan72341/settings/protect/ProtectSetupViewModel_HiltModules_KeyModule_Provide_LazyMapKey.java, /Users/hasanraza/Desktop/kotatsu/Nyora/nyora-android/app/build/generated/ksp/debug/java/com/nyora/hasan72341/settings/protect/ProtectSetupViewModel_HiltModules_BindsModule_Binds_LazyMapKey.java, /Users/hasanraza/Desktop/kotatsu/Nyora/nyora-android/app/build/generated/ksp/debug/java/com/nyora/hasan72341/settings/protect/ProtectSetupActivity_GeneratedInjector.java, /Users/hasanraza/Desktop/kotatsu/Nyora/nyora-android/app/build/generated/ksp/debug/java/com/nyora/hasan72341/settings/protect/ProtectSetupViewModel_Factory.java, /Users/hasanraza/Desktop/kotatsu/Nyora/nyora-android/app/build/generated/ksp/debug/java/com/nyora/hasan72341/settings/protect/ProtectSetupViewModel_HiltModules_KeyModule_ProvideFactory.java, /Users/hasanraza/Desktop/kotatsu/Nyora/nyora-android/app/build/generated/ksp/debug/java/com/nyora/hasan72341/settings/protect/Hilt_ProtectSetupActivity.java, /Users/hasanraza/Desktop/kotatsu/Nyora/nyora-android/app/build/generated/ksp/debug/java/com/nyora/hasan72341/settings/SyncSettingsFragment_MembersInjector.java, /Users/hasanraza/Desktop/kotatsu/Nyora/nyora-android/app/build/generated/ksp/debug/java/com/nyora/hasan72341/settings/SuggestionsSettingsFragment_MembersInjector.java, /Users/hasanraza/Desktop/kotatsu/Nyora/nyora-android/app/build/generated/ksp/debug/java/com/nyora/hasan72341/settings/AppearanceSettingsFragment_MembersInjector.java, /Users/hasanraza/Desktop/kotatsu/Nyora/nyora-android/app/build/generated/ksp/debug/java/com/nyora/hasan72341/settings/Hilt_AiTranslateSettingsFragment.java, /Users/hasanraza/Desktop/kotatsu/Nyora/nyora-android/app/build/generated/ksp/debug/java/com/nyora/hasan72341/settings/utils/TagsAutoCompleteProvider_Factory.java, /Users/hasanraza/Desktop/kotatsu/Nyora/nyora-android/app/build/generated/ksp/debug/java/com/nyora/hasan72341/settings/tracker/TrackerSettingsFragment_GeneratedInjector.java, /Users/hasanraza/Desktop/kotatsu/Nyora/nyora-android/app/build/generated/ksp/debug/java/com/nyora/hasan72341/settings/tracker/TrackerSettingsViewModel_Factory.java, /Users/hasanraza/Desktop/kotatsu/Nyora/nyora-android/app/build/generated/ksp/debug/java/com/nyora/hasan72341/settings/tracker/Hilt_TrackerSettingsFragment.java, /Users/hasanraza/Desktop/kotatsu/Nyora/nyora-android/app/build/generated/ksp/debug/java/com/nyora/hasan72341/settings/tracker/TrackerSettingsViewModel_HiltModules_KeyModule_ProvideFactory.java, /Users/hasanraza/Desktop/kotatsu/Nyora/nyora-android/app/build/generated/ksp/debug/java/com/nyora/hasan72341/settings/tracker/TrackerSettingsFragment_MembersInjector.java, /Users/hasanraza/Desktop/kotatsu/Nyora/nyora-android/app/build/generated/ksp/debug/java/com/nyora/hasan72341/settings/tracker/TrackerSettingsViewModel_HiltModules.java, /Users/hasanraza/Desktop/kotatsu/Nyora/nyora-android/app/build/generated/ksp/debug/java/com/nyora/hasan72341/settings/tracker/TrackerSettingsViewModel_HiltModules_KeyModule_Provide_LazyMapKey.java, /Users/hasanraza/Desktop/kotatsu/Nyora/nyora-android/app/build/generated/ksp/debug/java/com/nyora/hasan72341/settings/tracker/TrackerSettingsViewModel_HiltModules_BindsModule_Binds_LazyMapKey.java, /Users/hasanraza/Desktop/kotatsu/Nyora/nyora-android/app/build/generated/ksp/debug/java/com/nyora/hasan72341/settings/tracker/categories/Hilt_TrackerCategoriesConfigSheet.java, /Users/hasanraza/Desktop/kotatsu/Nyora/nyora-android/app/build/generated/ksp/debug/java/com/nyora/hasan72341/settings/tracker/categories/TrackerCategoriesConfigSheet_GeneratedInjector.java, /Users/hasanraza/Desktop/kotatsu/Nyora/nyora-android/app/build/generated/ksp/debug/java/com/nyora/hasan72341/settings/tracker/categories/TrackerCategoriesConfigViewModel_Factory.java, /Users/hasanraza/Desktop/kotatsu/Nyora/nyora-android/app/build/generated/ksp/debug/java/com/nyora/hasan72341/settings/tracker/categories/TrackerCategoriesConfigViewModel_HiltModules_KeyModule_ProvideFactory.java, /Users/hasanraza/Desktop/kotatsu/Nyora/nyora-android/app/build/generated/ksp/debug/java/com/nyora/hasan72341/settings/tracker/categories/TrackerCategoriesConfigViewModel_HiltModules.java, /Users/hasanraza/Desktop/kotatsu/Nyora/nyora-android/app/build/generated/ksp/debug/java/com/nyora/hasan72341/settings/tracker/categories/TrackerCategoriesConfigViewModel_HiltModules_BindsModule_Binds_LazyMapKey.java, /Users/hasanraza/Desktop/kotatsu/Nyora/nyora-android/app/build/generated/ksp/debug/java/com/nyora/hasan72341/settings/tracker/categories/TrackerCategoriesConfigViewModel_HiltModules_KeyModule_Provide_LazyMapKey.java, /Users/hasanraza/Desktop/kotatsu/Nyora/nyora-android/app/build/generated/ksp/debug/java/com/nyora/hasan72341/settings/about/AboutSettingsViewModel_HiltModules_KeyModule_Provide_LazyMapKey.java, /Users/hasanraza/Desktop/kotatsu/Nyora/nyora-android/app/build/generated/ksp/debug/java/com/nyora/hasan72341/settings/about/AboutSettingsViewModel_HiltModules_BindsModule_Binds_LazyMapKey.java, /Users/hasanraza/Desktop/kotatsu/Nyora/nyora-android/app/build/generated/ksp/debug/java/com/nyora/hasan72341/settings/about/AppUpdateViewModel_HiltModules_KeyModule_ProvideFactory.java, /Users/hasanraza/Desktop/kotatsu/Nyora/nyora-android/app/build/generated/ksp/debug/java/com/nyora/hasan72341/settings/about/AboutSettingsFragment_MembersInjector.java, /Users/hasanraza/Desktop/kotatsu/Nyora/nyora-android/app/build/generated/ksp/debug/java/com/nyora/hasan72341/settings/about/AboutSettingsFragment_GeneratedInjector.java, /Users/hasanraza/Desktop/kotatsu/Nyora/nyora-android/app/build/generated/ksp/debug/java/com/nyora/hasan72341/settings/about/changelog/ChangelogViewModel_HiltModules_KeyModule_ProvideFactory.java, /Users/hasanraza/Desktop/kotatsu/Nyora/nyora-android/app/build/generated/ksp/debug/java/com/nyora/hasan72341/settings/about/changelog/ChangelogViewModel_HiltModules.java, /Users/hasanraza/Desktop/kotatsu/Nyora/nyora-android/app/build/generated/ksp/debug/java/com/nyora/hasan72341/settings/about/changelog/Hilt_ChangelogFragment.java, /Users/hasanraza/Desktop/kotatsu/Nyora/nyora-android/app/build/generated/ksp/debug/java/com/nyora/hasan72341/settings/about/changelog/ChangelogViewModel_Factory.java, /Users/hasanraza/Desktop/kotatsu/Nyora/nyora-android/app/build/generated/ksp/debug/java/com/nyora/hasan72341/settings/about/changelog/ChangelogFragment_GeneratedInjector.java, /Users/hasanraza/Desktop/kotatsu/Nyora/nyora-android/app/build/generated/ksp/debug/java/com/nyora/hasan72341/settings/about/changelog/ChangelogViewModel_HiltModules_BindsModule_Binds_LazyMapKey.java, /Users/hasanraza/Desktop/kotatsu/Nyora/nyora-android/app/build/generated/ksp/debug/java/com/nyora/hasan72341/settings/about/changelog/ChangelogViewModel_HiltModules_KeyModule_Provide_LazyMapKey.java, /Users/hasanraza/Desktop/kotatsu/Nyora/nyora-android/app/build/generated/ksp/debug/java/com/nyora/hasan72341/settings/about/AppUpdateViewModel_Factory.java, /Users/hasanraza/Desktop/kotatsu/Nyora/nyora-android/app/build/generated/ksp/debug/java/com/nyora/hasan72341/settings/about/AppUpdateViewModel_HiltModules.java, /Users/hasanraza/Desktop/kotatsu/Nyora/nyora-android/app/build/generated/ksp/debug/java/com/nyora/hasan72341/settings/about/AboutSettingsViewModel_Factory.java, /Users/hasanraza/Desktop/kotatsu/Nyora/nyora-android/app/build/generated/ksp/debug/java/com/nyora/hasan72341/settings/about/Hilt_AppUpdateActivity.java, /Users/hasanraza/Desktop/kotatsu/Nyora/nyora-android/app/build/generated/ksp/debug/java/com/nyora/hasan72341/settings/about/AboutSettingsViewModel_HiltModules.java, /Users/hasanraza/Desktop/kotatsu/Nyora/nyora-android/app/build/generated/ksp/debug/java/com/nyora/hasan72341/settings/about/Hilt_AboutSettingsFragment.java, /Users/hasanraza/Desktop/kotatsu/Nyora/nyora-android/app/build/generated/ksp/debug/java/com/nyora/hasan72341/settings/about/AppUpdateActivity_GeneratedInjector.java, /Users/hasanraza/Desktop/kotatsu/Nyora/nyora-android/app/build/generated/ksp/debug/java/com/nyora/hasan72341/settings/about/AboutSettingsViewModel_HiltModules_KeyModule_ProvideFactory.java, /Users/hasanraza/Desktop/kotatsu/Nyora/nyora-android/app/build/generated/ksp/debug/java/com/nyora/hasan72341/settings/about/AppUpdateViewModel_HiltModules_BindsModule_Binds_LazyMapKey.java, /Users/hasanraza/Desktop/kotatsu/Nyora/nyora-android/app/build/generated/ksp/debug/java/com/nyora/hasan72341/settings/about/AppUpdateViewModel_HiltModules_KeyModule_Provide_LazyMapKey.java, /Users/hasanraza/Desktop/kotatsu/Nyora/nyora-android/app/build/generated/ksp/debug/java/com/nyora/hasan72341/settings/ServicesSettingsFragment_GeneratedInjector.java, /Users/hasanraza/Desktop/kotatsu/Nyora/nyora-android/app/build/generated/ksp/debug/java/com/nyora/hasan72341/settings/storage/MangaDirectorySelectViewModel_HiltModules.java, /Users/hasanraza/Desktop/kotatsu/Nyora/nyora-android/app/build/generated/ksp/debug/java/com/nyora/hasan72341/settings/storage/Hilt_MangaDirectorySelectDialog.java, /Users/hasanraza/Desktop/kotatsu/Nyora/nyora-android/app/build/generated/ksp/debug/java/com/nyora/hasan72341/settings/storage/MangaDirectorySelectViewModel_Factory.java, /Users/hasanraza/Desktop/kotatsu/Nyora/nyora-android/app/build/generated/ksp/debug/java/com/nyora/hasan72341/settings/storage/MangaDirectorySelectViewModel_HiltModules_KeyModule_ProvideFactory.java, /Users/hasanraza/Desktop/kotatsu/Nyora/nyora-android/app/build/generated/ksp/debug/java/com/nyora/hasan72341/settings/storage/MangaDirectorySelectViewModel_HiltModules_BindsModule_Binds_LazyMapKey.java, /Users/hasanraza/Desktop/kotatsu/Nyora/nyora-android/app/build/generated/ksp/debug/java/com/nyora/hasan72341/settings/storage/MangaDirectorySelectViewModel_HiltModules_KeyModule_Provide_LazyMapKey.java, /Users/hasanraza/Desktop/kotatsu/Nyora/nyora-android/app/build/generated/ksp/debug/java/com/nyora/hasan72341/settings/storage/MangaDirectorySelectDialog_GeneratedInjector.java, /Users/hasanraza/Desktop/kotatsu/Nyora/nyora-android/app/build/generated/ksp/debug/java/com/nyora/hasan72341/settings/storage/directories/MangaDirectoriesActivity_GeneratedInjector.java, /Users/hasanraza/Desktop/kotatsu/Nyora/nyora-android/app/build/generated/ksp/debug/java/com/nyora/hasan72341/settings/storage/directories/MangaDirectoriesViewModel_HiltModules_BindsModule_Binds_LazyMapKey.java, /Users/hasanraza/Desktop/kotatsu/Nyora/nyora-android/app/build/generated/ksp/debug/java/com/nyora/hasan72341/settings/storage/directories/MangaDirectoriesViewModel_HiltModules_KeyModule_Provide_LazyMapKey.java, /Users/hasanraza/Desktop/kotatsu/Nyora/nyora-android/app/build/generated/ksp/debug/java/com/nyora/hasan72341/settings/storage/directories/MangaDirectoriesViewModel_HiltModules_KeyModule_ProvideFactory.java, /Users/hasanraza/Desktop/kotatsu/Nyora/nyora-android/app/build/generated/ksp/debug/java/com/nyora/hasan72341/settings/storage/directories/MangaDirectoriesViewModel_HiltModules.java, /Users/hasanraza/Desktop/kotatsu/Nyora/nyora-android/app/build/generated/ksp/debug/java/com/nyora/hasan72341/settings/storage/directories/MangaDirectoriesViewModel_Factory.java, /Users/hasanraza/Desktop/kotatsu/Nyora/nyora-android/app/build/generated/ksp/debug/java/com/nyora/hasan72341/settings/storage/directories/Hilt_MangaDirectoriesActivity.java, /Users/hasanraza/Desktop/kotatsu/Nyora/nyora-android/app/build/generated/ksp/debug/java/com/nyora/hasan72341/settings/RootSettingsViewModel_HiltModules_KeyModule_Provide_LazyMapKey.java, /Users/hasanraza/Desktop/kotatsu/Nyora/nyora-android/app/build/generated/ksp/debug/java/com/nyora/hasan72341/settings/search/SettingsSearchViewModel_HiltModules.java, /Users/hasanraza/Desktop/kotatsu/Nyora/nyora-android/app/build/generated/ksp/debug/java/com/nyora/hasan72341/settings/search/SettingsSearchViewModel_HiltModules_KeyModule_Provide_LazyMapKey.java, /Users/hasanraza/Desktop/kotatsu/Nyora/nyora-android/app/build/generated/ksp/debug/java/com/nyora/hasan72341/settings/search/SettingsSearchViewModel_HiltModules_BindsModule_Binds_LazyMapKey.java, /Users/hasanraza/Desktop/kotatsu/Nyora/nyora-android/app/build/generated/ksp/debug/java/com/nyora/hasan72341/settings/search/SettingsSearchFragment_GeneratedInjector.java, /Users/hasanraza/Desktop/kotatsu/Nyora/nyora-android/app/build/generated/ksp/debug/java/com/nyora/hasan72341/settings/search/SettingsSearchHelper_Factory.java, /Users/hasanraza/Desktop/kotatsu/Nyora/nyora-android/app/build/generated/ksp/debug/java/com/nyora/hasan72341/settings/search/Hilt_SettingsSearchFragment.java, /Users/hasanraza/Desktop/kotatsu/Nyora/nyora-android/app/build/generated/ksp/debug/java/com/nyora/hasan72341/settings/search/SettingsSearchViewModel_Factory.java, /Users/hasanraza/Desktop/kotatsu/Nyora/nyora-android/app/build/generated/ksp/debug/java/com/nyora/hasan72341/settings/search/SettingsSearchViewModel_HiltModules_KeyModule_ProvideFactory.java, /Users/hasanraza/Desktop/kotatsu/Nyora/nyora-android/app/build/generated/ksp/debug/java/com/nyora/hasan72341/settings/RootSettingsViewModel_HiltModules_BindsModule_Binds_LazyMapKey.java, /Users/hasanraza/Desktop/kotatsu/Nyora/nyora-android/app/build/generated/ksp/debug/java/com/nyora/hasan72341/settings/StorageAndNetworkSettingsViewModel_Factory.java, /Users/hasanraza/Desktop/kotatsu/Nyora/nyora-android/app/build/generated/ksp/debug/java/com/nyora/hasan72341/settings/Hilt_DownloadsSettingsFragment.java, /Users/hasanraza/Desktop/kotatsu/Nyora/nyora-android/app/build/generated/ksp/debug/java/com/nyora/hasan72341/settings/StorageAndNetworkSettingsViewModel_HiltModules_KeyModule_Provide_LazyMapKey.java, /Users/hasanraza/Desktop/kotatsu/Nyora/nyora-android/app/build/generated/ksp/debug/java/com/nyora/hasan72341/settings/StorageAndNetworkSettingsViewModel_HiltModules_KeyModule_ProvideFactory.java, /Users/hasanraza/Desktop/kotatsu/Nyora/nyora-android/app/build/generated/ksp/debug/java/com/nyora/hasan72341/settings/StorageAndNetworkSettingsViewModel_HiltModules_BindsModule_Binds_LazyMapKey.java, /Users/hasanraza/Desktop/kotatsu/Nyora/nyora-android/app/build/generated/ksp/debug/java/com/nyora/hasan72341/settings/ProxySettingsFragment_GeneratedInjector.java, /Users/hasanraza/Desktop/kotatsu/Nyora/nyora-android/app/build/generated/ksp/debug/java/com/nyora/hasan72341/settings/ProxySettingsFragment_MembersInjector.java, /Users/hasanraza/Desktop/kotatsu/Nyora/nyora-android/app/build/generated/ksp/debug/java/com/nyora/hasan72341/settings/work/WorkScheduleManager_Factory.java, /Users/hasanraza/Desktop/kotatsu/Nyora/nyora-android/app/build/generated/ksp/debug/java/com/nyora/hasan72341/settings/Hilt_SettingsActivity.java, /Users/hasanraza/Desktop/kotatsu/Nyora/nyora-android/app/build/generated/ksp/debug/java/com/nyora/hasan72341/settings/ReaderSettingsFragment_GeneratedInjector.java, /Users/hasanraza/Desktop/kotatsu/Nyora/nyora-android/app/build/generated/ksp/debug/java/com/nyora/hasan72341/settings/DownloadsSettingsFragment_GeneratedInjector.java, /Users/hasanraza/Desktop/kotatsu/Nyora/nyora-android/app/build/generated/ksp/debug/java/com/nyora/hasan72341/settings/DownloadsSettingsFragment_MembersInjector.java, /Users/hasanraza/Desktop/kotatsu/Nyora/nyora-android/app/build/generated/ksp/debug/java/com/nyora/hasan72341/settings/sources/SourceSettingsFragment_GeneratedInjector.java, /Users/hasanraza/Desktop/kotatsu/Nyora/nyora-android/app/build/generated/ksp/debug/java/com/nyora/hasan72341/settings/sources/SourcesSettingsFragment_GeneratedInjector.java, /Users/hasanraza/Desktop/kotatsu/Nyora/nyora-android/app/build/generated/ksp/debug/java/com/nyora/hasan72341/settings/sources/SourceSettingsViewModel_HiltModules_KeyModule_ProvideFactory.java, /Users/hasanraza/Desktop/kotatsu/Nyora/nyora-android/app/build/generated/ksp/debug/java/com/nyora/hasan72341/settings/sources/extension/ExtensionDownloaderActivity_GeneratedInjector.java, /Users/hasanraza/Desktop/kotatsu/Nyora/nyora-android/app/build/generated/ksp/debug/java/com/nyora/hasan72341/settings/sources/extension/ExtensionDownloaderViewModel_HiltModules.java, /Users/hasanraza/Desktop/kotatsu/Nyora/nyora-android/app/build/generated/ksp/debug/java/com/nyora/hasan72341/settings/sources/extension/Hilt_ExtensionDownloaderActivity.java, /Users/hasanraza/Desktop/kotatsu/Nyora/nyora-android/app/build/generated/ksp/debug/java/com/nyora/hasan72341/settings/sources/extension/ExtensionDownloaderViewModel_Factory.java, /Users/hasanraza/Desktop/kotatsu/Nyora/nyora-android/app/build/generated/ksp/debug/java/com/nyora/hasan72341/settings/sources/extension/ExtensionDownloaderViewModel_HiltModules_KeyModule_ProvideFactory.java, /Users/hasanraza/Desktop/kotatsu/Nyora/nyora-android/app/build/generated/ksp/debug/java/com/nyora/hasan72341/settings/sources/extension/ExtensionDownloaderViewModel_HiltModules_KeyModule_Provide_LazyMapKey.java, /Users/hasanraza/Desktop/kotatsu/Nyora/nyora-android/app/build/generated/ksp/debug/java/com/nyora/hasan72341/settings/sources/extension/ExtensionDownloaderViewModel_HiltModules_BindsModule_Binds_LazyMapKey.java, /Users/hasanraza/Desktop/kotatsu/Nyora/nyora-android/app/build/generated/ksp/debug/java/com/nyora/hasan72341/settings/sources/SourcesSettingsViewModel_HiltModules_KeyModule_ProvideFactory.java, /Users/hasanraza/Desktop/kotatsu/Nyora/nyora-android/app/build/generated/ksp/debug/java/com/nyora/hasan72341/settings/sources/auth/Hilt_SourceAuthActivity.java, /Users/hasanraza/Desktop/kotatsu/Nyora/nyora-android/app/build/generated/ksp/debug/java/com/nyora/hasan72341/settings/sources/auth/SourceAuthActivity_GeneratedInjector.java, /Users/hasanraza/Desktop/kotatsu/Nyora/nyora-android/app/build/generated/ksp/debug/java/com/nyora/hasan72341/settings/sources/catalog/Hilt_SourcesCatalogActivity.java, /Users/hasanraza/Desktop/kotatsu/Nyora/nyora-android/app/build/generated/ksp/debug/java/com/nyora/hasan72341/settings/sources/catalog/SourcesCatalogViewModel_HiltModules_BindsModule_Binds_LazyMapKey.java, /Users/hasanraza/Desktop/kotatsu/Nyora/nyora-android/app/build/generated/ksp/debug/java/com/nyora/hasan72341/settings/sources/catalog/SourcesCatalogActivity_GeneratedInjector.java, /Users/hasanraza/Desktop/kotatsu/Nyora/nyora-android/app/build/generated/ksp/debug/java/com/nyora/hasan72341/settings/sources/catalog/SourcesCatalogViewModel_HiltModules_KeyModule_Provide_LazyMapKey.java, /Users/hasanraza/Desktop/kotatsu/Nyora/nyora-android/app/build/generated/ksp/debug/java/com/nyora/hasan72341/settings/sources/catalog/SourcesCatalogViewModel_HiltModules_KeyModule_ProvideFactory.java, /Users/hasanraza/Desktop/kotatsu/Nyora/nyora-android/app/build/generated/ksp/debug/java/com/nyora/hasan72341/settings/sources/catalog/SourcesCatalogViewModel_HiltModules.java, /Users/hasanraza/Desktop/kotatsu/Nyora/nyora-android/app/build/generated/ksp/debug/java/com/nyora/hasan72341/settings/sources/catalog/SourcesCatalogViewModel_Factory.java, /Users/hasanraza/Desktop/kotatsu/Nyora/nyora-android/app/build/generated/ksp/debug/java/com/nyora/hasan72341/settings/sources/SourceSettingsViewModel_HiltModules_KeyModule_Provide_LazyMapKey.java, /Users/hasanraza/Desktop/kotatsu/Nyora/nyora-android/app/build/generated/ksp/debug/java/com/nyora/hasan72341/settings/sources/SourcesSettingsViewModel_HiltModules.java, /Users/hasanraza/Desktop/kotatsu/Nyora/nyora-android/app/build/generated/ksp/debug/java/com/nyora/hasan72341/settings/sources/SourceSettingsViewModel_HiltModules.java, /Users/hasanraza/Desktop/kotatsu/Nyora/nyora-android/app/build/generated/ksp/debug/java/com/nyora/hasan72341/settings/sources/SourceSettingsViewModel_HiltModules_BindsModule_Binds_LazyMapKey.java, /Users/hasanraza/Desktop/kotatsu/Nyora/nyora-android/app/build/generated/ksp/debug/java/com/nyora/hasan72341/settings/sources/SourcesSettingsViewModel_Factory.java, /Users/hasanraza/Desktop/kotatsu/Nyora/nyora-android/app/build/generated/ksp/debug/java/com/nyora/hasan72341/settings/sources/SourceSettingsViewModel_Factory.java, /Users/hasanraza/Desktop/kotatsu/Nyora/nyora-android/app/build/generated/ksp/debug/java/com/nyora/hasan72341/settings/sources/SourcesSettingsViewModel_HiltModules_KeyModule_Provide_LazyMapKey.java, /Users/hasanraza/Desktop/kotatsu/Nyora/nyora-android/app/build/generated/ksp/debug/java/com/nyora/hasan72341/settings/sources/SourcesSettingsViewModel_HiltModules_BindsModule_Binds_LazyMapKey.java, /Users/hasanraza/Desktop/kotatsu/Nyora/nyora-android/app/build/generated/ksp/debug/java/com/nyora/hasan72341/settings/sources/manage/SourcesManageViewModel_HiltModules_KeyModule_Provide_LazyMapKey.java, /Users/hasanraza/Desktop/kotatsu/Nyora/nyora-android/app/build/generated/ksp/debug/java/com/nyora/hasan72341/settings/sources/manage/SourcesManageViewModel_HiltModules_BindsModule_Binds_LazyMapKey.java, /Users/hasanraza/Desktop/kotatsu/Nyora/nyora-android/app/build/generated/ksp/debug/java/com/nyora/hasan72341/settings/sources/manage/SourcesManageViewModel_Factory.java, /Users/hasanraza/Desktop/kotatsu/Nyora/nyora-android/app/build/generated/ksp/debug/java/com/nyora/hasan72341/settings/sources/manage/SourcesManageViewModel_HiltModules_KeyModule_ProvideFactory.java, /Users/hasanraza/Desktop/kotatsu/Nyora/nyora-android/app/build/generated/ksp/debug/java/com/nyora/hasan72341/settings/sources/manage/SourcesManageFragment_GeneratedInjector.java, /Users/hasanraza/Desktop/kotatsu/Nyora/nyora-android/app/build/generated/ksp/debug/java/com/nyora/hasan72341/settings/sources/manage/SourcesManageViewModel_HiltModules.java, /Users/hasanraza/Desktop/kotatsu/Nyora/nyora-android/app/build/generated/ksp/debug/java/com/nyora/hasan72341/settings/sources/manage/SourcesManageFragment_MembersInjector.java, /Users/hasanraza/Desktop/kotatsu/Nyora/nyora-android/app/build/generated/ksp/debug/java/com/nyora/hasan72341/settings/sources/manage/Hilt_SourcesManageFragment.java, /Users/hasanraza/Desktop/kotatsu/Nyora/nyora-android/app/build/generated/ksp/debug/java/com/nyora/hasan72341/settings/sources/manage/SourcesListProducer_Factory.java, /Users/hasanraza/Desktop/kotatsu/Nyora/nyora-android/app/build/generated/ksp/debug/java/com/nyora/hasan72341/settings/sources/Hilt_SourcesSettingsFragment.java, /Users/hasanraza/Desktop/kotatsu/Nyora/nyora-android/app/build/generated/ksp/debug/java/com/nyora/hasan72341/settings/sources/Hilt_SourceSettingsFragment.java, /Users/hasanraza/Desktop/kotatsu/Nyora/nyora-android/app/build/generated/ksp/debug/java/com/nyora/hasan72341/settings/Hilt_ServicesSettingsFragment.java, /Users/hasanraza/Desktop/kotatsu/Nyora/nyora-android/app/build/generated/ksp/debug/java/com/nyora/hasan72341/settings/nav/NavConfigViewModel_Factory.java, /Users/hasanraza/Desktop/kotatsu/Nyora/nyora-android/app/build/generated/ksp/debug/java/com/nyora/hasan72341/settings/nav/NavConfigViewModel_HiltModules.java, /Users/hasanraza/Desktop/kotatsu/Nyora/nyora-android/app/build/generated/ksp/debug/java/com/nyora/hasan72341/settings/nav/NavConfigViewModel_HiltModules_KeyModule_ProvideFactory.java, /Users/hasanraza/Desktop/kotatsu/Nyora/nyora-android/app/build/generated/ksp/debug/java/com/nyora/hasan72341/settings/nav/NavConfigFragment_GeneratedInjector.java, /Users/hasanraza/Desktop/kotatsu/Nyora/nyora-android/app/build/generated/ksp/debug/java/com/nyora/hasan72341/settings/nav/Hilt_NavConfigFragment.java, /Users/hasanraza/Desktop/kotatsu/Nyora/nyora-android/app/build/generated/ksp/debug/java/com/nyora/hasan72341/settings/nav/NavConfigViewModel_HiltModules_KeyModule_Provide_LazyMapKey.java, /Users/hasanraza/Desktop/kotatsu/Nyora/nyora-android/app/build/generated/ksp/debug/java/com/nyora/hasan72341/settings/nav/NavConfigViewModel_HiltModules_BindsModule_Binds_LazyMapKey.java, /Users/hasanraza/Desktop/kotatsu/Nyora/nyora-android/app/build/generated/ksp/debug/java/com/nyora/hasan72341/settings/ServicesSettingsFragment_MembersInjector.java, /Users/hasanraza/Desktop/kotatsu/Nyora/nyora-android/app/build/generated/ksp/debug/java/com/nyora/hasan72341/settings/SettingsActivity_GeneratedInjector.java, /Users/hasanraza/Desktop/kotatsu/Nyora/nyora-android/app/build/generated/ksp/debug/java/com/nyora/hasan72341/settings/userdata/Hilt_BackupsSettingsFragment.java, /Users/hasanraza/Desktop/kotatsu/Nyora/nyora-android/app/build/generated/ksp/debug/java/com/nyora/hasan72341/settings/userdata/storage/DataCleanupSettingsViewModel_Factory.java, /Users/hasanraza/Desktop/kotatsu/Nyora/nyora-android/app/build/generated/ksp/debug/java/com/nyora/hasan72341/settings/userdata/storage/DataCleanupSettingsViewModel_HiltModules_KeyModule_ProvideFactory.java, /Users/hasanraza/Desktop/kotatsu/Nyora/nyora-android/app/build/generated/ksp/debug/java/com/nyora/hasan72341/settings/userdata/storage/DataCleanupSettingsFragment_GeneratedInjector.java, /Users/hasanraza/Desktop/kotatsu/Nyora/nyora-android/app/build/generated/ksp/debug/java/com/nyora/hasan72341/settings/userdata/storage/DataCleanupSettingsViewModel_HiltModules.java, /Users/hasanraza/Desktop/kotatsu/Nyora/nyora-android/app/build/generated/ksp/debug/java/com/nyora/hasan72341/settings/userdata/storage/DataCleanupSettingsViewModel_HiltModules_BindsModule_Binds_LazyMapKey.java, /Users/hasanraza/Desktop/kotatsu/Nyora/nyora-android/app/build/generated/ksp/debug/java/com/nyora/hasan72341/settings/userdata/storage/DataCleanupSettingsViewModel_HiltModules_KeyModule_Provide_LazyMapKey.java, /Users/hasanraza/Desktop/kotatsu/Nyora/nyora-android/app/build/generated/ksp/debug/java/com/nyora/hasan72341/settings/userdata/storage/Hilt_DataCleanupSettingsFragment.java, /Users/hasanraza/Desktop/kotatsu/Nyora/nyora-android/app/build/generated/ksp/debug/java/com/nyora/hasan72341/settings/userdata/BackupsSettingsViewModel_HiltModules_KeyModule_ProvideFactory.java, /Users/hasanraza/Desktop/kotatsu/Nyora/nyora-android/app/build/generated/ksp/debug/java/com/nyora/hasan72341/settings/userdata/BackupsSettingsViewModel_Factory.java, /Users/hasanraza/Desktop/kotatsu/Nyora/nyora-android/app/build/generated/ksp/debug/java/com/nyora/hasan72341/settings/userdata/BackupsSettingsFragment_GeneratedInjector.java, /Users/hasanraza/Desktop/kotatsu/Nyora/nyora-android/app/build/generated/ksp/debug/java/com/nyora/hasan72341/settings/userdata/BackupsSettingsViewModel_HiltModules_KeyModule_Provide_LazyMapKey.java, /Users/hasanraza/Desktop/kotatsu/Nyora/nyora-android/app/build/generated/ksp/debug/java/com/nyora/hasan72341/settings/userdata/BackupsSettingsViewModel_HiltModules_BindsModule_Binds_LazyMapKey.java, /Users/hasanraza/Desktop/kotatsu/Nyora/nyora-android/app/build/generated/ksp/debug/java/com/nyora/hasan72341/settings/userdata/BackupsSettingsViewModel_HiltModules.java, /Users/hasanraza/Desktop/kotatsu/Nyora/nyora-android/app/build/generated/ksp/debug/java/com/nyora/hasan72341/settings/RootSettingsFragment_GeneratedInjector.java, /Users/hasanraza/Desktop/kotatsu/Nyora/nyora-android/app/build/generated/ksp/debug/java/com/nyora/hasan72341/settings/SuggestionsSettingsFragment_GeneratedInjector.java, /Users/hasanraza/Desktop/kotatsu/Nyora/nyora-android/app/build/generated/ksp/debug/java/com/nyora/hasan72341/settings/Hilt_SuggestionsSettingsFragment.java, /Users/hasanraza/Desktop/kotatsu/Nyora/nyora-android/app/build/generated/ksp/debug/java/com/nyora/hasan72341/settings/Hilt_AppearanceSettingsFragment.java, /Users/hasanraza/Desktop/kotatsu/Nyora/nyora-android/app/build/generated/ksp/debug/java/com/nyora/hasan72341/settings/SyncSettingsFragment_GeneratedInjector.java, /Users/hasanraza/Desktop/kotatsu/Nyora/nyora-android/app/build/generated/ksp/debug/java/com/nyora/hasan72341/settings/AppearanceSettingsFragment_GeneratedInjector.java, /Users/hasanraza/Desktop/kotatsu/Nyora/nyora-android/app/build/generated/ksp/debug/java/com/nyora/hasan72341/settings/Hilt_ProxySettingsFragment.java, /Users/hasanraza/Desktop/kotatsu/Nyora/nyora-android/app/build/generated/ksp/debug/java/com/nyora/hasan72341/settings/RootSettingsViewModel_HiltModules_KeyModule_ProvideFactory.java, /Users/hasanraza/Desktop/kotatsu/Nyora/nyora-android/app/build/generated/ksp/debug/java/com/nyora/hasan72341/discover/ui/DiscoverViewModel_HiltModules.java, /Users/hasanraza/Desktop/kotatsu/Nyora/nyora-android/app/build/generated/ksp/debug/java/com/nyora/hasan72341/discover/ui/Hilt_DiscoverFragment.java, /Users/hasanraza/Desktop/kotatsu/Nyora/nyora-android/app/build/generated/ksp/debug/java/com/nyora/hasan72341/discover/ui/DiscoverFragment_GeneratedInjector.java, /Users/hasanraza/Desktop/kotatsu/Nyora/nyora-android/app/build/generated/ksp/debug/java/com/nyora/hasan72341/discover/ui/DiscoverViewModel_HiltModules_BindsModule_Binds_LazyMapKey.java, /Users/hasanraza/Desktop/kotatsu/Nyora/nyora-android/app/build/generated/ksp/debug/java/com/nyora/hasan72341/discover/ui/DiscoverViewModel_HiltModules_KeyModule_Provide_LazyMapKey.java, /Users/hasanraza/Desktop/kotatsu/Nyora/nyora-android/app/build/generated/ksp/debug/java/com/nyora/hasan72341/discover/ui/DiscoverViewModel_Factory.java, /Users/hasanraza/Desktop/kotatsu/Nyora/nyora-android/app/build/generated/ksp/debug/java/com/nyora/hasan72341/discover/ui/DiscoverViewModel_HiltModules_KeyModule_ProvideFactory.java, /Users/hasanraza/Desktop/kotatsu/Nyora/nyora-android/app/build/generated/ksp/debug/java/com/nyora/hasan72341/discover/domain/DiscoverRepository_Factory.java, /Users/hasanraza/Desktop/kotatsu/Nyora/nyora-android/app/build/generated/ksp/debug/java/com/nyora/hasan72341/core/AppModule_Companion_ProvideMangaDatabaseFactory.java, /Users/hasanraza/Desktop/kotatsu/Nyora/nyora-android/app/build/generated/ksp/debug/java/com/nyora/hasan72341/core/prefs/AppSettings_Factory.java, /Users/hasanraza/Desktop/kotatsu/Nyora/nyora-android/app/build/generated/ksp/debug/java/com/nyora/hasan72341/core/ui/util/ActivityRecreationHandle_Factory.java, /Users/hasanraza/Desktop/kotatsu/Nyora/nyora-android/app/build/generated/ksp/debug/java/com/nyora/hasan72341/core/ui/image/CoilImageGetter_Factory.java, /Users/hasanraza/Desktop/kotatsu/Nyora/nyora-android/app/build/generated/ksp/debug/java/com/nyora/hasan72341/core/ui/dialog/ErrorDetailsDialog_MembersInjector.java, /Users/hasanraza/Desktop/kotatsu/Nyora/nyora-android/app/build/generated/ksp/debug/java/com/nyora/hasan72341/core/ui/dialog/ErrorDetailsDialog_GeneratedInjector.java, /Users/hasanraza/Desktop/kotatsu/Nyora/nyora-android/app/build/generated/ksp/debug/java/com/nyora/hasan72341/core/ui/dialog/Hilt_ErrorDetailsDialog.java, /Users/hasanraza/Desktop/kotatsu/Nyora/nyora-android/app/build/generated/ksp/debug/java/com/nyora/hasan72341/core/ui/Hilt_FragmentContainerActivity.java, /Users/hasanraza/Desktop/kotatsu/Nyora/nyora-android/app/build/generated/ksp/debug/java/com/nyora/hasan72341/core/ui/BasePreferenceFragment_MembersInjector.java, /Users/hasanraza/Desktop/kotatsu/Nyora/nyora-android/app/build/generated/ksp/debug/java/com/nyora/hasan72341/core/ui/BasePreferenceFragment_GeneratedInjector.java, /Users/hasanraza/Desktop/kotatsu/Nyora/nyora-android/app/build/generated/ksp/debug/java/com/nyora/hasan72341/core/ui/Hilt_BasePreferenceFragment.java, /Users/hasanraza/Desktop/kotatsu/Nyora/nyora-android/app/build/generated/ksp/debug/java/com/nyora/hasan72341/core/ui/FragmentContainerActivity_GeneratedInjector.java, /Users/hasanraza/Desktop/kotatsu/Nyora/nyora-android/app/build/generated/ksp/debug/java/com/nyora/hasan72341/core/ui/widgets/ChipsView_GeneratedInjector.java, /Users/hasanraza/Desktop/kotatsu/Nyora/nyora-android/app/build/generated/ksp/debug/java/com/nyora/hasan72341/core/ui/widgets/ChipsView_MembersInjector.java, /Users/hasanraza/Desktop/kotatsu/Nyora/nyora-android/app/build/generated/ksp/debug/java/com/nyora/hasan72341/core/ui/widgets/Hilt_ChipsView.java, /Users/hasanraza/Desktop/kotatsu/Nyora/nyora-android/app/build/generated/ksp/debug/java/com/nyora/hasan72341/core/AppModule_Companion_ProvideFaviconCacheFactory.java, /Users/hasanraza/Desktop/kotatsu/Nyora/nyora-android/app/build/generated/ksp/debug/java/com/nyora/hasan72341/core/cache/MemoryContentCache_Factory.java, /Users/hasanraza/Desktop/kotatsu/Nyora/nyora-android/app/build/generated/ksp/debug/java/com/nyora/hasan72341/core/AppModule_Companion_ProvideNetworkStateFactory.java, /Users/hasanraza/Desktop/kotatsu/Nyora/nyora-android/app/build/generated/ksp/debug/java/com/nyora/hasan72341/core/util/AcraScreenLogger_Factory.java, /Users/hasanraza/Desktop/kotatsu/Nyora/nyora-android/app/build/generated/ksp/debug/java/com/nyora/hasan72341/core/BaseApp_GeneratedInjector.java, /Users/hasanraza/Desktop/kotatsu/Nyora/nyora-android/app/build/generated/ksp/debug/java/com/nyora/hasan72341/core/AppModule_Companion_ProvidePageCacheFactory.java, /Users/hasanraza/Desktop/kotatsu/Nyora/nyora-android/app/build/generated/ksp/debug/java/com/nyora/hasan72341/core/network/proxy/ProxyProvider_Factory.java, /Users/hasanraza/Desktop/kotatsu/Nyora/nyora-android/app/build/generated/ksp/debug/java/com/nyora/hasan72341/core/network/imageproxy/RealImageProxyInterceptor_Factory.java, /Users/hasanraza/Desktop/kotatsu/Nyora/nyora-android/app/build/generated/ksp/debug/java/com/nyora/hasan72341/core/network/NetworkModule_Companion_ProvideCookieJarFactory.java, /Users/hasanraza/Desktop/kotatsu/Nyora/nyora-android/app/build/generated/ksp/debug/java/com/nyora/hasan72341/core/network/NetworkModule_Companion_ProvideHttpCacheFactory.java, /Users/hasanraza/Desktop/kotatsu/Nyora/nyora-android/app/build/generated/ksp/debug/java/com/nyora/hasan72341/core/network/webview/adblock/AdBlock_Factory.java, /Users/hasanraza/Desktop/kotatsu/Nyora/nyora-android/app/build/generated/ksp/debug/java/com/nyora/hasan72341/core/network/webview/adblock/AdBlock_Updater_Factory.java, /Users/hasanraza/Desktop/kotatsu/Nyora/nyora-android/app/build/generated/ksp/debug/java/com/nyora/hasan72341/core/network/webview/WebViewExecutor_Factory.java, /Users/hasanraza/Desktop/kotatsu/Nyora/nyora-android/app/build/generated/ksp/debug/java/com/nyora/hasan72341/core/network/webview/WebViewRequestInterceptorExecutor_Factory.java, /Users/hasanraza/Desktop/kotatsu/Nyora/nyora-android/app/build/generated/ksp/debug/java/com/nyora/hasan72341/core/network/NetworkModule_Companion_ProvideJsonFactory.java, /Users/hasanraza/Desktop/kotatsu/Nyora/nyora-android/app/build/generated/ksp/debug/java/com/nyora/hasan72341/core/network/CommonHeadersInterceptor_Factory.java, /Users/hasanraza/Desktop/kotatsu/Nyora/nyora-android/app/build/generated/ksp/debug/java/com/nyora/hasan72341/core/network/NetworkModule_Companion_ProvideBaseHttpClientFactory.java, /Users/hasanraza/Desktop/kotatsu/Nyora/nyora-android/app/build/generated/ksp/debug/java/com/nyora/hasan72341/core/network/NetworkModule_Companion_ProvideMangaHttpClientFactory.java, /Users/hasanraza/Desktop/kotatsu/Nyora/nyora-android/app/build/generated/ksp/debug/java/com/nyora/hasan72341/core/parser/MirrorSwitcher_Factory.java, /Users/hasanraza/Desktop/kotatsu/Nyora/nyora-android/app/build/generated/ksp/debug/java/com/nyora/hasan72341/core/parser/MangaLinkResolver_Factory.java, /Users/hasanraza/Desktop/kotatsu/Nyora/nyora-android/app/build/generated/ksp/debug/java/com/nyora/hasan72341/core/parser/MangaDataRepository_Factory.java, /Users/hasanraza/Desktop/kotatsu/Nyora/nyora-android/app/build/generated/ksp/debug/java/com/nyora/hasan72341/core/parser/favicon/FaviconFetcher_Factory_Factory.java, /Users/hasanraza/Desktop/kotatsu/Nyora/nyora-android/app/build/generated/ksp/debug/java/com/nyora/hasan72341/core/parser/MangaRepository_Factory_Factory.java, /Users/hasanraza/Desktop/kotatsu/Nyora/nyora-android/app/build/generated/ksp/debug/java/com/nyora/hasan72341/core/parser/MangaLoaderContextImpl_Factory.java, /Users/hasanraza/Desktop/kotatsu/Nyora/nyora-android/app/build/generated/ksp/debug/java/com/nyora/hasan72341/core/exceptions/resolve/CaptchaHandler_DiscardReceiver_MembersInjector.java, /Users/hasanraza/Desktop/kotatsu/Nyora/nyora-android/app/build/generated/ksp/debug/java/com/nyora/hasan72341/core/exceptions/resolve/Hilt_CaptchaHandler_DiscardReceiver.java, /Users/hasanraza/Desktop/kotatsu/Nyora/nyora-android/app/build/generated/ksp/debug/java/com/nyora/hasan72341/core/exceptions/resolve/CaptchaHandler_DiscardReceiver_GeneratedInjector.java, /Users/hasanraza/Desktop/kotatsu/Nyora/nyora-android/app/build/generated/ksp/debug/java/com/nyora/hasan72341/core/exceptions/resolve/CaptchaHandler_Factory.java, /Users/hasanraza/Desktop/kotatsu/Nyora/nyora-android/app/build/generated/ksp/debug/java/com/nyora/hasan72341/core/exceptions/resolve/ExceptionResolver_Factory_Factory.java, /Users/hasanraza/Desktop/kotatsu/Nyora/nyora-android/app/build/generated/ksp/debug/java/com/nyora/hasan72341/core/image/CoilImageView_MembersInjector.java, /Users/hasanraza/Desktop/kotatsu/Nyora/nyora-android/app/build/generated/ksp/debug/java/com/nyora/hasan72341/core/image/CoilImageView_GeneratedInjector.java, /Users/hasanraza/Desktop/kotatsu/Nyora/nyora-android/app/build/generated/ksp/debug/java/com/nyora/hasan72341/core/image/Hilt_CoilImageView.java, /Users/hasanraza/Desktop/kotatsu/Nyora/nyora-android/app/build/generated/ksp/debug/java/com/nyora/hasan72341/core/AppModule_Companion_ProvideCoilFactory.java, /Users/hasanraza/Desktop/kotatsu/Nyora/nyora-android/app/build/generated/ksp/debug/java/com/nyora/hasan72341/core/github/AppUpdateRepository_Factory.java, /Users/hasanraza/Desktop/kotatsu/Nyora/nyora-android/app/build/generated/ksp/debug/java/com/nyora/hasan72341/core/AppModule_Companion_ProvideMutableLocalStorageChangesFlowFactory.java, /Users/hasanraza/Desktop/kotatsu/Nyora/nyora-android/app/build/generated/ksp/debug/java/com/nyora/hasan72341/core/AppModule_Companion_ProvideLocalizedContextFactory.java, /Users/hasanraza/Desktop/kotatsu/Nyora/nyora-android/app/build/generated/ksp/debug/java/com/nyora/hasan72341/core/os/AppShortcutManager_Factory.java, /Users/hasanraza/Desktop/kotatsu/Nyora/nyora-android/app/build/generated/ksp/debug/java/com/nyora/hasan72341/core/os/AppValidator_Factory.java, /Users/hasanraza/Desktop/kotatsu/Nyora/nyora-android/app/build/generated/ksp/debug/java/com/nyora/hasan72341/core/AppModule_Companion_ProvideLocalStorageChangesFlowFactory.java, /Users/hasanraza/Desktop/kotatsu/Nyora/nyora-android/app/build/generated/ksp/debug/java/com/nyora/hasan72341/core/AppModule_Companion_ProvideDatabaseObserversFactory.java, /Users/hasanraza/Desktop/kotatsu/Nyora/nyora-android/app/build/generated/ksp/debug/java/com/nyora/hasan72341/core/AppModule_Companion_ProvideActivityLifecycleCallbacksFactory.java, /Users/hasanraza/Desktop/kotatsu/Nyora/nyora-android/app/build/generated/ksp/debug/java/com/nyora/hasan72341/core/BaseApp_MembersInjector.java, /Users/hasanraza/Desktop/kotatsu/Nyora/nyora-android/app/build/generated/ksp/debug/java/com/nyora/hasan72341/core/AppModule_Companion_ProvideSearchSuggestionsFactory.java, /Users/hasanraza/Desktop/kotatsu/Nyora/nyora-android/app/build/generated/ksp/debug/java/com/nyora/hasan72341/core/AppModule_Companion_ProvideWorkManagerFactory.java, /Users/hasanraza/Desktop/kotatsu/Nyora/nyora-android/app/build/generated/ksp/debug/java/com/nyora/hasan72341/widget/WidgetUpdater_Factory.java, /Users/hasanraza/Desktop/kotatsu/Nyora/nyora-android/app/build/generated/ksp/debug/java/com/nyora/hasan72341/widget/shelf/Hilt_ShelfWidgetService.java, /Users/hasanraza/Desktop/kotatsu/Nyora/nyora-android/app/build/generated/ksp/debug/java/com/nyora/hasan72341/widget/shelf/ShelfConfigViewModel_HiltModules_KeyModule_ProvideFactory.java, /Users/hasanraza/Desktop/kotatsu/Nyora/nyora-android/app/build/generated/ksp/debug/java/com/nyora/hasan72341/widget/shelf/ShelfConfigViewModel_HiltModules_KeyModule_Provide_LazyMapKey.java, /Users/hasanraza/Desktop/kotatsu/Nyora/nyora-android/app/build/generated/ksp/debug/java/com/nyora/hasan72341/widget/shelf/ShelfConfigViewModel_HiltModules_BindsModule_Binds_LazyMapKey.java, /Users/hasanraza/Desktop/kotatsu/Nyora/nyora-android/app/build/generated/ksp/debug/java/com/nyora/hasan72341/widget/shelf/ShelfWidgetService_GeneratedInjector.java, /Users/hasanraza/Desktop/kotatsu/Nyora/nyora-android/app/build/generated/ksp/debug/java/com/nyora/hasan72341/widget/shelf/ShelfConfigViewModel_Factory.java, /Users/hasanraza/Desktop/kotatsu/Nyora/nyora-android/app/build/generated/ksp/debug/java/com/nyora/hasan72341/widget/shelf/Hilt_ShelfWidgetConfigActivity.java, /Users/hasanraza/Desktop/kotatsu/Nyora/nyora-android/app/build/generated/ksp/debug/java/com/nyora/hasan72341/widget/shelf/ShelfConfigViewModel_HiltModules.java, /Users/hasanraza/Desktop/kotatsu/Nyora/nyora-android/app/build/generated/ksp/debug/java/com/nyora/hasan72341/widget/shelf/ShelfWidgetConfigActivity_GeneratedInjector.java, /Users/hasanraza/Desktop/kotatsu/Nyora/nyora-android/app/build/generated/ksp/debug/java/com/nyora/hasan72341/widget/shelf/ShelfWidgetService_MembersInjector.java, /Users/hasanraza/Desktop/kotatsu/Nyora/nyora-android/app/build/generated/ksp/debug/java/com/nyora/hasan72341/widget/recent/Hilt_RecentWidgetService.java, /Users/hasanraza/Desktop/kotatsu/Nyora/nyora-android/app/build/generated/ksp/debug/java/com/nyora/hasan72341/widget/recent/RecentWidgetService_GeneratedInjector.java, /Users/hasanraza/Desktop/kotatsu/Nyora/nyora-android/app/build/generated/ksp/debug/java/com/nyora/hasan72341/widget/recent/RecentWidgetService_MembersInjector.java, /Users/hasanraza/Desktop/kotatsu/Nyora/nyora-android/app/build/generated/ksp/debug/java/com/nyora/hasan72341/widget/recent/RecentWidgetConfigActivity_GeneratedInjector.java, /Users/hasanraza/Desktop/kotatsu/Nyora/nyora-android/app/build/generated/ksp/debug/java/com/nyora/hasan72341/widget/recent/Hilt_RecentWidgetConfigActivity.java, /Users/hasanraza/Desktop/kotatsu/Nyora/nyora-android/app/build/generated/ksp/debug/java/com/nyora/hasan72341/picker/ui/Hilt_PageImagePickActivity.java, /Users/hasanraza/Desktop/kotatsu/Nyora/nyora-android/app/build/generated/ksp/debug/java/com/nyora/hasan72341/picker/ui/PageImagePickViewModel_HiltModules_BindsModule_Binds_LazyMapKey.java, /Users/hasanraza/Desktop/kotatsu/Nyora/nyora-android/app/build/generated/ksp/debug/java/com/nyora/hasan72341/picker/ui/PageImagePickViewModel_HiltModules_KeyModule_Provide_LazyMapKey.java, /Users/hasanraza/Desktop/kotatsu/Nyora/nyora-android/app/build/generated/ksp/debug/java/com/nyora/hasan72341/picker/ui/page/PagePickerFragment_MembersInjector.java, /Users/hasanraza/Desktop/kotatsu/Nyora/nyora-android/app/build/generated/ksp/debug/java/com/nyora/hasan72341/picker/ui/page/PagePickerViewModel_HiltModules_KeyModule_Provide_LazyMapKey.java, /Users/hasanraza/Desktop/kotatsu/Nyora/nyora-android/app/build/generated/ksp/debug/java/com/nyora/hasan72341/picker/ui/page/PagePickerViewModel_HiltModules_BindsModule_Binds_LazyMapKey.java, /Users/hasanraza/Desktop/kotatsu/Nyora/nyora-android/app/build/generated/ksp/debug/java/com/nyora/hasan72341/picker/ui/page/PagePickerViewModel_HiltModules_KeyModule_ProvideFactory.java, /Users/hasanraza/Desktop/kotatsu/Nyora/nyora-android/app/build/generated/ksp/debug/java/com/nyora/hasan72341/picker/ui/page/PagePickerViewModel_Factory.java, /Users/hasanraza/Desktop/kotatsu/Nyora/nyora-android/app/build/generated/ksp/debug/java/com/nyora/hasan72341/picker/ui/page/PagePickerViewModel_HiltModules.java, /Users/hasanraza/Desktop/kotatsu/Nyora/nyora-android/app/build/generated/ksp/debug/java/com/nyora/hasan72341/picker/ui/page/PagePickerFragment_GeneratedInjector.java, /Users/hasanraza/Desktop/kotatsu/Nyora/nyora-android/app/build/generated/ksp/debug/java/com/nyora/hasan72341/picker/ui/page/Hilt_PagePickerFragment.java, /Users/hasanraza/Desktop/kotatsu/Nyora/nyora-android/app/build/generated/ksp/debug/java/com/nyora/hasan72341/picker/ui/PageImagePickViewModel_HiltModules.java, /Users/hasanraza/Desktop/kotatsu/Nyora/nyora-android/app/build/generated/ksp/debug/java/com/nyora/hasan72341/picker/ui/manga/MangaPickerViewModel_HiltModules_KeyModule_ProvideFactory.java, /Users/hasanraza/Desktop/kotatsu/Nyora/nyora-android/app/build/generated/ksp/debug/java/com/nyora/hasan72341/picker/ui/manga/Hilt_MangaPickerFragment.java, /Users/hasanraza/Desktop/kotatsu/Nyora/nyora-android/app/build/generated/ksp/debug/java/com/nyora/hasan72341/picker/ui/manga/MangaPickerViewModel_HiltModules_BindsModule_Binds_LazyMapKey.java, /Users/hasanraza/Desktop/kotatsu/Nyora/nyora-android/app/build/generated/ksp/debug/java/com/nyora/hasan72341/picker/ui/manga/MangaPickerViewModel_HiltModules_KeyModule_Provide_LazyMapKey.java, /Users/hasanraza/Desktop/kotatsu/Nyora/nyora-android/app/build/generated/ksp/debug/java/com/nyora/hasan72341/picker/ui/manga/MangaPickerViewModel_Factory.java, /Users/hasanraza/Desktop/kotatsu/Nyora/nyora-android/app/build/generated/ksp/debug/java/com/nyora/hasan72341/picker/ui/manga/MangaPickerViewModel_HiltModules.java, /Users/hasanraza/Desktop/kotatsu/Nyora/nyora-android/app/build/generated/ksp/debug/java/com/nyora/hasan72341/picker/ui/manga/MangaPickerFragment_GeneratedInjector.java, /Users/hasanraza/Desktop/kotatsu/Nyora/nyora-android/app/build/generated/ksp/debug/java/com/nyora/hasan72341/picker/ui/PageImagePickActivity_MembersInjector.java, /Users/hasanraza/Desktop/kotatsu/Nyora/nyora-android/app/build/generated/ksp/debug/java/com/nyora/hasan72341/picker/ui/PageImagePickViewModel_HiltModules_KeyModule_ProvideFactory.java, /Users/hasanraza/Desktop/kotatsu/Nyora/nyora-android/app/build/generated/ksp/debug/java/com/nyora/hasan72341/picker/ui/PageImagePickActivity_GeneratedInjector.java, /Users/hasanraza/Desktop/kotatsu/Nyora/nyora-android/app/build/generated/ksp/debug/java/com/nyora/hasan72341/picker/ui/PageImagePickViewModel_Factory.java, /Users/hasanraza/Desktop/kotatsu/Nyora/nyora-android/app/build/generated/ksp/debug/java/com/nyora/hasan72341/js/ParserOtaWorker_AssistedFactory.java, /Users/hasanraza/Desktop/kotatsu/Nyora/nyora-android/app/build/generated/ksp/debug/java/com/nyora/hasan72341/js/ParserOtaWorker_AssistedFactory_Impl.java, /Users/hasanraza/Desktop/kotatsu/Nyora/nyora-android/app/build/generated/ksp/debug/java/com/nyora/hasan72341/js/NyoraJsOtaUpdater_Factory.java, /Users/hasanraza/Desktop/kotatsu/Nyora/nyora-android/app/build/generated/ksp/debug/java/com/nyora/hasan72341/js/ParserOtaWorker_Factory.java, /Users/hasanraza/Desktop/kotatsu/Nyora/nyora-android/app/build/generated/ksp/debug/java/com/nyora/hasan72341/js/ParserOtaWorker_HiltModule.java, /Users/hasanraza/Desktop/kotatsu/Nyora/nyora-android/app/build/generated/ksp/debug/java/com/nyora/hasan72341/js/NyoraJsSourcesManager_Factory.java, /Users/hasanraza/Desktop/kotatsu/Nyora/nyora-android/app/build/generated/ksp/debug/java/com/nyora/hasan72341/js/NyoraJsEngine_Factory.java, /Users/hasanraza/Desktop/kotatsu/Nyora/nyora-android/app/build/generated/ksp/debug/java/com/nyora/hasan72341/mihon/GetMihonSourcesUseCase_Factory.java, /Users/hasanraza/Desktop/kotatsu/Nyora/nyora-android/app/build/generated/ksp/debug/java/com/nyora/hasan72341/mihon/MihonExtensionManager_Factory.java, /Users/hasanraza/Desktop/kotatsu/Nyora/nyora-android/app/build/generated/ksp/debug/java/com/nyora/hasan72341/mihon/extensions/install/ExtensionInstallService_Factory.java, /Users/hasanraza/Desktop/kotatsu/Nyora/nyora-android/app/build/generated/ksp/debug/java/com/nyora/hasan72341/mihon/extensions/repo/ExternalExtensionRepoRepository_Factory.java, /Users/hasanraza/Desktop/kotatsu/Nyora/nyora-android/app/build/generated/ksp/debug/java/com/nyora/hasan72341/mihon/extensions/repo/ExtensionRepoService_Factory.java, /Users/hasanraza/Desktop/kotatsu/Nyora/nyora-android/app/build/generated/ksp/debug/java/com/nyora/hasan72341/mihon/extensions/repo/InstalledExtensionSignatureValidator_Factory.java, /Users/hasanraza/Desktop/kotatsu/Nyora/nyora-android/app/build/generated/ksp/debug/java/com/nyora/hasan72341/mihon/MihonModule_ProvideMihonExtensionLoaderFactory.java, /Users/hasanraza/Desktop/kotatsu/Nyora/nyora-android/app/build/generated/ksp/debug/java/com/nyora/hasan72341/mihon/MihonExtensionLoader_Factory.java, /Users/hasanraza/Desktop/kotatsu/Nyora/nyora-android/app/build/generated/ksp/debug/java/com/nyora/hasan72341/mihon/MihonModule_ProvideMihonInjektBridgeFactory.java, /Users/hasanraza/Desktop/kotatsu/Nyora/nyora-android/app/build/generated/ksp/debug/java/com/nyora/hasan72341/mihon/MihonModule_ProvideMihonExtensionManagerFactory.java, /Users/hasanraza/Desktop/kotatsu/Nyora/nyora-android/app/build/generated/ksp/debug/java/com/nyora/hasan72341/details/ui/related/RelatedListFragment_GeneratedInjector.java, /Users/hasanraza/Desktop/kotatsu/Nyora/nyora-android/app/build/generated/ksp/debug/java/com/nyora/hasan72341/details/ui/related/RelatedListViewModel_HiltModules_KeyModule_ProvideFactory.java, /Users/hasanraza/Desktop/kotatsu/Nyora/nyora-android/app/build/generated/ksp/debug/java/com/nyora/hasan72341/details/ui/related/RelatedListViewModel_HiltModules.java, /Users/hasanraza/Desktop/kotatsu/Nyora/nyora-android/app/build/generated/ksp/debug/java/com/nyora/hasan72341/details/ui/related/RelatedListViewModel_Factory.java, /Users/hasanraza/Desktop/kotatsu/Nyora/nyora-android/app/build/generated/ksp/debug/java/com/nyora/hasan72341/details/ui/related/Hilt_RelatedListFragment.java, /Users/hasanraza/Desktop/kotatsu/Nyora/nyora-android/app/build/generated/ksp/debug/java/com/nyora/hasan72341/details/ui/related/RelatedListViewModel_HiltModules_KeyModule_Provide_LazyMapKey.java, /Users/hasanraza/Desktop/kotatsu/Nyora/nyora-android/app/build/generated/ksp/debug/java/com/nyora/hasan72341/details/ui/related/RelatedListViewModel_HiltModules_BindsModule_Binds_LazyMapKey.java, /Users/hasanraza/Desktop/kotatsu/Nyora/nyora-android/app/build/generated/ksp/debug/java/com/nyora/hasan72341/details/ui/DetailsViewModel_Factory.java, /Users/hasanraza/Desktop/kotatsu/Nyora/nyora-android/app/build/generated/ksp/debug/java/com/nyora/hasan72341/details/ui/DetailsViewModel_HiltModules_KeyModule_Provide_LazyMapKey.java, /Users/hasanraza/Desktop/kotatsu/Nyora/nyora-android/app/build/generated/ksp/debug/java/com/nyora/hasan72341/details/ui/scrobbling/Hilt_ScrobblingInfoSheet.java, /Users/hasanraza/Desktop/kotatsu/Nyora/nyora-android/app/build/generated/ksp/debug/java/com/nyora/hasan72341/details/ui/scrobbling/ScrobblingInfoSheet_GeneratedInjector.java, /Users/hasanraza/Desktop/kotatsu/Nyora/nyora-android/app/build/generated/ksp/debug/java/com/nyora/hasan72341/details/ui/Hilt_DetailsActivity.java, /Users/hasanraza/Desktop/kotatsu/Nyora/nyora-android/app/build/generated/ksp/debug/java/com/nyora/hasan72341/details/ui/DetailsViewModel_HiltModules_BindsModule_Binds_LazyMapKey.java, /Users/hasanraza/Desktop/kotatsu/Nyora/nyora-android/app/build/generated/ksp/debug/java/com/nyora/hasan72341/details/ui/DetailsActivity_MembersInjector.java, /Users/hasanraza/Desktop/kotatsu/Nyora/nyora-android/app/build/generated/ksp/debug/java/com/nyora/hasan72341/details/ui/DetailsViewModel_HiltModules.java, /Users/hasanraza/Desktop/kotatsu/Nyora/nyora-android/app/build/generated/ksp/debug/java/com/nyora/hasan72341/details/ui/DetailsActivity_GeneratedInjector.java, /Users/hasanraza/Desktop/kotatsu/Nyora/nyora-android/app/build/generated/ksp/debug/java/com/nyora/hasan72341/details/ui/DetailsViewModel_HiltModules_KeyModule_ProvideFactory.java, /Users/hasanraza/Desktop/kotatsu/Nyora/nyora-android/app/build/generated/ksp/debug/java/com/nyora/hasan72341/details/ui/pager/chapters/ChaptersFragment_GeneratedInjector.java, /Users/hasanraza/Desktop/kotatsu/Nyora/nyora-android/app/build/generated/ksp/debug/java/com/nyora/hasan72341/details/ui/pager/chapters/Hilt_ChaptersFragment.java, /Users/hasanraza/Desktop/kotatsu/Nyora/nyora-android/app/build/generated/ksp/debug/java/com/nyora/hasan72341/details/ui/pager/ChaptersPagesSheet_MembersInjector.java, /Users/hasanraza/Desktop/kotatsu/Nyora/nyora-android/app/build/generated/ksp/debug/java/com/nyora/hasan72341/details/ui/pager/Hilt_ChaptersPagesSheet.java, /Users/hasanraza/Desktop/kotatsu/Nyora/nyora-android/app/build/generated/ksp/debug/java/com/nyora/hasan72341/details/ui/pager/bookmarks/BookmarksViewModel_HiltModules_KeyModule_Provide_LazyMapKey.java, /Users/hasanraza/Desktop/kotatsu/Nyora/nyora-android/app/build/generated/ksp/debug/java/com/nyora/hasan72341/details/ui/pager/bookmarks/BookmarksViewModel_HiltModules_BindsModule_Binds_LazyMapKey.java, /Users/hasanraza/Desktop/kotatsu/Nyora/nyora-android/app/build/generated/ksp/debug/java/com/nyora/hasan72341/details/ui/pager/bookmarks/BookmarksFragment_GeneratedInjector.java, /Users/hasanraza/Desktop/kotatsu/Nyora/nyora-android/app/build/generated/ksp/debug/java/com/nyora/hasan72341/details/ui/pager/bookmarks/Hilt_BookmarksFragment.java, /Users/hasanraza/Desktop/kotatsu/Nyora/nyora-android/app/build/generated/ksp/debug/java/com/nyora/hasan72341/details/ui/pager/bookmarks/BookmarksViewModel_HiltModules_KeyModule_ProvideFactory.java, /Users/hasanraza/Desktop/kotatsu/Nyora/nyora-android/app/build/generated/ksp/debug/java/com/nyora/hasan72341/details/ui/pager/bookmarks/BookmarksFragment_MembersInjector.java, /Users/hasanraza/Desktop/kotatsu/Nyora/nyora-android/app/build/generated/ksp/debug/java/com/nyora/hasan72341/details/ui/pager/bookmarks/BookmarksViewModel_Factory.java, /Users/hasanraza/Desktop/kotatsu/Nyora/nyora-android/app/build/generated/ksp/debug/java/com/nyora/hasan72341/details/ui/pager/bookmarks/BookmarksViewModel_HiltModules.java, /Users/hasanraza/Desktop/kotatsu/Nyora/nyora-android/app/build/generated/ksp/debug/java/com/nyora/hasan72341/details/ui/pager/pages/Hilt_PagesFragment.java, /Users/hasanraza/Desktop/kotatsu/Nyora/nyora-android/app/build/generated/ksp/debug/java/com/nyora/hasan72341/details/ui/pager/pages/MangaPageFetcher_Factory_Factory.java, /Users/hasanraza/Desktop/kotatsu/Nyora/nyora-android/app/build/generated/ksp/debug/java/com/nyora/hasan72341/details/ui/pager/pages/PagesViewModel_Factory.java, /Users/hasanraza/Desktop/kotatsu/Nyora/nyora-android/app/build/generated/ksp/debug/java/com/nyora/hasan72341/details/ui/pager/pages/PagesViewModel_HiltModules_KeyModule_Provide_LazyMapKey.java, /Users/hasanraza/Desktop/kotatsu/Nyora/nyora-android/app/build/generated/ksp/debug/java/com/nyora/hasan72341/details/ui/pager/pages/PagesViewModel_HiltModules_BindsModule_Binds_LazyMapKey.java, /Users/hasanraza/Desktop/kotatsu/Nyora/nyora-android/app/build/generated/ksp/debug/java/com/nyora/hasan72341/details/ui/pager/pages/PagesFragment_MembersInjector.java, /Users/hasanraza/Desktop/kotatsu/Nyora/nyora-android/app/build/generated/ksp/debug/java/com/nyora/hasan72341/details/ui/pager/pages/PagesViewModel_HiltModules.java, /Users/hasanraza/Desktop/kotatsu/Nyora/nyora-android/app/build/generated/ksp/debug/java/com/nyora/hasan72341/details/ui/pager/pages/PagesViewModel_HiltModules_KeyModule_ProvideFactory.java, /Users/hasanraza/Desktop/kotatsu/Nyora/nyora-android/app/build/generated/ksp/debug/java/com/nyora/hasan72341/details/ui/pager/pages/PagesFragment_GeneratedInjector.java, /Users/hasanraza/Desktop/kotatsu/Nyora/nyora-android/app/build/generated/ksp/debug/java/com/nyora/hasan72341/details/ui/pager/ChaptersPagesSheet_GeneratedInjector.java, /Users/hasanraza/Desktop/kotatsu/Nyora/nyora-android/app/build/generated/ksp/debug/java/com/nyora/hasan72341/details/service/Hilt_MangaPrefetchService.java, /Users/hasanraza/Desktop/kotatsu/Nyora/nyora-android/app/build/generated/ksp/debug/java/com/nyora/hasan72341/details/service/MangaPrefetchService_GeneratedInjector.java, /Users/hasanraza/Desktop/kotatsu/Nyora/nyora-android/app/build/generated/ksp/debug/java/com/nyora/hasan72341/details/service/MangaPrefetchService_MembersInjector.java, /Users/hasanraza/Desktop/kotatsu/Nyora/nyora-android/app/build/generated/ksp/debug/java/com/nyora/hasan72341/details/domain/ProgressUpdateUseCase_Factory.java, /Users/hasanraza/Desktop/kotatsu/Nyora/nyora-android/app/build/generated/ksp/debug/java/com/nyora/hasan72341/details/domain/RelatedMangaUseCase_Factory.java, /Users/hasanraza/Desktop/kotatsu/Nyora/nyora-android/app/build/generated/ksp/debug/java/com/nyora/hasan72341/details/domain/DetailsInteractor_Factory.java, /Users/hasanraza/Desktop/kotatsu/Nyora/nyora-android/app/build/generated/ksp/debug/java/com/nyora/hasan72341/details/domain/ReadingTimeUseCase_Factory.java, /Users/hasanraza/Desktop/kotatsu/Nyora/nyora-android/app/build/generated/ksp/debug/java/com/nyora/hasan72341/details/domain/DetailsLoadUseCase_Factory.java, /Users/hasanraza/Desktop/kotatsu/Nyora/nyora-android/app/build/generated/ksp/debug/java/com/nyora/hasan72341/tracker/ui/updates/UpdatesViewModel_HiltModules_BindsModule_Binds_LazyMapKey.java, /Users/hasanraza/Desktop/kotatsu/Nyora/nyora-android/app/build/generated/ksp/debug/java/com/nyora/hasan72341/tracker/ui/updates/UpdatesViewModel_HiltModules_KeyModule_Provide_LazyMapKey.java, /Users/hasanraza/Desktop/kotatsu/Nyora/nyora-android/app/build/generated/ksp/debug/java/com/nyora/hasan72341/tracker/ui/updates/UpdatesViewModel_HiltModules_KeyModule_ProvideFactory.java, /Users/hasanraza/Desktop/kotatsu/Nyora/nyora-android/app/build/generated/ksp/debug/java/com/nyora/hasan72341/tracker/ui/updates/Hilt_UpdatesFragment.java, /Users/hasanraza/Desktop/kotatsu/Nyora/nyora-android/app/build/generated/ksp/debug/java/com/nyora/hasan72341/tracker/ui/updates/UpdatesFragment_GeneratedInjector.java, /Users/hasanraza/Desktop/kotatsu/Nyora/nyora-android/app/build/generated/ksp/debug/java/com/nyora/hasan72341/tracker/ui/updates/UpdatesViewModel_HiltModules.java, /Users/hasanraza/Desktop/kotatsu/Nyora/nyora-android/app/build/generated/ksp/debug/java/com/nyora/hasan72341/tracker/ui/updates/UpdatesViewModel_Factory.java, /Users/hasanraza/Desktop/kotatsu/Nyora/nyora-android/app/build/generated/ksp/debug/java/com/nyora/hasan72341/tracker/ui/debug/TrackerDebugViewModel_HiltModules.java, /Users/hasanraza/Desktop/kotatsu/Nyora/nyora-android/app/build/generated/ksp/debug/java/com/nyora/hasan72341/tracker/ui/debug/TrackerDebugActivity_GeneratedInjector.java, /Users/hasanraza/Desktop/kotatsu/Nyora/nyora-android/app/build/generated/ksp/debug/java/com/nyora/hasan72341/tracker/ui/debug/TrackerDebugViewModel_HiltModules_KeyModule_Provide_LazyMapKey.java, /Users/hasanraza/Desktop/kotatsu/Nyora/nyora-android/app/build/generated/ksp/debug/java/com/nyora/hasan72341/tracker/ui/debug/TrackerDebugViewModel_HiltModules_KeyModule_ProvideFactory.java, /Users/hasanraza/Desktop/kotatsu/Nyora/nyora-android/app/build/generated/ksp/debug/java/com/nyora/hasan72341/tracker/ui/debug/TrackerDebugViewModel_HiltModules_BindsModule_Binds_LazyMapKey.java, /Users/hasanraza/Desktop/kotatsu/Nyora/nyora-android/app/build/generated/ksp/debug/java/com/nyora/hasan72341/tracker/ui/debug/TrackerDebugViewModel_Factory.java, /Users/hasanraza/Desktop/kotatsu/Nyora/nyora-android/app/build/generated/ksp/debug/java/com/nyora/hasan72341/tracker/ui/debug/Hilt_TrackerDebugActivity.java, /Users/hasanraza/Desktop/kotatsu/Nyora/nyora-android/app/build/generated/ksp/debug/java/com/nyora/hasan72341/tracker/work/TrackWorker_HiltModule.java, /Users/hasanraza/Desktop/kotatsu/Nyora/nyora-android/app/build/generated/ksp/debug/java/com/nyora/hasan72341/tracker/work/TrackWorker_AssistedFactory_Impl.java, /Users/hasanraza/Desktop/kotatsu/Nyora/nyora-android/app/build/generated/ksp/debug/java/com/nyora/hasan72341/tracker/work/TrackWorker_AssistedFactory.java, /Users/hasanraza/Desktop/kotatsu/Nyora/nyora-android/app/build/generated/ksp/debug/java/com/nyora/hasan72341/tracker/work/TrackerNotificationHelper_Factory.java, /Users/hasanraza/Desktop/kotatsu/Nyora/nyora-android/app/build/generated/ksp/debug/java/com/nyora/hasan72341/tracker/work/TrackWorker_Factory.java, /Users/hasanraza/Desktop/kotatsu/Nyora/nyora-android/app/build/generated/ksp/debug/java/com/nyora/hasan72341/tracker/work/TrackWorker_Scheduler_Factory.java, /Users/hasanraza/Desktop/kotatsu/Nyora/nyora-android/app/build/generated/ksp/debug/java/com/nyora/hasan72341/tracker/domain/TrackingRepository_Factory.java, /Users/hasanraza/Desktop/kotatsu/Nyora/nyora-android/app/build/generated/ksp/debug/java/com/nyora/hasan72341/tracker/domain/CheckNewChaptersUseCase_Factory.java, /Users/hasanraza/Desktop/kotatsu/Nyora/nyora-android/app/build/generated/ksp/debug/java/com/nyora/hasan72341/tracker/domain/GetTracksUseCase_Factory.java, /Users/hasanraza/Desktop/kotatsu/Nyora/nyora-android/app/build/generated/ksp/debug/java/com/nyora/hasan72341/tracker/domain/UpdatesListQuickFilter_Factory.java, /Users/hasanraza/Desktop/kotatsu/Nyora/nyora-android/app/build/generated/ksp/debug/java/com/nyora/hasan72341/favourites/ui/container/FavouritesContainerViewModel_Factory.java, /Users/hasanraza/Desktop/kotatsu/Nyora/nyora-android/app/build/generated/ksp/debug/java/com/nyora/hasan72341/favourites/ui/container/FavouritesContainerViewModel_HiltModules.java, /Users/hasanraza/Desktop/kotatsu/Nyora/nyora-android/app/build/generated/ksp/debug/java/com/nyora/hasan72341/favourites/ui/container/FavouritesContainerViewModel_HiltModules_KeyModule_Provide_LazyMapKey.java, /Users/hasanraza/Desktop/kotatsu/Nyora/nyora-android/app/build/generated/ksp/debug/java/com/nyora/hasan72341/favourites/ui/container/FavouritesContainerViewModel_HiltModules_BindsModule_Binds_LazyMapKey.java, /Users/hasanraza/Desktop/kotatsu/Nyora/nyora-android/app/build/generated/ksp/debug/java/com/nyora/hasan72341/favourites/ui/container/FavouritesContainerViewModel_HiltModules_KeyModule_ProvideFactory.java, /Users/hasanraza/Desktop/kotatsu/Nyora/nyora-android/app/build/generated/ksp/debug/java/com/nyora/hasan72341/favourites/ui/container/FavouritesContainerFragment_GeneratedInjector.java, /Users/hasanraza/Desktop/kotatsu/Nyora/nyora-android/app/build/generated/ksp/debug/java/com/nyora/hasan72341/favourites/ui/container/Hilt_FavouritesContainerFragment.java, /Users/hasanraza/Desktop/kotatsu/Nyora/nyora-android/app/build/generated/ksp/debug/java/com/nyora/hasan72341/favourites/ui/list/FavouritesListViewModel_HiltModules_BindsModule_Binds_LazyMapKey.java, /Users/hasanraza/Desktop/kotatsu/Nyora/nyora-android/app/build/generated/ksp/debug/java/com/nyora/hasan72341/favourites/ui/list/FavouritesListViewModel_HiltModules_KeyModule_Provide_LazyMapKey.java, /Users/hasanraza/Desktop/kotatsu/Nyora/nyora-android/app/build/generated/ksp/debug/java/com/nyora/hasan72341/favourites/ui/list/FavouritesListViewModel_Factory.java, /Users/hasanraza/Desktop/kotatsu/Nyora/nyora-android/app/build/generated/ksp/debug/java/com/nyora/hasan72341/favourites/ui/list/FavouritesListViewModel_HiltModules.java, /Users/hasanraza/Desktop/kotatsu/Nyora/nyora-android/app/build/generated/ksp/debug/java/com/nyora/hasan72341/favourites/ui/list/Hilt_FavouritesListFragment.java, /Users/hasanraza/Desktop/kotatsu/Nyora/nyora-android/app/build/generated/ksp/debug/java/com/nyora/hasan72341/favourites/ui/list/FavouritesListViewModel_HiltModules_KeyModule_ProvideFactory.java, /Users/hasanraza/Desktop/kotatsu/Nyora/nyora-android/app/build/generated/ksp/debug/java/com/nyora/hasan72341/favourites/ui/list/FavouritesListFragment_GeneratedInjector.java, /Users/hasanraza/Desktop/kotatsu/Nyora/nyora-android/app/build/generated/ksp/debug/java/com/nyora/hasan72341/favourites/ui/categories/FavouritesCategoriesViewModel_HiltModules.java, /Users/hasanraza/Desktop/kotatsu/Nyora/nyora-android/app/build/generated/ksp/debug/java/com/nyora/hasan72341/favourites/ui/categories/Hilt_FavouriteCategoriesActivity.java, /Users/hasanraza/Desktop/kotatsu/Nyora/nyora-android/app/build/generated/ksp/debug/java/com/nyora/hasan72341/favourites/ui/categories/edit/Hilt_FavouritesCategoryEditActivity.java, /Users/hasanraza/Desktop/kotatsu/Nyora/nyora-android/app/build/generated/ksp/debug/java/com/nyora/hasan72341/favourites/ui/categories/edit/FavouritesCategoryEditViewModel_Factory.java, /Users/hasanraza/Desktop/kotatsu/Nyora/nyora-android/app/build/generated/ksp/debug/java/com/nyora/hasan72341/favourites/ui/categories/edit/FavouritesCategoryEditActivity_GeneratedInjector.java, /Users/hasanraza/Desktop/kotatsu/Nyora/nyora-android/app/build/generated/ksp/debug/java/com/nyora/hasan72341/favourites/ui/categories/edit/FavouritesCategoryEditViewModel_HiltModules.java, /Users/hasanraza/Desktop/kotatsu/Nyora/nyora-android/app/build/generated/ksp/debug/java/com/nyora/hasan72341/favourites/ui/categories/edit/FavouritesCategoryEditViewModel_HiltModules_KeyModule_ProvideFactory.java, /Users/hasanraza/Desktop/kotatsu/Nyora/nyora-android/app/build/generated/ksp/debug/java/com/nyora/hasan72341/favourites/ui/categories/edit/FavouritesCategoryEditViewModel_HiltModules_KeyModule_Provide_LazyMapKey.java, /Users/hasanraza/Desktop/kotatsu/Nyora/nyora-android/app/build/generated/ksp/debug/java/com/nyora/hasan72341/favourites/ui/categories/edit/FavouritesCategoryEditViewModel_HiltModules_BindsModule_Binds_LazyMapKey.java, /Users/hasanraza/Desktop/kotatsu/Nyora/nyora-android/app/build/generated/ksp/debug/java/com/nyora/hasan72341/favourites/ui/categories/FavouritesCategoriesViewModel_Factory.java, /Users/hasanraza/Desktop/kotatsu/Nyora/nyora-android/app/build/generated/ksp/debug/java/com/nyora/hasan72341/favourites/ui/categories/FavouritesCategoriesViewModel_HiltModules_BindsModule_Binds_LazyMapKey.java, /Users/hasanraza/Desktop/kotatsu/Nyora/nyora-android/app/build/generated/ksp/debug/java/com/nyora/hasan72341/favourites/ui/categories/FavouritesCategoriesViewModel_HiltModules_KeyModule_Provide_LazyMapKey.java, /Users/hasanraza/Desktop/kotatsu/Nyora/nyora-android/app/build/generated/ksp/debug/java/com/nyora/hasan72341/favourites/ui/categories/FavouriteCategoriesActivity_GeneratedInjector.java, /Users/hasanraza/Desktop/kotatsu/Nyora/nyora-android/app/build/generated/ksp/debug/java/com/nyora/hasan72341/favourites/ui/categories/select/FavoriteDialogViewModel_HiltModules_KeyModule_ProvideFactory.java, /Users/hasanraza/Desktop/kotatsu/Nyora/nyora-android/app/build/generated/ksp/debug/java/com/nyora/hasan72341/favourites/ui/categories/select/FavoriteDialog_GeneratedInjector.java, /Users/hasanraza/Desktop/kotatsu/Nyora/nyora-android/app/build/generated/ksp/debug/java/com/nyora/hasan72341/favourites/ui/categories/select/FavoriteDialogViewModel_HiltModules.java, /Users/hasanraza/Desktop/kotatsu/Nyora/nyora-android/app/build/generated/ksp/debug/java/com/nyora/hasan72341/favourites/ui/categories/select/FavoriteDialogViewModel_Factory.java, /Users/hasanraza/Desktop/kotatsu/Nyora/nyora-android/app/build/generated/ksp/debug/java/com/nyora/hasan72341/favourites/ui/categories/select/Hilt_FavoriteDialog.java, /Users/hasanraza/Desktop/kotatsu/Nyora/nyora-android/app/build/generated/ksp/debug/java/com/nyora/hasan72341/favourites/ui/categories/select/FavoriteDialogViewModel_HiltModules_KeyModule_Provide_LazyMapKey.java, /Users/hasanraza/Desktop/kotatsu/Nyora/nyora-android/app/build/generated/ksp/debug/java/com/nyora/hasan72341/favourites/ui/categories/select/FavoriteDialogViewModel_HiltModules_BindsModule_Binds_LazyMapKey.java, /Users/hasanraza/Desktop/kotatsu/Nyora/nyora-android/app/build/generated/ksp/debug/java/com/nyora/hasan72341/favourites/ui/categories/FavouriteCategoriesActivity_MembersInjector.java, /Users/hasanraza/Desktop/kotatsu/Nyora/nyora-android/app/build/generated/ksp/debug/java/com/nyora/hasan72341/favourites/ui/categories/FavouritesCategoriesViewModel_HiltModules_KeyModule_ProvideFactory.java, /Users/hasanraza/Desktop/kotatsu/Nyora/nyora-android/app/build/generated/ksp/debug/java/com/nyora/hasan72341/favourites/domain/FavouritesRepository_Factory.java, /Users/hasanraza/Desktop/kotatsu/Nyora/nyora-android/app/build/generated/ksp/debug/java/com/nyora/hasan72341/favourites/domain/LocalFavoritesObserver_Factory.java, /Users/hasanraza/Desktop/kotatsu/Nyora/nyora-android/app/build/generated/ksp/debug/java/com/nyora/hasan72341/favourites/domain/FavoritesListQuickFilter_Factory_Impl.java, /Users/hasanraza/Desktop/kotatsu/Nyora/nyora-android/app/build/generated/ksp/debug/java/com/nyora/hasan72341/favourites/domain/FavoritesListQuickFilter_Factory.java, /Users/hasanraza/Desktop/kotatsu/Nyora/nyora-android/app/build/generated/ksp/debug/java/com/nyora/hasan72341/image/ui/ImageViewModel_HiltModules_KeyModule_ProvideFactory.java, /Users/hasanraza/Desktop/kotatsu/Nyora/nyora-android/app/build/generated/ksp/debug/java/com/nyora/hasan72341/image/ui/ImageViewModel_HiltModules_BindsModule_Binds_LazyMapKey.java, /Users/hasanraza/Desktop/kotatsu/Nyora/nyora-android/app/build/generated/ksp/debug/java/com/nyora/hasan72341/image/ui/ImageViewModel_HiltModules_KeyModule_Provide_LazyMapKey.java, /Users/hasanraza/Desktop/kotatsu/Nyora/nyora-android/app/build/generated/ksp/debug/java/com/nyora/hasan72341/image/ui/ImageActivity_GeneratedInjector.java, /Users/hasanraza/Desktop/kotatsu/Nyora/nyora-android/app/build/generated/ksp/debug/java/com/nyora/hasan72341/image/ui/ImageViewModel_Factory.java, /Users/hasanraza/Desktop/kotatsu/Nyora/nyora-android/app/build/generated/ksp/debug/java/com/nyora/hasan72341/image/ui/ImageActivity_MembersInjector.java, /Users/hasanraza/Desktop/kotatsu/Nyora/nyora-android/app/build/generated/ksp/debug/java/com/nyora/hasan72341/image/ui/Hilt_ImageActivity.java, /Users/hasanraza/Desktop/kotatsu/Nyora/nyora-android/app/build/generated/ksp/debug/java/com/nyora/hasan72341/image/ui/ImageViewModel_HiltModules.java, /Users/hasanraza/Desktop/kotatsu/Nyora/nyora-android/app/build/generated/ksp/debug/java/com/nyora/hasan72341/explore/ui/ExploreViewModel_HiltModules_BindsModule_Binds_LazyMapKey.java, /Users/hasanraza/Desktop/kotatsu/Nyora/nyora-android/app/build/generated/ksp/debug/java/com/nyora/hasan72341/explore/ui/ExploreViewModel_HiltModules_KeyModule_Provide_LazyMapKey.java, /Users/hasanraza/Desktop/kotatsu/Nyora/nyora-android/app/build/generated/ksp/debug/java/com/nyora/hasan72341/explore/ui/ExploreViewModel_Factory.java, /Users/hasanraza/Desktop/kotatsu/Nyora/nyora-android/app/build/generated/ksp/debug/java/com/nyora/hasan72341/explore/ui/Hilt_ExploreFragment.java, /Users/hasanraza/Desktop/kotatsu/Nyora/nyora-android/app/build/generated/ksp/debug/java/com/nyora/hasan72341/explore/ui/ExploreViewModel_HiltModules_KeyModule_ProvideFactory.java, /Users/hasanraza/Desktop/kotatsu/Nyora/nyora-android/app/build/generated/ksp/debug/java/com/nyora/hasan72341/explore/ui/ExploreFragment_GeneratedInjector.java, /Users/hasanraza/Desktop/kotatsu/Nyora/nyora-android/app/build/generated/ksp/debug/java/com/nyora/hasan72341/explore/ui/ExploreViewModel_HiltModules.java, /Users/hasanraza/Desktop/kotatsu/Nyora/nyora-android/app/build/generated/ksp/debug/java/com/nyora/hasan72341/explore/data/MangaSourcesRepository_Factory.java, /Users/hasanraza/Desktop/kotatsu/Nyora/nyora-android/app/build/generated/ksp/debug/java/com/nyora/hasan72341/explore/domain/RecoverMangaUseCase_Factory.java, /Users/hasanraza/Desktop/kotatsu/Nyora/nyora-android/app/build/generated/ksp/debug/java/com/nyora/hasan72341/explore/domain/ExploreRepository_Factory.java, /Users/hasanraza/Desktop/kotatsu/Nyora/nyora-android/app/build/generated/ksp/debug/java/com/nyora/hasan72341/search/ui/Hilt_MangaListActivity.java, /Users/hasanraza/Desktop/kotatsu/Nyora/nyora-android/app/build/generated/ksp/debug/java/com/nyora/hasan72341/search/ui/suggestion/SearchSuggestionViewModel_HiltModules_KeyModule_Provide_LazyMapKey.java, /Users/hasanraza/Desktop/kotatsu/Nyora/nyora-android/app/build/generated/ksp/debug/java/com/nyora/hasan72341/search/ui/suggestion/SearchSuggestionViewModel_HiltModules_BindsModule_Binds_LazyMapKey.java, /Users/hasanraza/Desktop/kotatsu/Nyora/nyora-android/app/build/generated/ksp/debug/java/com/nyora/hasan72341/search/ui/suggestion/SearchSuggestionViewModel_HiltModules_KeyModule_ProvideFactory.java, /Users/hasanraza/Desktop/kotatsu/Nyora/nyora-android/app/build/generated/ksp/debug/java/com/nyora/hasan72341/search/ui/suggestion/SearchSuggestionViewModel_HiltModules.java, /Users/hasanraza/Desktop/kotatsu/Nyora/nyora-android/app/build/generated/ksp/debug/java/com/nyora/hasan72341/search/ui/suggestion/SearchSuggestionViewModel_Factory.java, /Users/hasanraza/Desktop/kotatsu/Nyora/nyora-android/app/build/generated/ksp/debug/java/com/nyora/hasan72341/search/ui/multi/SearchActivity_GeneratedInjector.java, /Users/hasanraza/Desktop/kotatsu/Nyora/nyora-android/app/build/generated/ksp/debug/java/com/nyora/hasan72341/search/ui/multi/SearchViewModel_Factory.java, /Users/hasanraza/Desktop/kotatsu/Nyora/nyora-android/app/build/generated/ksp/debug/java/com/nyora/hasan72341/search/ui/multi/SearchActivity_MembersInjector.java, /Users/hasanraza/Desktop/kotatsu/Nyora/nyora-android/app/build/generated/ksp/debug/java/com/nyora/hasan72341/search/ui/multi/SearchViewModel_HiltModules_BindsModule_Binds_LazyMapKey.java, /Users/hasanraza/Desktop/kotatsu/Nyora/nyora-android/app/build/generated/ksp/debug/java/com/nyora/hasan72341/search/ui/multi/SearchViewModel_HiltModules_KeyModule_Provide_LazyMapKey.java, /Users/hasanraza/Desktop/kotatsu/Nyora/nyora-android/app/build/generated/ksp/debug/java/com/nyora/hasan72341/search/ui/multi/SearchViewModel_HiltModules_KeyModule_ProvideFactory.java, /Users/hasanraza/Desktop/kotatsu/Nyora/nyora-android/app/build/generated/ksp/debug/java/com/nyora/hasan72341/search/ui/multi/Hilt_SearchActivity.java, /Users/hasanraza/Desktop/kotatsu/Nyora/nyora-android/app/build/generated/ksp/debug/java/com/nyora/hasan72341/search/ui/multi/SearchViewModel_HiltModules.java, /Users/hasanraza/Desktop/kotatsu/Nyora/nyora-android/app/build/generated/ksp/debug/java/com/nyora/hasan72341/search/ui/MangaListActivity_GeneratedInjector.java, /Users/hasanraza/Desktop/kotatsu/Nyora/nyora-android/app/build/generated/ksp/debug/java/com/nyora/hasan72341/search/domain/SearchV2Helper_Factory.java, /Users/hasanraza/Desktop/kotatsu/Nyora/nyora-android/app/build/generated/ksp/debug/java/com/nyora/hasan72341/search/domain/MangaSearchRepository_Factory.java, /Users/hasanraza/Desktop/kotatsu/Nyora/nyora-android/app/build/generated/ksp/debug/java/com/nyora/hasan72341/search/domain/SearchV2Helper_Factory_Impl.java, /Users/hasanraza/Desktop/kotatsu/Nyora/nyora-android/app/build/generated/ksp/debug/java/com/nyora/hasan72341/local/ui/ImportService_MembersInjector.java, /Users/hasanraza/Desktop/kotatsu/Nyora/nyora-android/app/build/generated/ksp/debug/java/com/nyora/hasan72341/local/ui/ImportDialogFragment_GeneratedInjector.java, /Users/hasanraza/Desktop/kotatsu/Nyora/nyora-android/app/build/generated/ksp/debug/java/com/nyora/hasan72341/local/ui/LocalListViewModel_Factory.java, /Users/hasanraza/Desktop/kotatsu/Nyora/nyora-android/app/build/generated/ksp/debug/java/com/nyora/hasan72341/local/ui/LocalListViewModel_HiltModules_BindsModule_Binds_LazyMapKey.java, /Users/hasanraza/Desktop/kotatsu/Nyora/nyora-android/app/build/generated/ksp/debug/java/com/nyora/hasan72341/local/ui/LocalListViewModel_HiltModules_KeyModule_Provide_LazyMapKey.java, /Users/hasanraza/Desktop/kotatsu/Nyora/nyora-android/app/build/generated/ksp/debug/java/com/nyora/hasan72341/local/ui/LocalListViewModel_HiltModules.java, /Users/hasanraza/Desktop/kotatsu/Nyora/nyora-android/app/build/generated/ksp/debug/java/com/nyora/hasan72341/local/ui/LocalChaptersRemoveService_GeneratedInjector.java, /Users/hasanraza/Desktop/kotatsu/Nyora/nyora-android/app/build/generated/ksp/debug/java/com/nyora/hasan72341/local/ui/Hilt_ImportDialogFragment.java, /Users/hasanraza/Desktop/kotatsu/Nyora/nyora-android/app/build/generated/ksp/debug/java/com/nyora/hasan72341/local/ui/LocalStorageCleanupWorker_Factory.java, /Users/hasanraza/Desktop/kotatsu/Nyora/nyora-android/app/build/generated/ksp/debug/java/com/nyora/hasan72341/local/ui/LocalIndexUpdateService_GeneratedInjector.java, /Users/hasanraza/Desktop/kotatsu/Nyora/nyora-android/app/build/generated/ksp/debug/java/com/nyora/hasan72341/local/ui/LocalStorageCleanupWorker_AssistedFactory.java, /Users/hasanraza/Desktop/kotatsu/Nyora/nyora-android/app/build/generated/ksp/debug/java/com/nyora/hasan72341/local/ui/info/LocalInfoDialog_GeneratedInjector.java, /Users/hasanraza/Desktop/kotatsu/Nyora/nyora-android/app/build/generated/ksp/debug/java/com/nyora/hasan72341/local/ui/info/LocalInfoViewModel_HiltModules.java, /Users/hasanraza/Desktop/kotatsu/Nyora/nyora-android/app/build/generated/ksp/debug/java/com/nyora/hasan72341/local/ui/info/LocalInfoViewModel_HiltModules_KeyModule_ProvideFactory.java, /Users/hasanraza/Desktop/kotatsu/Nyora/nyora-android/app/build/generated/ksp/debug/java/com/nyora/hasan72341/local/ui/info/Hilt_LocalInfoDialog.java, /Users/hasanraza/Desktop/kotatsu/Nyora/nyora-android/app/build/generated/ksp/debug/java/com/nyora/hasan72341/local/ui/info/LocalInfoViewModel_HiltModules_BindsModule_Binds_LazyMapKey.java, /Users/hasanraza/Desktop/kotatsu/Nyora/nyora-android/app/build/generated/ksp/debug/java/com/nyora/hasan72341/local/ui/info/LocalInfoViewModel_Factory.java, /Users/hasanraza/Desktop/kotatsu/Nyora/nyora-android/app/build/generated/ksp/debug/java/com/nyora/hasan72341/local/ui/info/LocalInfoViewModel_HiltModules_KeyModule_Provide_LazyMapKey.java, /Users/hasanraza/Desktop/kotatsu/Nyora/nyora-android/app/build/generated/ksp/debug/java/com/nyora/hasan72341/local/ui/LocalStorageCleanupWorker_HiltModule.java, /Users/hasanraza/Desktop/kotatsu/Nyora/nyora-android/app/build/generated/ksp/debug/java/com/nyora/hasan72341/local/ui/ImportDialogFragment_MembersInjector.java, /Users/hasanraza/Desktop/kotatsu/Nyora/nyora-android/app/build/generated/ksp/debug/java/com/nyora/hasan72341/local/ui/LocalIndexUpdateService_MembersInjector.java, /Users/hasanraza/Desktop/kotatsu/Nyora/nyora-android/app/build/generated/ksp/debug/java/com/nyora/hasan72341/local/ui/Hilt_LocalChaptersRemoveService.java, /Users/hasanraza/Desktop/kotatsu/Nyora/nyora-android/app/build/generated/ksp/debug/java/com/nyora/hasan72341/local/ui/LocalStorageCleanupWorker_AssistedFactory_Impl.java, /Users/hasanraza/Desktop/kotatsu/Nyora/nyora-android/app/build/generated/ksp/debug/java/com/nyora/hasan72341/local/ui/LocalChaptersRemoveService_MembersInjector.java, /Users/hasanraza/Desktop/kotatsu/Nyora/nyora-android/app/build/generated/ksp/debug/java/com/nyora/hasan72341/local/ui/Hilt_LocalIndexUpdateService.java, /Users/hasanraza/Desktop/kotatsu/Nyora/nyora-android/app/build/generated/ksp/debug/java/com/nyora/hasan72341/local/ui/LocalListViewModel_HiltModules_KeyModule_ProvideFactory.java, /Users/hasanraza/Desktop/kotatsu/Nyora/nyora-android/app/build/generated/ksp/debug/java/com/nyora/hasan72341/local/ui/Hilt_ImportService.java, /Users/hasanraza/Desktop/kotatsu/Nyora/nyora-android/app/build/generated/ksp/debug/java/com/nyora/hasan72341/local/ui/ImportService_GeneratedInjector.java, /Users/hasanraza/Desktop/kotatsu/Nyora/nyora-android/app/build/generated/ksp/debug/java/com/nyora/hasan72341/local/data/LocalMangaRepository_Factory.java, /Users/hasanraza/Desktop/kotatsu/Nyora/nyora-android/app/build/generated/ksp/debug/java/com/nyora/hasan72341/local/data/importer/SingleMangaImporter_Factory.java, /Users/hasanraza/Desktop/kotatsu/Nyora/nyora-android/app/build/generated/ksp/debug/java/com/nyora/hasan72341/local/data/index/LocalMangaIndex_Factory.java, /Users/hasanraza/Desktop/kotatsu/Nyora/nyora-android/app/build/generated/ksp/debug/java/com/nyora/hasan72341/local/data/LocalStorageManager_Factory.java, /Users/hasanraza/Desktop/kotatsu/Nyora/nyora-android/app/build/generated/ksp/debug/java/com/nyora/hasan72341/local/domain/MangaLock_Factory.java, /Users/hasanraza/Desktop/kotatsu/Nyora/nyora-android/app/build/generated/ksp/debug/java/com/nyora/hasan72341/local/domain/DeleteReadChaptersUseCase_Factory.java, /Users/hasanraza/Desktop/kotatsu/Nyora/nyora-android/app/build/generated/ksp/debug/java/com/nyora/hasan72341/local/domain/DeleteLocalMangaUseCase_Factory.java, /Users/hasanraza/Desktop/kotatsu/Nyora/nyora-android/app/build/generated/ksp/debug/java/com/nyora/hasan72341/scrobbling/shikimori/data/ShikimoriAuthenticator_Factory.java, /Users/hasanraza/Desktop/kotatsu/Nyora/nyora-android/app/build/generated/ksp/debug/java/com/nyora/hasan72341/scrobbling/shikimori/data/ShikimoriRepository_Factory.java, /Users/hasanraza/Desktop/kotatsu/Nyora/nyora-android/app/build/generated/ksp/debug/java/com/nyora/hasan72341/scrobbling/shikimori/domain/ShikimoriScrobbler_Factory.java, /Users/hasanraza/Desktop/kotatsu/Nyora/nyora-android/app/build/generated/ksp/debug/java/com/nyora/hasan72341/scrobbling/discord/ui/Hilt_DiscordAuthActivity.java, /Users/hasanraza/Desktop/kotatsu/Nyora/nyora-android/app/build/generated/ksp/debug/java/com/nyora/hasan72341/scrobbling/discord/ui/DiscordAuthActivity_GeneratedInjector.java, /Users/hasanraza/Desktop/kotatsu/Nyora/nyora-android/app/build/generated/ksp/debug/java/com/nyora/hasan72341/scrobbling/discord/ui/DiscordAuthActivity_MembersInjector.java, /Users/hasanraza/Desktop/kotatsu/Nyora/nyora-android/app/build/generated/ksp/debug/java/com/nyora/hasan72341/scrobbling/discord/ui/DiscordRpc_Factory.java, /Users/hasanraza/Desktop/kotatsu/Nyora/nyora-android/app/build/generated/ksp/debug/java/com/nyora/hasan72341/scrobbling/discord/data/DiscordRepository_Factory.java, /Users/hasanraza/Desktop/kotatsu/Nyora/nyora-android/app/build/generated/ksp/debug/java/com/nyora/hasan72341/scrobbling/kitsu/data/KitsuAuthenticator_Factory.java, /Users/hasanraza/Desktop/kotatsu/Nyora/nyora-android/app/build/generated/ksp/debug/java/com/nyora/hasan72341/scrobbling/kitsu/domain/KitsuScrobbler_Factory.java, /Users/hasanraza/Desktop/kotatsu/Nyora/nyora-android/app/build/generated/ksp/debug/java/com/nyora/hasan72341/scrobbling/ScrobblingModule_ProvideScrobblersFactory.java, /Users/hasanraza/Desktop/kotatsu/Nyora/nyora-android/app/build/generated/ksp/debug/java/com/nyora/hasan72341/scrobbling/ScrobblingModule_ProvideKitsuStorageFactory.java, /Users/hasanraza/Desktop/kotatsu/Nyora/nyora-android/app/build/generated/ksp/debug/java/com/nyora/hasan72341/scrobbling/ScrobblingModule_ProvideShikimoriStorageFactory.java, /Users/hasanraza/Desktop/kotatsu/Nyora/nyora-android/app/build/generated/ksp/debug/java/com/nyora/hasan72341/scrobbling/ScrobblingModule_ProvideMALStorageFactory.java, /Users/hasanraza/Desktop/kotatsu/Nyora/nyora-android/app/build/generated/ksp/debug/java/com/nyora/hasan72341/scrobbling/anilist/data/AniListRepository_Factory.java, /Users/hasanraza/Desktop/kotatsu/Nyora/nyora-android/app/build/generated/ksp/debug/java/com/nyora/hasan72341/scrobbling/anilist/data/AniListAuthenticator_Factory.java, /Users/hasanraza/Desktop/kotatsu/Nyora/nyora-android/app/build/generated/ksp/debug/java/com/nyora/hasan72341/scrobbling/anilist/domain/AniListScrobbler_Factory.java, /Users/hasanraza/Desktop/kotatsu/Nyora/nyora-android/app/build/generated/ksp/debug/java/com/nyora/hasan72341/scrobbling/ScrobblingModule_ProvideAniListStorageFactory.java, /Users/hasanraza/Desktop/kotatsu/Nyora/nyora-android/app/build/generated/ksp/debug/java/com/nyora/hasan72341/scrobbling/common/ui/selector/ScrobblingSelectorSheet_GeneratedInjector.java, /Users/hasanraza/Desktop/kotatsu/Nyora/nyora-android/app/build/generated/ksp/debug/java/com/nyora/hasan72341/scrobbling/common/ui/selector/ScrobblingSelectorViewModel_HiltModules_KeyModule_Provide_LazyMapKey.java, /Users/hasanraza/Desktop/kotatsu/Nyora/nyora-android/app/build/generated/ksp/debug/java/com/nyora/hasan72341/scrobbling/common/ui/selector/ScrobblingSelectorViewModel_HiltModules_BindsModule_Binds_LazyMapKey.java, /Users/hasanraza/Desktop/kotatsu/Nyora/nyora-android/app/build/generated/ksp/debug/java/com/nyora/hasan72341/scrobbling/common/ui/selector/ScrobblingSelectorViewModel_Factory.java, /Users/hasanraza/Desktop/kotatsu/Nyora/nyora-android/app/build/generated/ksp/debug/java/com/nyora/hasan72341/scrobbling/common/ui/selector/ScrobblingSelectorViewModel_HiltModules.java, /Users/hasanraza/Desktop/kotatsu/Nyora/nyora-android/app/build/generated/ksp/debug/java/com/nyora/hasan72341/scrobbling/common/ui/selector/ScrobblingSelectorViewModel_HiltModules_KeyModule_ProvideFactory.java, /Users/hasanraza/Desktop/kotatsu/Nyora/nyora-android/app/build/generated/ksp/debug/java/com/nyora/hasan72341/scrobbling/common/ui/selector/Hilt_ScrobblingSelectorSheet.java, /Users/hasanraza/Desktop/kotatsu/Nyora/nyora-android/app/build/generated/ksp/debug/java/com/nyora/hasan72341/scrobbling/common/ui/config/Hilt_ScrobblerConfigActivity.java, /Users/hasanraza/Desktop/kotatsu/Nyora/nyora-android/app/build/generated/ksp/debug/java/com/nyora/hasan72341/scrobbling/common/ui/config/ScrobblerConfigViewModel_HiltModules_KeyModule_ProvideFactory.java, /Users/hasanraza/Desktop/kotatsu/Nyora/nyora-android/app/build/generated/ksp/debug/java/com/nyora/hasan72341/scrobbling/common/ui/config/ScrobblerConfigViewModel_HiltModules.java, /Users/hasanraza/Desktop/kotatsu/Nyora/nyora-android/app/build/generated/ksp/debug/java/com/nyora/hasan72341/scrobbling/common/ui/config/ScrobblerConfigActivity_GeneratedInjector.java, /Users/hasanraza/Desktop/kotatsu/Nyora/nyora-android/app/build/generated/ksp/debug/java/com/nyora/hasan72341/scrobbling/common/ui/config/ScrobblerConfigViewModel_Factory.java, /Users/hasanraza/Desktop/kotatsu/Nyora/nyora-android/app/build/generated/ksp/debug/java/com/nyora/hasan72341/scrobbling/common/ui/config/ScrobblerConfigViewModel_HiltModules_KeyModule_Provide_LazyMapKey.java, /Users/hasanraza/Desktop/kotatsu/Nyora/nyora-android/app/build/generated/ksp/debug/java/com/nyora/hasan72341/scrobbling/common/ui/config/ScrobblerConfigViewModel_HiltModules_BindsModule_Binds_LazyMapKey.java, /Users/hasanraza/Desktop/kotatsu/Nyora/nyora-android/app/build/generated/ksp/debug/java/com/nyora/hasan72341/scrobbling/common/ui/ScrobblerAuthHelper_Factory.java, /Users/hasanraza/Desktop/kotatsu/Nyora/nyora-android/app/build/generated/ksp/debug/java/com/nyora/hasan72341/scrobbling/common/domain/ScrobblerRepositoryMap_Factory.java, /Users/hasanraza/Desktop/kotatsu/Nyora/nyora-android/app/build/generated/ksp/debug/java/com/nyora/hasan72341/scrobbling/ScrobblingModule_ProvideAniListHttpClientFactory.java, /Users/hasanraza/Desktop/kotatsu/Nyora/nyora-android/app/build/generated/ksp/debug/java/com/nyora/hasan72341/scrobbling/mal/data/MALRepository_Factory.java, /Users/hasanraza/Desktop/kotatsu/Nyora/nyora-android/app/build/generated/ksp/debug/java/com/nyora/hasan72341/scrobbling/mal/data/MALAuthenticator_Factory.java, /Users/hasanraza/Desktop/kotatsu/Nyora/nyora-android/app/build/generated/ksp/debug/java/com/nyora/hasan72341/scrobbling/mal/domain/MALScrobbler_Factory.java, /Users/hasanraza/Desktop/kotatsu/Nyora/nyora-android/app/build/generated/ksp/debug/java/com/nyora/hasan72341/scrobbling/ScrobblingModule_ProvideShikimoriHttpClientFactory.java, /Users/hasanraza/Desktop/kotatsu/Nyora/nyora-android/app/build/generated/ksp/debug/java/com/nyora/hasan72341/scrobbling/ScrobblingModule_ProvideMALHttpClientFactory.java, /Users/hasanraza/Desktop/kotatsu/Nyora/nyora-android/app/build/generated/ksp/debug/java/com/nyora/hasan72341/scrobbling/ScrobblingModule_ProvideKitsuRepositoryFactory.java, /Users/hasanraza/Desktop/kotatsu/Nyora/nyora-android/app/build/generated/ksp/debug/java/com/nyora/hasan72341/browser/BaseBrowserActivity_GeneratedInjector.java, /Users/hasanraza/Desktop/kotatsu/Nyora/nyora-android/app/build/generated/ksp/debug/java/com/nyora/hasan72341/browser/AdListUpdateService_MembersInjector.java, /Users/hasanraza/Desktop/kotatsu/Nyora/nyora-android/app/build/generated/ksp/debug/java/com/nyora/hasan72341/browser/Hilt_BrowserActivity.java, /Users/hasanraza/Desktop/kotatsu/Nyora/nyora-android/app/build/generated/ksp/debug/java/com/nyora/hasan72341/browser/Hilt_AdListUpdateService.java, /Users/hasanraza/Desktop/kotatsu/Nyora/nyora-android/app/build/generated/ksp/debug/java/com/nyora/hasan72341/browser/cloudflare/CloudFlareActivity_GeneratedInjector.java, /Users/hasanraza/Desktop/kotatsu/Nyora/nyora-android/app/build/generated/ksp/debug/java/com/nyora/hasan72341/browser/cloudflare/Hilt_CloudFlareActivity.java, /Users/hasanraza/Desktop/kotatsu/Nyora/nyora-android/app/build/generated/ksp/debug/java/com/nyora/hasan72341/browser/cloudflare/CloudFlareActivity_MembersInjector.java, /Users/hasanraza/Desktop/kotatsu/Nyora/nyora-android/app/build/generated/ksp/debug/java/com/nyora/hasan72341/browser/BrowserActivity_GeneratedInjector.java, /Users/hasanraza/Desktop/kotatsu/Nyora/nyora-android/app/build/generated/ksp/debug/java/com/nyora/hasan72341/browser/Hilt_BaseBrowserActivity.java, /Users/hasanraza/Desktop/kotatsu/Nyora/nyora-android/app/build/generated/ksp/debug/java/com/nyora/hasan72341/browser/AdListUpdateService_GeneratedInjector.java, /Users/hasanraza/Desktop/kotatsu/Nyora/nyora-android/app/build/generated/ksp/debug/java/com/nyora/hasan72341/browser/BaseBrowserActivity_MembersInjector.java, /Users/hasanraza/Desktop/kotatsu/Nyora/nyora-android/app/build/generated/ksp/debug/java/com/nyora/hasan72341/remotelist/ui/RemoteListViewModel_HiltModules.java, /Users/hasanraza/Desktop/kotatsu/Nyora/nyora-android/app/build/generated/ksp/debug/java/com/nyora/hasan72341/remotelist/ui/RemoteListViewModel_HiltModules_KeyModule_ProvideFactory.java, /Users/hasanraza/Desktop/kotatsu/Nyora/nyora-android/app/build/generated/ksp/debug/java/com/nyora/hasan72341/remotelist/ui/RemoteListViewModel_Factory.java, /Users/hasanraza/Desktop/kotatsu/Nyora/nyora-android/app/build/generated/ksp/debug/java/com/nyora/hasan72341/remotelist/ui/RemoteListViewModel_HiltModules_BindsModule_Binds_LazyMapKey.java, /Users/hasanraza/Desktop/kotatsu/Nyora/nyora-android/app/build/generated/ksp/debug/java/com/nyora/hasan72341/remotelist/ui/RemoteListViewModel_HiltModules_KeyModule_Provide_LazyMapKey.java, /Users/hasanraza/Desktop/kotatsu/Nyora/nyora-android/app/build/generated/ksp/debug/java/com/nyora/hasan72341/remotelist/ui/RemoteListFragment_GeneratedInjector.java, /Users/hasanraza/Desktop/kotatsu/Nyora/nyora-android/app/build/generated/ksp/debug/java/com/nyora/hasan72341/remotelist/ui/Hilt_RemoteListFragment.java, /Users/hasanraza/Desktop/kotatsu/Nyora/nyora-android/app/build/generated/ksp/debug/java/com/nyora/hasan72341/bookmarks/ui/AllBookmarksFragment_GeneratedInjector.java, /Users/hasanraza/Desktop/kotatsu/Nyora/nyora-android/app/build/generated/ksp/debug/java/com/nyora/hasan72341/bookmarks/ui/AllBookmarksViewModel_Factory.java, /Users/hasanraza/Desktop/kotatsu/Nyora/nyora-android/app/build/generated/ksp/debug/java/com/nyora/hasan72341/bookmarks/ui/AllBookmarksViewModel_HiltModules.java, /Users/hasanraza/Desktop/kotatsu/Nyora/nyora-android/app/build/generated/ksp/debug/java/com/nyora/hasan72341/bookmarks/ui/AllBookmarksFragment_MembersInjector.java, /Users/hasanraza/Desktop/kotatsu/Nyora/nyora-android/app/build/generated/ksp/debug/java/com/nyora/hasan72341/bookmarks/ui/AllBookmarksViewModel_HiltModules_KeyModule_ProvideFactory.java, /Users/hasanraza/Desktop/kotatsu/Nyora/nyora-android/app/build/generated/ksp/debug/java/com/nyora/hasan72341/bookmarks/ui/AllBookmarksViewModel_HiltModules_KeyModule_Provide_LazyMapKey.java, /Users/hasanraza/Desktop/kotatsu/Nyora/nyora-android/app/build/generated/ksp/debug/java/com/nyora/hasan72341/bookmarks/ui/AllBookmarksViewModel_HiltModules_BindsModule_Binds_LazyMapKey.java, /Users/hasanraza/Desktop/kotatsu/Nyora/nyora-android/app/build/generated/ksp/debug/java/com/nyora/hasan72341/bookmarks/ui/Hilt_AllBookmarksFragment.java, /Users/hasanraza/Desktop/kotatsu/Nyora/nyora-android/app/build/generated/ksp/debug/java/com/nyora/hasan72341/bookmarks/domain/BookmarksRepository_Factory.java, /Users/hasanraza/Desktop/kotatsu/Nyora/nyora-android/app/build/generated/ksp/debug/java/com/nyora/hasan72341/download/ui/dialog/DownloadDialogViewModel_Factory.java, /Users/hasanraza/Desktop/kotatsu/Nyora/nyora-android/app/build/generated/ksp/debug/java/com/nyora/hasan72341/download/ui/dialog/DownloadDialogViewModel_HiltModules.java, /Users/hasanraza/Desktop/kotatsu/Nyora/nyora-android/app/build/generated/ksp/debug/java/com/nyora/hasan72341/download/ui/dialog/DownloadDialogViewModel_HiltModules_BindsModule_Binds_LazyMapKey.java, /Users/hasanraza/Desktop/kotatsu/Nyora/nyora-android/app/build/generated/ksp/debug/java/com/nyora/hasan72341/download/ui/dialog/DownloadDialogViewModel_HiltModules_KeyModule_Provide_LazyMapKey.java, /Users/hasanraza/Desktop/kotatsu/Nyora/nyora-android/app/build/generated/ksp/debug/java/com/nyora/hasan72341/download/ui/dialog/DownloadDialogFragment_GeneratedInjector.java, /Users/hasanraza/Desktop/kotatsu/Nyora/nyora-android/app/build/generated/ksp/debug/java/com/nyora/hasan72341/download/ui/dialog/Hilt_DownloadDialogFragment.java, /Users/hasanraza/Desktop/kotatsu/Nyora/nyora-android/app/build/generated/ksp/debug/java/com/nyora/hasan72341/download/ui/dialog/DownloadDialogViewModel_HiltModules_KeyModule_ProvideFactory.java, /Users/hasanraza/Desktop/kotatsu/Nyora/nyora-android/app/build/generated/ksp/debug/java/com/nyora/hasan72341/download/ui/list/DownloadsViewModel_HiltModules.java, /Users/hasanraza/Desktop/kotatsu/Nyora/nyora-android/app/build/generated/ksp/debug/java/com/nyora/hasan72341/download/ui/list/DownloadsViewModel_HiltModules_KeyModule_ProvideFactory.java, /Users/hasanraza/Desktop/kotatsu/Nyora/nyora-android/app/build/generated/ksp/debug/java/com/nyora/hasan72341/download/ui/list/DownloadsViewModel_HiltModules_KeyModule_Provide_LazyMapKey.java, /Users/hasanraza/Desktop/kotatsu/Nyora/nyora-android/app/build/generated/ksp/debug/java/com/nyora/hasan72341/download/ui/list/DownloadsViewModel_HiltModules_BindsModule_Binds_LazyMapKey.java, /Users/hasanraza/Desktop/kotatsu/Nyora/nyora-android/app/build/generated/ksp/debug/java/com/nyora/hasan72341/download/ui/list/Hilt_DownloadsListFragment.java, /Users/hasanraza/Desktop/kotatsu/Nyora/nyora-android/app/build/generated/ksp/debug/java/com/nyora/hasan72341/download/ui/list/DownloadsListFragment_GeneratedInjector.java, /Users/hasanraza/Desktop/kotatsu/Nyora/nyora-android/app/build/generated/ksp/debug/java/com/nyora/hasan72341/download/ui/list/DownloadsViewModel_Factory.java, /Users/hasanraza/Desktop/kotatsu/Nyora/nyora-android/app/build/generated/ksp/debug/java/com/nyora/hasan72341/download/ui/list/DownloadsListFragment_MembersInjector.java, /Users/hasanraza/Desktop/kotatsu/Nyora/nyora-android/app/build/generated/ksp/debug/java/com/nyora/hasan72341/download/ui/worker/DownloadNotificationFactory_Factory.java, /Users/hasanraza/Desktop/kotatsu/Nyora/nyora-android/app/build/generated/ksp/debug/java/com/nyora/hasan72341/download/ui/worker/DownloadNotificationFactory_Factory_Impl.java, /Users/hasanraza/Desktop/kotatsu/Nyora/nyora-android/app/build/generated/ksp/debug/java/com/nyora/hasan72341/download/ui/worker/DownloadWorker_HiltModule.java, /Users/hasanraza/Desktop/kotatsu/Nyora/nyora-android/app/build/generated/ksp/debug/java/com/nyora/hasan72341/download/ui/worker/DownloadWorker_Factory.java, /Users/hasanraza/Desktop/kotatsu/Nyora/nyora-android/app/build/generated/ksp/debug/java/com/nyora/hasan72341/download/ui/worker/DownloadWorker_AssistedFactory_Impl.java, /Users/hasanraza/Desktop/kotatsu/Nyora/nyora-android/app/build/generated/ksp/debug/java/com/nyora/hasan72341/download/ui/worker/DownloadSlowdownDispatcher_Factory.java, /Users/hasanraza/Desktop/kotatsu/Nyora/nyora-android/app/build/generated/ksp/debug/java/com/nyora/hasan72341/download/ui/worker/DownloadWorker_AssistedFactory.java, /Users/hasanraza/Desktop/kotatsu/Nyora/nyora-android/app/build/generated/ksp/debug/java/com/nyora/hasan72341/download/ui/worker/DownloadWorker_Scheduler_Factory.java, /Users/hasanraza/Desktop/kotatsu/Nyora/nyora-android/app/build/generated/ksp/debug/java/com/nyora/hasan72341/ai/MangaTranslator_Factory.java, /Users/hasanraza/Desktop/kotatsu/Nyora/nyora-android/app/build/generated/ksp/debug/java/com/nyora/hasan72341/ai/data/AiRepository_Factory.java, /Users/hasanraza/Desktop/kotatsu/Nyora/nyora-android/app/build/generated/ksp/debug/java/com/nyora/hasan72341/ai/engine/StoryBrain_Factory.java, /Users/hasanraza/Desktop/kotatsu/Nyora/nyora-android/app/build/generated/ksp/debug/java/com/nyora/hasan72341/ai/engine/OcrProvider_Factory.java, /Users/hasanraza/Desktop/kotatsu/Nyora/nyora-android/app/build/generated/ksp/debug/java/com/nyora/hasan72341/list/ui/config/Hilt_ListConfigBottomSheet.java, /Users/hasanraza/Desktop/kotatsu/Nyora/nyora-android/app/build/generated/ksp/debug/java/com/nyora/hasan72341/list/ui/config/ListConfigBottomSheet_GeneratedInjector.java, /Users/hasanraza/Desktop/kotatsu/Nyora/nyora-android/app/build/generated/ksp/debug/java/com/nyora/hasan72341/list/ui/config/ListConfigViewModel_HiltModules_BindsModule_Binds_LazyMapKey.java, /Users/hasanraza/Desktop/kotatsu/Nyora/nyora-android/app/build/generated/ksp/debug/java/com/nyora/hasan72341/list/ui/config/ListConfigViewModel_HiltModules_KeyModule_ProvideFactory.java, /Users/hasanraza/Desktop/kotatsu/Nyora/nyora-android/app/build/generated/ksp/debug/java/com/nyora/hasan72341/list/ui/config/ListConfigViewModel_HiltModules.java, /Users/hasanraza/Desktop/kotatsu/Nyora/nyora-android/app/build/generated/ksp/debug/java/com/nyora/hasan72341/list/ui/config/ListConfigViewModel_HiltModules_KeyModule_Provide_LazyMapKey.java, /Users/hasanraza/Desktop/kotatsu/Nyora/nyora-android/app/build/generated/ksp/debug/java/com/nyora/hasan72341/list/ui/config/ListConfigViewModel_Factory.java, /Users/hasanraza/Desktop/kotatsu/Nyora/nyora-android/app/build/generated/ksp/debug/java/com/nyora/hasan72341/list/ui/Hilt_MangaListFragment.java, /Users/hasanraza/Desktop/kotatsu/Nyora/nyora-android/app/build/generated/ksp/debug/java/com/nyora/hasan72341/list/ui/MangaListFragment_GeneratedInjector.java, /Users/hasanraza/Desktop/kotatsu/Nyora/nyora-android/app/build/generated/ksp/debug/java/com/nyora/hasan72341/list/ui/preview/PreviewViewModel_HiltModules_KeyModule_ProvideFactory.java, /Users/hasanraza/Desktop/kotatsu/Nyora/nyora-android/app/build/generated/ksp/debug/java/com/nyora/hasan72341/list/ui/preview/PreviewViewModel_Factory.java, /Users/hasanraza/Desktop/kotatsu/Nyora/nyora-android/app/build/generated/ksp/debug/java/com/nyora/hasan72341/list/ui/preview/PreviewFragment_GeneratedInjector.java, /Users/hasanraza/Desktop/kotatsu/Nyora/nyora-android/app/build/generated/ksp/debug/java/com/nyora/hasan72341/list/ui/preview/PreviewViewModel_HiltModules.java, /Users/hasanraza/Desktop/kotatsu/Nyora/nyora-android/app/build/generated/ksp/debug/java/com/nyora/hasan72341/list/ui/preview/PreviewViewModel_HiltModules_BindsModule_Binds_LazyMapKey.java, /Users/hasanraza/Desktop/kotatsu/Nyora/nyora-android/app/build/generated/ksp/debug/java/com/nyora/hasan72341/list/ui/preview/PreviewViewModel_HiltModules_KeyModule_Provide_LazyMapKey.java, /Users/hasanraza/Desktop/kotatsu/Nyora/nyora-android/app/build/generated/ksp/debug/java/com/nyora/hasan72341/list/ui/preview/Hilt_PreviewFragment.java, /Users/hasanraza/Desktop/kotatsu/Nyora/nyora-android/app/build/generated/ksp/debug/java/com/nyora/hasan72341/list/ui/MangaListFragment_MembersInjector.java, /Users/hasanraza/Desktop/kotatsu/Nyora/nyora-android/app/build/generated/ksp/debug/java/com/nyora/hasan72341/list/domain/MangaListMapper_Factory.java, /Users/hasanraza/Desktop/kotatsu/Nyora/nyora-android/app/build/generated/ksp/debug/java/com/nyora/hasan72341/history/ui/HistoryListViewModel_HiltModules_BindsModule_Binds_LazyMapKey.java, /Users/hasanraza/Desktop/kotatsu/Nyora/nyora-android/app/build/generated/ksp/debug/java/com/nyora/hasan72341/history/ui/HistoryListViewModel_HiltModules_KeyModule_Provide_LazyMapKey.java, /Users/hasanraza/Desktop/kotatsu/Nyora/nyora-android/app/build/generated/ksp/debug/java/com/nyora/hasan72341/history/ui/HistoryListViewModel_Factory.java, /Users/hasanraza/Desktop/kotatsu/Nyora/nyora-android/app/build/generated/ksp/debug/java/com/nyora/hasan72341/history/ui/HistoryListViewModel_HiltModules_KeyModule_ProvideFactory.java, /Users/hasanraza/Desktop/kotatsu/Nyora/nyora-android/app/build/generated/ksp/debug/java/com/nyora/hasan72341/history/ui/HistoryListFragment_GeneratedInjector.java, /Users/hasanraza/Desktop/kotatsu/Nyora/nyora-android/app/build/generated/ksp/debug/java/com/nyora/hasan72341/history/ui/HistoryListViewModel_HiltModules.java, /Users/hasanraza/Desktop/kotatsu/Nyora/nyora-android/app/build/generated/ksp/debug/java/com/nyora/hasan72341/history/ui/Hilt_HistoryListFragment.java, /Users/hasanraza/Desktop/kotatsu/Nyora/nyora-android/app/build/generated/ksp/debug/java/com/nyora/hasan72341/history/data/HistoryLocalObserver_Factory.java, /Users/hasanraza/Desktop/kotatsu/Nyora/nyora-android/app/build/generated/ksp/debug/java/com/nyora/hasan72341/history/data/HistoryRepository_Factory.java, /Users/hasanraza/Desktop/kotatsu/Nyora/nyora-android/app/build/generated/ksp/debug/java/com/nyora/hasan72341/history/domain/HistoryListQuickFilter_Factory.java, /Users/hasanraza/Desktop/kotatsu/Nyora/nyora-android/app/build/generated/ksp/debug/java/com/nyora/hasan72341/history/domain/HistoryStatsUseCase_Factory.java, /Users/hasanraza/Desktop/kotatsu/Nyora/nyora-android/app/build/generated/ksp/debug/java/com/nyora/hasan72341/history/domain/HistoryUpdateUseCase_Factory.java, /Users/hasanraza/Desktop/kotatsu/Nyora/nyora-android/app/build/generated/ksp/debug/java/com/nyora/hasan72341/history/domain/MarkAsReadUseCase_Factory.java, /Users/hasanraza/Desktop/kotatsu/Nyora/nyora-android/app/build/generated/ksp/debug/java/com/nyora/hasan72341/suggestions/ui/SuggestionsViewModel_HiltModules_KeyModule_ProvideFactory.java, /Users/hasanraza/Desktop/kotatsu/Nyora/nyora-android/app/build/generated/ksp/debug/java/com/nyora/hasan72341/suggestions/ui/SuggestionsViewModel_Factory.java, /Users/hasanraza/Desktop/kotatsu/Nyora/nyora-android/app/build/generated/ksp/debug/java/com/nyora/hasan72341/suggestions/ui/SuggestionsViewModel_HiltModules.java, /Users/hasanraza/Desktop/kotatsu/Nyora/nyora-android/app/build/generated/ksp/debug/java/com/nyora/hasan72341/suggestions/ui/SuggestionsWorker_AssistedFactory_Impl.java, /Users/hasanraza/Desktop/kotatsu/Nyora/nyora-android/app/build/generated/ksp/debug/java/com/nyora/hasan72341/suggestions/ui/Hilt_SuggestionsFragment.java, /Users/hasanraza/Desktop/kotatsu/Nyora/nyora-android/app/build/generated/ksp/debug/java/com/nyora/hasan72341/suggestions/ui/SuggestionsWorker_HiltModule.java, /Users/hasanraza/Desktop/kotatsu/Nyora/nyora-android/app/build/generated/ksp/debug/java/com/nyora/hasan72341/suggestions/ui/SuggestionsViewModel_HiltModules_KeyModule_Provide_LazyMapKey.java, /Users/hasanraza/Desktop/kotatsu/Nyora/nyora-android/app/build/generated/ksp/debug/java/com/nyora/hasan72341/suggestions/ui/SuggestionsViewModel_HiltModules_BindsModule_Binds_LazyMapKey.java, /Users/hasanraza/Desktop/kotatsu/Nyora/nyora-android/app/build/generated/ksp/debug/java/com/nyora/hasan72341/suggestions/ui/SuggestionsWorker_Scheduler_Factory.java, /Users/hasanraza/Desktop/kotatsu/Nyora/nyora-android/app/build/generated/ksp/debug/java/com/nyora/hasan72341/suggestions/ui/SuggestionsWorker_AssistedFactory.java, /Users/hasanraza/Desktop/kotatsu/Nyora/nyora-android/app/build/generated/ksp/debug/java/com/nyora/hasan72341/suggestions/ui/SuggestionsFragment_GeneratedInjector.java, /Users/hasanraza/Desktop/kotatsu/Nyora/nyora-android/app/build/generated/ksp/debug/java/com/nyora/hasan72341/suggestions/ui/SuggestionsWorker_Factory.java, /Users/hasanraza/Desktop/kotatsu/Nyora/nyora-android/app/build/generated/ksp/debug/java/com/nyora/hasan72341/suggestions/data/AnilistRepository_Factory.java, /Users/hasanraza/Desktop/kotatsu/Nyora/nyora-android/app/build/generated/ksp/debug/java/com/nyora/hasan72341/suggestions/domain/SmartMatchUseCase_Factory.java, /Users/hasanraza/Desktop/kotatsu/Nyora/nyora-android/app/build/generated/ksp/debug/java/com/nyora/hasan72341/suggestions/domain/SuggestionRepository_Factory.java, /Users/hasanraza/Desktop/kotatsu/Nyora/nyora-android/app/build/generated/ksp/debug/java/com/nyora/hasan72341/suggestions/domain/SuggestionsListQuickFilter_Factory.java, /Users/hasanraza/Desktop/kotatsu/Nyora/nyora-android/app/build/generated/ksp/debug/java/com/nyora/hasan72341/filter/ui/tags/TagsCatalogViewModel_HiltModules_KeyModule_Provide_LazyMapKey.java, /Users/hasanraza/Desktop/kotatsu/Nyora/nyora-android/app/build/generated/ksp/debug/java/com/nyora/hasan72341/filter/ui/tags/Hilt_TagsCatalogSheet.java, /Users/hasanraza/Desktop/kotatsu/Nyora/nyora-android/app/build/generated/ksp/debug/java/com/nyora/hasan72341/filter/ui/tags/TagsCatalogSheet_GeneratedInjector.java, /Users/hasanraza/Desktop/kotatsu/Nyora/nyora-android/app/build/generated/ksp/debug/java/com/nyora/hasan72341/filter/ui/tags/TagsCatalogViewModel_HiltModules.java, /Users/hasanraza/Desktop/kotatsu/Nyora/nyora-android/app/build/generated/ksp/debug/java/com/nyora/hasan72341/filter/ui/tags/TagsCatalogViewModel_Factory_Impl.java, /Users/hasanraza/Desktop/kotatsu/Nyora/nyora-android/app/build/generated/ksp/debug/java/com/nyora/hasan72341/filter/ui/tags/TagsCatalogViewModel_HiltModules_BindsModule_Bind_LazyMapKey.java, /Users/hasanraza/Desktop/kotatsu/Nyora/nyora-android/app/build/generated/ksp/debug/java/com/nyora/hasan72341/filter/ui/tags/TagsCatalogViewModel_HiltModules_KeyModule_ProvideFactory.java, /Users/hasanraza/Desktop/kotatsu/Nyora/nyora-android/app/build/generated/ksp/debug/java/com/nyora/hasan72341/filter/ui/tags/TagsCatalogViewModel_Factory.java, /Users/hasanraza/Desktop/kotatsu/Nyora/nyora-android/app/build/generated/ksp/debug/java/com/nyora/hasan72341/filter/ui/FilterHeaderFragment_MembersInjector.java, /Users/hasanraza/Desktop/kotatsu/Nyora/nyora-android/app/build/generated/ksp/debug/java/com/nyora/hasan72341/filter/ui/FilterHeaderFragment_GeneratedInjector.java, /Users/hasanraza/Desktop/kotatsu/Nyora/nyora-android/app/build/generated/ksp/debug/java/com/nyora/hasan72341/filter/ui/FilterHeaderProducer_Factory.java, /Users/hasanraza/Desktop/kotatsu/Nyora/nyora-android/app/build/generated/ksp/debug/java/com/nyora/hasan72341/filter/ui/FilterCoordinator_Factory.java, /Users/hasanraza/Desktop/kotatsu/Nyora/nyora-android/app/build/generated/ksp/debug/java/com/nyora/hasan72341/filter/ui/Hilt_FilterHeaderFragment.java, /Users/hasanraza/Desktop/kotatsu/Nyora/nyora-android/app/build/generated/ksp/debug/java/com/nyora/hasan72341/filter/data/SavedFiltersRepository_Factory.java, /Users/hasanraza/Desktop/kotatsu/Nyora/nyora-android/app/build/generated/ksp/debug/java/com/nyora/hasan72341/sync/supabase/SupabaseSyncWorker_AssistedFactory.java, /Users/hasanraza/Desktop/kotatsu/Nyora/nyora-android/app/build/generated/ksp/debug/java/com/nyora/hasan72341/sync/supabase/SupabaseModule_ProvideSupabaseSyncFactory.java, /Users/hasanraza/Desktop/kotatsu/Nyora/nyora-android/app/build/generated/ksp/debug/java/com/nyora/hasan72341/sync/supabase/SupabaseSyncWorker_AssistedFactory_Impl.java, /Users/hasanraza/Desktop/kotatsu/Nyora/nyora-android/app/build/generated/ksp/debug/java/com/nyora/hasan72341/sync/supabase/SupabaseSyncWorker_Factory.java, /Users/hasanraza/Desktop/kotatsu/Nyora/nyora-android/app/build/generated/ksp/debug/java/com/nyora/hasan72341/sync/supabase/SupabaseSync_Factory.java, /Users/hasanraza/Desktop/kotatsu/Nyora/nyora-android/app/build/generated/ksp/debug/java/com/nyora/hasan72341/sync/supabase/SupabaseSyncWorker_HiltModule.java, /Users/hasanraza/Desktop/kotatsu/Nyora/nyora-android/app/build/generated/ksp/debug/java/com/nyora/hasan72341/sync/supabase/SupabaseConfig_Factory.java, /Users/hasanraza/Desktop/kotatsu/Nyora/nyora-android/app/build/generated/ksp/debug/java/com/nyora/hasan72341/alternatives/ui/AutoFixService_MembersInjector.java, /Users/hasanraza/Desktop/kotatsu/Nyora/nyora-android/app/build/generated/ksp/debug/java/com/nyora/hasan72341/alternatives/ui/AlternativesViewModel_HiltModules.java, /Users/hasanraza/Desktop/kotatsu/Nyora/nyora-android/app/build/generated/ksp/debug/java/com/nyora/hasan72341/alternatives/ui/AlternativesViewModel_Factory.java, /Users/hasanraza/Desktop/kotatsu/Nyora/nyora-android/app/build/generated/ksp/debug/java/com/nyora/hasan72341/alternatives/ui/AlternativesViewModel_HiltModules_BindsModule_Binds_LazyMapKey.java, /Users/hasanraza/Desktop/kotatsu/Nyora/nyora-android/app/build/generated/ksp/debug/java/com/nyora/hasan72341/alternatives/ui/AlternativesActivity_GeneratedInjector.java, /Users/hasanraza/Desktop/kotatsu/Nyora/nyora-android/app/build/generated/ksp/debug/java/com/nyora/hasan72341/alternatives/ui/AlternativesActivity_MembersInjector.java, /Users/hasanraza/Desktop/kotatsu/Nyora/nyora-android/app/build/generated/ksp/debug/java/com/nyora/hasan72341/alternatives/ui/AlternativesViewModel_HiltModules_KeyModule_Provide_LazyMapKey.java, /Users/hasanraza/Desktop/kotatsu/Nyora/nyora-android/app/build/generated/ksp/debug/java/com/nyora/hasan72341/alternatives/ui/Hilt_AutoFixService.java, /Users/hasanraza/Desktop/kotatsu/Nyora/nyora-android/app/build/generated/ksp/debug/java/com/nyora/hasan72341/alternatives/ui/AutoFixService_GeneratedInjector.java, /Users/hasanraza/Desktop/kotatsu/Nyora/nyora-android/app/build/generated/ksp/debug/java/com/nyora/hasan72341/alternatives/ui/Hilt_AlternativesActivity.java, /Users/hasanraza/Desktop/kotatsu/Nyora/nyora-android/app/build/generated/ksp/debug/java/com/nyora/hasan72341/alternatives/ui/AlternativesViewModel_HiltModules_KeyModule_ProvideFactory.java, /Users/hasanraza/Desktop/kotatsu/Nyora/nyora-android/app/build/generated/ksp/debug/java/com/nyora/hasan72341/alternatives/domain/AutoFixUseCase_Factory.java, /Users/hasanraza/Desktop/kotatsu/Nyora/nyora-android/app/build/generated/ksp/debug/java/com/nyora/hasan72341/alternatives/domain/MigrateUseCase_Factory.java, /Users/hasanraza/Desktop/kotatsu/Nyora/nyora-android/app/build/generated/ksp/debug/java/com/nyora/hasan72341/alternatives/domain/AlternativesUseCase_Factory.java, /Users/hasanraza/Desktop/kotatsu/Nyora/nyora-android/app/build/generated/ksp/debug/java/com/nyora/hasan72341/main/ui/Hilt_MainActivity.java, /Users/hasanraza/Desktop/kotatsu/Nyora/nyora-android/app/build/generated/ksp/debug/java/com/nyora/hasan72341/main/ui/MainViewModel_Factory.java, /Users/hasanraza/Desktop/kotatsu/Nyora/nyora-android/app/build/generated/ksp/debug/java/com/nyora/hasan72341/main/ui/MainActivity_GeneratedInjector.java, /Users/hasanraza/Desktop/kotatsu/Nyora/nyora-android/app/build/generated/ksp/debug/java/com/nyora/hasan72341/main/ui/protect/ProtectViewModel_HiltModules_KeyModule_Provide_LazyMapKey.java, /Users/hasanraza/Desktop/kotatsu/Nyora/nyora-android/app/build/generated/ksp/debug/java/com/nyora/hasan72341/main/ui/protect/ProtectViewModel_Factory.java, /Users/hasanraza/Desktop/kotatsu/Nyora/nyora-android/app/build/generated/ksp/debug/java/com/nyora/hasan72341/main/ui/protect/ScreenshotPolicyHelper_Factory.java, /Users/hasanraza/Desktop/kotatsu/Nyora/nyora-android/app/build/generated/ksp/debug/java/com/nyora/hasan72341/main/ui/protect/ProtectViewModel_HiltModules_BindsModule_Binds_LazyMapKey.java, /Users/hasanraza/Desktop/kotatsu/Nyora/nyora-android/app/build/generated/ksp/debug/java/com/nyora/hasan72341/main/ui/protect/AppProtectHelper_Factory.java, /Users/hasanraza/Desktop/kotatsu/Nyora/nyora-android/app/build/generated/ksp/debug/java/com/nyora/hasan72341/main/ui/protect/ProtectViewModel_HiltModules_KeyModule_ProvideFactory.java, /Users/hasanraza/Desktop/kotatsu/Nyora/nyora-android/app/build/generated/ksp/debug/java/com/nyora/hasan72341/main/ui/protect/ProtectActivity_GeneratedInjector.java, /Users/hasanraza/Desktop/kotatsu/Nyora/nyora-android/app/build/generated/ksp/debug/java/com/nyora/hasan72341/main/ui/protect/Hilt_ProtectActivity.java, /Users/hasanraza/Desktop/kotatsu/Nyora/nyora-android/app/build/generated/ksp/debug/java/com/nyora/hasan72341/main/ui/protect/ProtectViewModel_HiltModules.java, /Users/hasanraza/Desktop/kotatsu/Nyora/nyora-android/app/build/generated/ksp/debug/java/com/nyora/hasan72341/main/ui/welcome/WelcomeViewModel_HiltModules.java, /Users/hasanraza/Desktop/kotatsu/Nyora/nyora-android/app/build/generated/ksp/debug/java/com/nyora/hasan72341/main/ui/welcome/WelcomeViewModel_Factory.java, /Users/hasanraza/Desktop/kotatsu/Nyora/nyora-android/app/build/generated/ksp/debug/java/com/nyora/hasan72341/main/ui/welcome/WelcomeViewModel_HiltModules_KeyModule_ProvideFactory.java, /Users/hasanraza/Desktop/kotatsu/Nyora/nyora-android/app/build/generated/ksp/debug/java/com/nyora/hasan72341/main/ui/welcome/WelcomeActivity_MembersInjector.java, /Users/hasanraza/Desktop/kotatsu/Nyora/nyora-android/app/build/generated/ksp/debug/java/com/nyora/hasan72341/main/ui/welcome/Hilt_WelcomeActivity.java, /Users/hasanraza/Desktop/kotatsu/Nyora/nyora-android/app/build/generated/ksp/debug/java/com/nyora/hasan72341/main/ui/welcome/WelcomeViewModel_HiltModules_BindsModule_Binds_LazyMapKey.java, /Users/hasanraza/Desktop/kotatsu/Nyora/nyora-android/app/build/generated/ksp/debug/java/com/nyora/hasan72341/main/ui/welcome/WelcomeViewModel_HiltModules_KeyModule_Provide_LazyMapKey.java, /Users/hasanraza/Desktop/kotatsu/Nyora/nyora-android/app/build/generated/ksp/debug/java/com/nyora/hasan72341/main/ui/welcome/WelcomeActivity_GeneratedInjector.java, /Users/hasanraza/Desktop/kotatsu/Nyora/nyora-android/app/build/generated/ksp/debug/java/com/nyora/hasan72341/main/ui/MainViewModel_HiltModules.java, /Users/hasanraza/Desktop/kotatsu/Nyora/nyora-android/app/build/generated/ksp/debug/java/com/nyora/hasan72341/main/ui/MainActivity_MembersInjector.java, /Users/hasanraza/Desktop/kotatsu/Nyora/nyora-android/app/build/generated/ksp/debug/java/com/nyora/hasan72341/main/ui/MainViewModel_HiltModules_BindsModule_Binds_LazyMapKey.java, /Users/hasanraza/Desktop/kotatsu/Nyora/nyora-android/app/build/generated/ksp/debug/java/com/nyora/hasan72341/main/ui/MainViewModel_HiltModules_KeyModule_Provide_LazyMapKey.java, /Users/hasanraza/Desktop/kotatsu/Nyora/nyora-android/app/build/generated/ksp/debug/java/com/nyora/hasan72341/main/ui/MainViewModel_HiltModules_KeyModule_ProvideFactory.java, /Users/hasanraza/Desktop/kotatsu/Nyora/nyora-android/app/build/generated/ksp/debug/java/com/nyora/hasan72341/main/domain/CoverRestoreInterceptor_Factory.java, /Users/hasanraza/Desktop/kotatsu/Nyora/nyora-android/app/build/generated/ksp/debug/java/com/nyora/hasan72341/main/domain/ReadingResumeEnabledUseCase_Factory.java, /Users/hasanraza/Desktop/kotatsu/Nyora/nyora-android/app/build/generated/ksp/debug/java/com/nyora/hasan72341/backups/ui/periodical/PeriodicalBackupService_MembersInjector.java, /Users/hasanraza/Desktop/kotatsu/Nyora/nyora-android/app/build/generated/ksp/debug/java/com/nyora/hasan72341/backups/ui/periodical/PeriodicalBackupSettingsViewModel_HiltModules.java, /Users/hasanraza/Desktop/kotatsu/Nyora/nyora-android/app/build/generated/ksp/debug/java/com/nyora/hasan72341/backups/ui/periodical/PeriodicalBackupSettingsFragment_GeneratedInjector.java, /Users/hasanraza/Desktop/kotatsu/Nyora/nyora-android/app/build/generated/ksp/debug/java/com/nyora/hasan72341/backups/ui/periodical/Hilt_PeriodicalBackupSettingsFragment.java, /Users/hasanraza/Desktop/kotatsu/Nyora/nyora-android/app/build/generated/ksp/debug/java/com/nyora/hasan72341/backups/ui/periodical/PeriodicalBackupSettingsViewModel_Factory.java, /Users/hasanraza/Desktop/kotatsu/Nyora/nyora-android/app/build/generated/ksp/debug/java/com/nyora/hasan72341/backups/ui/periodical/PeriodicalBackupSettingsViewModel_HiltModules_BindsModule_Binds_LazyMapKey.java, /Users/hasanraza/Desktop/kotatsu/Nyora/nyora-android/app/build/generated/ksp/debug/java/com/nyora/hasan72341/backups/ui/periodical/PeriodicalBackupSettingsViewModel_HiltModules_KeyModule_Provide_LazyMapKey.java, /Users/hasanraza/Desktop/kotatsu/Nyora/nyora-android/app/build/generated/ksp/debug/java/com/nyora/hasan72341/backups/ui/periodical/PeriodicalBackupService_GeneratedInjector.java, /Users/hasanraza/Desktop/kotatsu/Nyora/nyora-android/app/build/generated/ksp/debug/java/com/nyora/hasan72341/backups/ui/periodical/Hilt_PeriodicalBackupService.java, /Users/hasanraza/Desktop/kotatsu/Nyora/nyora-android/app/build/generated/ksp/debug/java/com/nyora/hasan72341/backups/ui/periodical/TelegramBackupUploader_Factory.java, /Users/hasanraza/Desktop/kotatsu/Nyora/nyora-android/app/build/generated/ksp/debug/java/com/nyora/hasan72341/backups/ui/periodical/PeriodicalBackupSettingsFragment_MembersInjector.java, /Users/hasanraza/Desktop/kotatsu/Nyora/nyora-android/app/build/generated/ksp/debug/java/com/nyora/hasan72341/backups/ui/periodical/PeriodicalBackupSettingsViewModel_HiltModules_KeyModule_ProvideFactory.java, /Users/hasanraza/Desktop/kotatsu/Nyora/nyora-android/app/build/generated/ksp/debug/java/com/nyora/hasan72341/backups/ui/backup/BackupViewModel_HiltModules.java, /Users/hasanraza/Desktop/kotatsu/Nyora/nyora-android/app/build/generated/ksp/debug/java/com/nyora/hasan72341/backups/ui/backup/Hilt_BackupService.java, /Users/hasanraza/Desktop/kotatsu/Nyora/nyora-android/app/build/generated/ksp/debug/java/com/nyora/hasan72341/backups/ui/backup/BackupViewModel_Factory.java, /Users/hasanraza/Desktop/kotatsu/Nyora/nyora-android/app/build/generated/ksp/debug/java/com/nyora/hasan72341/backups/ui/backup/BackupService_MembersInjector.java, /Users/hasanraza/Desktop/kotatsu/Nyora/nyora-android/app/build/generated/ksp/debug/java/com/nyora/hasan72341/backups/ui/backup/BackupViewModel_HiltModules_KeyModule_ProvideFactory.java, /Users/hasanraza/Desktop/kotatsu/Nyora/nyora-android/app/build/generated/ksp/debug/java/com/nyora/hasan72341/backups/ui/backup/BackupViewModel_HiltModules_BindsModule_Binds_LazyMapKey.java, /Users/hasanraza/Desktop/kotatsu/Nyora/nyora-android/app/build/generated/ksp/debug/java/com/nyora/hasan72341/backups/ui/backup/BackupViewModel_HiltModules_KeyModule_Provide_LazyMapKey.java, /Users/hasanraza/Desktop/kotatsu/Nyora/nyora-android/app/build/generated/ksp/debug/java/com/nyora/hasan72341/backups/ui/backup/Hilt_BackupDialogFragment.java, /Users/hasanraza/Desktop/kotatsu/Nyora/nyora-android/app/build/generated/ksp/debug/java/com/nyora/hasan72341/backups/ui/backup/BackupDialogFragment_GeneratedInjector.java, /Users/hasanraza/Desktop/kotatsu/Nyora/nyora-android/app/build/generated/ksp/debug/java/com/nyora/hasan72341/backups/ui/backup/BackupService_GeneratedInjector.java, /Users/hasanraza/Desktop/kotatsu/Nyora/nyora-android/app/build/generated/ksp/debug/java/com/nyora/hasan72341/backups/ui/restore/RestoreDialogFragment_GeneratedInjector.java, /Users/hasanraza/Desktop/kotatsu/Nyora/nyora-android/app/build/generated/ksp/debug/java/com/nyora/hasan72341/backups/ui/restore/RestoreViewModel_HiltModules_KeyModule_ProvideFactory.java, /Users/hasanraza/Desktop/kotatsu/Nyora/nyora-android/app/build/generated/ksp/debug/java/com/nyora/hasan72341/backups/ui/restore/RestoreService_MembersInjector.java, /Users/hasanraza/Desktop/kotatsu/Nyora/nyora-android/app/build/generated/ksp/debug/java/com/nyora/hasan72341/backups/ui/restore/RestoreViewModel_HiltModules.java, /Users/hasanraza/Desktop/kotatsu/Nyora/nyora-android/app/build/generated/ksp/debug/java/com/nyora/hasan72341/backups/ui/restore/RestoreViewModel_HiltModules_KeyModule_Provide_LazyMapKey.java, /Users/hasanraza/Desktop/kotatsu/Nyora/nyora-android/app/build/generated/ksp/debug/java/com/nyora/hasan72341/backups/ui/restore/RestoreViewModel_HiltModules_BindsModule_Binds_LazyMapKey.java, /Users/hasanraza/Desktop/kotatsu/Nyora/nyora-android/app/build/generated/ksp/debug/java/com/nyora/hasan72341/backups/ui/restore/RestoreService_GeneratedInjector.java, /Users/hasanraza/Desktop/kotatsu/Nyora/nyora-android/app/build/generated/ksp/debug/java/com/nyora/hasan72341/backups/ui/restore/Hilt_RestoreDialogFragment.java, /Users/hasanraza/Desktop/kotatsu/Nyora/nyora-android/app/build/generated/ksp/debug/java/com/nyora/hasan72341/backups/ui/restore/RestoreViewModel_Factory.java, /Users/hasanraza/Desktop/kotatsu/Nyora/nyora-android/app/build/generated/ksp/debug/java/com/nyora/hasan72341/backups/ui/restore/Hilt_RestoreService.java, /Users/hasanraza/Desktop/kotatsu/Nyora/nyora-android/app/build/generated/ksp/debug/java/com/nyora/hasan72341/backups/data/BackupRepository_Factory.java, /Users/hasanraza/Desktop/kotatsu/Nyora/nyora-android/app/build/generated/ksp/debug/java/com/nyora/hasan72341/backups/domain/AppBackupAgent_MembersInjector.java, /Users/hasanraza/Desktop/kotatsu/Nyora/nyora-android/app/build/generated/ksp/debug/java/com/nyora/hasan72341/backups/domain/ExternalBackupStorage_Factory.java, /Users/hasanraza/Desktop/kotatsu/Nyora/nyora-android/app/build/generated/ksp/debug/java/com/nyora/hasan72341/backups/domain/BackupObserver_Factory.java, /Users/hasanraza/Desktop/kotatsu/Nyora/nyora-android/app/build/generated/ksp/debug/java/com/nyora/hasan72341/stats/ui/StatsViewModel_HiltModules.java, /Users/hasanraza/Desktop/kotatsu/Nyora/nyora-android/app/build/generated/ksp/debug/java/com/nyora/hasan72341/stats/ui/Hilt_StatsActivity.java, /Users/hasanraza/Desktop/kotatsu/Nyora/nyora-android/app/build/generated/ksp/debug/java/com/nyora/hasan72341/stats/ui/StatsViewModel_HiltModules_KeyModule_Provide_LazyMapKey.java, /Users/hasanraza/Desktop/kotatsu/Nyora/nyora-android/app/build/generated/ksp/debug/java/com/nyora/hasan72341/stats/ui/StatsViewModel_Factory.java, /Users/hasanraza/Desktop/kotatsu/Nyora/nyora-android/app/build/generated/ksp/debug/java/com/nyora/hasan72341/stats/ui/StatsViewModel_HiltModules_BindsModule_Binds_LazyMapKey.java, /Users/hasanraza/Desktop/kotatsu/Nyora/nyora-android/app/build/generated/ksp/debug/java/com/nyora/hasan72341/stats/ui/StatsActivity_GeneratedInjector.java, /Users/hasanraza/Desktop/kotatsu/Nyora/nyora-android/app/build/generated/ksp/debug/java/com/nyora/hasan72341/stats/ui/sheet/MangaStatsViewModel_HiltModules_KeyModule_ProvideFactory.java, /Users/hasanraza/Desktop/kotatsu/Nyora/nyora-android/app/build/generated/ksp/debug/java/com/nyora/hasan72341/stats/ui/sheet/MangaStatsViewModel_Factory.java, /Users/hasanraza/Desktop/kotatsu/Nyora/nyora-android/app/build/generated/ksp/debug/java/com/nyora/hasan72341/stats/ui/sheet/MangaStatsSheet_GeneratedInjector.java, /Users/hasanraza/Desktop/kotatsu/Nyora/nyora-android/app/build/generated/ksp/debug/java/com/nyora/hasan72341/stats/ui/sheet/MangaStatsViewModel_HiltModules.java, /Users/hasanraza/Desktop/kotatsu/Nyora/nyora-android/app/build/generated/ksp/debug/java/com/nyora/hasan72341/stats/ui/sheet/Hilt_MangaStatsSheet.java, /Users/hasanraza/Desktop/kotatsu/Nyora/nyora-android/app/build/generated/ksp/debug/java/com/nyora/hasan72341/stats/ui/sheet/MangaStatsViewModel_HiltModules_BindsModule_Binds_LazyMapKey.java, /Users/hasanraza/Desktop/kotatsu/Nyora/nyora-android/app/build/generated/ksp/debug/java/com/nyora/hasan72341/stats/ui/sheet/MangaStatsViewModel_HiltModules_KeyModule_Provide_LazyMapKey.java, /Users/hasanraza/Desktop/kotatsu/Nyora/nyora-android/app/build/generated/ksp/debug/java/com/nyora/hasan72341/stats/ui/StatsViewModel_HiltModules_KeyModule_ProvideFactory.java, /Users/hasanraza/Desktop/kotatsu/Nyora/nyora-android/app/build/generated/ksp/debug/java/com/nyora/hasan72341/stats/data/StatsRepository_Factory.java, /Users/hasanraza/Desktop/kotatsu/Nyora/nyora-android/app/build/generated/ksp/debug/java/com/nyora/hasan72341/stats/domain/StatsCollector_Factory.java, /Users/hasanraza/Desktop/kotatsu/Nyora/nyora-android/app/build/generated/source/buildConfig/debug/com/nyora/hasan72341/BuildConfig.java, /Users/hasanraza/Desktop/kotatsu/Nyora/nyora-android/app/build/generated/data_binding_base_class_source_out/debug/out/com/nyora/hasan72341/databinding/DialogRestoreBinding.java, /Users/hasanraza/Desktop/kotatsu/Nyora/nyora-android/app/build/generated/data_binding_base_class_source_out/debug/out/com/nyora/hasan72341/databinding/ActivitySettingsBinding.java, /Users/hasanraza/Desktop/kotatsu/Nyora/nyora-android/app/build/generated/data_binding_base_class_source_out/debug/out/com/nyora/hasan72341/databinding/ItemPageBinding.java, /Users/hasanraza/Desktop/kotatsu/Nyora/nyora-android/app/build/generated/data_binding_base_class_source_out/debug/out/com/nyora/hasan72341/databinding/ItemDiscoverRailErrorBinding.java, /Users/hasanraza/Desktop/kotatsu/Nyora/nyora-android/app/build/generated/data_binding_base_class_source_out/debug/out/com/nyora/hasan72341/databinding/ItemColorSchemeBinding.java, /Users/hasanraza/Desktop/kotatsu/Nyora/nyora-android/app/build/generated/data_binding_base_class_source_out/debug/out/com/nyora/hasan72341/databinding/ItemMangaListDetailsBinding.java, /Users/hasanraza/Desktop/kotatsu/Nyora/nyora-android/app/build/generated/data_binding_base_class_source_out/debug/out/com/nyora/hasan72341/databinding/ItemDiscoverRailBinding.java, /Users/hasanraza/Desktop/kotatsu/Nyora/nyora-android/app/build/generated/data_binding_base_class_source_out/debug/out/com/nyora/hasan72341/databinding/ActivityTrackerDebugBinding.java, /Users/hasanraza/Desktop/kotatsu/Nyora/nyora-android/app/build/generated/data_binding_base_class_source_out/debug/out/com/nyora/hasan72341/databinding/ActivityColorFilterBinding.java, /Users/hasanraza/Desktop/kotatsu/Nyora/nyora-android/app/build/generated/data_binding_base_class_source_out/debug/out/com/nyora/hasan72341/databinding/ViewZoomBinding.java, /Users/hasanraza/Desktop/kotatsu/Nyora/nyora-android/app/build/generated/data_binding_base_class_source_out/debug/out/com/nyora/hasan72341/databinding/SheetScrobblingBinding.java, /Users/hasanraza/Desktop/kotatsu/Nyora/nyora-android/app/build/generated/data_binding_base_class_source_out/debug/out/com/nyora/hasan72341/databinding/ActivityAlternativesBinding.java, /Users/hasanraza/Desktop/kotatsu/Nyora/nyora-android/app/build/generated/data_binding_base_class_source_out/debug/out/com/nyora/hasan72341/databinding/FragmentChangelogBinding.java, /Users/hasanraza/Desktop/kotatsu/Nyora/nyora-android/app/build/generated/data_binding_base_class_source_out/debug/out/com/nyora/hasan72341/databinding/PreferenceSplitSwitchBinding.java, /Users/hasanraza/Desktop/kotatsu/Nyora/nyora-android/app/build/generated/data_binding_base_class_source_out/debug/out/com/nyora/hasan72341/databinding/ItemHistoryStatsBinding.java, /Users/hasanraza/Desktop/kotatsu/Nyora/nyora-android/app/build/generated/data_binding_base_class_source_out/debug/out/com/nyora/hasan72341/databinding/ItemEmptyStateBinding.java, /Users/hasanraza/Desktop/kotatsu/Nyora/nyora-android/app/build/generated/data_binding_base_class_source_out/debug/out/com/nyora/hasan72341/databinding/ItemTipBinding.java, /Users/hasanraza/Desktop/kotatsu/Nyora/nyora-android/app/build/generated/data_binding_base_class_source_out/debug/out/com/nyora/hasan72341/databinding/ActivityWelcomeBinding.java, /Users/hasanraza/Desktop/kotatsu/Nyora/nyora-android/app/build/generated/data_binding_base_class_source_out/debug/out/com/nyora/hasan72341/databinding/ItemSearchSuggestionMangaListBinding.java, /Users/hasanraza/Desktop/kotatsu/Nyora/nyora-android/app/build/generated/data_binding_base_class_source_out/debug/out/com/nyora/hasan72341/databinding/ActivityReaderBinding.java, /Users/hasanraza/Desktop/kotatsu/Nyora/nyora-android/app/build/generated/data_binding_base_class_source_out/debug/out/com/nyora/hasan72341/databinding/ItemListGroupBinding.java, /Users/hasanraza/Desktop/kotatsu/Nyora/nyora-android/app/build/generated/data_binding_base_class_source_out/debug/out/com/nyora/hasan72341/databinding/ItemPreferenceBinding.java, /Users/hasanraza/Desktop/kotatsu/Nyora/nyora-android/app/build/generated/data_binding_base_class_source_out/debug/out/com/nyora/hasan72341/databinding/PreferenceWidgetMaterialSwitchBinding.java, /Users/hasanraza/Desktop/kotatsu/Nyora/nyora-android/app/build/generated/data_binding_base_class_source_out/debug/out/com/nyora/hasan72341/databinding/FastScrollerBinding.java, /Users/hasanraza/Desktop/kotatsu/Nyora/nyora-android/app/build/generated/data_binding_base_class_source_out/debug/out/com/nyora/hasan72341/databinding/ItemErrorFooterBinding.java, /Users/hasanraza/Desktop/kotatsu/Nyora/nyora-android/app/build/generated/data_binding_base_class_source_out/debug/out/com/nyora/hasan72341/databinding/ActivityAppwidgetShelfBinding.java, /Users/hasanraza/Desktop/kotatsu/Nyora/nyora-android/app/build/generated/data_binding_base_class_source_out/debug/out/com/nyora/hasan72341/databinding/PreferenceDialogAutocompletetextviewBinding.java, /Users/hasanraza/Desktop/kotatsu/Nyora/nyora-android/app/build/generated/data_binding_base_class_source_out/debug/out/com/nyora/hasan72341/databinding/ItemTip2Binding.java, /Users/hasanraza/Desktop/kotatsu/Nyora/nyora-android/app/build/generated/data_binding_base_class_source_out/debug/out/com/nyora/hasan72341/databinding/ItemSearchSuggestionSourceTipBinding.java, /Users/hasanraza/Desktop/kotatsu/Nyora/nyora-android/app/build/generated/data_binding_base_class_source_out/debug/out/com/nyora/hasan72341/databinding/ViewDialogAutocompleteBinding.java, /Users/hasanraza/Desktop/kotatsu/Nyora/nyora-android/app/build/generated/data_binding_base_class_source_out/debug/out/com/nyora/hasan72341/databinding/FragmentListSimpleBinding.java, /Users/hasanraza/Desktop/kotatsu/Nyora/nyora-android/app/build/generated/data_binding_base_class_source_out/debug/out/com/nyora/hasan72341/databinding/ItemScrobblingInfoBinding.java, /Users/hasanraza/Desktop/kotatsu/Nyora/nyora-android/app/build/generated/data_binding_base_class_source_out/debug/out/com/nyora/hasan72341/databinding/ItemCheckableSingleBinding.java, /Users/hasanraza/Desktop/kotatsu/Nyora/nyora-android/app/build/generated/data_binding_base_class_source_out/debug/out/com/nyora/hasan72341/databinding/DialogLocalInfoBinding.java, /Users/hasanraza/Desktop/kotatsu/Nyora/nyora-android/app/build/generated/data_binding_base_class_source_out/debug/out/com/nyora/hasan72341/databinding/PreferenceThemeBinding.java, /Users/hasanraza/Desktop/kotatsu/Nyora/nyora-android/app/build/generated/data_binding_base_class_source_out/debug/out/com/nyora/hasan72341/databinding/ActivityAppwidgetRecentBinding.java, /Users/hasanraza/Desktop/kotatsu/Nyora/nyora-android/app/build/generated/data_binding_base_class_source_out/debug/out/com/nyora/hasan72341/databinding/FragmentPreviewBinding.java, /Users/hasanraza/Desktop/kotatsu/Nyora/nyora-android/app/build/generated/data_binding_base_class_source_out/debug/out/com/nyora/hasan72341/databinding/ViewCoverStackBinding.java, /Users/hasanraza/Desktop/kotatsu/Nyora/nyora-android/app/build/generated/data_binding_base_class_source_out/debug/out/com/nyora/hasan72341/databinding/ItemSearchSuggestionQueryBinding.java, /Users/hasanraza/Desktop/kotatsu/Nyora/nyora-android/app/build/generated/data_binding_base_class_source_out/debug/out/com/nyora/hasan72341/databinding/ItemEmptyCardBinding.java, /Users/hasanraza/Desktop/kotatsu/Nyora/nyora-android/app/build/generated/data_binding_base_class_source_out/debug/out/com/nyora/hasan72341/databinding/ItemRecommendationBinding.java, /Users/hasanraza/Desktop/kotatsu/Nyora/nyora-android/app/build/generated/data_binding_base_class_source_out/debug/out/com/nyora/hasan72341/databinding/FragmentSettingsSourcesBinding.java, /Users/hasanraza/Desktop/kotatsu/Nyora/nyora-android/app/build/generated/data_binding_base_class_source_out/debug/out/com/nyora/hasan72341/databinding/DialogTwoButtonsBinding.java, /Users/hasanraza/Desktop/kotatsu/Nyora/nyora-android/app/build/generated/data_binding_base_class_source_out/debug/out/com/nyora/hasan72341/databinding/ViewScrollTimerBinding.java, /Users/hasanraza/Desktop/kotatsu/Nyora/nyora-android/app/build/generated/data_binding_base_class_source_out/debug/out/com/nyora/hasan72341/databinding/FragmentReaderDoubleBinding.java, /Users/hasanraza/Desktop/kotatsu/Nyora/nyora-android/app/build/generated/data_binding_base_class_source_out/debug/out/com/nyora/hasan72341/databinding/ActivityDownloadsBinding.java, /Users/hasanraza/Desktop/kotatsu/Nyora/nyora-android/app/build/generated/data_binding_base_class_source_out/debug/out/com/nyora/hasan72341/databinding/SheetStatsMangaBinding.java, /Users/hasanraza/Desktop/kotatsu/Nyora/nyora-android/app/build/generated/data_binding_base_class_source_out/debug/out/com/nyora/hasan72341/databinding/ItemInfoBinding.java, /Users/hasanraza/Desktop/kotatsu/Nyora/nyora-android/app/build/generated/data_binding_base_class_source_out/debug/out/com/nyora/hasan72341/databinding/ActivityBrowserBinding.java, /Users/hasanraza/Desktop/kotatsu/Nyora/nyora-android/app/build/generated/data_binding_base_class_source_out/debug/out/com/nyora/hasan72341/databinding/ItemHeaderBinding.java, /Users/hasanraza/Desktop/kotatsu/Nyora/nyora-android/app/build/generated/data_binding_base_class_source_out/debug/out/com/nyora/hasan72341/databinding/ItemPageThumbBinding.java, /Users/hasanraza/Desktop/kotatsu/Nyora/nyora-android/app/build/generated/data_binding_base_class_source_out/debug/out/com/nyora/hasan72341/databinding/FragmentMangaBookmarksBinding.java, /Users/hasanraza/Desktop/kotatsu/Nyora/nyora-android/app/build/generated/data_binding_base_class_source_out/debug/out/com/nyora/hasan72341/databinding/ItemSourcesEmptyBinding.java, /Users/hasanraza/Desktop/kotatsu/Nyora/nyora-android/app/build/generated/data_binding_base_class_source_out/debug/out/com/nyora/hasan72341/databinding/ItemScrobblingMangaBinding.java, /Users/hasanraza/Desktop/kotatsu/Nyora/nyora-android/app/build/generated/data_binding_base_class_source_out/debug/out/com/nyora/hasan72341/databinding/ItemChapterBinding.java, /Users/hasanraza/Desktop/kotatsu/Nyora/nyora-android/app/build/generated/data_binding_base_class_source_out/debug/out/com/nyora/hasan72341/databinding/ItemChapterGridBinding.java, /Users/hasanraza/Desktop/kotatsu/Nyora/nyora-android/app/build/generated/data_binding_base_class_source_out/debug/out/com/nyora/hasan72341/databinding/FragmentFilterHeaderBinding.java, /Users/hasanraza/Desktop/kotatsu/Nyora/nyora-android/app/build/generated/data_binding_base_class_source_out/debug/out/com/nyora/hasan72341/databinding/ItemSearchSuggestionSourceBinding.java, /Users/hasanraza/Desktop/kotatsu/Nyora/nyora-android/app/build/generated/data_binding_base_class_source_out/debug/out/com/nyora/hasan72341/databinding/ActivityExtensionDownloaderBinding.java, /Users/hasanraza/Desktop/kotatsu/Nyora/nyora-android/app/build/generated/data_binding_base_class_source_out/debug/out/com/nyora/hasan72341/databinding/ActivityCategoriesBinding.java, /Users/hasanraza/Desktop/kotatsu/Nyora/nyora-android/app/build/generated/data_binding_base_class_source_out/debug/out/com/nyora/hasan72341/databinding/PreferenceSliderBinding.java, /Users/hasanraza/Desktop/kotatsu/Nyora/nyora-android/app/build/generated/data_binding_base_class_source_out/debug/out/com/nyora/hasan72341/databinding/PreferenceToggleHeaderBinding.java, /Users/hasanraza/Desktop/kotatsu/Nyora/nyora-android/app/build/generated/data_binding_base_class_source_out/debug/out/com/nyora/hasan72341/databinding/ItemEmptyHintBinding.java, /Users/hasanraza/Desktop/kotatsu/Nyora/nyora-android/app/build/generated/data_binding_base_class_source_out/debug/out/com/nyora/hasan72341/databinding/DialogFavoriteBinding.java, /Users/hasanraza/Desktop/kotatsu/Nyora/nyora-android/app/build/generated/data_binding_base_class_source_out/debug/out/com/nyora/hasan72341/databinding/ActivityStatsBinding.java, /Users/hasanraza/Desktop/kotatsu/Nyora/nyora-android/app/build/generated/data_binding_base_class_source_out/debug/out/com/nyora/hasan72341/databinding/ItemChapterDownloadBinding.java, /Users/hasanraza/Desktop/kotatsu/Nyora/nyora-android/app/build/generated/data_binding_base_class_source_out/debug/out/com/nyora/hasan72341/databinding/DialogProgressBinding.java, /Users/hasanraza/Desktop/kotatsu/Nyora/nyora-android/app/build/generated/data_binding_base_class_source_out/debug/out/com/nyora/hasan72341/databinding/ViewTipBinding.java, /Users/hasanraza/Desktop/kotatsu/Nyora/nyora-android/app/build/generated/data_binding_base_class_source_out/debug/out/com/nyora/hasan72341/databinding/ItemExploreGenreTileBinding.java, /Users/hasanraza/Desktop/kotatsu/Nyora/nyora-android/app/build/generated/data_binding_base_class_source_out/debug/out/com/nyora/hasan72341/databinding/ItemCategoryCheckableBinding.java, /Users/hasanraza/Desktop/kotatsu/Nyora/nyora-android/app/build/generated/data_binding_base_class_source_out/debug/out/com/nyora/hasan72341/databinding/ViewFilterFieldBinding.java, /Users/hasanraza/Desktop/kotatsu/Nyora/nyora-android/app/build/generated/data_binding_base_class_source_out/debug/out/com/nyora/hasan72341/databinding/DialogImportBinding.java, /Users/hasanraza/Desktop/kotatsu/Nyora/nyora-android/app/build/generated/data_binding_base_class_source_out/debug/out/com/nyora/hasan72341/databinding/ItemSearchSuggestionTextBinding.java, /Users/hasanraza/Desktop/kotatsu/Nyora/nyora-android/app/build/generated/data_binding_base_class_source_out/debug/out/com/nyora/hasan72341/databinding/ItemCategoryCheckableMultipleBinding.java, /Users/hasanraza/Desktop/kotatsu/Nyora/nyora-android/app/build/generated/data_binding_base_class_source_out/debug/out/com/nyora/hasan72341/databinding/ActivitySearchBinding.java, /Users/hasanraza/Desktop/kotatsu/Nyora/nyora-android/app/build/generated/data_binding_base_class_source_out/debug/out/com/nyora/hasan72341/databinding/ActivityReaderTapActionsBinding.java, /Users/hasanraza/Desktop/kotatsu/Nyora/nyora-android/app/build/generated/data_binding_base_class_source_out/debug/out/com/nyora/hasan72341/databinding/ItemNavConfigBinding.java, /Users/hasanraza/Desktop/kotatsu/Nyora/nyora-android/app/build/generated/data_binding_base_class_source_out/debug/out/com/nyora/hasan72341/databinding/ItemRecommendationMangaBinding.java, /Users/hasanraza/Desktop/kotatsu/Nyora/nyora-android/app/build/generated/data_binding_base_class_source_out/debug/out/com/nyora/hasan72341/databinding/ItemStorageBinding.java, /Users/hasanraza/Desktop/kotatsu/Nyora/nyora-android/app/build/generated/data_binding_base_class_source_out/debug/out/com/nyora/hasan72341/databinding/ItemExploreSourceListBinding.java, /Users/hasanraza/Desktop/kotatsu/Nyora/nyora-android/app/build/generated/data_binding_base_class_source_out/debug/out/com/nyora/hasan72341/databinding/ItemDiscoverHeroBinding.java, /Users/hasanraza/Desktop/kotatsu/Nyora/nyora-android/app/build/generated/data_binding_base_class_source_out/debug/out/com/nyora/hasan72341/databinding/ItemCategoryBinding.java, /Users/hasanraza/Desktop/kotatsu/Nyora/nyora-android/app/build/generated/data_binding_base_class_source_out/debug/out/com/nyora/hasan72341/databinding/SheetFilterBinding.java, /Users/hasanraza/Desktop/kotatsu/Nyora/nyora-android/app/build/generated/data_binding_base_class_source_out/debug/out/com/nyora/hasan72341/databinding/ItemHistoryStatsSourceBinding.java, /Users/hasanraza/Desktop/kotatsu/Nyora/nyora-android/app/build/generated/data_binding_base_class_source_out/debug/out/com/nyora/hasan72341/databinding/ActivityMainBinding.java, /Users/hasanraza/Desktop/kotatsu/Nyora/nyora-android/app/build/generated/data_binding_base_class_source_out/debug/out/com/nyora/hasan72341/databinding/ItemMangaListBinding.java, /Users/hasanraza/Desktop/kotatsu/Nyora/nyora-android/app/build/generated/data_binding_base_class_source_out/debug/out/com/nyora/hasan72341/databinding/ItemMangaAlternativeBinding.java, /Users/hasanraza/Desktop/kotatsu/Nyora/nyora-android/app/build/generated/data_binding_base_class_source_out/debug/out/com/nyora/hasan72341/databinding/ItemShelfBinding.java, /Users/hasanraza/Desktop/kotatsu/Nyora/nyora-android/app/build/generated/data_binding_base_class_source_out/debug/out/com/nyora/hasan72341/databinding/SheetTagsBinding.java, /Users/hasanraza/Desktop/kotatsu/Nyora/nyora-android/app/build/generated/data_binding_base_class_source_out/debug/out/com/nyora/hasan72341/databinding/ItemSourceCatalogBinding.java, /Users/hasanraza/Desktop/kotatsu/Nyora/nyora-android/app/build/generated/data_binding_base_class_source_out/debug/out/com/nyora/hasan72341/databinding/ViewTwoLinesItemBinding.java, /Users/hasanraza/Desktop/kotatsu/Nyora/nyora-android/app/build/generated/data_binding_base_class_source_out/debug/out/com/nyora/hasan72341/databinding/SheetListModeBinding.java, /Users/hasanraza/Desktop/kotatsu/Nyora/nyora-android/app/build/generated/data_binding_base_class_source_out/debug/out/com/nyora/hasan72341/databinding/DialogErrorDetailsBinding.java, /Users/hasanraza/Desktop/kotatsu/Nyora/nyora-android/app/build/generated/data_binding_base_class_source_out/debug/out/com/nyora/hasan72341/databinding/LayoutPreferenceCategoryGroupedBinding.java, /Users/hasanraza/Desktop/kotatsu/Nyora/nyora-android/app/build/generated/data_binding_base_class_source_out/debug/out/com/nyora/hasan72341/databinding/ItemSearchSuggestionTagsBinding.java, /Users/hasanraza/Desktop/kotatsu/Nyora/nyora-android/app/build/generated/data_binding_base_class_source_out/debug/out/com/nyora/hasan72341/databinding/ItemDiscoverRailShimmerBinding.java, /Users/hasanraza/Desktop/kotatsu/Nyora/nyora-android/app/build/generated/data_binding_base_class_source_out/debug/out/com/nyora/hasan72341/databinding/PreferenceDialogMultiautocompletetextviewBinding.java, /Users/hasanraza/Desktop/kotatsu/Nyora/nyora-android/app/build/generated/data_binding_base_class_source_out/debug/out/com/nyora/hasan72341/databinding/DialogDownloadBinding.java, /Users/hasanraza/Desktop/kotatsu/Nyora/nyora-android/app/build/generated/data_binding_base_class_source_out/debug/out/com/nyora/hasan72341/databinding/ActivityImageBinding.java, /Users/hasanraza/Desktop/kotatsu/Nyora/nyora-android/app/build/generated/data_binding_base_class_source_out/debug/out/com/nyora/hasan72341/databinding/SheetChaptersPagesBinding.java, /Users/hasanraza/Desktop/kotatsu/Nyora/nyora-android/app/build/generated/data_binding_base_class_source_out/debug/out/com/nyora/hasan72341/databinding/ItemExploreSearchHeroBinding.java, /Users/hasanraza/Desktop/kotatsu/Nyora/nyora-android/app/build/generated/data_binding_base_class_source_out/debug/out/com/nyora/hasan72341/databinding/ItemQuickFilterBinding.java, /Users/hasanraza/Desktop/kotatsu/Nyora/nyora-android/app/build/generated/data_binding_base_class_source_out/debug/out/com/nyora/hasan72341/databinding/ActivityDetailsBinding.java, /Users/hasanraza/Desktop/kotatsu/Nyora/nyora-android/app/build/generated/data_binding_base_class_source_out/debug/out/com/nyora/hasan72341/databinding/WidgetRecentBinding.java, /Users/hasanraza/Desktop/kotatsu/Nyora/nyora-android/app/build/generated/data_binding_base_class_source_out/debug/out/com/nyora/hasan72341/databinding/ActivityCategoryEditBinding.java, /Users/hasanraza/Desktop/kotatsu/Nyora/nyora-android/app/build/generated/data_binding_base_class_source_out/debug/out/com/nyora/hasan72341/databinding/FragmentListBinding.java, /Users/hasanraza/Desktop/kotatsu/Nyora/nyora-android/app/build/generated/data_binding_base_class_source_out/debug/out/com/nyora/hasan72341/databinding/ItemCheckableMultipleBinding.java, /Users/hasanraza/Desktop/kotatsu/Nyora/nyora-android/app/build/generated/data_binding_base_class_source_out/debug/out/com/nyora/hasan72341/databinding/FragmentChaptersBinding.java, /Users/hasanraza/Desktop/kotatsu/Nyora/nyora-android/app/build/generated/data_binding_base_class_source_out/debug/out/com/nyora/hasan72341/databinding/ItemButtonFooterBinding.java, /Users/hasanraza/Desktop/kotatsu/Nyora/nyora-android/app/build/generated/data_binding_base_class_source_out/debug/out/com/nyora/hasan72341/databinding/LayoutReaderActionsBinding.java, /Users/hasanraza/Desktop/kotatsu/Nyora/nyora-android/app/build/generated/data_binding_base_class_source_out/debug/out/com/nyora/hasan72341/databinding/PreferenceMemoryUsageBinding.java, /Users/hasanraza/Desktop/kotatsu/Nyora/nyora-android/app/build/generated/data_binding_base_class_source_out/debug/out/com/nyora/hasan72341/databinding/FragmentComposeBinding.java, /Users/hasanraza/Desktop/kotatsu/Nyora/nyora-android/app/build/generated/data_binding_base_class_source_out/debug/out/com/nyora/hasan72341/databinding/ItemNavAvailableBinding.java, /Users/hasanraza/Desktop/kotatsu/Nyora/nyora-android/app/build/generated/data_binding_base_class_source_out/debug/out/com/nyora/hasan72341/databinding/ItemLoadingFooterBinding.java, /Users/hasanraza/Desktop/kotatsu/Nyora/nyora-android/app/build/generated/data_binding_base_class_source_out/debug/out/com/nyora/hasan72341/databinding/ItemSearchSuggestionMangaGridBinding.java, /Users/hasanraza/Desktop/kotatsu/Nyora/nyora-android/app/build/generated/data_binding_base_class_source_out/debug/out/com/nyora/hasan72341/databinding/ItemErrorStateBinding.java, /Users/hasanraza/Desktop/kotatsu/Nyora/nyora-android/app/build/generated/data_binding_base_class_source_out/debug/out/com/nyora/hasan72341/databinding/DialogCheckboxBinding.java, /Users/hasanraza/Desktop/kotatsu/Nyora/nyora-android/app/build/generated/data_binding_base_class_source_out/debug/out/com/nyora/hasan72341/databinding/SheetBaseBinding.java, /Users/hasanraza/Desktop/kotatsu/Nyora/nyora-android/app/build/generated/data_binding_base_class_source_out/debug/out/com/nyora/hasan72341/databinding/ActivityProtectBinding.java, /Users/hasanraza/Desktop/kotatsu/Nyora/nyora-android/app/build/generated/data_binding_base_class_source_out/debug/out/com/nyora/hasan72341/databinding/LayoutPageInfoBinding.java, /Users/hasanraza/Desktop/kotatsu/Nyora/nyora-android/app/build/generated/data_binding_base_class_source_out/debug/out/com/nyora/hasan72341/databinding/ItemCategoriesAllBinding.java, /Users/hasanraza/Desktop/kotatsu/Nyora/nyora-android/app/build/generated/data_binding_base_class_source_out/debug/out/com/nyora/hasan72341/databinding/ItemRecentBinding.java, /Users/hasanraza/Desktop/kotatsu/Nyora/nyora-android/app/build/generated/data_binding_base_class_source_out/debug/out/com/nyora/hasan72341/databinding/ItemBookmarkLargeBinding.java, /Users/hasanraza/Desktop/kotatsu/Nyora/nyora-android/app/build/generated/data_binding_base_class_source_out/debug/out/com/nyora/hasan72341/databinding/WidgetShelfBinding.java, /Users/hasanraza/Desktop/kotatsu/Nyora/nyora-android/app/build/generated/data_binding_base_class_source_out/debug/out/com/nyora/hasan72341/databinding/ItemExploreGenresBinding.java, /Users/hasanraza/Desktop/kotatsu/Nyora/nyora-android/app/build/generated/data_binding_base_class_source_out/debug/out/com/nyora/hasan72341/databinding/FragmentReaderPagerBinding.java, /Users/hasanraza/Desktop/kotatsu/Nyora/nyora-android/app/build/generated/data_binding_base_class_source_out/debug/out/com/nyora/hasan72341/databinding/ItemCategoryCheckableSingleBinding.java, /Users/hasanraza/Desktop/kotatsu/Nyora/nyora-android/app/build/generated/data_binding_base_class_source_out/debug/out/com/nyora/hasan72341/databinding/SheetWelcomeBinding.java, /Users/hasanraza/Desktop/kotatsu/Nyora/nyora-android/app/build/generated/data_binding_base_class_source_out/debug/out/com/nyora/hasan72341/databinding/FragmentReaderWebtoonBinding.java, /Users/hasanraza/Desktop/kotatsu/Nyora/nyora-android/app/build/generated/data_binding_base_class_source_out/debug/out/com/nyora/hasan72341/databinding/ItemSourceConfigBinding.java, /Users/hasanraza/Desktop/kotatsu/Nyora/nyora-android/app/build/generated/data_binding_base_class_source_out/debug/out/com/nyora/hasan72341/databinding/ActivityMangaListBinding.java, /Users/hasanraza/Desktop/kotatsu/Nyora/nyora-android/app/build/generated/data_binding_base_class_source_out/debug/out/com/nyora/hasan72341/databinding/ActivityContainerBinding.java, /Users/hasanraza/Desktop/kotatsu/Nyora/nyora-android/app/build/generated/data_binding_base_class_source_out/debug/out/com/nyora/hasan72341/databinding/ItemExploreButtonsBinding.java, /Users/hasanraza/Desktop/kotatsu/Nyora/nyora-android/app/build/generated/data_binding_base_class_source_out/debug/out/com/nyora/hasan72341/databinding/NavigationRailFabBinding.java, /Users/hasanraza/Desktop/kotatsu/Nyora/nyora-android/app/build/generated/data_binding_base_class_source_out/debug/out/com/nyora/hasan72341/databinding/FragmentExploreBinding.java, /Users/hasanraza/Desktop/kotatsu/Nyora/nyora-android/app/build/generated/data_binding_base_class_source_out/debug/out/com/nyora/hasan72341/databinding/FragmentSearchSuggestionBinding.java, /Users/hasanraza/Desktop/kotatsu/Nyora/nyora-android/app/build/generated/data_binding_base_class_source_out/debug/out/com/nyora/hasan72341/databinding/ActivityScrobblerConfigBinding.java, /Users/hasanraza/Desktop/kotatsu/Nyora/nyora-android/app/build/generated/data_binding_base_class_source_out/debug/out/com/nyora/hasan72341/databinding/FragmentPagesBinding.java, /Users/hasanraza/Desktop/kotatsu/Nyora/nyora-android/app/build/generated/data_binding_base_class_source_out/debug/out/com/nyora/hasan72341/databinding/ItemPreferenceGroupedBinding.java, /Users/hasanraza/Desktop/kotatsu/Nyora/nyora-android/app/build/generated/data_binding_base_class_source_out/debug/out/com/nyora/hasan72341/databinding/ActivityAppUpdateBinding.java, /Users/hasanraza/Desktop/kotatsu/Nyora/nyora-android/app/build/generated/data_binding_base_class_source_out/debug/out/com/nyora/hasan72341/databinding/ItemCheckableNewBinding.java, /Users/hasanraza/Desktop/kotatsu/Nyora/nyora-android/app/build/generated/data_binding_base_class_source_out/debug/out/com/nyora/hasan72341/databinding/FragmentDiscoverBinding.java, /Users/hasanraza/Desktop/kotatsu/Nyora/nyora-android/app/build/generated/data_binding_base_class_source_out/debug/out/com/nyora/hasan72341/databinding/ItemStorageConfig2Binding.java, /Users/hasanraza/Desktop/kotatsu/Nyora/nyora-android/app/build/generated/data_binding_base_class_source_out/debug/out/com/nyora/hasan72341/databinding/DialogDirectorySelectBinding.java, /Users/hasanraza/Desktop/kotatsu/Nyora/nyora-android/app/build/generated/data_binding_base_class_source_out/debug/out/com/nyora/hasan72341/databinding/ItemFeedBinding.java, /Users/hasanraza/Desktop/kotatsu/Nyora/nyora-android/app/build/generated/data_binding_base_class_source_out/debug/out/com/nyora/hasan72341/databinding/ItemStorageConfigBinding.java, /Users/hasanraza/Desktop/kotatsu/Nyora/nyora-android/app/build/generated/data_binding_base_class_source_out/debug/out/com/nyora/hasan72341/databinding/ActivitySetupProtectBinding.java, /Users/hasanraza/Desktop/kotatsu/Nyora/nyora-android/app/build/generated/data_binding_base_class_source_out/debug/out/com/nyora/hasan72341/databinding/ItemSearchSuggestionQueryHintBinding.java, /Users/hasanraza/Desktop/kotatsu/Nyora/nyora-android/app/build/generated/data_binding_base_class_source_out/debug/out/com/nyora/hasan72341/databinding/ActivityKitsuAuthBinding.java, /Users/hasanraza/Desktop/kotatsu/Nyora/nyora-android/app/build/generated/data_binding_base_class_source_out/debug/out/com/nyora/hasan72341/databinding/ActivityPickerBinding.java, /Users/hasanraza/Desktop/kotatsu/Nyora/nyora-android/app/build/generated/data_binding_base_class_source_out/debug/out/com/nyora/hasan72341/databinding/ItemDownloadBinding.java, /Users/hasanraza/Desktop/kotatsu/Nyora/nyora-android/app/build/generated/data_binding_base_class_source_out/debug/out/com/nyora/hasan72341/databinding/PreferenceAccountHeaderBinding.java, /Users/hasanraza/Desktop/kotatsu/Nyora/nyora-android/app/build/generated/data_binding_base_class_source_out/debug/out/com/nyora/hasan72341/databinding/ItemDiscoverRailCardBinding.java, /Users/hasanraza/Desktop/kotatsu/Nyora/nyora-android/app/build/generated/data_binding_base_class_source_out/debug/out/com/nyora/hasan72341/databinding/ItemLoadingStateBinding.java, /Users/hasanraza/Desktop/kotatsu/Nyora/nyora-android/app/build/generated/data_binding_base_class_source_out/debug/out/com/nyora/hasan72341/databinding/LayoutDetailsTableBinding.java, /Users/hasanraza/Desktop/kotatsu/Nyora/nyora-android/app/build/generated/data_binding_base_class_source_out/debug/out/com/nyora/hasan72341/databinding/ActivityOverrideEditBinding.java, /Users/hasanraza/Desktop/kotatsu/Nyora/nyora-android/app/build/generated/data_binding_base_class_source_out/debug/out/com/nyora/hasan72341/databinding/SheetReaderConfigBinding.java, /Users/hasanraza/Desktop/kotatsu/Nyora/nyora-android/app/build/generated/data_binding_base_class_source_out/debug/out/com/nyora/hasan72341/databinding/LayoutSheetHeaderAdaptiveBinding.java, /Users/hasanraza/Desktop/kotatsu/Nyora/nyora-android/app/build/generated/data_binding_base_class_source_out/debug/out/com/nyora/hasan72341/databinding/ItemPageWebtoonBinding.java, /Users/hasanraza/Desktop/kotatsu/Nyora/nyora-android/app/build/generated/data_binding_base_class_source_out/debug/out/com/nyora/hasan72341/databinding/FragmentFavouritesContainerBinding.java, /Users/hasanraza/Desktop/kotatsu/Nyora/nyora-android/app/build/generated/data_binding_base_class_source_out/debug/out/com/nyora/hasan72341/databinding/ItemExtensionBinding.java, /Users/hasanraza/Desktop/kotatsu/Nyora/nyora-android/app/build/generated/data_binding_base_class_source_out/debug/out/com/nyora/hasan72341/databinding/ActivitySourcesCatalogBinding.java, /Users/hasanraza/Desktop/kotatsu/Nyora/nyora-android/app/build/generated/data_binding_base_class_source_out/debug/out/com/nyora/hasan72341/databinding/ItemMangaGridBinding.java, /Users/hasanraza/Desktop/kotatsu/Nyora/nyora-android/app/build/generated/data_binding_base_class_source_out/debug/out/com/nyora/hasan72341/databinding/ItemTrackDebugBinding.java, /Users/hasanraza/Desktop/kotatsu/Nyora/nyora-android/app/build/generated/data_binding_base_class_source_out/debug/out/com/nyora/hasan72341/databinding/ItemStatsBinding.java, /Users/hasanraza/Desktop/kotatsu/Nyora/nyora-android/app/build/generated/data_binding_base_class_source_out/debug/out/com/nyora/hasan72341/databinding/ActivityMangaDirectoriesBinding.java, /Users/hasanraza/Desktop/kotatsu/Nyora/nyora-android/app/build/generated/data_binding_base_class_source_out/debug/out/com/nyora/hasan72341/databinding/ItemExploreSourceGridBinding.java, /Users/hasanraza/Desktop/kotatsu/Nyora/nyora-android/app/build/generated/data_binding_base_class_source_out/debug/out/com/nyora/hasan72341/databinding/SheetScrobblingSelectorBinding.java
Script source files: 
Script file extensions: 
Using Kotlin/JVM incremental compilation
[KOTLIN] Kotlin compilation 'jdkHome' argument: null
Options for KOTLIN DAEMON: IncrementalCompilationOptions(super=CompilationOptions(compilerMode=INCREMENTAL_COMPILER, targetPlatform=JVM, reportCategories=[0, 3], reportSeverity=2, requestedCompilationResults=[0], kotlinScriptExtensions=[]), sourceChanges=org.jetbrains.kotlin.buildtools.api.SourcesChanges$Known@491394f8, classpathChanges=NoChanges, workingDir=/Users/hasanraza/Desktop/kotatsu/Nyora/nyora-android/app/build/kotlin/compileDebugKotlin/cacheable, multiModuleICSettings=MultiModuleICSettings(buildHistoryFile=/Users/hasanraza/Desktop/kotatsu/Nyora/nyora-android/app/build/kotlin/compileDebugKotlin/local-state/build-history.bin, useModuleDetection=true), icFeatures=IncrementalCompilationFeatures(usePreciseJavaTracking=true, withAbiSnapshot=false, preciseCompilationResultsBackup=true, keepIncrementalCompilationCachesInMemory=true, enableUnsafeIncrementalCompilationForMultiplatform=false, enableMonotonousIncrementalCompileSetExpansion=true), outputFiles=[/Users/hasanraza/Desktop/kotatsu/Nyora/nyora-android/app/build/tmp/kotlin-classes/debug, /Users/hasanraza/Desktop/kotatsu/Nyora/nyora-android/app/build/kotlin/compileDebugKotlin/cacheable, /Users/hasanraza/Desktop/kotatsu/Nyora/nyora-android/app/build/kotlin/compileDebugKotlin/local-state])
e: file:///Users/hasanraza/Desktop/kotatsu/Nyora/nyora-android/app/src/main/kotlin/com/nyora/hasan72341/history/ui/HistoryListViewModel.kt:96:25 None of the following candidates is applicable:
fun <T1, T2, T3, T4, T5, R> combine(flow: Flow<T1>, flow2: Flow<T2>, flow3: Flow<T3>, flow4: Flow<T4>, flow5: Flow<T5>, transform: suspend (T1, T2, T3, T4, T5) -> R): Flow<R>
fun <reified T, R> combine(vararg flows: Flow<T>, crossinline transform: suspend (Array<T>) -> R): Flow<R>
e: file:///Users/hasanraza/Desktop/kotatsu/Nyora/nyora-android/app/src/main/kotlin/com/nyora/hasan72341/history/ui/HistoryListViewModel.kt:102:6 Cannot infer type for this parameter. Specify it explicitly.
e: file:///Users/hasanraza/Desktop/kotatsu/Nyora/nyora-android/app/src/main/kotlin/com/nyora/hasan72341/history/ui/HistoryListViewModel.kt:102:6 Function 'component1()' is ambiguous for this expression: 
fun <T> Array<out T>.component1(): T
fun ByteArray.component1(): Byte
fun ShortArray.component1(): Short
fun IntArray.component1(): Int
fun LongArray.component1(): Long
fun FloatArray.component1(): Float
fun DoubleArray.component1(): Double
fun BooleanArray.component1(): Boolean
fun CharArray.component1(): Char
fun <T> List<T>.component1(): T
fun <K, V> Map.Entry<K, V>.component1(): K
fun UIntArray.component1(): UInt
fun ULongArray.component1(): ULong
fun UByteArray.component1(): UByte
fun UShortArray.component1(): UShort.
e: file:///Users/hasanraza/Desktop/kotatsu/Nyora/nyora-android/app/src/main/kotlin/com/nyora/hasan72341/history/ui/HistoryListViewModel.kt:102:6 Function 'component2()' is ambiguous for this expression: 
fun <T> Array<out T>.component2(): T
fun ByteArray.component2(): Byte
fun ShortArray.component2(): Short
fun IntArray.component2(): Int
fun LongArray.component2(): Long
fun FloatArray.component2(): Float
fun DoubleArray.component2(): Double
fun BooleanArray.component2(): Boolean
fun CharArray.component2(): Char
fun <T> List<T>.component2(): T
fun <K, V> Map.Entry<K, V>.component2(): V
fun UIntArray.component2(): UInt
fun ULongArray.component2(): ULong
fun UByteArray.component2(): UByte
fun UShortArray.component2(): UShort.
e: file:///Users/hasanraza/Desktop/kotatsu/Nyora/nyora-android/app/src/main/kotlin/com/nyora/hasan72341/history/ui/HistoryListViewModel.kt:102:6 Function 'component3()' is ambiguous for this expression: 
fun <T> Array<out T>.component3(): T
fun ByteArray.component3(): Byte
fun ShortArray.component3(): Short
fun IntArray.component3(): Int
fun LongArray.component3(): Long
fun FloatArray.component3(): Float
fun DoubleArray.component3(): Double
fun BooleanArray.component3(): Boolean
fun CharArray.component3(): Char
fun <T> List<T>.component3(): T
fun UIntArray.component3(): UInt
fun ULongArray.component3(): ULong
fun UByteArray.component3(): UByte
fun UShortArray.component3(): UShort.
e: file:///Users/hasanraza/Desktop/kotatsu/Nyora/nyora-android/app/src/main/kotlin/com/nyora/hasan72341/history/ui/HistoryListViewModel.kt:102:32 Cannot infer type for this parameter. Specify it explicitly.
e: file:///Users/hasanraza/Desktop/kotatsu/Nyora/nyora-android/app/src/main/kotlin/com/nyora/hasan72341/history/ui/HistoryListViewModel.kt:102:38 Cannot infer type for this parameter. Specify it explicitly.
e: file:///Users/hasanraza/Desktop/kotatsu/Nyora/nyora-android/app/src/main/kotlin/com/nyora/hasan72341/history/ui/HistoryListViewModel.kt:103:3 Suspend function 'suspend fun mapList(list: List<MangaWithHistory>, grouped: Boolean, mode: ListMode, filters: Set<ListFilterOption>, isIncognito: Boolean): List<ListModel>' can only be called from a coroutine or another suspend function.
e: file:///Users/hasanraza/Desktop/kotatsu/Nyora/nyora-android/app/src/main/kotlin/com/nyora/hasan72341/history/ui/HistoryListViewModel.kt:104:4 Cannot infer type for this parameter. Specify it explicitly.
e: file:///Users/hasanraza/Desktop/kotatsu/Nyora/nyora-android/app/src/main/kotlin/com/nyora/hasan72341/history/ui/HistoryListViewModel.kt:104:4 'fun <T> StateFlow<T>.distinctUntilChanged(): Flow<T>' is deprecated. Applying 'distinctUntilChanged' to StateFlow has no effect. See the StateFlow documentation on Operator Fusion.
e: file:///Users/hasanraza/Desktop/kotatsu/Nyora/nyora-android/app/src/main/kotlin/com/nyora/hasan72341/history/ui/HistoryListViewModel.kt:104:4 Not enough information to infer type argument for 'T'.
e: file:///Users/hasanraza/Desktop/kotatsu/Nyora/nyora-android/app/src/main/kotlin/com/nyora/hasan72341/history/ui/HistoryListViewModel.kt:104:27 Cannot infer type for this parameter. Specify it explicitly.
e: file:///Users/hasanraza/Desktop/kotatsu/Nyora/nyora-android/app/src/main/kotlin/com/nyora/hasan72341/history/ui/HistoryListViewModel.kt:104:27 Not enough information to infer type argument for 'T'.
e: file:///Users/hasanraza/Desktop/kotatsu/Nyora/nyora-android/app/src/main/kotlin/com/nyora/hasan72341/history/ui/HistoryListViewModel.kt:104:34 Cannot infer type for this parameter. Specify it explicitly.
Finished executing kotlin compiler using DAEMON strategy
Restoring task outputs to pre-compilation state
Resolve mutations for :app:copyRoomSchemas (Thread[#4569,Execution worker Thread 6,5,main]) started.
:app:copyRoomSchemas (Thread[#4569,Execution worker Thread 6,5,main]) started.

> Task :app:copyRoomSchemas NO-SOURCE
Skipping task ':app:copyRoomSchemas' as it has no source files and no previous output files.
Build b75dc078-795d-418a-94d6-8b57c8e27b42 is closed

FAILURE: Build failed with an exception.

* What went wrong:
Execution failed for task ':app:compileDebugKotlin'.
> A failure occurred while executing org.jetbrains.kotlin.compilerRunner.GradleCompilerRunnerWithWorkers$GradleKotlinCompilerWorkAction
   > Compilation error. See log for more details

* Try:
> Run with --debug option to get more log output.
> Run with --scan to get full insights from a Build Scan (powered by Develocity).
> Get more help at https://help.gradle.org.

* Exception is:
org.gradle.api.tasks.TaskExecutionException: Execution failed for task ':app:compileDebugKotlin'.
	at org.gradle.api.internal.tasks.execution.ExecuteActionsTaskExecuter.lambda$executeIfValid$1(ExecuteActionsTaskExecuter.java:135)
	at org.gradle.internal.Try$Failure.ifSuccessfulOrElse(Try.java:288)
	at org.gradle.api.internal.tasks.execution.ExecuteActionsTaskExecuter.executeIfValid(ExecuteActionsTaskExecuter.java:133)
	at org.gradle.api.internal.tasks.execution.ExecuteActionsTaskExecuter.execute(ExecuteActionsTaskExecuter.java:121)
	at org.gradle.api.internal.tasks.execution.ProblemsTaskPathTrackingTaskExecuter.execute(ProblemsTaskPathTrackingTaskExecuter.java:41)
	at org.gradle.api.internal.tasks.execution.FinalizePropertiesTaskExecuter.execute(FinalizePropertiesTaskExecuter.java:46)
	at org.gradle.api.internal.tasks.execution.ResolveTaskExecutionModeExecuter.execute(ResolveTaskExecutionModeExecuter.java:51)
	at org.gradle.api.internal.tasks.execution.SkipTaskWithNoActionsExecuter.execute(SkipTaskWithNoActionsExecuter.java:57)
	at org.gradle.api.internal.tasks.execution.SkipOnlyIfTaskExecuter.execute(SkipOnlyIfTaskExecuter.java:74)
	at org.gradle.api.internal.tasks.execution.CatchExceptionTaskExecuter.execute(CatchExceptionTaskExecuter.java:36)
	at org.gradle.api.internal.tasks.execution.EventFiringTaskExecuter$1.executeTask(EventFiringTaskExecuter.java:77)
	at org.gradle.api.internal.tasks.execution.EventFiringTaskExecuter$1.call(EventFiringTaskExecuter.java:55)
	at org.gradle.api.internal.tasks.execution.EventFiringTaskExecuter$1.call(EventFiringTaskExecuter.java:52)
	at org.gradle.internal.operations.DefaultBuildOperationRunner$CallableBuildOperationWorker.execute(DefaultBuildOperationRunner.java:209)
	at org.gradle.internal.operations.DefaultBuildOperationRunner$CallableBuildOperationWorker.execute(DefaultBuildOperationRunner.java:204)
	at org.gradle.internal.operations.DefaultBuildOperationRunner$2.execute(DefaultBuildOperationRunner.java:66)
	at org.gradle.internal.operations.DefaultBuildOperationRunner$2.execute(DefaultBuildOperationRunner.java:59)
	at org.gradle.internal.operations.DefaultBuildOperationRunner.execute(DefaultBuildOperationRunner.java:166)
	at org.gradle.internal.operations.DefaultBuildOperationRunner.execute(DefaultBuildOperationRunner.java:59)
	at org.gradle.internal.operations.DefaultBuildOperationRunner.call(DefaultBuildOperationRunner.java:53)
	at org.gradle.api.internal.tasks.execution.EventFiringTaskExecuter.execute(EventFiringTaskExecuter.java:52)
	at org.gradle.execution.plan.DefaultNodeExecutor.executeLocalTaskNode(DefaultNodeExecutor.java:55)
	at org.gradle.execution.plan.DefaultNodeExecutor.execute(DefaultNodeExecutor.java:34)
	at org.gradle.execution.taskgraph.DefaultTaskExecutionGraph$InvokeNodeExecutorsAction.execute(DefaultTaskExecutionGraph.java:355)
	at org.gradle.execution.taskgraph.DefaultTaskExecutionGraph$InvokeNodeExecutorsAction.execute(DefaultTaskExecutionGraph.java:343)
	at org.gradle.execution.taskgraph.DefaultTaskExecutionGraph$BuildOperationAwareExecutionAction.lambda$execute$0(DefaultTaskExecutionGraph.java:339)
	at org.gradle.internal.operations.CurrentBuildOperationRef.with(CurrentBuildOperationRef.java:84)
	at org.gradle.execution.taskgraph.DefaultTaskExecutionGraph$BuildOperationAwareExecutionAction.execute(DefaultTaskExecutionGraph.java:339)
	at org.gradle.execution.taskgraph.DefaultTaskExecutionGraph$BuildOperationAwareExecutionAction.execute(DefaultTaskExecutionGraph.java:328)
	at org.gradle.execution.plan.DefaultPlanExecutor$ExecutorWorker.execute(DefaultPlanExecutor.java:459)
	at org.gradle.execution.plan.DefaultPlanExecutor$ExecutorWorker.run(DefaultPlanExecutor.java:376)
	at org.gradle.internal.concurrent.ExecutorPolicy$CatchAndRecordFailures.onExecute(ExecutorPolicy.java:64)
	at org.gradle.internal.concurrent.AbstractManagedExecutor$1.run(AbstractManagedExecutor.java:47)
Caused by: org.gradle.workers.internal.DefaultWorkerExecutor$WorkExecutionException: A failure occurred while executing org.jetbrains.kotlin.compilerRunner.GradleCompilerRunnerWithWorkers$GradleKotlinCompilerWorkAction
	at org.gradle.workers.internal.DefaultWorkerExecutor$WorkItemExecution.waitForCompletion(DefaultWorkerExecutor.java:289)
	at org.gradle.internal.work.DefaultAsyncWorkTracker.lambda$waitForItemsAndGatherFailures$2(DefaultAsyncWorkTracker.java:130)
	at org.gradle.internal.Factories$1.create(Factories.java:30)
	at org.gradle.internal.work.DefaultWorkerLeaseService.lambda$withoutLocks$2(DefaultWorkerLeaseService.java:344)
	at org.gradle.internal.work.ResourceLockStatistics$1.measure(ResourceLockStatistics.java:42)
	at org.gradle.internal.work.DefaultWorkerLeaseService.withoutLocks(DefaultWorkerLeaseService.java:342)
	at org.gradle.internal.work.DefaultWorkerLeaseService.withoutLocks(DefaultWorkerLeaseService.java:326)
	at org.gradle.internal.work.DefaultWorkerLeaseService.withoutLock(DefaultWorkerLeaseService.java:331)
	at org.gradle.internal.work.DefaultAsyncWorkTracker.waitForItemsAndGatherFailures(DefaultAsyncWorkTracker.java:126)
	at org.gradle.internal.work.DefaultAsyncWorkTracker.waitForItemsAndGatherFailures(DefaultAsyncWorkTracker.java:92)
	at org.gradle.internal.work.DefaultAsyncWorkTracker.waitForAll(DefaultAsyncWorkTracker.java:78)
	at org.gradle.internal.work.DefaultAsyncWorkTracker.waitForCompletion(DefaultAsyncWorkTracker.java:66)
	at org.gradle.api.internal.tasks.execution.TaskExecution$3.run(TaskExecution.java:267)
	at org.gradle.internal.operations.DefaultBuildOperationRunner$1.execute(DefaultBuildOperationRunner.java:29)
	at org.gradle.internal.operations.DefaultBuildOperationRunner$1.execute(DefaultBuildOperationRunner.java:26)
	at org.gradle.internal.operations.DefaultBuildOperationRunner$2.execute(DefaultBuildOperationRunner.java:66)
	at org.gradle.internal.operations.DefaultBuildOperationRunner$2.execute(DefaultBuildOperationRunner.java:59)
	at org.gradle.internal.operations.DefaultBuildOperationRunner.execute(DefaultBuildOperationRunner.java:166)
	at org.gradle.internal.operations.DefaultBuildOperationRunner.execute(DefaultBuildOperationRunner.java:59)
	at org.gradle.internal.operations.DefaultBuildOperationRunner.run(DefaultBuildOperationRunner.java:47)
	at org.gradle.api.internal.tasks.execution.TaskExecution.executeAction(TaskExecution.java:244)
	at org.gradle.api.internal.tasks.execution.TaskExecution.executeActions(TaskExecution.java:227)
	at org.gradle.api.internal.tasks.execution.TaskExecution.executeWithPreviousOutputFiles(TaskExecution.java:210)
	at org.gradle.api.internal.tasks.execution.TaskExecution.execute(TaskExecution.java:176)
	at org.gradle.internal.execution.steps.ExecuteStep.executeInternal(ExecuteStep.java:110)
	at org.gradle.internal.execution.steps.ExecuteStep.access$000(ExecuteStep.java:47)
	at org.gradle.internal.execution.steps.ExecuteStep$1.call(ExecuteStep.java:64)
	at org.gradle.internal.execution.steps.ExecuteStep$1.call(ExecuteStep.java:61)
	at org.gradle.internal.operations.DefaultBuildOperationRunner$CallableBuildOperationWorker.execute(DefaultBuildOperationRunner.java:209)
	at org.gradle.internal.operations.DefaultBuildOperationRunner$CallableBuildOperationWorker.execute(DefaultBuildOperationRunner.java:204)
	at org.gradle.internal.operations.DefaultBuildOperationRunner$2.execute(DefaultBuildOperationRunner.java:66)
	at org.gradle.internal.operations.DefaultBuildOperationRunner$2.execute(DefaultBuildOperationRunner.java:59)
	at org.gradle.internal.operations.DefaultBuildOperationRunner.execute(DefaultBuildOperationRunner.java:166)
	at org.gradle.internal.operations.DefaultBuildOperationRunner.execute(DefaultBuildOperationRunner.java:59)
	at org.gradle.internal.operations.DefaultBuildOperationRunner.call(DefaultBuildOperationRunner.java:53)
	at org.gradle.internal.execution.steps.ExecuteStep.execute(ExecuteStep.java:61)
	at org.gradle.internal.execution.steps.ExecuteStep.execute(ExecuteStep.java:47)
	at org.gradle.internal.execution.steps.CancelExecutionStep.execute(CancelExecutionStep.java:42)
	at org.gradle.internal.execution.steps.TimeoutStep.executeWithoutTimeout(TimeoutStep.java:75)
	at org.gradle.internal.execution.steps.TimeoutStep.execute(TimeoutStep.java:55)
	at org.gradle.internal.execution.steps.PreCreateOutputParentsStep.execute(PreCreateOutputParentsStep.java:51)
	at org.gradle.internal.execution.steps.PreCreateOutputParentsStep.execute(PreCreateOutputParentsStep.java:29)
	at org.gradle.internal.execution.steps.RemovePreviousOutputsStep.executeMutable(RemovePreviousOutputsStep.java:70)
	at org.gradle.internal.execution.steps.RemovePreviousOutputsStep.executeMutable(RemovePreviousOutputsStep.java:40)
	at org.gradle.internal.execution.steps.MutableStep.execute(MutableStep.java:25)
	at org.gradle.internal.execution.steps.BroadcastChangingOutputsStep.execute(BroadcastChangingOutputsStep.java:62)
	at org.gradle.internal.execution.steps.BroadcastChangingOutputsStep.execute(BroadcastChangingOutputsStep.java:27)
	at org.gradle.internal.execution.steps.CaptureOutputsAfterExecutionStep.execute(CaptureOutputsAfterExecutionStep.java:69)
	at org.gradle.internal.execution.steps.CaptureOutputsAfterExecutionStep.execute(CaptureOutputsAfterExecutionStep.java:46)
	at org.gradle.internal.execution.steps.ResolveInputChangesStep.executeMutable(ResolveInputChangesStep.java:39)
	at org.gradle.internal.execution.steps.ResolveInputChangesStep.executeMutable(ResolveInputChangesStep.java:28)
	at org.gradle.internal.execution.steps.MutableStep.execute(MutableStep.java:25)
	at org.gradle.internal.execution.steps.BuildCacheStep.executeWithoutCache(BuildCacheStep.java:192)
	at org.gradle.internal.execution.steps.BuildCacheStep.executeAndStoreInCache(BuildCacheStep.java:148)
	at org.gradle.internal.execution.steps.BuildCacheStep.lambda$executeWithCache$4(BuildCacheStep.java:104)
	at org.gradle.internal.execution.steps.BuildCacheStep.lambda$executeWithCache$5(BuildCacheStep.java:104)
	at org.gradle.internal.Try$Success.map(Try.java:170)
	at org.gradle.internal.execution.steps.BuildCacheStep.executeWithCache(BuildCacheStep.java:88)
	at org.gradle.internal.execution.steps.BuildCacheStep.lambda$execute$0(BuildCacheStep.java:75)
	at org.gradle.internal.Either$Left.fold(Either.java:116)
	at org.gradle.internal.execution.caching.CachingState.fold(CachingState.java:62)
	at org.gradle.internal.execution.steps.BuildCacheStep.execute(BuildCacheStep.java:74)
	at org.gradle.internal.execution.steps.BuildCacheStep.execute(BuildCacheStep.java:49)
	at org.gradle.internal.execution.steps.StoreExecutionStateStep.execute(StoreExecutionStateStep.java:46)
	at org.gradle.internal.execution.steps.StoreExecutionStateStep.execute(StoreExecutionStateStep.java:35)
	at org.gradle.internal.execution.steps.SkipUpToDateStep.executeBecause(SkipUpToDateStep.java:75)
	at org.gradle.internal.execution.steps.SkipUpToDateStep.lambda$execute$2(SkipUpToDateStep.java:53)
	at org.gradle.internal.execution.steps.SkipUpToDateStep.execute(SkipUpToDateStep.java:53)
	at org.gradle.internal.execution.steps.SkipUpToDateStep.execute(SkipUpToDateStep.java:35)
	at org.gradle.internal.execution.steps.legacy.MarkSnapshottingInputsFinishedStep.execute(MarkSnapshottingInputsFinishedStep.java:37)
	at org.gradle.internal.execution.steps.legacy.MarkSnapshottingInputsFinishedStep.execute(MarkSnapshottingInputsFinishedStep.java:27)
	at org.gradle.internal.execution.steps.ResolveIncrementalCachingStateStep.executeDelegate(ResolveIncrementalCachingStateStep.java:49)
	at org.gradle.internal.execution.steps.ResolveIncrementalCachingStateStep.executeDelegate(ResolveIncrementalCachingStateStep.java:27)
	at org.gradle.internal.execution.steps.AbstractResolveCachingStateStep.execute(AbstractResolveCachingStateStep.java:71)
	at org.gradle.internal.execution.steps.AbstractResolveCachingStateStep.execute(AbstractResolveCachingStateStep.java:39)
	at org.gradle.internal.execution.steps.ResolveChangesStep.executeMutable(ResolveChangesStep.java:63)
	at org.gradle.internal.execution.steps.ResolveChangesStep.executeMutable(ResolveChangesStep.java:34)
	at org.gradle.internal.execution.steps.MutableStep.execute(MutableStep.java:25)
	at org.gradle.internal.execution.steps.ValidateStep.execute(ValidateStep.java:64)
	at org.gradle.internal.execution.steps.ValidateStep.execute(ValidateStep.java:42)
	at org.gradle.internal.execution.steps.AbstractCaptureStateBeforeExecutionStep.execute(AbstractCaptureStateBeforeExecutionStep.java:77)
	at org.gradle.internal.execution.steps.AbstractCaptureStateBeforeExecutionStep.execute(AbstractCaptureStateBeforeExecutionStep.java:46)
	at org.gradle.internal.execution.steps.AbstractSkipEmptyWorkStep.executeWithNonEmptySources(AbstractSkipEmptyWorkStep.java:133)
	at org.gradle.internal.execution.steps.AbstractSkipEmptyWorkStep.execute(AbstractSkipEmptyWorkStep.java:64)
	at org.gradle.internal.execution.steps.AbstractSkipEmptyWorkStep.execute(AbstractSkipEmptyWorkStep.java:36)
	at org.gradle.internal.execution.steps.legacy.MarkSnapshottingInputsStartedStep.execute(MarkSnapshottingInputsStartedStep.java:38)
	at org.gradle.internal.execution.steps.LoadPreviousExecutionStateStep.execute(LoadPreviousExecutionStateStep.java:36)
	at org.gradle.internal.execution.steps.LoadPreviousExecutionStateStep.execute(LoadPreviousExecutionStateStep.java:23)
	at org.gradle.internal.execution.steps.HandleStaleOutputsStep.executeMutable(HandleStaleOutputsStep.java:77)
	at org.gradle.internal.execution.steps.HandleStaleOutputsStep.executeMutable(HandleStaleOutputsStep.java:43)
	at org.gradle.internal.execution.steps.MutableStep.execute(MutableStep.java:25)
	at org.gradle.internal.execution.steps.AssignMutableWorkspaceStep.lambda$execute$0(AssignMutableWorkspaceStep.java:35)
	at org.gradle.api.internal.tasks.execution.TaskExecution$4.withWorkspace(TaskExecution.java:305)
	at org.gradle.internal.execution.steps.AssignMutableWorkspaceStep.execute(AssignMutableWorkspaceStep.java:31)
	at org.gradle.internal.execution.steps.AssignMutableWorkspaceStep.execute(AssignMutableWorkspaceStep.java:22)
	at org.gradle.internal.execution.steps.ChoosePipelineStep.execute(ChoosePipelineStep.java:40)
	at org.gradle.internal.execution.steps.ChoosePipelineStep.execute(ChoosePipelineStep.java:23)
	at org.gradle.internal.execution.steps.ExecuteWorkBuildOperationFiringStep.lambda$execute$2(ExecuteWorkBuildOperationFiringStep.java:67)
	at org.gradle.internal.execution.steps.ExecuteWorkBuildOperationFiringStep.execute(ExecuteWorkBuildOperationFiringStep.java:67)
	at org.gradle.internal.execution.steps.ExecuteWorkBuildOperationFiringStep.execute(ExecuteWorkBuildOperationFiringStep.java:39)
	at org.gradle.internal.execution.steps.IdentityCacheStep.execute(IdentityCacheStep.java:46)
	at org.gradle.internal.execution.steps.IdentityCacheStep.execute(IdentityCacheStep.java:34)
	at org.gradle.internal.execution.steps.IdentifyStep.execute(IdentifyStep.java:44)
	at org.gradle.internal.execution.steps.IdentifyStep.execute(IdentifyStep.java:31)
	at org.gradle.internal.execution.impl.DefaultExecutionEngine$1.execute(DefaultExecutionEngine.java:68)
	at org.gradle.api.internal.tasks.execution.ExecuteActionsTaskExecuter.executeIfValid(ExecuteActionsTaskExecuter.java:132)
	... 30 more
Caused by: org.jetbrains.kotlin.gradle.tasks.CompilationErrorException: Compilation error. See log for more details
	at org.jetbrains.kotlin.gradle.tasks.TasksUtilsKt.throwExceptionIfCompilationFailed(tasksUtils.kt:21)
	at org.jetbrains.kotlin.compilerRunner.GradleKotlinCompilerWork.run(GradleKotlinCompilerWork.kt:119)
	at org.jetbrains.kotlin.compilerRunner.GradleCompilerRunnerWithWorkers$GradleKotlinCompilerWorkAction.execute(GradleCompilerRunnerWithWorkers.kt:74)
	at org.gradle.workers.internal.DefaultWorkerServer.execute(DefaultWorkerServer.java:68)
	at org.gradle.workers.internal.NoIsolationWorkerFactory$1$1.create(NoIsolationWorkerFactory.java:64)
	at org.gradle.workers.internal.NoIsolationWorkerFactory$1$1.create(NoIsolationWorkerFactory.java:61)
	at org.gradle.internal.classloader.ClassLoaderUtils.executeInClassloader(ClassLoaderUtils.java:102)
	at org.gradle.workers.internal.NoIsolationWorkerFactory$1.lambda$execute$0(NoIsolationWorkerFactory.java:61)
	at org.gradle.workers.internal.AbstractWorker$1.call(AbstractWorker.java:44)
	at org.gradle.workers.internal.AbstractWorker$1.call(AbstractWorker.java:41)
	at org.gradle.internal.operations.DefaultBuildOperationRunner$CallableBuildOperationWorker.execute(DefaultBuildOperationRunner.java:209)
	at org.gradle.internal.operations.DefaultBuildOperationRunner$CallableBuildOperationWorker.execute(DefaultBuildOperationRunner.java:204)
	at org.gradle.internal.operations.DefaultBuildOperationRunner$2.execute(DefaultBuildOperationRunner.java:66)
	at org.gradle.internal.operations.DefaultBuildOperationRunner$2.execute(DefaultBuildOperationRunner.java:59)
	at org.gradle.internal.operations.DefaultBuildOperationRunner.execute(DefaultBuildOperationRunner.java:166)
	at org.gradle.internal.operations.DefaultBuildOperationRunner.execute(DefaultBuildOperationRunner.java:59)
	at org.gradle.internal.operations.DefaultBuildOperationRunner.call(DefaultBuildOperationRunner.java:53)
	at org.gradle.workers.internal.AbstractWorker.executeWrappedInBuildOperation(AbstractWorker.java:41)
	at org.gradle.workers.internal.NoIsolationWorkerFactory$1.execute(NoIsolationWorkerFactory.java:58)
	at org.gradle.workers.internal.DefaultWorkerExecutor.lambda$submitWork$0(DefaultWorkerExecutor.java:176)
	at org.gradle.internal.work.DefaultConditionalExecutionQueue$ExecutionRunner.runExecution(DefaultConditionalExecutionQueue.java:194)
	at org.gradle.internal.work.DefaultConditionalExecutionQueue$ExecutionRunner.access$700(DefaultConditionalExecutionQueue.java:127)
	at org.gradle.internal.work.DefaultConditionalExecutionQueue$ExecutionRunner$1.run(DefaultConditionalExecutionQueue.java:169)
	at org.gradle.internal.Factories$1.create(Factories.java:30)
	at org.gradle.internal.work.DefaultWorkerLeaseService.lambda$withLocksAcquired$0(DefaultWorkerLeaseService.java:269)
	at org.gradle.internal.work.ResourceLockStatistics$1.measure(ResourceLockStatistics.java:42)
	at org.gradle.internal.work.DefaultWorkerLeaseService.withLocksAcquired(DefaultWorkerLeaseService.java:267)
	at org.gradle.internal.work.DefaultWorkerLeaseService.withLocks(DefaultWorkerLeaseService.java:259)
	at org.gradle.internal.work.DefaultWorkerLeaseService.runAsWorkerThread(DefaultWorkerLeaseService.java:127)
	at org.gradle.internal.work.DefaultWorkerLeaseService.runAsWorkerThread(DefaultWorkerLeaseService.java:132)
	at org.gradle.internal.work.DefaultConditionalExecutionQueue$ExecutionRunner.runBatch(DefaultConditionalExecutionQueue.java:164)
	at org.gradle.internal.work.DefaultConditionalExecutionQueue$ExecutionRunner.run(DefaultConditionalExecutionQueue.java:133)
	... 2 more


BUILD FAILED in 1s
37 actionable tasks: 1 executed, 36 up-to-date
Watched directory hierarchies: [/Users/hasanraza/Desktop/kotatsu/Nyora/nyora-android]
Configuration cache entry reused.
